[19:34:56] kernel=6.18.16-200.fc43.x86_64
[19:34:56] simd=simd_count 80
[19:34:56] runlist=3
[19:34:56] kiq=0
[19:34:56] === compute probe
[19:34:57]   nblocks=4096 rc=0 ALL CORRECT
[19:34:59]   nblocks=16384 rc=0 ALL CORRECT
[19:35:03]   nblocks=32768 rc=0 ALL CORRECT
[19:35:03] === SGEMM sweep, native gfx1013 rocBLAS
[19:35:04]   N=256 rc=0 DONE iters=10 nwrong=0 wrong_lines=0
[19:35:04]   N=512 rc=0 DONE iters=10 nwrong=0 wrong_lines=0
[19:35:05]   N=1024 rc=0 DONE iters=10 nwrong=0 wrong_lines=0
[19:35:05]   N=2048 rc=0 DONE iters=10 nwrong=0 wrong_lines=0
[19:35:06]   N=4096 rc=0 DONE iters=10 nwrong=0 wrong_lines=0
[19:35:06] === perplexity gate (reference 8.9442)
[19:36:27]   rc=0 Final estimate: PPL = 8.9442
[19:36:27] === sustained N=4096 x50
[19:36:29]   rc=0 DONE iters=50 nwrong=0
[19:36:30] === faults in dmesg
[19:36:30]   fault lines: 0
[19:36:30] done
