/tmp/torch_bench.py:220: UserWarning: 1Torch was not compiled with memory efficient attention. (Triggered internally at /home/akandr/pytorch-f44/aten/src/ATen/native/transformers/hip/sdp_utils.cpp:778.)
  med, lo, hi = timed(lambda: torch.nn.functional.scaled_dot_product_attention(q, k, v))
torch 2.9.1a0+gitd38164a  hip 7.1.52802-9999
device AMD BC-250  arch gfx1013:xnack-  CUs 20  vram 16.0 GiB
ceilings measured on this board: fp32 4.74 TFLOP/s, packed fp16 14.4 TFLOP/s, read 432.0 GB/s
edge +56.0°C at start; warmup 3, 7 timed reps, median of each
fp32 GEMM against CPU at N=512: max abs error 1.30e-04

## GEMM, square N x N, 2*N^3 flops
dtype          N        ms   TFLOP/s   ceiling  % peak  spread
float32      512      0.20     1.376      4.74   29.0%    7.3%
float32     1024      0.86     2.507      4.74   52.9%    0.5%
float32     2048      5.76     2.983      4.74   62.9%    0.3%
float32     4096     30.23     4.547      4.74   95.9%    0.5%
float32     8192    239.31     4.594      4.74   96.9%    0.6%
float16      512      0.10     2.702     14.40   18.8%    6.7%
float16     1024      0.55     3.909     14.40   27.1%    0.9%
float16     2048      4.12     4.167     14.40   28.9%    0.4%
float16     4096     32.36     4.247     14.40   29.5%    0.1%
float16     8192    258.93     4.246     14.40   29.5%    0.1%
bfloat16     512      0.12     2.331     14.40   16.2%    6.5%
bfloat16    1024      0.63     3.427     14.40   23.8%    0.8%
bfloat16    2048      4.62     3.715     14.40   25.8%    0.7%
bfloat16    4096     36.12     3.805     14.40   26.4%    0.4%
bfloat16    8192    291.07     3.778     14.40   26.2%    0.3%

## Memory bound: c = a + b, 3 arrays touched (2 read, 1 write), fp32
  elements  MiB moved        ms     GB/s  % of 432  spread
   1048576       12.0     0.044    283.4     65.6%    6.9%
   4194304       48.0     0.141    357.2     82.7%    2.1%
  16777216      192.0     0.529    380.2     88.0%    0.8%
  67108864      768.0     2.074    388.3     89.9%    1.0%

## conv2d, 3x3, stride 1, pad 1, NCHW
   rate is effective flops by the direct-convolution count; >100% means an algorithmically
   cheaper method (Winograd or FFT), not a faster machine
dtype       N    C    H        ms  eff TF/s   ceiling vs ceil  spread
float32     8   64  128      0.82    11.723      4.74  247.3%    0.6%
float32     8  256   64      2.89    13.361      4.74  281.9%    0.2%
float32    16  128   64      1.51    12.795      4.74  269.9%    0.4%
float16     8   64  128      4.60     2.100     14.40   14.6%    0.2%
float16     8  256   64     10.47     3.691     14.40   25.6%    0.3%
float16    16  128   64      5.96     3.245     14.40   22.5%    0.2%

## scaled_dot_product_attention, batch 8, 8 heads, head_dim 64
dtype        seq        ms   TFLOP/s   ceiling  % peak  spread
float32      512      3.19     1.348      4.74   28.4%    1.0%
float32     1024     11.86     1.448      4.74   30.6%    1.1%
float32     2048     42.03     1.635      4.74   34.5%    0.4%
float16      512      3.66     1.175     14.40    8.2%    1.3%
float16     1024     13.24     1.297     14.40    9.0%    1.1%
float16     2048     46.71     1.471     14.40   10.2%    0.3%

## Training step, 4 pre-norm transformer blocks, d_model=512, heads=8, seq=256, Adam
precision   batch   ms/step  steps/s   ktok/s  spread
float32         1      15.1    66.09     16.9    1.5%
float32         4      35.8    27.92     28.6    0.7%
float32        16     121.3     8.24     33.8    0.3%
float16         1      20.3    49.36     12.6    0.9%
float16         4     162.7     6.15      6.3    0.1%
float16        16     928.4     1.08      4.4    0.1%

## CPU reference, the same fp32 GEMM at N=2048, 12 threads
torch    0.007 TFLOP/s (  2345.5 ms)   <- no MKL/MKLDNN in this build, not what the CPU can do
numpy    0.320 TFLOP/s (    53.7 ms)
GPU      2.983 TFLOP/s (     5.8 ms)  -> 9.3x the CPU at its best

edge +65.0°C at end
