0.04.327.412 W DEPRECATED: --mmap and --no-mmap are deprecated. use --load-mode mmap instead
0.05.198.319 W load: control-looking token: 128247 '</s>' was not control-type; this is probably a bug in the model. its type will be overridden
0.16.052.922 I 
0.16.053.019 I system_info: n_threads = 6 (n_threads_batch = 6) / 12 | ROCm : NO_VMM = 1 | CPU : SSE3 = 1 | SSSE3 = 1 | AVX = 1 | AVX2 = 1 | F16C = 1 | FMA = 1 | BMI2 = 1 | LLAMAFILE = 1 | OPENMP = 1 | REPACK = 1 | 
0.16.053.034 I perplexity: tokenizing the input ..
0.16.786.035 I perplexity: tokenization took 732.991 ms
0.16.786.694 I perplexity: calculating perplexity over 2 chunks, n_ctx=2048, batch_size=2048, n_seq=1
BC250TEMPSENT Vcur-0 stamped 0x7f540de00000
BC250TEMP Vcur-0 gemm_output_abs_sum=555161 (ne_dst=524288)
BC250TEMPSENT Vcur-1 stamped 0x7f540de00000
BC250TEMP Vcur-1 gemm_output_abs_sum=553115 (ne_dst=524288)
BC250TEMPSENT Vcur-2 stamped 0x7f540de00000
BC250TEMP Vcur-2 gemm_output_abs_sum=555841 (ne_dst=524288)
BC250TEMPSENT Vcur-3 stamped 0x7f540de00000
BC250TEMP Vcur-3 gemm_output_abs_sum=557284 (ne_dst=524288)
BC250TEMPSENT Vcur-4 stamped 0x7f540de00000
BC250TEMP Vcur-4 gemm_output_abs_sum=557415 (ne_dst=524288)
BC250TEMPSENT Vcur-5 stamped 0x7f540de00000
BC250TEMP Vcur-5 gemm_output_abs_sum=558165 (ne_dst=524288)
BC250TEMPSENT Vcur-6 stamped 0x7f540de00000
BC250TEMP Vcur-6 gemm_output_abs_sum=551324 (ne_dst=524288)
BC250TEMPSENT Vcur-7 stamped 0x7f540de00000
BC250TEMP Vcur-7 gemm_output_abs_sum=553178 (ne_dst=524288)
BC250TEMPSENT Vcur-8 stamped 0x7f540de00000
BC250TEMP Vcur-8 gemm_output_abs_sum=554732 (ne_dst=524288)
BC250TEMPSENT Vcur-9 stamped 0x7f540de00000
BC250TEMP Vcur-9 gemm_output_abs_sum=553982 (ne_dst=524288)
BC250TEMPSENT Vcur-10 stamped 0x7f540de00000
BC250TEMP Vcur-10 gemm_output_abs_sum=560454 (ne_dst=524288)
BC250TEMPSENT Vcur-11 stamped 0x7f540de00000
BC250TEMP Vcur-11 gemm_output_abs_sum=557518 (ne_dst=524288)
BC250TEMPSENT Vcur-12 stamped 0x7f540de00000
BC250TEMP Vcur-12 gemm_output_abs_sum=546216 (ne_dst=524288)
BC250TEMPSENT Vcur-13 stamped 0x7f540de00000
BC250TEMP Vcur-13 gemm_output_abs_sum=548428 (ne_dst=524288)
BC250TEMPSENT Vcur-14 stamped 0x7f540de00000
BC250TEMP Vcur-14 gemm_output_abs_sum=548433 (ne_dst=524288)
BC250TEMPSENT Vcur-15 stamped 0x7f540de00000
BC250TEMP Vcur-15 gemm_output_abs_sum=564400 (ne_dst=524288)
BC250TEMPSENT Vcur-16 stamped 0x7f540de00000
BC250TEMP Vcur-16 gemm_output_abs_sum=591545 (ne_dst=524288)
BC250TEMPSENT Vcur-17 stamped 0x7f540de00000
BC250TEMP Vcur-17 gemm_output_abs_sum=569793 (ne_dst=524288)
BC250TEMPSENT Vcur-18 stamped 0x7f540de00000
BC250TEMP Vcur-18 gemm_output_abs_sum=558050 (ne_dst=524288)
BC250TEMPSENT Vcur-19 stamped 0x7f540de00000
BC250TEMP Vcur-19 gemm_output_abs_sum=586969 (ne_dst=524288)
BC250TEMPSENT Vcur-20 stamped 0x7f540de00000
BC250TEMP Vcur-20 gemm_output_abs_sum=589340 (ne_dst=524288)
BC250TEMPSENT Vcur-21 stamped 0x7f540de00000
BC250TEMP Vcur-21 gemm_output_abs_sum=581848 (ne_dst=524288)
BC250TEMPSENT Vcur-22 stamped 0x7f540de00000
BC250TEMP Vcur-22 gemm_output_abs_sum=671721 (ne_dst=524288)
BC250TEMPSENT Vcur-23 stamped 0x7f540de00000
BC250TEMP Vcur-23 gemm_output_abs_sum=630254 (ne_dst=524288)
BC250TEMPSENT Vcur-24 stamped 0x7f540de00000
BC250TEMP Vcur-24 gemm_output_abs_sum=723938 (ne_dst=524288)
BC250TEMPSENT Vcur-25 stamped 0x7f540de00000
BC250TEMP Vcur-25 gemm_output_abs_sum=727791 (ne_dst=524288)
BC250TEMPSENT Vcur-26 stamped 0x7f540de00000
BC250TEMP Vcur-26 gemm_output_abs_sum=789695 (ne_dst=524288)
BC250TEMPSENT Vcur-27 stamped 0x7f540de00000
BC250TEMP Vcur-27 gemm_output_abs_sum=920021 (ne_dst=524288)
BC250TEMPSENT Vcur-28 stamped 0x7f540de00000
BC250TEMP Vcur-28 gemm_output_abs_sum=858052 (ne_dst=524288)
BC250TEMPSENT Vcur-29 stamped 0x7f540de00000
BC250TEMP Vcur-29 gemm_output_abs_sum=1.1619e+06 (ne_dst=524288)
BC250TEMPSENT Vcur-30 stamped 0x7f540de00000
BC250TEMP Vcur-30 gemm_output_abs_sum=1.3463e+06 (ne_dst=524288)
BC250TEMPSENT Vcur-31 stamped 0x7f540de00000
BC250TEMP Vcur-31 gemm_output_abs_sum=1.45649e+06 (ne_dst=524288)
BC250TEMPSENT Vcur-32 stamped 0x7f540de00000
BC250TEMP Vcur-32 gemm_output_abs_sum=1.82763e+06 (ne_dst=524288)
BC250TEMPSENT Vcur-33 stamped 0x7f540de00000
BC250TEMP Vcur-33 gemm_output_abs_sum=2.20503e+06 (ne_dst=524288)
BC250TEMPSENT Vcur-34 stamped 0x7f540de00000
BC250TEMP Vcur-34 gemm_output_abs_sum=2.49351e+06 (ne_dst=524288)
BC250TEMPSENT Vcur-35 stamped 0x7f540de00000
BC250TEMP Vcur-35 gemm_output_abs_sum=2.23585e+06 (ne_dst=524288)
BC250TEMPSENT Vcur-0 stamped 0x7f540de00000
BC250TEMP Vcur-0 gemm_output_abs_sum=555008 (ne_dst=524288)
BC250TEMPSENT Vcur-1 stamped 0x7f540de00000
BC250TEMP Vcur-1 gemm_output_abs_sum=553116 (ne_dst=524288)
BC250TEMPSENT Vcur-2 stamped 0x7f540de00000
BC250TEMP Vcur-2 gemm_output_abs_sum=555839 (ne_dst=524288)
BC250TEMPSENT Vcur-3 stamped 0x7f540de00000
BC250TEMP Vcur-3 gemm_output_abs_sum=557280 (ne_dst=524288)
BC250TEMPSENT Vcur-4 stamped 0x7f540de00000
BC250TEMP Vcur-4 gemm_output_abs_sum=557389 (ne_dst=524288)
BC250TEMPSENT Vcur-5 stamped 0x7f540de00000
BC250TEMP Vcur-5 gemm_output_abs_sum=558314 (ne_dst=524288)
BC250TEMPSENT Vcur-6 stamped 0x7f540de00000
BC250TEMP Vcur-6 gemm_output_abs_sum=551357 (ne_dst=524288)
BC250TEMPSENT Vcur-7 stamped 0x7f540de00000
BC250TEMP Vcur-7 gemm_output_abs_sum=553351 (ne_dst=524288)
BC250TEMPSENT Vcur-8 stamped 0x7f540de00000
BC250TEMP Vcur-8 gemm_output_abs_sum=554913 (ne_dst=524288)
BC250TEMPSENT Vcur-9 stamped 0x7f540de00000
BC250TEMP Vcur-9 gemm_output_abs_sum=553889 (ne_dst=524288)
BC250TEMPSENT Vcur-10 stamped 0x7f540de00000
BC250TEMP Vcur-10 gemm_output_abs_sum=560492 (ne_dst=524288)
BC250TEMPSENT Vcur-11 stamped 0x7f540de00000
BC250TEMP Vcur-11 gemm_output_abs_sum=557523 (ne_dst=524288)
BC250TEMPSENT Vcur-12 stamped 0x7f540de00000
BC250TEMP Vcur-12 gemm_output_abs_sum=546227 (ne_dst=524288)
BC250TEMPSENT Vcur-13 stamped 0x7f540de00000
BC250TEMP Vcur-13 gemm_output_abs_sum=548080 (ne_dst=524288)
BC250TEMPSENT Vcur-14 stamped 0x7f540de00000
BC250TEMP Vcur-14 gemm_output_abs_sum=548419 (ne_dst=524288)
BC250TEMPSENT Vcur-15 stamped 0x7f540de00000
BC250TEMP Vcur-15 gemm_output_abs_sum=564146 (ne_dst=524288)
BC250TEMPSENT Vcur-16 stamped 0x7f540de00000
BC250TEMP Vcur-16 gemm_output_abs_sum=591328 (ne_dst=524288)
BC250TEMPSENT Vcur-17 stamped 0x7f540de00000
BC250TEMP Vcur-17 gemm_output_abs_sum=569604 (ne_dst=524288)
BC250TEMPSENT Vcur-18 stamped 0x7f540de00000
BC250TEMP Vcur-18 gemm_output_abs_sum=557940 (ne_dst=524288)
BC250TEMPSENT Vcur-19 stamped 0x7f540de00000
BC250TEMP Vcur-19 gemm_output_abs_sum=586251 (ne_dst=524288)
BC250TEMPSENT Vcur-20 stamped 0x7f540de00000
BC250TEMP Vcur-20 gemm_output_abs_sum=588173 (ne_dst=524288)
BC250TEMPSENT Vcur-21 stamped 0x7f540de00000
BC250TEMP Vcur-21 gemm_output_abs_sum=581174 (ne_dst=524288)
BC250TEMPSENT Vcur-22 stamped 0x7f540de00000
BC250TEMP Vcur-22 gemm_output_abs_sum=669009 (ne_dst=524288)
BC250TEMPSENT Vcur-23 stamped 0x7f540de00000
BC250TEMP Vcur-23 gemm_output_abs_sum=628510 (ne_dst=524288)
BC250TEMPSENT Vcur-24 stamped 0x7f540de00000
BC250TEMP Vcur-24 gemm_output_abs_sum=721813 (ne_dst=524288)
BC250TEMPSENT Vcur-25 stamped 0x7f540de00000
BC250TEMP Vcur-25 gemm_output_abs_sum=725410 (ne_dst=524288)
BC250TEMPSENT Vcur-26 stamped 0x7f540de00000
BC250TEMP Vcur-26 gemm_output_abs_sum=786309 (ne_dst=524288)
BC250TEMPSENT Vcur-27 stamped 0x7f540de00000
BC250TEMP Vcur-27 gemm_output_abs_sum=916929 (ne_dst=524288)
BC250TEMPSENT Vcur-28 stamped 0x7f540de00000
BC250TEMP Vcur-28 gemm_output_abs_sum=854342 (ne_dst=524288)
BC250TEMPSENT Vcur-29 stamped 0x7f540de00000
BC250TEMP Vcur-29 gemm_output_abs_sum=1.15652e+06 (ne_dst=524288)
BC250TEMPSENT Vcur-30 stamped 0x7f540de00000
BC250TEMP Vcur-30 gemm_output_abs_sum=1.34355e+06 (ne_dst=524288)
BC250TEMPSENT Vcur-31 stamped 0x7f540de00000
BC250TEMP Vcur-31 gemm_output_abs_sum=1.45041e+06 (ne_dst=524288)
BC250TEMPSENT Vcur-32 stamped 0x7f540de00000
BC250TEMP Vcur-32 gemm_output_abs_sum=1.82346e+06 (ne_dst=524288)
BC250TEMPSENT Vcur-33 stamped 0x7f540de00000
BC250TEMP Vcur-33 gemm_output_abs_sum=2.19628e+06 (ne_dst=524288)
BC250TEMPSENT Vcur-34 stamped 0x7f540de00000
BC250TEMP Vcur-34 gemm_output_abs_sum=2.48363e+06 (ne_dst=524288)
BC250TEMPSENT Vcur-35 stamped 0x7f540de00000
BC250TEMP Vcur-35 gemm_output_abs_sum=2.22842e+06 (ne_dst=524288)
BC250TEMPSENT Vcur-0 stamped 0x7f540de00000
BC250TEMP Vcur-0 gemm_output_abs_sum=555008 (ne_dst=524288)
BC250TEMPSENT Vcur-1 stamped 0x7f540de00000
BC250TEMP Vcur-1 gemm_output_abs_sum=553112 (ne_dst=524288)
BC250TEMPSENT Vcur-2 stamped 0x7f540de00000
BC250TEMP Vcur-2 gemm_output_abs_sum=555847 (ne_dst=524288)
BC250TEMPSENT Vcur-3 stamped 0x7f540de00000
BC250TEMP Vcur-3 gemm_output_abs_sum=557284 (ne_dst=524288)
BC250TEMPSENT Vcur-4 stamped 0x7f540de00000
BC250TEMP Vcur-4 gemm_output_abs_sum=557418 (ne_dst=524288)
BC250TEMPSENT Vcur-5 stamped 0x7f540de00000
BC250TEMP Vcur-5 gemm_output_abs_sum=558302 (ne_dst=524288)
BC250TEMPSENT Vcur-6 stamped 0x7f540de00000
BC250TEMP Vcur-6 gemm_output_abs_sum=551328 (ne_dst=524288)
BC250TEMPSENT Vcur-7 stamped 0x7f540de00000
BC250TEMP Vcur-7 gemm_output_abs_sum=553320 (ne_dst=524288)
BC250TEMPSENT Vcur-8 stamped 0x7f540de00000
BC250TEMP Vcur-8 gemm_output_abs_sum=554868 (ne_dst=524288)
BC250TEMPSENT Vcur-9 stamped 0x7f540de00000
BC250TEMP Vcur-9 gemm_output_abs_sum=553919 (ne_dst=524288)
BC250TEMPSENT Vcur-10 stamped 0x7f540de00000
BC250TEMP Vcur-10 gemm_output_abs_sum=560384 (ne_dst=524288)
BC250TEMPSENT Vcur-11 stamped 0x7f540de00000
BC250TEMP Vcur-11 gemm_output_abs_sum=557554 (ne_dst=524288)
BC250TEMPSENT Vcur-12 stamped 0x7f540de00000
BC250TEMP Vcur-12 gemm_output_abs_sum=546035 (ne_dst=524288)
BC250TEMPSENT Vcur-13 stamped 0x7f540de00000
BC250TEMP Vcur-13 gemm_output_abs_sum=548045 (ne_dst=524288)
BC250TEMPSENT Vcur-14 stamped 0x7f540de00000
BC250TEMP Vcur-14 gemm_output_abs_sum=548375 (ne_dst=524288)
BC250TEMPSENT Vcur-15 stamped 0x7f540de00000
BC250TEMP Vcur-15 gemm_output_abs_sum=563947 (ne_dst=524288)
BC250TEMPSENT Vcur-16 stamped 0x7f540de00000
BC250TEMP Vcur-16 gemm_output_abs_sum=591325 (ne_dst=524288)
BC250TEMPSENT Vcur-17 stamped 0x7f540de00000
BC250TEMP Vcur-17 gemm_output_abs_sum=569500 (ne_dst=524288)
BC250TEMPSENT Vcur-18 stamped 0x7f540de00000
BC250TEMP Vcur-18 gemm_output_abs_sum=558337 (ne_dst=524288)
BC250TEMPSENT Vcur-19 stamped 0x7f540de00000
BC250TEMP Vcur-19 gemm_output_abs_sum=586071 (ne_dst=524288)
BC250TEMPSENT Vcur-20 stamped 0x7f540de00000
BC250TEMP Vcur-20 gemm_output_abs_sum=587998 (ne_dst=524288)
BC250TEMPSENT Vcur-21 stamped 0x7f540de00000
BC250TEMP Vcur-21 gemm_output_abs_sum=580839 (ne_dst=524288)
BC250TEMPSENT Vcur-22 stamped 0x7f540de00000
BC250TEMP Vcur-22 gemm_output_abs_sum=667341 (ne_dst=524288)
BC250TEMPSENT Vcur-23 stamped 0x7f540de00000
BC250TEMP Vcur-23 gemm_output_abs_sum=628159 (ne_dst=524288)
BC250TEMPSENT Vcur-24 stamped 0x7f540de00000
BC250TEMP Vcur-24 gemm_output_abs_sum=721318 (ne_dst=524288)
BC250TEMPSENT Vcur-25 stamped 0x7f540de00000
BC250TEMP Vcur-25 gemm_output_abs_sum=725132 (ne_dst=524288)
BC250TEMPSENT Vcur-26 stamped 0x7f540de00000
BC250TEMP Vcur-26 gemm_output_abs_sum=786009 (ne_dst=524288)
BC250TEMPSENT Vcur-27 stamped 0x7f540de00000
BC250TEMP Vcur-27 gemm_output_abs_sum=917606 (ne_dst=524288)
BC250TEMPSENT Vcur-28 stamped 0x7f540de00000
BC250TEMP Vcur-28 gemm_output_abs_sum=854273 (ne_dst=524288)
BC250TEMPSENT Vcur-29 stamped 0x7f540de00000
BC250TEMP Vcur-29 gemm_output_abs_sum=1.15767e+06 (ne_dst=524288)
BC250TEMPSENT Vcur-30 stamped 0x7f540de00000
BC250TEMP Vcur-30 gemm_output_abs_sum=1.34395e+06 (ne_dst=524288)
BC250TEMPSENT Vcur-31 stamped 0x7f540de00000
BC250TEMP Vcur-31 gemm_output_abs_sum=1.45274e+06 (ne_dst=524288)
BC250TEMPSENT Vcur-32 stamped 0x7f540de00000
BC250TEMP Vcur-32 gemm_output_abs_sum=1.82372e+06 (ne_dst=524288)
BC250TEMPSENT Vcur-33 stamped 0x7f540de00000
BC250TEMP Vcur-33 gemm_output_abs_sum=2.19404e+06 (ne_dst=524288)
BC250TEMPSENT Vcur-34 stamped 0x7f540de00000
BC250TEMP Vcur-34 gemm_output_abs_sum=2.48519e+06 (ne_dst=524288)
BC250TEMPSENT Vcur-35 stamped 0x7f540de00000
BC250TEMP Vcur-35 gemm_output_abs_sum=2.23715e+06 (ne_dst=524288)
BC250TEMPSENT Vcur-0 stamped 0x7f540de00000
BC250TEMP Vcur-0 gemm_output_abs_sum=555008 (ne_dst=524288)
BC250TEMPSENT Vcur-1 stamped 0x7f540de00000
BC250TEMP Vcur-1 gemm_output_abs_sum=555008 (ne_dst=524288)
BC250TEMPSENT Vcur-2 stamped 0x7f540de00000
BC250TEMP Vcur-2 gemm_output_abs_sum=555008 (ne_dst=524288)
BC250TEMPSENT Vcur-3 stamped 0x7f540de00000
BC250TEMP Vcur-3 gemm_output_abs_sum=557280 (ne_dst=524288)
BC250TEMPSENT Vcur-4 stamped 0x7f540de00000
BC250TEMP Vcur-4 gemm_output_abs_sum=557468 (ne_dst=524288)
BC250TEMPSENT Vcur-5 stamped 0x7f540de00000
BC250TEMP Vcur-5 gemm_output_abs_sum=558356 (ne_dst=524288)
BC250TEMPSENT Vcur-6 stamped 0x7f540de00000
BC250TEMP Vcur-6 gemm_output_abs_sum=551267 (ne_dst=524288)
BC250TEMPSENT Vcur-7 stamped 0x7f540de00000
BC250TEMP Vcur-7 gemm_output_abs_sum=553248 (ne_dst=524288)
BC250TEMPSENT Vcur-8 stamped 0x7f540de00000
BC250TEMP Vcur-8 gemm_output_abs_sum=554955 (ne_dst=524288)
BC250TEMPSENT Vcur-9 stamped 0x7f540de00000
BC250TEMP Vcur-9 gemm_output_abs_sum=553940 (ne_dst=524288)
BC250TEMPSENT Vcur-10 stamped 0x7f540de00000
BC250TEMP Vcur-10 gemm_output_abs_sum=560577 (ne_dst=524288)
BC250TEMPSENT Vcur-11 stamped 0x7f540de00000
BC250TEMP Vcur-11 gemm_output_abs_sum=557588 (ne_dst=524288)
BC250TEMPSENT Vcur-12 stamped 0x7f540de00000
BC250TEMP Vcur-12 gemm_output_abs_sum=545842 (ne_dst=524288)
BC250TEMPSENT Vcur-13 stamped 0x7f540de00000
BC250TEMP Vcur-13 gemm_output_abs_sum=547861 (ne_dst=524288)
BC250TEMPSENT Vcur-14 stamped 0x7f540de00000
BC250TEMP Vcur-14 gemm_output_abs_sum=548111 (ne_dst=524288)
BC250TEMPSENT Vcur-15 stamped 0x7f540de00000
BC250TEMP Vcur-15 gemm_output_abs_sum=563907 (ne_dst=524288)
BC250TEMPSENT Vcur-16 stamped 0x7f540de00000
BC250TEMP Vcur-16 gemm_output_abs_sum=591491 (ne_dst=524288)
BC250TEMPSENT Vcur-17 stamped 0x7f540de00000
BC250TEMP Vcur-17 gemm_output_abs_sum=569138 (ne_dst=524288)
BC250TEMPSENT Vcur-18 stamped 0x7f540de00000
BC250TEMP Vcur-18 gemm_output_abs_sum=558473 (ne_dst=524288)
BC250TEMPSENT Vcur-19 stamped 0x7f540de00000
BC250TEMP Vcur-19 gemm_output_abs_sum=585995 (ne_dst=524288)
BC250TEMPSENT Vcur-20 stamped 0x7f540de00000
BC250TEMP Vcur-20 gemm_output_abs_sum=587796 (ne_dst=524288)
BC250TEMPSENT Vcur-21 stamped 0x7f540de00000
BC250TEMP Vcur-21 gemm_output_abs_sum=580561 (ne_dst=524288)
BC250TEMPSENT Vcur-22 stamped 0x7f540de00000
BC250TEMP Vcur-22 gemm_output_abs_sum=667000 (ne_dst=524288)
BC250TEMPSENT Vcur-23 stamped 0x7f540de00000
BC250TEMP Vcur-23 gemm_output_abs_sum=627942 (ne_dst=524288)
BC250TEMPSENT Vcur-24 stamped 0x7f540de00000
BC250TEMP Vcur-24 gemm_output_abs_sum=720085 (ne_dst=524288)
BC250TEMPSENT Vcur-25 stamped 0x7f540de00000
BC250TEMP Vcur-25 gemm_output_abs_sum=725188 (ne_dst=524288)
BC250TEMPSENT Vcur-26 stamped 0x7f540de00000
BC250TEMP Vcur-26 gemm_output_abs_sum=786174 (ne_dst=524288)
BC250TEMPSENT Vcur-27 stamped 0x7f540de00000
BC250TEMP Vcur-27 gemm_output_abs_sum=917170 (ne_dst=524288)
BC250TEMPSENT Vcur-28 stamped 0x7f540de00000
BC250TEMP Vcur-28 gemm_output_abs_sum=854393 (ne_dst=524288)
BC250TEMPSENT Vcur-29 stamped 0x7f540de00000
BC250TEMP Vcur-29 gemm_output_abs_sum=1.15954e+06 (ne_dst=524288)
BC250TEMPSENT Vcur-30 stamped 0x7f540de00000
BC250TEMP Vcur-30 gemm_output_abs_sum=1.34275e+06 (ne_dst=524288)
BC250TEMPSENT Vcur-31 stamped 0x7f540de00000
BC250TEMP Vcur-31 gemm_output_abs_sum=1.4546e+06 (ne_dst=524288)
BC250TEMPSENT Vcur-32 stamped 0x7f540de00000
BC250TEMP Vcur-32 gemm_output_abs_sum=1.82603e+06 (ne_dst=524288)
BC250TEMPSENT Vcur-33 stamped 0x7f540de00000
BC250TEMP Vcur-33 gemm_output_abs_sum=2.20786e+06 (ne_dst=524288)
BC250TEMPSENT Vcur-34 stamped 0x7f540de00000
BC250TEMP Vcur-34 gemm_output_abs_sum=2.48478e+06 (ne_dst=524288)
BC250TEMPSENT Vcur-35 stamped 0x7f540de00000
BC250TEMP Vcur-35 gemm_output_abs_sum=2.22568e+06 (ne_dst=524288)
0.27.914.637 I perplexity: 11.13 seconds per pass - ETA 0.37 minutes
[1]2385875.7781,BC250TEMPSENT Vcur-0 stamped 0x7f540de00000
BC250TEMP Vcur-0 gemm_output_abs_sum=555071 (ne_dst=524288)
BC250TEMPSENT Vcur-1 stamped 0x7f540de00000
BC250TEMP Vcur-1 gemm_output_abs_sum=553121 (ne_dst=524288)
BC250TEMPSENT Vcur-2 stamped 0x7f540de00000
BC250TEMP Vcur-2 gemm_output_abs_sum=555848 (ne_dst=524288)
BC250TEMPSENT Vcur-3 stamped 0x7f540de00000
BC250TEMP Vcur-3 gemm_output_abs_sum=557283 (ne_dst=524288)
BC250TEMPSENT Vcur-4 stamped 0x7f540de00000
BC250TEMP Vcur-4 gemm_output_abs_sum=557413 (ne_dst=524288)
BC250TEMPSENT Vcur-5 stamped 0x7f540de00000
BC250TEMP Vcur-5 gemm_output_abs_sum=558159 (ne_dst=524288)
BC250TEMPSENT Vcur-6 stamped 0x7f540de00000
BC250TEMP Vcur-6 gemm_output_abs_sum=551310 (ne_dst=524288)
BC250TEMPSENT Vcur-7 stamped 0x7f540de00000
BC250TEMP Vcur-7 gemm_output_abs_sum=553160 (ne_dst=524288)
BC250TEMPSENT Vcur-8 stamped 0x7f540de00000
BC250TEMP Vcur-8 gemm_output_abs_sum=554714 (ne_dst=524288)
BC250TEMPSENT Vcur-9 stamped 0x7f540de00000
BC250TEMP Vcur-9 gemm_output_abs_sum=553981 (ne_dst=524288)
BC250TEMPSENT Vcur-10 stamped 0x7f540de00000
BC250TEMP Vcur-10 gemm_output_abs_sum=560443 (ne_dst=524288)
BC250TEMPSENT Vcur-11 stamped 0x7f540de00000
BC250TEMP Vcur-11 gemm_output_abs_sum=557528 (ne_dst=524288)
BC250TEMPSENT Vcur-12 stamped 0x7f540de00000
BC250TEMP Vcur-12 gemm_output_abs_sum=546209 (ne_dst=524288)
BC250TEMPSENT Vcur-13 stamped 0x7f540de00000
BC250TEMP Vcur-13 gemm_output_abs_sum=548437 (ne_dst=524288)
BC250TEMPSENT Vcur-14 stamped 0x7f540de00000
BC250TEMP Vcur-14 gemm_output_abs_sum=548449 (ne_dst=524288)
BC250TEMPSENT Vcur-15 stamped 0x7f540de00000
BC250TEMP Vcur-15 gemm_output_abs_sum=564402 (ne_dst=524288)
BC250TEMPSENT Vcur-16 stamped 0x7f540de00000
BC250TEMP Vcur-16 gemm_output_abs_sum=591571 (ne_dst=524288)
BC250TEMPSENT Vcur-17 stamped 0x7f540de00000
BC250TEMP Vcur-17 gemm_output_abs_sum=569772 (ne_dst=524288)
BC250TEMPSENT Vcur-18 stamped 0x7f540de00000
BC250TEMP Vcur-18 gemm_output_abs_sum=558042 (ne_dst=524288)
BC250TEMPSENT Vcur-19 stamped 0x7f540de00000
BC250TEMP Vcur-19 gemm_output_abs_sum=586984 (ne_dst=524288)
BC250TEMPSENT Vcur-20 stamped 0x7f540de00000
BC250TEMP Vcur-20 gemm_output_abs_sum=589356 (ne_dst=524288)
BC250TEMPSENT Vcur-21 stamped 0x7f540de00000
BC250TEMP Vcur-21 gemm_output_abs_sum=581805 (ne_dst=524288)
BC250TEMPSENT Vcur-22 stamped 0x7f540de00000
BC250TEMP Vcur-22 gemm_output_abs_sum=671784 (ne_dst=524288)
BC250TEMPSENT Vcur-23 stamped 0x7f540de00000
BC250TEMP Vcur-23 gemm_output_abs_sum=630277 (ne_dst=524288)
BC250TEMPSENT Vcur-24 stamped 0x7f540de00000
BC250TEMP Vcur-24 gemm_output_abs_sum=723942 (ne_dst=524288)
BC250TEMPSENT Vcur-25 stamped 0x7f540de00000
BC250TEMP Vcur-25 gemm_output_abs_sum=727773 (ne_dst=524288)
BC250TEMPSENT Vcur-26 stamped 0x7f540de00000
BC250TEMP Vcur-26 gemm_output_abs_sum=789682 (ne_dst=524288)
BC250TEMPSENT Vcur-27 stamped 0x7f540de00000
BC250TEMP Vcur-27 gemm_output_abs_sum=920075 (ne_dst=524288)
BC250TEMPSENT Vcur-28 stamped 0x7f540de00000
BC250TEMP Vcur-28 gemm_output_abs_sum=857990 (ne_dst=524288)
BC250TEMPSENT Vcur-29 stamped 0x7f540de00000
BC250TEMP Vcur-29 gemm_output_abs_sum=1.16179e+06 (ne_dst=524288)
BC250TEMPSENT Vcur-30 stamped 0x7f540de00000
BC250TEMP Vcur-30 gemm_output_abs_sum=1.34617e+06 (ne_dst=524288)
BC250TEMPSENT Vcur-31 stamped 0x7f540de00000
BC250TEMP Vcur-31 gemm_output_abs_sum=1.45655e+06 (ne_dst=524288)
BC250TEMPSENT Vcur-32 stamped 0x7f540de00000
BC250TEMP Vcur-32 gemm_output_abs_sum=1.8278e+06 (ne_dst=524288)
BC250TEMPSENT Vcur-33 stamped 0x7f540de00000
BC250TEMP Vcur-33 gemm_output_abs_sum=2.20524e+06 (ne_dst=524288)
BC250TEMPSENT Vcur-34 stamped 0x7f540de00000
BC250TEMP Vcur-34 gemm_output_abs_sum=2.49278e+06 (ne_dst=524288)
BC250TEMPSENT Vcur-35 stamped 0x7f540de00000
BC250TEMP Vcur-35 gemm_output_abs_sum=2.23621e+06 (ne_dst=524288)
BC250TEMPSENT Vcur-0 stamped 0x7f540de00000
BC250TEMP Vcur-0 gemm_output_abs_sum=555008 (ne_dst=524288)
BC250TEMPSENT Vcur-1 stamped 0x7f540de00000
BC250TEMP Vcur-1 gemm_output_abs_sum=553114 (ne_dst=524288)
BC250TEMPSENT Vcur-2 stamped 0x7f540de00000
BC250TEMP Vcur-2 gemm_output_abs_sum=555841 (ne_dst=524288)
BC250TEMPSENT Vcur-3 stamped 0x7f540de00000
BC250TEMP Vcur-3 gemm_output_abs_sum=557282 (ne_dst=524288)
BC250TEMPSENT Vcur-4 stamped 0x7f540de00000
BC250TEMP Vcur-4 gemm_output_abs_sum=557388 (ne_dst=524288)
BC250TEMPSENT Vcur-5 stamped 0x7f540de00000
BC250TEMP Vcur-5 gemm_output_abs_sum=558317 (ne_dst=524288)
BC250TEMPSENT Vcur-6 stamped 0x7f540de00000
BC250TEMP Vcur-6 gemm_output_abs_sum=551354 (ne_dst=524288)
BC250TEMPSENT Vcur-7 stamped 0x7f540de00000
BC250TEMP Vcur-7 gemm_output_abs_sum=553350 (ne_dst=524288)
BC250TEMPSENT Vcur-8 stamped 0x7f540de00000
BC250TEMP Vcur-8 gemm_output_abs_sum=554909 (ne_dst=524288)
BC250TEMPSENT Vcur-9 stamped 0x7f540de00000
BC250TEMP Vcur-9 gemm_output_abs_sum=553892 (ne_dst=524288)
BC250TEMPSENT Vcur-10 stamped 0x7f540de00000
BC250TEMP Vcur-10 gemm_output_abs_sum=560497 (ne_dst=524288)
BC250TEMPSENT Vcur-11 stamped 0x7f540de00000
BC250TEMP Vcur-11 gemm_output_abs_sum=557536 (ne_dst=524288)
BC250TEMPSENT Vcur-12 stamped 0x7f540de00000
BC250TEMP Vcur-12 gemm_output_abs_sum=546217 (ne_dst=524288)
BC250TEMPSENT Vcur-13 stamped 0x7f540de00000
BC250TEMP Vcur-13 gemm_output_abs_sum=548080 (ne_dst=524288)
BC250TEMPSENT Vcur-14 stamped 0x7f540de00000
BC250TEMP Vcur-14 gemm_output_abs_sum=548426 (ne_dst=524288)
BC250TEMPSENT Vcur-15 stamped 0x7f540de00000
BC250TEMP Vcur-15 gemm_output_abs_sum=564140 (ne_dst=524288)
BC250TEMPSENT Vcur-16 stamped 0x7f540de00000
BC250TEMP Vcur-16 gemm_output_abs_sum=591342 (ne_dst=524288)
BC250TEMPSENT Vcur-17 stamped 0x7f540de00000
BC250TEMP Vcur-17 gemm_output_abs_sum=569606 (ne_dst=524288)
BC250TEMPSENT Vcur-18 stamped 0x7f540de00000
BC250TEMP Vcur-18 gemm_output_abs_sum=557924 (ne_dst=524288)
BC250TEMPSENT Vcur-19 stamped 0x7f540de00000
BC250TEMP Vcur-19 gemm_output_abs_sum=586249 (ne_dst=524288)
BC250TEMPSENT Vcur-20 stamped 0x7f540de00000
BC250TEMP Vcur-20 gemm_output_abs_sum=588173 (ne_dst=524288)
BC250TEMPSENT Vcur-21 stamped 0x7f540de00000
BC250TEMP Vcur-21 gemm_output_abs_sum=581161 (ne_dst=524288)
BC250TEMPSENT Vcur-22 stamped 0x7f540de00000
BC250TEMP Vcur-22 gemm_output_abs_sum=669044 (ne_dst=524288)
BC250TEMPSENT Vcur-23 stamped 0x7f540de00000
BC250TEMP Vcur-23 gemm_output_abs_sum=628493 (ne_dst=524288)
BC250TEMPSENT Vcur-24 stamped 0x7f540de00000
BC250TEMP Vcur-24 gemm_output_abs_sum=721772 (ne_dst=524288)
BC250TEMPSENT Vcur-25 stamped 0x7f540de00000
BC250TEMP Vcur-25 gemm_output_abs_sum=725452 (ne_dst=524288)
BC250TEMPSENT Vcur-26 stamped 0x7f540de00000
BC250TEMP Vcur-26 gemm_output_abs_sum=786361 (ne_dst=524288)
BC250TEMPSENT Vcur-27 stamped 0x7f540de00000
BC250TEMP Vcur-27 gemm_output_abs_sum=916944 (ne_dst=524288)
BC250TEMPSENT Vcur-28 stamped 0x7f540de00000
BC250TEMP Vcur-28 gemm_output_abs_sum=854302 (ne_dst=524288)
BC250TEMPSENT Vcur-29 stamped 0x7f540de00000
BC250TEMP Vcur-29 gemm_output_abs_sum=1.15658e+06 (ne_dst=524288)
BC250TEMPSENT Vcur-30 stamped 0x7f540de00000
BC250TEMP Vcur-30 gemm_output_abs_sum=1.34362e+06 (ne_dst=524288)
BC250TEMPSENT Vcur-31 stamped 0x7f540de00000
BC250TEMP Vcur-31 gemm_output_abs_sum=1.45052e+06 (ne_dst=524288)
BC250TEMPSENT Vcur-32 stamped 0x7f540de00000
BC250TEMP Vcur-32 gemm_output_abs_sum=1.82356e+06 (ne_dst=524288)
BC250TEMPSENT Vcur-33 stamped 0x7f540de00000
BC250TEMP Vcur-33 gemm_output_abs_sum=2.19666e+06 (ne_dst=524288)
BC250TEMPSENT Vcur-34 stamped 0x7f540de00000
BC250TEMP Vcur-34 gemm_output_abs_sum=2.48361e+06 (ne_dst=524288)
BC250TEMPSENT Vcur-35 stamped 0x7f540de00000
BC250TEMP Vcur-35 gemm_output_abs_sum=2.22869e+06 (ne_dst=524288)
BC250TEMPSENT Vcur-0 stamped 0x7f540de00000
BC250TEMP Vcur-0 gemm_output_abs_sum=555008 (ne_dst=524288)
BC250TEMPSENT Vcur-1 stamped 0x7f540de00000
BC250TEMP Vcur-1 gemm_output_abs_sum=555008 (ne_dst=524288)
BC250TEMPSENT Vcur-2 stamped 0x7f540de00000
BC250TEMP Vcur-2 gemm_output_abs_sum=555008 (ne_dst=524288)
BC250TEMPSENT Vcur-3 stamped 0x7f540de00000
BC250TEMP Vcur-3 gemm_output_abs_sum=557265 (ne_dst=524288)
BC250TEMPSENT Vcur-4 stamped 0x7f540de00000
BC250TEMP Vcur-4 gemm_output_abs_sum=557454 (ne_dst=524288)
BC250TEMPSENT Vcur-5 stamped 0x7f540de00000
BC250TEMP Vcur-5 gemm_output_abs_sum=558342 (ne_dst=524288)
BC250TEMPSENT Vcur-6 stamped 0x7f540de00000
BC250TEMP Vcur-6 gemm_output_abs_sum=551311 (ne_dst=524288)
BC250TEMPSENT Vcur-7 stamped 0x7f540de00000
BC250TEMP Vcur-7 gemm_output_abs_sum=553296 (ne_dst=524288)
BC250TEMPSENT Vcur-8 stamped 0x7f540de00000
BC250TEMP Vcur-8 gemm_output_abs_sum=554888 (ne_dst=524288)
BC250TEMPSENT Vcur-9 stamped 0x7f540de00000
BC250TEMP Vcur-9 gemm_output_abs_sum=553953 (ne_dst=524288)
BC250TEMPSENT Vcur-10 stamped 0x7f540de00000
BC250TEMP Vcur-10 gemm_output_abs_sum=560404 (ne_dst=524288)
BC250TEMPSENT Vcur-11 stamped 0x7f540de00000
BC250TEMP Vcur-11 gemm_output_abs_sum=557578 (ne_dst=524288)
BC250TEMPSENT Vcur-12 stamped 0x7f540de00000
BC250TEMP Vcur-12 gemm_output_abs_sum=546012 (ne_dst=524288)
BC250TEMPSENT Vcur-13 stamped 0x7f540de00000
BC250TEMP Vcur-13 gemm_output_abs_sum=548046 (ne_dst=524288)
BC250TEMPSENT Vcur-14 stamped 0x7f540de00000
BC250TEMP Vcur-14 gemm_output_abs_sum=548303 (ne_dst=524288)
BC250TEMPSENT Vcur-15 stamped 0x7f540de00000
BC250TEMP Vcur-15 gemm_output_abs_sum=563990 (ne_dst=524288)
BC250TEMPSENT Vcur-16 stamped 0x7f540de00000
BC250TEMP Vcur-16 gemm_output_abs_sum=591468 (ne_dst=524288)
BC250TEMPSENT Vcur-17 stamped 0x7f540de00000
BC250TEMP Vcur-17 gemm_output_abs_sum=569351 (ne_dst=524288)
BC250TEMPSENT Vcur-18 stamped 0x7f540de00000
BC250TEMP Vcur-18 gemm_output_abs_sum=558360 (ne_dst=524288)
BC250TEMPSENT Vcur-19 stamped 0x7f540de00000
BC250TEMP Vcur-19 gemm_output_abs_sum=586194 (ne_dst=524288)
BC250TEMPSENT Vcur-20 stamped 0x7f540de00000
BC250TEMP Vcur-20 gemm_output_abs_sum=587966 (ne_dst=524288)
BC250TEMPSENT Vcur-21 stamped 0x7f540de00000
BC250TEMP Vcur-21 gemm_output_abs_sum=580817 (ne_dst=524288)
BC250TEMPSENT Vcur-22 stamped 0x7f540de00000
BC250TEMP Vcur-22 gemm_output_abs_sum=667434 (ne_dst=524288)
BC250TEMPSENT Vcur-23 stamped 0x7f540de00000
BC250TEMP Vcur-23 gemm_output_abs_sum=628080 (ne_dst=524288)
BC250TEMPSENT Vcur-24 stamped 0x7f540de00000
BC250TEMP Vcur-24 gemm_output_abs_sum=720834 (ne_dst=524288)
BC250TEMPSENT Vcur-25 stamped 0x7f540de00000
BC250TEMP Vcur-25 gemm_output_abs_sum=725028 (ne_dst=524288)
BC250TEMPSENT Vcur-26 stamped 0x7f540de00000
BC250TEMP Vcur-26 gemm_output_abs_sum=785951 (ne_dst=524288)
BC250TEMPSENT Vcur-27 stamped 0x7f540de00000
BC250TEMP Vcur-27 gemm_output_abs_sum=917465 (ne_dst=524288)
BC250TEMPSENT Vcur-28 stamped 0x7f540de00000
BC250TEMP Vcur-28 gemm_output_abs_sum=854259 (ne_dst=524288)
BC250TEMPSENT Vcur-29 stamped 0x7f540de00000
BC250TEMP Vcur-29 gemm_output_abs_sum=1.15684e+06 (ne_dst=524288)
BC250TEMPSENT Vcur-30 stamped 0x7f540de00000
BC250TEMP Vcur-30 gemm_output_abs_sum=1.34336e+06 (ne_dst=524288)
BC250TEMPSENT Vcur-31 stamped 0x7f540de00000
BC250TEMP Vcur-31 gemm_output_abs_sum=1.45141e+06 (ne_dst=524288)
BC250TEMPSENT Vcur-32 stamped 0x7f540de00000
BC250TEMP Vcur-32 gemm_output_abs_sum=1.82304e+06 (ne_dst=524288)
BC250TEMPSENT Vcur-33 stamped 0x7f540de00000
BC250TEMP Vcur-33 gemm_output_abs_sum=2.19286e+06 (ne_dst=524288)
BC250TEMPSENT Vcur-34 stamped 0x7f540de00000
BC250TEMP Vcur-34 gemm_output_abs_sum=2.48426e+06 (ne_dst=524288)
BC250TEMPSENT Vcur-35 stamped 0x7f540de00000
BC250TEMP Vcur-35 gemm_output_abs_sum=2.23625e+06 (ne_dst=524288)
BC250TEMPSENT Vcur-0 stamped 0x7f540de00000
BC250TEMP Vcur-0 gemm_output_abs_sum=555008 (ne_dst=524288)
BC250TEMPSENT Vcur-1 stamped 0x7f540de00000
BC250TEMP Vcur-1 gemm_output_abs_sum=555008 (ne_dst=524288)
BC250TEMPSENT Vcur-2 stamped 0x7f540de00000
BC250TEMP Vcur-2 gemm_output_abs_sum=555008 (ne_dst=524288)
BC250TEMPSENT Vcur-3 stamped 0x7f540de00000
BC250TEMP Vcur-3 gemm_output_abs_sum=557276 (ne_dst=524288)
BC250TEMPSENT Vcur-4 stamped 0x7f540de00000
BC250TEMP Vcur-4 gemm_output_abs_sum=557489 (ne_dst=524288)
BC250TEMPSENT Vcur-5 stamped 0x7f540de00000
BC250TEMP Vcur-5 gemm_output_abs_sum=558376 (ne_dst=524288)
BC250TEMPSENT Vcur-6 stamped 0x7f540de00000
BC250TEMP Vcur-6 gemm_output_abs_sum=551267 (ne_dst=524288)
BC250TEMPSENT Vcur-7 stamped 0x7f540de00000
BC250TEMP Vcur-7 gemm_output_abs_sum=553257 (ne_dst=524288)
BC250TEMPSENT Vcur-8 stamped 0x7f540de00000
BC250TEMP Vcur-8 gemm_output_abs_sum=554966 (ne_dst=524288)
BC250TEMPSENT Vcur-9 stamped 0x7f540de00000
BC250TEMP Vcur-9 gemm_output_abs_sum=553925 (ne_dst=524288)
BC250TEMPSENT Vcur-10 stamped 0x7f540de00000
BC250TEMP Vcur-10 gemm_output_abs_sum=560501 (ne_dst=524288)
BC250TEMPSENT Vcur-11 stamped 0x7f540de00000
BC250TEMP Vcur-11 gemm_output_abs_sum=557600 (ne_dst=524288)
BC250TEMPSENT Vcur-12 stamped 0x7f540de00000
BC250TEMP Vcur-12 gemm_output_abs_sum=545821 (ne_dst=524288)
BC250TEMPSENT Vcur-13 stamped 0x7f540de00000
BC250TEMP Vcur-13 gemm_output_abs_sum=547852 (ne_dst=524288)
BC250TEMPSENT Vcur-14 stamped 0x7f540de00000
BC250TEMP Vcur-14 gemm_output_abs_sum=548084 (ne_dst=524288)
BC250TEMPSENT Vcur-15 stamped 0x7f540de00000
BC250TEMP Vcur-15 gemm_output_abs_sum=564002 (ne_dst=524288)
BC250TEMPSENT Vcur-16 stamped 0x7f540de00000
BC250TEMP Vcur-16 gemm_output_abs_sum=591751 (ne_dst=524288)
BC250TEMPSENT Vcur-17 stamped 0x7f540de00000
BC250TEMP Vcur-17 gemm_output_abs_sum=569027 (ne_dst=524288)
BC250TEMPSENT Vcur-18 stamped 0x7f540de00000
BC250TEMP Vcur-18 gemm_output_abs_sum=558501 (ne_dst=524288)
BC250TEMPSENT Vcur-19 stamped 0x7f540de00000
BC250TEMP Vcur-19 gemm_output_abs_sum=586255 (ne_dst=524288)
BC250TEMPSENT Vcur-20 stamped 0x7f540de00000
BC250TEMP Vcur-20 gemm_output_abs_sum=587960 (ne_dst=524288)
BC250TEMPSENT Vcur-21 stamped 0x7f540de00000
BC250TEMP Vcur-21 gemm_output_abs_sum=580705 (ne_dst=524288)
BC250TEMPSENT Vcur-22 stamped 0x7f540de00000
BC250TEMP Vcur-22 gemm_output_abs_sum=667491 (ne_dst=524288)
BC250TEMPSENT Vcur-23 stamped 0x7f540de00000
BC250TEMP Vcur-23 gemm_output_abs_sum=628157 (ne_dst=524288)
BC250TEMPSENT Vcur-24 stamped 0x7f540de00000
BC250TEMP Vcur-24 gemm_output_abs_sum=720120 (ne_dst=524288)
BC250TEMPSENT Vcur-25 stamped 0x7f540de00000
BC250TEMP Vcur-25 gemm_output_abs_sum=725753 (ne_dst=524288)
BC250TEMPSENT Vcur-26 stamped 0x7f540de00000
BC250TEMP Vcur-26 gemm_output_abs_sum=786807 (ne_dst=524288)
BC250TEMPSENT Vcur-27 stamped 0x7f540de00000
BC250TEMP Vcur-27 gemm_output_abs_sum=917740 (ne_dst=524288)
BC250TEMPSENT Vcur-28 stamped 0x7f540de00000
BC250TEMP Vcur-28 gemm_output_abs_sum=854981 (ne_dst=524288)
BC250TEMPSENT Vcur-29 stamped 0x7f540de00000
BC250TEMP Vcur-29 gemm_output_abs_sum=1.16006e+06 (ne_dst=524288)
BC250TEMPSENT Vcur-30 stamped 0x7f540de00000
BC250TEMP Vcur-30 gemm_output_abs_sum=1.34329e+06 (ne_dst=524288)
BC250TEMPSENT Vcur-31 stamped 0x7f540de00000
BC250TEMP Vcur-31 gemm_output_abs_sum=1.45513e+06 (ne_dst=524288)
BC250TEMPSENT Vcur-32 stamped 0x7f540de00000
BC250TEMP Vcur-32 gemm_output_abs_sum=1.82695e+06 (ne_dst=524288)
BC250TEMPSENT Vcur-33 stamped 0x7f540de00000
BC250TEMP Vcur-33 gemm_output_abs_sum=2.20918e+06 (ne_dst=524288)
BC250TEMPSENT Vcur-34 stamped 0x7f540de00000
BC250TEMP Vcur-34 gemm_output_abs_sum=2.48591e+06 (ne_dst=524288)
BC250TEMPSENT Vcur-35 stamped 0x7f540de00000
BC250TEMP Vcur-35 gemm_output_abs_sum=2.22585e+06 (ne_dst=524288)
[2]2358876.5399,
0.38.923.425 I Final estimate: PPL = 2358876.5399 +/- 139301.84114

