0.04.339.714 W DEPRECATED: --mmap and --no-mmap are deprecated. use --load-mode mmap instead
0.05.210.403 W load: control-looking token: 128247 '</s>' was not control-type; this is probably a bug in the model. its type will be overridden
0.16.069.376 I 
0.16.069.547 I system_info: n_threads = 6 (n_threads_batch = 6) / 12 | ROCm : NO_VMM = 1 | CPU : SSE3 = 1 | SSSE3 = 1 | AVX = 1 | AVX2 = 1 | F16C = 1 | FMA = 1 | BMI2 = 1 | LLAMAFILE = 1 | OPENMP = 1 | REPACK = 1 | 
0.16.069.564 I perplexity: tokenizing the input ..
0.16.803.424 I perplexity: tokenization took 733.849 ms
0.16.804.093 I perplexity: calculating perplexity over 2 chunks, n_ctx=2048, batch_size=2048, n_seq=1
BC250TEMPSENT Vcur-0 stamped 0x7f1578e00000
BC250TEMP Vcur-0 gemm_output_abs_sum=9361.13 (ne_dst=524288)
BC250TEMPSENT Vcur-1 stamped 0x7f1578e00000
BC250TEMP Vcur-1 gemm_output_abs_sum=19546.6 (ne_dst=524288)
BC250TEMPSENT Vcur-2 stamped 0x7f1578e00000
BC250TEMP Vcur-2 gemm_output_abs_sum=25744.1 (ne_dst=524288)
BC250TEMPSENT Vcur-3 stamped 0x7f1578e00000
BC250TEMP Vcur-3 gemm_output_abs_sum=35406.9 (ne_dst=524288)
BC250TEMPSENT Vcur-4 stamped 0x7f1578e00000
BC250TEMP Vcur-4 gemm_output_abs_sum=43532.9 (ne_dst=524288)
BC250TEMPSENT Vcur-5 stamped 0x7f1578e00000
BC250TEMP Vcur-5 gemm_output_abs_sum=47274.9 (ne_dst=524288)
BC250TEMPSENT Vcur-6 stamped 0x7f1578e00000
BC250TEMP Vcur-6 gemm_output_abs_sum=57736.8 (ne_dst=524288)
BC250TEMPSENT Vcur-7 stamped 0x7f1578e00000
BC250TEMP Vcur-7 gemm_output_abs_sum=84787.3 (ne_dst=524288)
BC250TEMPSENT Vcur-8 stamped 0x7f1578e00000
BC250TEMP Vcur-8 gemm_output_abs_sum=110078 (ne_dst=524288)
BC250TEMPSENT Vcur-9 stamped 0x7f1578e00000
BC250TEMP Vcur-9 gemm_output_abs_sum=113746 (ne_dst=524288)
BC250TEMPSENT Vcur-10 stamped 0x7f1578e00000
BC250TEMP Vcur-10 gemm_output_abs_sum=161449 (ne_dst=524288)
BC250TEMPSENT Vcur-11 stamped 0x7f1578e00000
BC250TEMP Vcur-11 gemm_output_abs_sum=114219 (ne_dst=524288)
BC250TEMPSENT Vcur-12 stamped 0x7f1578e00000
BC250TEMP Vcur-12 gemm_output_abs_sum=129881 (ne_dst=524288)
BC250TEMPSENT Vcur-13 stamped 0x7f1578e00000
BC250TEMP Vcur-13 gemm_output_abs_sum=121689 (ne_dst=524288)
BC250TEMPSENT Vcur-14 stamped 0x7f1578e00000
BC250TEMP Vcur-14 gemm_output_abs_sum=158967 (ne_dst=524288)
BC250TEMPSENT Vcur-15 stamped 0x7f1578e00000
BC250TEMP Vcur-15 gemm_output_abs_sum=154593 (ne_dst=524288)
BC250TEMPSENT Vcur-16 stamped 0x7f1578e00000
BC250TEMP Vcur-16 gemm_output_abs_sum=197676 (ne_dst=524288)
BC250TEMPSENT Vcur-17 stamped 0x7f1578e00000
BC250TEMP Vcur-17 gemm_output_abs_sum=178818 (ne_dst=524288)
BC250TEMPSENT Vcur-18 stamped 0x7f1578e00000
BC250TEMP Vcur-18 gemm_output_abs_sum=192809 (ne_dst=524288)
BC250TEMPSENT Vcur-19 stamped 0x7f1578e00000
BC250TEMP Vcur-19 gemm_output_abs_sum=249181 (ne_dst=524288)
BC250TEMPSENT Vcur-20 stamped 0x7f1578e00000
BC250TEMP Vcur-20 gemm_output_abs_sum=247122 (ne_dst=524288)
BC250TEMPSENT Vcur-21 stamped 0x7f1578e00000
BC250TEMP Vcur-21 gemm_output_abs_sum=278121 (ne_dst=524288)
BC250TEMPSENT Vcur-22 stamped 0x7f1578e00000
BC250TEMP Vcur-22 gemm_output_abs_sum=344175 (ne_dst=524288)
BC250TEMPSENT Vcur-23 stamped 0x7f1578e00000
BC250TEMP Vcur-23 gemm_output_abs_sum=355500 (ne_dst=524288)
BC250TEMPSENT Vcur-24 stamped 0x7f1578e00000
BC250TEMP Vcur-24 gemm_output_abs_sum=519953 (ne_dst=524288)
BC250TEMPSENT Vcur-25 stamped 0x7f1578e00000
BC250TEMP Vcur-25 gemm_output_abs_sum=454598 (ne_dst=524288)
BC250TEMPSENT Vcur-26 stamped 0x7f1578e00000
BC250TEMP Vcur-26 gemm_output_abs_sum=564046 (ne_dst=524288)
BC250TEMPSENT Vcur-27 stamped 0x7f1578e00000
BC250TEMP Vcur-27 gemm_output_abs_sum=633500 (ne_dst=524288)
BC250TEMPSENT Vcur-28 stamped 0x7f1578e00000
BC250TEMP Vcur-28 gemm_output_abs_sum=676250 (ne_dst=524288)
BC250TEMPSENT Vcur-29 stamped 0x7f1578e00000
BC250TEMP Vcur-29 gemm_output_abs_sum=1.0907e+06 (ne_dst=524288)
BC250TEMPSENT Vcur-30 stamped 0x7f1578e00000
BC250TEMP Vcur-30 gemm_output_abs_sum=1.10162e+06 (ne_dst=524288)
BC250TEMPSENT Vcur-31 stamped 0x7f1578e00000
BC250TEMP Vcur-31 gemm_output_abs_sum=1.32104e+06 (ne_dst=524288)
BC250TEMPSENT Vcur-32 stamped 0x7f1578e00000
BC250TEMP Vcur-32 gemm_output_abs_sum=1.60184e+06 (ne_dst=524288)
BC250TEMPSENT Vcur-33 stamped 0x7f1578e00000
BC250TEMP Vcur-33 gemm_output_abs_sum=2.44507e+06 (ne_dst=524288)
BC250TEMPSENT Vcur-34 stamped 0x7f1578e00000
BC250TEMP Vcur-34 gemm_output_abs_sum=2.12205e+06 (ne_dst=524288)
BC250TEMPSENT Vcur-35 stamped 0x7f1578e00000
BC250TEMP Vcur-35 gemm_output_abs_sum=1.38543e+06 (ne_dst=524288)
BC250TEMPSENT Vcur-0 stamped 0x7f1578e00000
BC250TEMP Vcur-0 gemm_output_abs_sum=0 (ne_dst=524288)
BC250TEMPSENT Vcur-1 stamped 0x7f1578e00000
BC250TEMP Vcur-1 gemm_output_abs_sum=23911 (ne_dst=524288)
BC250TEMPSENT Vcur-2 stamped 0x7f1578e00000
BC250TEMP Vcur-2 gemm_output_abs_sum=28877.6 (ne_dst=524288)
BC250TEMPSENT Vcur-3 stamped 0x7f1578e00000
BC250TEMP Vcur-3 gemm_output_abs_sum=38454.2 (ne_dst=524288)
BC250TEMPSENT Vcur-4 stamped 0x7f1578e00000
BC250TEMP Vcur-4 gemm_output_abs_sum=49284.9 (ne_dst=524288)
BC250TEMPSENT Vcur-5 stamped 0x7f1578e00000
BC250TEMP Vcur-5 gemm_output_abs_sum=49984.2 (ne_dst=524288)
BC250TEMPSENT Vcur-6 stamped 0x7f1578e00000
BC250TEMP Vcur-6 gemm_output_abs_sum=61195.6 (ne_dst=524288)
BC250TEMPSENT Vcur-7 stamped 0x7f1578e00000
BC250TEMP Vcur-7 gemm_output_abs_sum=84689.2 (ne_dst=524288)
BC250TEMPSENT Vcur-8 stamped 0x7f1578e00000
BC250TEMP Vcur-8 gemm_output_abs_sum=108884 (ne_dst=524288)
BC250TEMPSENT Vcur-9 stamped 0x7f1578e00000
BC250TEMP Vcur-9 gemm_output_abs_sum=112455 (ne_dst=524288)
BC250TEMPSENT Vcur-10 stamped 0x7f1578e00000
BC250TEMP Vcur-10 gemm_output_abs_sum=153167 (ne_dst=524288)
BC250TEMPSENT Vcur-11 stamped 0x7f1578e00000
BC250TEMP Vcur-11 gemm_output_abs_sum=106942 (ne_dst=524288)
BC250TEMPSENT Vcur-12 stamped 0x7f1578e00000
BC250TEMP Vcur-12 gemm_output_abs_sum=131081 (ne_dst=524288)
BC250TEMPSENT Vcur-13 stamped 0x7f1578e00000
BC250TEMP Vcur-13 gemm_output_abs_sum=118299 (ne_dst=524288)
BC250TEMPSENT Vcur-14 stamped 0x7f1578e00000
BC250TEMP Vcur-14 gemm_output_abs_sum=157815 (ne_dst=524288)
BC250TEMPSENT Vcur-15 stamped 0x7f1578e00000
BC250TEMP Vcur-15 gemm_output_abs_sum=155034 (ne_dst=524288)
BC250TEMPSENT Vcur-16 stamped 0x7f1578e00000
BC250TEMP Vcur-16 gemm_output_abs_sum=200174 (ne_dst=524288)
BC250TEMPSENT Vcur-17 stamped 0x7f1578e00000
BC250TEMP Vcur-17 gemm_output_abs_sum=185664 (ne_dst=524288)
BC250TEMPSENT Vcur-18 stamped 0x7f1578e00000
BC250TEMP Vcur-18 gemm_output_abs_sum=194945 (ne_dst=524288)
BC250TEMPSENT Vcur-19 stamped 0x7f1578e00000
BC250TEMP Vcur-19 gemm_output_abs_sum=267389 (ne_dst=524288)
BC250TEMPSENT Vcur-20 stamped 0x7f1578e00000
BC250TEMP Vcur-20 gemm_output_abs_sum=272026 (ne_dst=524288)
BC250TEMPSENT Vcur-21 stamped 0x7f1578e00000
BC250TEMP Vcur-21 gemm_output_abs_sum=297263 (ne_dst=524288)
BC250TEMPSENT Vcur-22 stamped 0x7f1578e00000
BC250TEMP Vcur-22 gemm_output_abs_sum=379939 (ne_dst=524288)
BC250TEMPSENT Vcur-23 stamped 0x7f1578e00000
BC250TEMP Vcur-23 gemm_output_abs_sum=357861 (ne_dst=524288)
BC250TEMPSENT Vcur-24 stamped 0x7f1578e00000
BC250TEMP Vcur-24 gemm_output_abs_sum=512544 (ne_dst=524288)
BC250TEMPSENT Vcur-25 stamped 0x7f1578e00000
BC250TEMP Vcur-25 gemm_output_abs_sum=447443 (ne_dst=524288)
BC250TEMPSENT Vcur-26 stamped 0x7f1578e00000
BC250TEMP Vcur-26 gemm_output_abs_sum=538443 (ne_dst=524288)
BC250TEMPSENT Vcur-27 stamped 0x7f1578e00000
BC250TEMP Vcur-27 gemm_output_abs_sum=616269 (ne_dst=524288)
BC250TEMPSENT Vcur-28 stamped 0x7f1578e00000
BC250TEMP Vcur-28 gemm_output_abs_sum=652376 (ne_dst=524288)
BC250TEMPSENT Vcur-29 stamped 0x7f1578e00000
BC250TEMP Vcur-29 gemm_output_abs_sum=1.07312e+06 (ne_dst=524288)
BC250TEMPSENT Vcur-30 stamped 0x7f1578e00000
BC250TEMP Vcur-30 gemm_output_abs_sum=1.04967e+06 (ne_dst=524288)
BC250TEMPSENT Vcur-31 stamped 0x7f1578e00000
BC250TEMP Vcur-31 gemm_output_abs_sum=1.24538e+06 (ne_dst=524288)
BC250TEMPSENT Vcur-32 stamped 0x7f1578e00000
BC250TEMP Vcur-32 gemm_output_abs_sum=1.54262e+06 (ne_dst=524288)
BC250TEMPSENT Vcur-33 stamped 0x7f1578e00000
BC250TEMP Vcur-33 gemm_output_abs_sum=2.35145e+06 (ne_dst=524288)
BC250TEMPSENT Vcur-34 stamped 0x7f1578e00000
BC250TEMP Vcur-34 gemm_output_abs_sum=1.99184e+06 (ne_dst=524288)
BC250TEMPSENT Vcur-35 stamped 0x7f1578e00000
BC250TEMP Vcur-35 gemm_output_abs_sum=1.3263e+06 (ne_dst=524288)
BC250TEMPSENT Vcur-0 stamped 0x7f1578e00000
BC250TEMP Vcur-0 gemm_output_abs_sum=0 (ne_dst=524288)
BC250TEMPSENT Vcur-1 stamped 0x7f1578e00000
BC250TEMP Vcur-1 gemm_output_abs_sum=24868.6 (ne_dst=524288)
BC250TEMPSENT Vcur-2 stamped 0x7f1578e00000
BC250TEMP Vcur-2 gemm_output_abs_sum=29862.2 (ne_dst=524288)
BC250TEMPSENT Vcur-3 stamped 0x7f1578e00000
BC250TEMP Vcur-3 gemm_output_abs_sum=38857.3 (ne_dst=524288)
BC250TEMPSENT Vcur-4 stamped 0x7f1578e00000
BC250TEMP Vcur-4 gemm_output_abs_sum=50732.1 (ne_dst=524288)
BC250TEMPSENT Vcur-5 stamped 0x7f1578e00000
BC250TEMP Vcur-5 gemm_output_abs_sum=50997.7 (ne_dst=524288)
BC250TEMPSENT Vcur-6 stamped 0x7f1578e00000
BC250TEMP Vcur-6 gemm_output_abs_sum=63410.5 (ne_dst=524288)
BC250TEMPSENT Vcur-7 stamped 0x7f1578e00000
BC250TEMP Vcur-7 gemm_output_abs_sum=86743.3 (ne_dst=524288)
BC250TEMPSENT Vcur-8 stamped 0x7f1578e00000
BC250TEMP Vcur-8 gemm_output_abs_sum=110763 (ne_dst=524288)
BC250TEMPSENT Vcur-9 stamped 0x7f1578e00000
BC250TEMP Vcur-9 gemm_output_abs_sum=113936 (ne_dst=524288)
BC250TEMPSENT Vcur-10 stamped 0x7f1578e00000
BC250TEMP Vcur-10 gemm_output_abs_sum=154041 (ne_dst=524288)
BC250TEMPSENT Vcur-11 stamped 0x7f1578e00000
BC250TEMP Vcur-11 gemm_output_abs_sum=106583 (ne_dst=524288)
BC250TEMPSENT Vcur-12 stamped 0x7f1578e00000
BC250TEMP Vcur-12 gemm_output_abs_sum=131668 (ne_dst=524288)
BC250TEMPSENT Vcur-13 stamped 0x7f1578e00000
BC250TEMP Vcur-13 gemm_output_abs_sum=118158 (ne_dst=524288)
BC250TEMPSENT Vcur-14 stamped 0x7f1578e00000
BC250TEMP Vcur-14 gemm_output_abs_sum=154203 (ne_dst=524288)
BC250TEMPSENT Vcur-15 stamped 0x7f1578e00000
BC250TEMP Vcur-15 gemm_output_abs_sum=154603 (ne_dst=524288)
BC250TEMPSENT Vcur-16 stamped 0x7f1578e00000
BC250TEMP Vcur-16 gemm_output_abs_sum=198242 (ne_dst=524288)
BC250TEMPSENT Vcur-17 stamped 0x7f1578e00000
BC250TEMP Vcur-17 gemm_output_abs_sum=186317 (ne_dst=524288)
BC250TEMPSENT Vcur-18 stamped 0x7f1578e00000
BC250TEMP Vcur-18 gemm_output_abs_sum=195139 (ne_dst=524288)
BC250TEMPSENT Vcur-19 stamped 0x7f1578e00000
BC250TEMP Vcur-19 gemm_output_abs_sum=265983 (ne_dst=524288)
BC250TEMPSENT Vcur-20 stamped 0x7f1578e00000
BC250TEMP Vcur-20 gemm_output_abs_sum=273628 (ne_dst=524288)
BC250TEMPSENT Vcur-21 stamped 0x7f1578e00000
BC250TEMP Vcur-21 gemm_output_abs_sum=297622 (ne_dst=524288)
BC250TEMPSENT Vcur-22 stamped 0x7f1578e00000
BC250TEMP Vcur-22 gemm_output_abs_sum=384162 (ne_dst=524288)
BC250TEMPSENT Vcur-23 stamped 0x7f1578e00000
BC250TEMP Vcur-23 gemm_output_abs_sum=361068 (ne_dst=524288)
BC250TEMPSENT Vcur-24 stamped 0x7f1578e00000
BC250TEMP Vcur-24 gemm_output_abs_sum=515738 (ne_dst=524288)
BC250TEMPSENT Vcur-25 stamped 0x7f1578e00000
BC250TEMP Vcur-25 gemm_output_abs_sum=461151 (ne_dst=524288)
BC250TEMPSENT Vcur-26 stamped 0x7f1578e00000
BC250TEMP Vcur-26 gemm_output_abs_sum=560695 (ne_dst=524288)
BC250TEMPSENT Vcur-27 stamped 0x7f1578e00000
BC250TEMP Vcur-27 gemm_output_abs_sum=646688 (ne_dst=524288)
BC250TEMPSENT Vcur-28 stamped 0x7f1578e00000
BC250TEMP Vcur-28 gemm_output_abs_sum=675994 (ne_dst=524288)
BC250TEMPSENT Vcur-29 stamped 0x7f1578e00000
BC250TEMP Vcur-29 gemm_output_abs_sum=1.09597e+06 (ne_dst=524288)
BC250TEMPSENT Vcur-30 stamped 0x7f1578e00000
BC250TEMP Vcur-30 gemm_output_abs_sum=1.09004e+06 (ne_dst=524288)
BC250TEMPSENT Vcur-31 stamped 0x7f1578e00000
BC250TEMP Vcur-31 gemm_output_abs_sum=1.29941e+06 (ne_dst=524288)
BC250TEMPSENT Vcur-32 stamped 0x7f1578e00000
BC250TEMP Vcur-32 gemm_output_abs_sum=1.5969e+06 (ne_dst=524288)
BC250TEMPSENT Vcur-33 stamped 0x7f1578e00000
BC250TEMP Vcur-33 gemm_output_abs_sum=2.41391e+06 (ne_dst=524288)
BC250TEMPSENT Vcur-34 stamped 0x7f1578e00000
BC250TEMP Vcur-34 gemm_output_abs_sum=2.06582e+06 (ne_dst=524288)
BC250TEMPSENT Vcur-35 stamped 0x7f1578e00000
BC250TEMP Vcur-35 gemm_output_abs_sum=1.38972e+06 (ne_dst=524288)
BC250TEMPSENT Vcur-0 stamped 0x7f1578e00000
BC250TEMP Vcur-0 gemm_output_abs_sum=0 (ne_dst=524288)
BC250TEMPSENT Vcur-1 stamped 0x7f1578e00000
BC250TEMP Vcur-1 gemm_output_abs_sum=24812 (ne_dst=524288)
BC250TEMPSENT Vcur-2 stamped 0x7f1578e00000
BC250TEMP Vcur-2 gemm_output_abs_sum=30536.1 (ne_dst=524288)
BC250TEMPSENT Vcur-3 stamped 0x7f1578e00000
BC250TEMP Vcur-3 gemm_output_abs_sum=39432.6 (ne_dst=524288)
BC250TEMPSENT Vcur-4 stamped 0x7f1578e00000
BC250TEMP Vcur-4 gemm_output_abs_sum=51039.7 (ne_dst=524288)
BC250TEMPSENT Vcur-5 stamped 0x7f1578e00000
BC250TEMP Vcur-5 gemm_output_abs_sum=51985.5 (ne_dst=524288)
BC250TEMPSENT Vcur-6 stamped 0x7f1578e00000
BC250TEMP Vcur-6 gemm_output_abs_sum=64948.7 (ne_dst=524288)
BC250TEMPSENT Vcur-7 stamped 0x7f1578e00000
BC250TEMP Vcur-7 gemm_output_abs_sum=88653.1 (ne_dst=524288)
BC250TEMPSENT Vcur-8 stamped 0x7f1578e00000
BC250TEMP Vcur-8 gemm_output_abs_sum=112807 (ne_dst=524288)
BC250TEMPSENT Vcur-9 stamped 0x7f1578e00000
BC250TEMP Vcur-9 gemm_output_abs_sum=112219 (ne_dst=524288)
BC250TEMPSENT Vcur-10 stamped 0x7f1578e00000
BC250TEMP Vcur-10 gemm_output_abs_sum=152910 (ne_dst=524288)
BC250TEMPSENT Vcur-11 stamped 0x7f1578e00000
BC250TEMP Vcur-11 gemm_output_abs_sum=110688 (ne_dst=524288)
BC250TEMPSENT Vcur-12 stamped 0x7f1578e00000
BC250TEMP Vcur-12 gemm_output_abs_sum=132178 (ne_dst=524288)
BC250TEMPSENT Vcur-13 stamped 0x7f1578e00000
BC250TEMP Vcur-13 gemm_output_abs_sum=120851 (ne_dst=524288)
BC250TEMPSENT Vcur-14 stamped 0x7f1578e00000
BC250TEMP Vcur-14 gemm_output_abs_sum=158652 (ne_dst=524288)
BC250TEMPSENT Vcur-15 stamped 0x7f1578e00000
BC250TEMP Vcur-15 gemm_output_abs_sum=160192 (ne_dst=524288)
BC250TEMPSENT Vcur-16 stamped 0x7f1578e00000
BC250TEMP Vcur-16 gemm_output_abs_sum=202373 (ne_dst=524288)
BC250TEMPSENT Vcur-17 stamped 0x7f1578e00000
BC250TEMP Vcur-17 gemm_output_abs_sum=185338 (ne_dst=524288)
BC250TEMPSENT Vcur-18 stamped 0x7f1578e00000
BC250TEMP Vcur-18 gemm_output_abs_sum=204191 (ne_dst=524288)
BC250TEMPSENT Vcur-19 stamped 0x7f1578e00000
BC250TEMP Vcur-19 gemm_output_abs_sum=273907 (ne_dst=524288)
BC250TEMPSENT Vcur-20 stamped 0x7f1578e00000
BC250TEMP Vcur-20 gemm_output_abs_sum=276638 (ne_dst=524288)
BC250TEMPSENT Vcur-21 stamped 0x7f1578e00000
BC250TEMP Vcur-21 gemm_output_abs_sum=301869 (ne_dst=524288)
BC250TEMPSENT Vcur-22 stamped 0x7f1578e00000
BC250TEMP Vcur-22 gemm_output_abs_sum=389417 (ne_dst=524288)
BC250TEMPSENT Vcur-23 stamped 0x7f1578e00000
BC250TEMP Vcur-23 gemm_output_abs_sum=375933 (ne_dst=524288)
BC250TEMPSENT Vcur-24 stamped 0x7f1578e00000
BC250TEMP Vcur-24 gemm_output_abs_sum=529402 (ne_dst=524288)
BC250TEMPSENT Vcur-25 stamped 0x7f1578e00000
BC250TEMP Vcur-25 gemm_output_abs_sum=474294 (ne_dst=524288)
BC250TEMPSENT Vcur-26 stamped 0x7f1578e00000
BC250TEMP Vcur-26 gemm_output_abs_sum=590262 (ne_dst=524288)
BC250TEMPSENT Vcur-27 stamped 0x7f1578e00000
BC250TEMP Vcur-27 gemm_output_abs_sum=682992 (ne_dst=524288)
BC250TEMPSENT Vcur-28 stamped 0x7f1578e00000
BC250TEMP Vcur-28 gemm_output_abs_sum=704308 (ne_dst=524288)
BC250TEMPSENT Vcur-29 stamped 0x7f1578e00000
BC250TEMP Vcur-29 gemm_output_abs_sum=1.12728e+06 (ne_dst=524288)
BC250TEMPSENT Vcur-30 stamped 0x7f1578e00000
BC250TEMP Vcur-30 gemm_output_abs_sum=1.11022e+06 (ne_dst=524288)
BC250TEMPSENT Vcur-31 stamped 0x7f1578e00000
BC250TEMP Vcur-31 gemm_output_abs_sum=1.36127e+06 (ne_dst=524288)
BC250TEMPSENT Vcur-32 stamped 0x7f1578e00000
BC250TEMP Vcur-32 gemm_output_abs_sum=1.6204e+06 (ne_dst=524288)
BC250TEMPSENT Vcur-33 stamped 0x7f1578e00000
BC250TEMP Vcur-33 gemm_output_abs_sum=2.43369e+06 (ne_dst=524288)
BC250TEMPSENT Vcur-34 stamped 0x7f1578e00000
BC250TEMP Vcur-34 gemm_output_abs_sum=2.04971e+06 (ne_dst=524288)
BC250TEMPSENT Vcur-35 stamped 0x7f1578e00000
BC250TEMP Vcur-35 gemm_output_abs_sum=1.31671e+06 (ne_dst=524288)
0.27.879.817 I perplexity: 11.08 seconds per pass - ETA 0.37 minutes
[1]14.1344,BC250TEMPSENT Vcur-0 stamped 0x7f1578e00000
BC250TEMP Vcur-0 gemm_output_abs_sum=9468.19 (ne_dst=524288)
BC250TEMPSENT Vcur-1 stamped 0x7f1578e00000
BC250TEMP Vcur-1 gemm_output_abs_sum=20000.5 (ne_dst=524288)
BC250TEMPSENT Vcur-2 stamped 0x7f1578e00000
BC250TEMP Vcur-2 gemm_output_abs_sum=26375.8 (ne_dst=524288)
BC250TEMPSENT Vcur-3 stamped 0x7f1578e00000
BC250TEMP Vcur-3 gemm_output_abs_sum=35467.9 (ne_dst=524288)
BC250TEMPSENT Vcur-4 stamped 0x7f1578e00000
BC250TEMP Vcur-4 gemm_output_abs_sum=44786.8 (ne_dst=524288)
BC250TEMPSENT Vcur-5 stamped 0x7f1578e00000
BC250TEMP Vcur-5 gemm_output_abs_sum=48366.8 (ne_dst=524288)
BC250TEMPSENT Vcur-6 stamped 0x7f1578e00000
BC250TEMP Vcur-6 gemm_output_abs_sum=58007.2 (ne_dst=524288)
BC250TEMPSENT Vcur-7 stamped 0x7f1578e00000
BC250TEMP Vcur-7 gemm_output_abs_sum=88166.9 (ne_dst=524288)
BC250TEMPSENT Vcur-8 stamped 0x7f1578e00000
BC250TEMP Vcur-8 gemm_output_abs_sum=116855 (ne_dst=524288)
BC250TEMPSENT Vcur-9 stamped 0x7f1578e00000
BC250TEMP Vcur-9 gemm_output_abs_sum=116599 (ne_dst=524288)
BC250TEMPSENT Vcur-10 stamped 0x7f1578e00000
BC250TEMP Vcur-10 gemm_output_abs_sum=170520 (ne_dst=524288)
BC250TEMPSENT Vcur-11 stamped 0x7f1578e00000
BC250TEMP Vcur-11 gemm_output_abs_sum=119956 (ne_dst=524288)
BC250TEMPSENT Vcur-12 stamped 0x7f1578e00000
BC250TEMP Vcur-12 gemm_output_abs_sum=133996 (ne_dst=524288)
BC250TEMPSENT Vcur-13 stamped 0x7f1578e00000
BC250TEMP Vcur-13 gemm_output_abs_sum=125191 (ne_dst=524288)
BC250TEMPSENT Vcur-14 stamped 0x7f1578e00000
BC250TEMP Vcur-14 gemm_output_abs_sum=164065 (ne_dst=524288)
BC250TEMPSENT Vcur-15 stamped 0x7f1578e00000
BC250TEMP Vcur-15 gemm_output_abs_sum=164943 (ne_dst=524288)
BC250TEMPSENT Vcur-16 stamped 0x7f1578e00000
BC250TEMP Vcur-16 gemm_output_abs_sum=218271 (ne_dst=524288)
BC250TEMPSENT Vcur-17 stamped 0x7f1578e00000
BC250TEMP Vcur-17 gemm_output_abs_sum=192002 (ne_dst=524288)
BC250TEMPSENT Vcur-18 stamped 0x7f1578e00000
BC250TEMP Vcur-18 gemm_output_abs_sum=216653 (ne_dst=524288)
BC250TEMPSENT Vcur-19 stamped 0x7f1578e00000
BC250TEMP Vcur-19 gemm_output_abs_sum=277406 (ne_dst=524288)
BC250TEMPSENT Vcur-20 stamped 0x7f1578e00000
BC250TEMP Vcur-20 gemm_output_abs_sum=269254 (ne_dst=524288)
BC250TEMPSENT Vcur-21 stamped 0x7f1578e00000
BC250TEMP Vcur-21 gemm_output_abs_sum=305522 (ne_dst=524288)
BC250TEMPSENT Vcur-22 stamped 0x7f1578e00000
BC250TEMP Vcur-22 gemm_output_abs_sum=383069 (ne_dst=524288)
BC250TEMPSENT Vcur-23 stamped 0x7f1578e00000
BC250TEMP Vcur-23 gemm_output_abs_sum=387454 (ne_dst=524288)
BC250TEMPSENT Vcur-24 stamped 0x7f1578e00000
BC250TEMP Vcur-24 gemm_output_abs_sum=517544 (ne_dst=524288)
BC250TEMPSENT Vcur-25 stamped 0x7f1578e00000
BC250TEMP Vcur-25 gemm_output_abs_sum=480980 (ne_dst=524288)
BC250TEMPSENT Vcur-26 stamped 0x7f1578e00000
BC250TEMP Vcur-26 gemm_output_abs_sum=588877 (ne_dst=524288)
BC250TEMPSENT Vcur-27 stamped 0x7f1578e00000
BC250TEMP Vcur-27 gemm_output_abs_sum=672275 (ne_dst=524288)
BC250TEMPSENT Vcur-28 stamped 0x7f1578e00000
BC250TEMP Vcur-28 gemm_output_abs_sum=706945 (ne_dst=524288)
BC250TEMPSENT Vcur-29 stamped 0x7f1578e00000
BC250TEMP Vcur-29 gemm_output_abs_sum=1.03239e+06 (ne_dst=524288)
BC250TEMPSENT Vcur-30 stamped 0x7f1578e00000
BC250TEMP Vcur-30 gemm_output_abs_sum=1.09797e+06 (ne_dst=524288)
BC250TEMPSENT Vcur-31 stamped 0x7f1578e00000
BC250TEMP Vcur-31 gemm_output_abs_sum=1.30662e+06 (ne_dst=524288)
BC250TEMPSENT Vcur-32 stamped 0x7f1578e00000
BC250TEMP Vcur-32 gemm_output_abs_sum=1.53556e+06 (ne_dst=524288)
BC250TEMPSENT Vcur-33 stamped 0x7f1578e00000
BC250TEMP Vcur-33 gemm_output_abs_sum=2.16931e+06 (ne_dst=524288)
BC250TEMPSENT Vcur-34 stamped 0x7f1578e00000
BC250TEMP Vcur-34 gemm_output_abs_sum=1.9455e+06 (ne_dst=524288)
BC250TEMPSENT Vcur-35 stamped 0x7f1578e00000
BC250TEMP Vcur-35 gemm_output_abs_sum=1.29281e+06 (ne_dst=524288)
BC250TEMPSENT Vcur-0 stamped 0x7f1578e00000
BC250TEMP Vcur-0 gemm_output_abs_sum=0 (ne_dst=524288)
BC250TEMPSENT Vcur-1 stamped 0x7f1578e00000
BC250TEMP Vcur-1 gemm_output_abs_sum=24210.6 (ne_dst=524288)
BC250TEMPSENT Vcur-2 stamped 0x7f1578e00000
BC250TEMP Vcur-2 gemm_output_abs_sum=29691 (ne_dst=524288)
BC250TEMPSENT Vcur-3 stamped 0x7f1578e00000
BC250TEMP Vcur-3 gemm_output_abs_sum=38785.4 (ne_dst=524288)
BC250TEMPSENT Vcur-4 stamped 0x7f1578e00000
BC250TEMP Vcur-4 gemm_output_abs_sum=50070.3 (ne_dst=524288)
BC250TEMPSENT Vcur-5 stamped 0x7f1578e00000
BC250TEMP Vcur-5 gemm_output_abs_sum=51557.1 (ne_dst=524288)
BC250TEMPSENT Vcur-6 stamped 0x7f1578e00000
BC250TEMP Vcur-6 gemm_output_abs_sum=63554.2 (ne_dst=524288)
BC250TEMPSENT Vcur-7 stamped 0x7f1578e00000
BC250TEMP Vcur-7 gemm_output_abs_sum=90964.2 (ne_dst=524288)
BC250TEMPSENT Vcur-8 stamped 0x7f1578e00000
BC250TEMP Vcur-8 gemm_output_abs_sum=118081 (ne_dst=524288)
BC250TEMPSENT Vcur-9 stamped 0x7f1578e00000
BC250TEMP Vcur-9 gemm_output_abs_sum=118629 (ne_dst=524288)
BC250TEMPSENT Vcur-10 stamped 0x7f1578e00000
BC250TEMP Vcur-10 gemm_output_abs_sum=167267 (ne_dst=524288)
BC250TEMPSENT Vcur-11 stamped 0x7f1578e00000
BC250TEMP Vcur-11 gemm_output_abs_sum=117040 (ne_dst=524288)
BC250TEMPSENT Vcur-12 stamped 0x7f1578e00000
BC250TEMP Vcur-12 gemm_output_abs_sum=136369 (ne_dst=524288)
BC250TEMPSENT Vcur-13 stamped 0x7f1578e00000
BC250TEMP Vcur-13 gemm_output_abs_sum=124393 (ne_dst=524288)
BC250TEMPSENT Vcur-14 stamped 0x7f1578e00000
BC250TEMP Vcur-14 gemm_output_abs_sum=163189 (ne_dst=524288)
BC250TEMPSENT Vcur-15 stamped 0x7f1578e00000
BC250TEMP Vcur-15 gemm_output_abs_sum=161655 (ne_dst=524288)
BC250TEMPSENT Vcur-16 stamped 0x7f1578e00000
BC250TEMP Vcur-16 gemm_output_abs_sum=210982 (ne_dst=524288)
BC250TEMPSENT Vcur-17 stamped 0x7f1578e00000
BC250TEMP Vcur-17 gemm_output_abs_sum=187898 (ne_dst=524288)
BC250TEMPSENT Vcur-18 stamped 0x7f1578e00000
BC250TEMP Vcur-18 gemm_output_abs_sum=206146 (ne_dst=524288)
BC250TEMPSENT Vcur-19 stamped 0x7f1578e00000
BC250TEMP Vcur-19 gemm_output_abs_sum=274587 (ne_dst=524288)
BC250TEMPSENT Vcur-20 stamped 0x7f1578e00000
BC250TEMP Vcur-20 gemm_output_abs_sum=271973 (ne_dst=524288)
BC250TEMPSENT Vcur-21 stamped 0x7f1578e00000
BC250TEMP Vcur-21 gemm_output_abs_sum=301206 (ne_dst=524288)
BC250TEMPSENT Vcur-22 stamped 0x7f1578e00000
BC250TEMP Vcur-22 gemm_output_abs_sum=385192 (ne_dst=524288)
BC250TEMPSENT Vcur-23 stamped 0x7f1578e00000
BC250TEMP Vcur-23 gemm_output_abs_sum=380954 (ne_dst=524288)
BC250TEMPSENT Vcur-24 stamped 0x7f1578e00000
BC250TEMP Vcur-24 gemm_output_abs_sum=522124 (ne_dst=524288)
BC250TEMPSENT Vcur-25 stamped 0x7f1578e00000
BC250TEMP Vcur-25 gemm_output_abs_sum=475407 (ne_dst=524288)
BC250TEMPSENT Vcur-26 stamped 0x7f1578e00000
BC250TEMP Vcur-26 gemm_output_abs_sum=590904 (ne_dst=524288)
BC250TEMPSENT Vcur-27 stamped 0x7f1578e00000
BC250TEMP Vcur-27 gemm_output_abs_sum=683456 (ne_dst=524288)
BC250TEMPSENT Vcur-28 stamped 0x7f1578e00000
BC250TEMP Vcur-28 gemm_output_abs_sum=708057 (ne_dst=524288)
BC250TEMPSENT Vcur-29 stamped 0x7f1578e00000
BC250TEMP Vcur-29 gemm_output_abs_sum=1.08952e+06 (ne_dst=524288)
BC250TEMPSENT Vcur-30 stamped 0x7f1578e00000
BC250TEMP Vcur-30 gemm_output_abs_sum=1.11444e+06 (ne_dst=524288)
BC250TEMPSENT Vcur-31 stamped 0x7f1578e00000
BC250TEMP Vcur-31 gemm_output_abs_sum=1.34712e+06 (ne_dst=524288)
BC250TEMPSENT Vcur-32 stamped 0x7f1578e00000
BC250TEMP Vcur-32 gemm_output_abs_sum=1.6046e+06 (ne_dst=524288)
BC250TEMPSENT Vcur-33 stamped 0x7f1578e00000
BC250TEMP Vcur-33 gemm_output_abs_sum=2.3228e+06 (ne_dst=524288)
BC250TEMPSENT Vcur-34 stamped 0x7f1578e00000
BC250TEMP Vcur-34 gemm_output_abs_sum=2.04537e+06 (ne_dst=524288)
BC250TEMPSENT Vcur-35 stamped 0x7f1578e00000
BC250TEMP Vcur-35 gemm_output_abs_sum=1.33479e+06 (ne_dst=524288)
BC250TEMPSENT Vcur-0 stamped 0x7f1578e00000
BC250TEMP Vcur-0 gemm_output_abs_sum=0 (ne_dst=524288)
BC250TEMPSENT Vcur-1 stamped 0x7f1578e00000
BC250TEMP Vcur-1 gemm_output_abs_sum=25055.1 (ne_dst=524288)
BC250TEMPSENT Vcur-2 stamped 0x7f1578e00000
BC250TEMP Vcur-2 gemm_output_abs_sum=29860.6 (ne_dst=524288)
BC250TEMPSENT Vcur-3 stamped 0x7f1578e00000
BC250TEMP Vcur-3 gemm_output_abs_sum=38838 (ne_dst=524288)
BC250TEMPSENT Vcur-4 stamped 0x7f1578e00000
BC250TEMP Vcur-4 gemm_output_abs_sum=50216.4 (ne_dst=524288)
BC250TEMPSENT Vcur-5 stamped 0x7f1578e00000
BC250TEMP Vcur-5 gemm_output_abs_sum=51075.2 (ne_dst=524288)
BC250TEMPSENT Vcur-6 stamped 0x7f1578e00000
BC250TEMP Vcur-6 gemm_output_abs_sum=63211.9 (ne_dst=524288)
BC250TEMPSENT Vcur-7 stamped 0x7f1578e00000
BC250TEMP Vcur-7 gemm_output_abs_sum=87623.4 (ne_dst=524288)
BC250TEMPSENT Vcur-8 stamped 0x7f1578e00000
BC250TEMP Vcur-8 gemm_output_abs_sum=113188 (ne_dst=524288)
BC250TEMPSENT Vcur-9 stamped 0x7f1578e00000
BC250TEMP Vcur-9 gemm_output_abs_sum=113614 (ne_dst=524288)
BC250TEMPSENT Vcur-10 stamped 0x7f1578e00000
BC250TEMP Vcur-10 gemm_output_abs_sum=156012 (ne_dst=524288)
BC250TEMPSENT Vcur-11 stamped 0x7f1578e00000
BC250TEMP Vcur-11 gemm_output_abs_sum=112650 (ne_dst=524288)
BC250TEMPSENT Vcur-12 stamped 0x7f1578e00000
BC250TEMP Vcur-12 gemm_output_abs_sum=134368 (ne_dst=524288)
BC250TEMPSENT Vcur-13 stamped 0x7f1578e00000
BC250TEMP Vcur-13 gemm_output_abs_sum=121588 (ne_dst=524288)
BC250TEMPSENT Vcur-14 stamped 0x7f1578e00000
BC250TEMP Vcur-14 gemm_output_abs_sum=160216 (ne_dst=524288)
BC250TEMPSENT Vcur-15 stamped 0x7f1578e00000
BC250TEMP Vcur-15 gemm_output_abs_sum=158964 (ne_dst=524288)
BC250TEMPSENT Vcur-16 stamped 0x7f1578e00000
BC250TEMP Vcur-16 gemm_output_abs_sum=204669 (ne_dst=524288)
BC250TEMPSENT Vcur-17 stamped 0x7f1578e00000
BC250TEMP Vcur-17 gemm_output_abs_sum=184154 (ne_dst=524288)
BC250TEMPSENT Vcur-18 stamped 0x7f1578e00000
BC250TEMP Vcur-18 gemm_output_abs_sum=201723 (ne_dst=524288)
BC250TEMPSENT Vcur-19 stamped 0x7f1578e00000
BC250TEMP Vcur-19 gemm_output_abs_sum=271740 (ne_dst=524288)
BC250TEMPSENT Vcur-20 stamped 0x7f1578e00000
BC250TEMP Vcur-20 gemm_output_abs_sum=274301 (ne_dst=524288)
BC250TEMPSENT Vcur-21 stamped 0x7f1578e00000
BC250TEMP Vcur-21 gemm_output_abs_sum=303703 (ne_dst=524288)
BC250TEMPSENT Vcur-22 stamped 0x7f1578e00000
BC250TEMP Vcur-22 gemm_output_abs_sum=380631 (ne_dst=524288)
BC250TEMPSENT Vcur-23 stamped 0x7f1578e00000
BC250TEMP Vcur-23 gemm_output_abs_sum=374011 (ne_dst=524288)
BC250TEMPSENT Vcur-24 stamped 0x7f1578e00000
BC250TEMP Vcur-24 gemm_output_abs_sum=523228 (ne_dst=524288)
BC250TEMPSENT Vcur-25 stamped 0x7f1578e00000
BC250TEMP Vcur-25 gemm_output_abs_sum=467972 (ne_dst=524288)
BC250TEMPSENT Vcur-26 stamped 0x7f1578e00000
BC250TEMP Vcur-26 gemm_output_abs_sum=583796 (ne_dst=524288)
BC250TEMPSENT Vcur-27 stamped 0x7f1578e00000
BC250TEMP Vcur-27 gemm_output_abs_sum=667012 (ne_dst=524288)
BC250TEMPSENT Vcur-28 stamped 0x7f1578e00000
BC250TEMP Vcur-28 gemm_output_abs_sum=701147 (ne_dst=524288)
BC250TEMPSENT Vcur-29 stamped 0x7f1578e00000
BC250TEMP Vcur-29 gemm_output_abs_sum=1.11055e+06 (ne_dst=524288)
BC250TEMPSENT Vcur-30 stamped 0x7f1578e00000
BC250TEMP Vcur-30 gemm_output_abs_sum=1.09988e+06 (ne_dst=524288)
BC250TEMPSENT Vcur-31 stamped 0x7f1578e00000
BC250TEMP Vcur-31 gemm_output_abs_sum=1.34071e+06 (ne_dst=524288)
BC250TEMPSENT Vcur-32 stamped 0x7f1578e00000
BC250TEMP Vcur-32 gemm_output_abs_sum=1.60761e+06 (ne_dst=524288)
BC250TEMPSENT Vcur-33 stamped 0x7f1578e00000
BC250TEMP Vcur-33 gemm_output_abs_sum=2.39765e+06 (ne_dst=524288)
BC250TEMPSENT Vcur-34 stamped 0x7f1578e00000
BC250TEMP Vcur-34 gemm_output_abs_sum=2.06998e+06 (ne_dst=524288)
BC250TEMPSENT Vcur-35 stamped 0x7f1578e00000
BC250TEMP Vcur-35 gemm_output_abs_sum=1.3323e+06 (ne_dst=524288)
BC250TEMPSENT Vcur-0 stamped 0x7f1578e00000
BC250TEMP Vcur-0 gemm_output_abs_sum=0 (ne_dst=524288)
BC250TEMPSENT Vcur-1 stamped 0x7f1578e00000
BC250TEMP Vcur-1 gemm_output_abs_sum=0 (ne_dst=524288)
BC250TEMPSENT Vcur-2 stamped 0x7f1578e00000
BC250TEMP Vcur-2 gemm_output_abs_sum=0 (ne_dst=524288)
BC250TEMPSENT Vcur-3 stamped 0x7f1578e00000
BC250TEMP Vcur-3 gemm_output_abs_sum=0 (ne_dst=524288)
BC250TEMPSENT Vcur-4 stamped 0x7f1578e00000
BC250TEMP Vcur-4 gemm_output_abs_sum=55717.8 (ne_dst=524288)
BC250TEMPSENT Vcur-5 stamped 0x7f1578e00000
BC250TEMP Vcur-5 gemm_output_abs_sum=55166.2 (ne_dst=524288)
BC250TEMPSENT Vcur-6 stamped 0x7f1578e00000
BC250TEMP Vcur-6 gemm_output_abs_sum=63536.9 (ne_dst=524288)
BC250TEMPSENT Vcur-7 stamped 0x7f1578e00000
BC250TEMP Vcur-7 gemm_output_abs_sum=83877.9 (ne_dst=524288)
BC250TEMPSENT Vcur-8 stamped 0x7f1578e00000
BC250TEMP Vcur-8 gemm_output_abs_sum=101290 (ne_dst=524288)
BC250TEMPSENT Vcur-9 stamped 0x7f1578e00000
BC250TEMP Vcur-9 gemm_output_abs_sum=101396 (ne_dst=524288)
BC250TEMPSENT Vcur-10 stamped 0x7f1578e00000
BC250TEMP Vcur-10 gemm_output_abs_sum=134083 (ne_dst=524288)
BC250TEMPSENT Vcur-11 stamped 0x7f1578e00000
BC250TEMP Vcur-11 gemm_output_abs_sum=100062 (ne_dst=524288)
BC250TEMPSENT Vcur-12 stamped 0x7f1578e00000
BC250TEMP Vcur-12 gemm_output_abs_sum=123104 (ne_dst=524288)
BC250TEMPSENT Vcur-13 stamped 0x7f1578e00000
BC250TEMP Vcur-13 gemm_output_abs_sum=109988 (ne_dst=524288)
BC250TEMPSENT Vcur-14 stamped 0x7f1578e00000
BC250TEMP Vcur-14 gemm_output_abs_sum=143734 (ne_dst=524288)
BC250TEMPSENT Vcur-15 stamped 0x7f1578e00000
BC250TEMP Vcur-15 gemm_output_abs_sum=142799 (ne_dst=524288)
BC250TEMPSENT Vcur-16 stamped 0x7f1578e00000
BC250TEMP Vcur-16 gemm_output_abs_sum=188857 (ne_dst=524288)
BC250TEMPSENT Vcur-17 stamped 0x7f1578e00000
BC250TEMP Vcur-17 gemm_output_abs_sum=171358 (ne_dst=524288)
BC250TEMPSENT Vcur-18 stamped 0x7f1578e00000
BC250TEMP Vcur-18 gemm_output_abs_sum=183898 (ne_dst=524288)
BC250TEMPSENT Vcur-19 stamped 0x7f1578e00000
BC250TEMP Vcur-19 gemm_output_abs_sum=254915 (ne_dst=524288)
BC250TEMPSENT Vcur-20 stamped 0x7f1578e00000
BC250TEMP Vcur-20 gemm_output_abs_sum=264694 (ne_dst=524288)
BC250TEMPSENT Vcur-21 stamped 0x7f1578e00000
BC250TEMP Vcur-21 gemm_output_abs_sum=290414 (ne_dst=524288)
BC250TEMPSENT Vcur-22 stamped 0x7f1578e00000
BC250TEMP Vcur-22 gemm_output_abs_sum=379275 (ne_dst=524288)
BC250TEMPSENT Vcur-23 stamped 0x7f1578e00000
BC250TEMP Vcur-23 gemm_output_abs_sum=364430 (ne_dst=524288)
BC250TEMPSENT Vcur-24 stamped 0x7f1578e00000
BC250TEMP Vcur-24 gemm_output_abs_sum=525628 (ne_dst=524288)
BC250TEMPSENT Vcur-25 stamped 0x7f1578e00000
BC250TEMP Vcur-25 gemm_output_abs_sum=462425 (ne_dst=524288)
BC250TEMPSENT Vcur-26 stamped 0x7f1578e00000
BC250TEMP Vcur-26 gemm_output_abs_sum=581140 (ne_dst=524288)
BC250TEMPSENT Vcur-27 stamped 0x7f1578e00000
BC250TEMP Vcur-27 gemm_output_abs_sum=663064 (ne_dst=524288)
BC250TEMPSENT Vcur-28 stamped 0x7f1578e00000
BC250TEMP Vcur-28 gemm_output_abs_sum=680804 (ne_dst=524288)
BC250TEMPSENT Vcur-29 stamped 0x7f1578e00000
BC250TEMP Vcur-29 gemm_output_abs_sum=1.11864e+06 (ne_dst=524288)
BC250TEMPSENT Vcur-30 stamped 0x7f1578e00000
BC250TEMP Vcur-30 gemm_output_abs_sum=1.06375e+06 (ne_dst=524288)
BC250TEMPSENT Vcur-31 stamped 0x7f1578e00000
BC250TEMP Vcur-31 gemm_output_abs_sum=1.31442e+06 (ne_dst=524288)
BC250TEMPSENT Vcur-32 stamped 0x7f1578e00000
BC250TEMP Vcur-32 gemm_output_abs_sum=1.5717e+06 (ne_dst=524288)
BC250TEMPSENT Vcur-33 stamped 0x7f1578e00000
BC250TEMP Vcur-33 gemm_output_abs_sum=2.4025e+06 (ne_dst=524288)
BC250TEMPSENT Vcur-34 stamped 0x7f1578e00000
BC250TEMP Vcur-34 gemm_output_abs_sum=2.00326e+06 (ne_dst=524288)
BC250TEMPSENT Vcur-35 stamped 0x7f1578e00000
BC250TEMP Vcur-35 gemm_output_abs_sum=1.27315e+06 (ne_dst=524288)
[2]20.4944,
0.38.926.822 I Final estimate: PPL = 20.4944 +/- 1.53953

