0.04.219.331 W DEPRECATED: --mmap and --no-mmap are deprecated. use --load-mode mmap instead
0.05.086.036 W load: control-looking token: 128247 '</s>' was not control-type; this is probably a bug in the model. its type will be overridden
0.14.960.187 I 
0.14.960.288 I system_info: n_threads = 6 (n_threads_batch = 6) / 12 | ROCm : NO_VMM = 1 | CPU : SSE3 = 1 | SSSE3 = 1 | AVX = 1 | AVX2 = 1 | F16C = 1 | FMA = 1 | BMI2 = 1 | LLAMAFILE = 1 | OPENMP = 1 | REPACK = 1 | 
0.14.960.303 I perplexity: tokenizing the input ..
0.15.700.913 I perplexity: tokenization took 740.6 ms
0.15.701.564 I perplexity: calculating perplexity over 1 chunks, n_ctx=2048, batch_size=2048, n_seq=1
BC250TEMP Vcur-0 gemm_output_abs_sum=9361.14 (ne_dst=524288)
BC250TEMP Vcur-1 gemm_output_abs_sum=19546.6 (ne_dst=524288)
BC250TEMP Vcur-2 gemm_output_abs_sum=25744.1 (ne_dst=524288)
BC250TEMP Vcur-3 gemm_output_abs_sum=35406.9 (ne_dst=524288)
BC250TEMP Vcur-4 gemm_output_abs_sum=43532.9 (ne_dst=524288)
BC250TEMP Vcur-5 gemm_output_abs_sum=47274.9 (ne_dst=524288)
BC250TEMP Vcur-6 gemm_output_abs_sum=57736.8 (ne_dst=524288)
BC250TEMP Vcur-7 gemm_output_abs_sum=84787.3 (ne_dst=524288)
BC250TEMP Vcur-8 gemm_output_abs_sum=110078 (ne_dst=524288)
BC250TEMP Vcur-9 gemm_output_abs_sum=113746 (ne_dst=524288)
BC250TEMP Vcur-10 gemm_output_abs_sum=161449 (ne_dst=524288)
BC250TEMP Vcur-11 gemm_output_abs_sum=114219 (ne_dst=524288)
BC250TEMP Vcur-12 gemm_output_abs_sum=129880 (ne_dst=524288)
BC250TEMP Vcur-13 gemm_output_abs_sum=121689 (ne_dst=524288)
BC250TEMP Vcur-14 gemm_output_abs_sum=158967 (ne_dst=524288)
BC250TEMP Vcur-15 gemm_output_abs_sum=154593 (ne_dst=524288)
BC250TEMP Vcur-16 gemm_output_abs_sum=197676 (ne_dst=524288)
BC250TEMP Vcur-17 gemm_output_abs_sum=178818 (ne_dst=524288)
BC250TEMP Vcur-18 gemm_output_abs_sum=192809 (ne_dst=524288)
BC250TEMP Vcur-19 gemm_output_abs_sum=249181 (ne_dst=524288)
BC250TEMP Vcur-20 gemm_output_abs_sum=247122 (ne_dst=524288)
BC250TEMP Vcur-21 gemm_output_abs_sum=278120 (ne_dst=524288)
BC250TEMP Vcur-22 gemm_output_abs_sum=344175 (ne_dst=524288)
BC250TEMP Vcur-23 gemm_output_abs_sum=355500 (ne_dst=524288)
BC250TEMP Vcur-24 gemm_output_abs_sum=519953 (ne_dst=524288)
BC250TEMP Vcur-25 gemm_output_abs_sum=454597 (ne_dst=524288)
BC250TEMP Vcur-26 gemm_output_abs_sum=564047 (ne_dst=524288)
BC250TEMP Vcur-27 gemm_output_abs_sum=633500 (ne_dst=524288)
BC250TEMP Vcur-28 gemm_output_abs_sum=676250 (ne_dst=524288)
BC250TEMP Vcur-29 gemm_output_abs_sum=1.0907e+06 (ne_dst=524288)
BC250TEMP Vcur-30 gemm_output_abs_sum=1.10162e+06 (ne_dst=524288)
BC250TEMP Vcur-31 gemm_output_abs_sum=1.32104e+06 (ne_dst=524288)
BC250TEMP Vcur-32 gemm_output_abs_sum=1.60184e+06 (ne_dst=524288)
BC250TEMP Vcur-33 gemm_output_abs_sum=2.44507e+06 (ne_dst=524288)
BC250TEMP Vcur-34 gemm_output_abs_sum=2.12204e+06 (ne_dst=524288)
BC250TEMP Vcur-35 gemm_output_abs_sum=1.38543e+06 (ne_dst=524288)
BC250TEMP Vcur-0 gemm_output_abs_sum=0 (ne_dst=524288)
BC250TEMP Vcur-1 gemm_output_abs_sum=23911 (ne_dst=524288)
BC250TEMP Vcur-2 gemm_output_abs_sum=28877.6 (ne_dst=524288)
BC250TEMP Vcur-3 gemm_output_abs_sum=38454.2 (ne_dst=524288)
BC250TEMP Vcur-4 gemm_output_abs_sum=49284.9 (ne_dst=524288)
BC250TEMP Vcur-5 gemm_output_abs_sum=49984.2 (ne_dst=524288)
BC250TEMP Vcur-6 gemm_output_abs_sum=61195.6 (ne_dst=524288)
BC250TEMP Vcur-7 gemm_output_abs_sum=84689.2 (ne_dst=524288)
BC250TEMP Vcur-8 gemm_output_abs_sum=108884 (ne_dst=524288)
BC250TEMP Vcur-9 gemm_output_abs_sum=112455 (ne_dst=524288)
BC250TEMP Vcur-10 gemm_output_abs_sum=153167 (ne_dst=524288)
BC250TEMP Vcur-11 gemm_output_abs_sum=106942 (ne_dst=524288)
BC250TEMP Vcur-12 gemm_output_abs_sum=131081 (ne_dst=524288)
BC250TEMP Vcur-13 gemm_output_abs_sum=118299 (ne_dst=524288)
BC250TEMP Vcur-14 gemm_output_abs_sum=157815 (ne_dst=524288)
BC250TEMP Vcur-15 gemm_output_abs_sum=155034 (ne_dst=524288)
BC250TEMP Vcur-16 gemm_output_abs_sum=200174 (ne_dst=524288)
BC250TEMP Vcur-17 gemm_output_abs_sum=185664 (ne_dst=524288)
BC250TEMP Vcur-18 gemm_output_abs_sum=194945 (ne_dst=524288)
BC250TEMP Vcur-19 gemm_output_abs_sum=267389 (ne_dst=524288)
BC250TEMP Vcur-20 gemm_output_abs_sum=272026 (ne_dst=524288)
BC250TEMP Vcur-21 gemm_output_abs_sum=297263 (ne_dst=524288)
BC250TEMP Vcur-22 gemm_output_abs_sum=379939 (ne_dst=524288)
BC250TEMP Vcur-23 gemm_output_abs_sum=357861 (ne_dst=524288)
BC250TEMP Vcur-24 gemm_output_abs_sum=512544 (ne_dst=524288)
BC250TEMP Vcur-25 gemm_output_abs_sum=447443 (ne_dst=524288)
BC250TEMP Vcur-26 gemm_output_abs_sum=538442 (ne_dst=524288)
BC250TEMP Vcur-27 gemm_output_abs_sum=616269 (ne_dst=524288)
BC250TEMP Vcur-28 gemm_output_abs_sum=652377 (ne_dst=524288)
BC250TEMP Vcur-29 gemm_output_abs_sum=1.07312e+06 (ne_dst=524288)
BC250TEMP Vcur-30 gemm_output_abs_sum=1.04967e+06 (ne_dst=524288)
BC250TEMP Vcur-31 gemm_output_abs_sum=1.24538e+06 (ne_dst=524288)
BC250TEMP Vcur-32 gemm_output_abs_sum=1.54262e+06 (ne_dst=524288)
BC250TEMP Vcur-33 gemm_output_abs_sum=2.35145e+06 (ne_dst=524288)
BC250TEMP Vcur-34 gemm_output_abs_sum=1.99183e+06 (ne_dst=524288)
BC250TEMP Vcur-35 gemm_output_abs_sum=1.3263e+06 (ne_dst=524288)
BC250TEMP Vcur-0 gemm_output_abs_sum=0 (ne_dst=524288)
BC250TEMP Vcur-1 gemm_output_abs_sum=24868.6 (ne_dst=524288)
BC250TEMP Vcur-2 gemm_output_abs_sum=29862.2 (ne_dst=524288)
BC250TEMP Vcur-3 gemm_output_abs_sum=38857.3 (ne_dst=524288)
BC250TEMP Vcur-4 gemm_output_abs_sum=50732.1 (ne_dst=524288)
BC250TEMP Vcur-5 gemm_output_abs_sum=50997.6 (ne_dst=524288)
BC250TEMP Vcur-6 gemm_output_abs_sum=63410.4 (ne_dst=524288)
BC250TEMP Vcur-7 gemm_output_abs_sum=86743.3 (ne_dst=524288)
BC250TEMP Vcur-8 gemm_output_abs_sum=110763 (ne_dst=524288)
BC250TEMP Vcur-9 gemm_output_abs_sum=113935 (ne_dst=524288)
BC250TEMP Vcur-10 gemm_output_abs_sum=154041 (ne_dst=524288)
BC250TEMP Vcur-11 gemm_output_abs_sum=106583 (ne_dst=524288)
BC250TEMP Vcur-12 gemm_output_abs_sum=131668 (ne_dst=524288)
BC250TEMP Vcur-13 gemm_output_abs_sum=118158 (ne_dst=524288)
BC250TEMP Vcur-14 gemm_output_abs_sum=154203 (ne_dst=524288)
BC250TEMP Vcur-15 gemm_output_abs_sum=154603 (ne_dst=524288)
BC250TEMP Vcur-16 gemm_output_abs_sum=198242 (ne_dst=524288)
BC250TEMP Vcur-17 gemm_output_abs_sum=186317 (ne_dst=524288)
BC250TEMP Vcur-18 gemm_output_abs_sum=195139 (ne_dst=524288)
BC250TEMP Vcur-19 gemm_output_abs_sum=265983 (ne_dst=524288)
BC250TEMP Vcur-20 gemm_output_abs_sum=273628 (ne_dst=524288)
BC250TEMP Vcur-21 gemm_output_abs_sum=297622 (ne_dst=524288)
BC250TEMP Vcur-22 gemm_output_abs_sum=384162 (ne_dst=524288)
BC250TEMP Vcur-23 gemm_output_abs_sum=361067 (ne_dst=524288)
BC250TEMP Vcur-24 gemm_output_abs_sum=515738 (ne_dst=524288)
BC250TEMP Vcur-25 gemm_output_abs_sum=461151 (ne_dst=524288)
BC250TEMP Vcur-26 gemm_output_abs_sum=560696 (ne_dst=524288)
BC250TEMP Vcur-27 gemm_output_abs_sum=646688 (ne_dst=524288)
BC250TEMP Vcur-28 gemm_output_abs_sum=675994 (ne_dst=524288)
BC250TEMP Vcur-29 gemm_output_abs_sum=1.09597e+06 (ne_dst=524288)
BC250TEMP Vcur-30 gemm_output_abs_sum=1.09004e+06 (ne_dst=524288)
BC250TEMP Vcur-31 gemm_output_abs_sum=1.29941e+06 (ne_dst=524288)
BC250TEMP Vcur-32 gemm_output_abs_sum=1.5969e+06 (ne_dst=524288)
BC250TEMP Vcur-33 gemm_output_abs_sum=2.41391e+06 (ne_dst=524288)
BC250TEMP Vcur-34 gemm_output_abs_sum=2.06582e+06 (ne_dst=524288)
BC250TEMP Vcur-35 gemm_output_abs_sum=1.38972e+06 (ne_dst=524288)
BC250TEMP Vcur-0 gemm_output_abs_sum=0 (ne_dst=524288)
BC250TEMP Vcur-1 gemm_output_abs_sum=24812 (ne_dst=524288)
BC250TEMP Vcur-2 gemm_output_abs_sum=30536.1 (ne_dst=524288)
BC250TEMP Vcur-3 gemm_output_abs_sum=39432.6 (ne_dst=524288)
BC250TEMP Vcur-4 gemm_output_abs_sum=51039.7 (ne_dst=524288)
BC250TEMP Vcur-5 gemm_output_abs_sum=51985.5 (ne_dst=524288)
BC250TEMP Vcur-6 gemm_output_abs_sum=64948.8 (ne_dst=524288)
BC250TEMP Vcur-7 gemm_output_abs_sum=88653.1 (ne_dst=524288)
BC250TEMP Vcur-8 gemm_output_abs_sum=112807 (ne_dst=524288)
BC250TEMP Vcur-9 gemm_output_abs_sum=112219 (ne_dst=524288)
BC250TEMP Vcur-10 gemm_output_abs_sum=152910 (ne_dst=524288)
BC250TEMP Vcur-11 gemm_output_abs_sum=110688 (ne_dst=524288)
BC250TEMP Vcur-12 gemm_output_abs_sum=132178 (ne_dst=524288)
BC250TEMP Vcur-13 gemm_output_abs_sum=120851 (ne_dst=524288)
BC250TEMP Vcur-14 gemm_output_abs_sum=158652 (ne_dst=524288)
BC250TEMP Vcur-15 gemm_output_abs_sum=160192 (ne_dst=524288)
BC250TEMP Vcur-16 gemm_output_abs_sum=202373 (ne_dst=524288)
BC250TEMP Vcur-17 gemm_output_abs_sum=185338 (ne_dst=524288)
BC250TEMP Vcur-18 gemm_output_abs_sum=204191 (ne_dst=524288)
BC250TEMP Vcur-19 gemm_output_abs_sum=273907 (ne_dst=524288)
BC250TEMP Vcur-20 gemm_output_abs_sum=276638 (ne_dst=524288)
BC250TEMP Vcur-21 gemm_output_abs_sum=301869 (ne_dst=524288)
BC250TEMP Vcur-22 gemm_output_abs_sum=389416 (ne_dst=524288)
BC250TEMP Vcur-23 gemm_output_abs_sum=375933 (ne_dst=524288)
BC250TEMP Vcur-24 gemm_output_abs_sum=529402 (ne_dst=524288)
BC250TEMP Vcur-25 gemm_output_abs_sum=474294 (ne_dst=524288)
BC250TEMP Vcur-26 gemm_output_abs_sum=590262 (ne_dst=524288)
BC250TEMP Vcur-27 gemm_output_abs_sum=682993 (ne_dst=524288)
BC250TEMP Vcur-28 gemm_output_abs_sum=704308 (ne_dst=524288)
BC250TEMP Vcur-29 gemm_output_abs_sum=1.12728e+06 (ne_dst=524288)
BC250TEMP Vcur-30 gemm_output_abs_sum=1.11022e+06 (ne_dst=524288)
BC250TEMP Vcur-31 gemm_output_abs_sum=1.36126e+06 (ne_dst=524288)
BC250TEMP Vcur-32 gemm_output_abs_sum=1.6204e+06 (ne_dst=524288)
BC250TEMP Vcur-33 gemm_output_abs_sum=2.43369e+06 (ne_dst=524288)
BC250TEMP Vcur-34 gemm_output_abs_sum=2.04971e+06 (ne_dst=524288)
BC250TEMP Vcur-35 gemm_output_abs_sum=1.31671e+06 (ne_dst=524288)
0.27.097.549 I perplexity: 11.39 seconds per pass - ETA 0.18 minutes
[1]14.1344,
0.27.202.103 I Final estimate: PPL = 14.1344 +/- 1.45379

