0.04.366.099 W DEPRECATED: --mmap and --no-mmap are deprecated. use --load-mode mmap instead
0.05.236.718 W load: control-looking token: 128247 '</s>' was not control-type; this is probably a bug in the model. its type will be overridden
0.15.981.872 I 
0.15.981.966 I system_info: n_threads = 6 (n_threads_batch = 6) / 12 | ROCm : NO_VMM = 1 | CPU : SSE3 = 1 | SSSE3 = 1 | AVX = 1 | AVX2 = 1 | F16C = 1 | FMA = 1 | BMI2 = 1 | LLAMAFILE = 1 | OPENMP = 1 | REPACK = 1 | 
0.15.981.982 I perplexity: tokenizing the input ..
0.16.707.073 I perplexity: tokenization took 725.081 ms
0.16.707.748 I perplexity: calculating perplexity over 1 chunks, n_ctx=2048, batch_size=2048, n_seq=1
BC250TEMP Vcur-0 gemm_output_abs_sum=9361.13 (ne_dst=524288)
BC250TEMP Vcur-1 gemm_output_abs_sum=19546.6 (ne_dst=524288)
BC250TEMP Vcur-2 gemm_output_abs_sum=25744.1 (ne_dst=524288)
BC250TEMP Vcur-3 gemm_output_abs_sum=35406.9 (ne_dst=524288)
BC250TEMP Vcur-4 gemm_output_abs_sum=43532.9 (ne_dst=524288)
BC250TEMP Vcur-5 gemm_output_abs_sum=47274.9 (ne_dst=524288)
BC250TEMP Vcur-6 gemm_output_abs_sum=57736.8 (ne_dst=524288)
BC250TEMP Vcur-7 gemm_output_abs_sum=84787.3 (ne_dst=524288)
BC250TEMP Vcur-8 gemm_output_abs_sum=110078 (ne_dst=524288)
BC250TEMP Vcur-9 gemm_output_abs_sum=113746 (ne_dst=524288)
BC250TEMP Vcur-10 gemm_output_abs_sum=161449 (ne_dst=524288)
BC250TEMP Vcur-11 gemm_output_abs_sum=114219 (ne_dst=524288)
BC250TEMP Vcur-12 gemm_output_abs_sum=129880 (ne_dst=524288)
BC250TEMP Vcur-13 gemm_output_abs_sum=121689 (ne_dst=524288)
BC250TEMP Vcur-14 gemm_output_abs_sum=158967 (ne_dst=524288)
BC250TEMP Vcur-15 gemm_output_abs_sum=154593 (ne_dst=524288)
BC250TEMP Vcur-16 gemm_output_abs_sum=197676 (ne_dst=524288)
BC250TEMP Vcur-17 gemm_output_abs_sum=178819 (ne_dst=524288)
BC250TEMP Vcur-18 gemm_output_abs_sum=192809 (ne_dst=524288)
BC250TEMP Vcur-19 gemm_output_abs_sum=249181 (ne_dst=524288)
BC250TEMP Vcur-20 gemm_output_abs_sum=247122 (ne_dst=524288)
BC250TEMP Vcur-21 gemm_output_abs_sum=278121 (ne_dst=524288)
BC250TEMP Vcur-22 gemm_output_abs_sum=344175 (ne_dst=524288)
BC250TEMP Vcur-23 gemm_output_abs_sum=355500 (ne_dst=524288)
BC250TEMP Vcur-24 gemm_output_abs_sum=519953 (ne_dst=524288)
BC250TEMP Vcur-25 gemm_output_abs_sum=454598 (ne_dst=524288)
BC250TEMP Vcur-26 gemm_output_abs_sum=564047 (ne_dst=524288)
BC250TEMP Vcur-27 gemm_output_abs_sum=633500 (ne_dst=524288)
BC250TEMP Vcur-28 gemm_output_abs_sum=676250 (ne_dst=524288)
BC250TEMP Vcur-29 gemm_output_abs_sum=1.0907e+06 (ne_dst=524288)
BC250TEMP Vcur-30 gemm_output_abs_sum=1.10162e+06 (ne_dst=524288)
BC250TEMP Vcur-31 gemm_output_abs_sum=1.32104e+06 (ne_dst=524288)
BC250TEMP Vcur-32 gemm_output_abs_sum=1.60184e+06 (ne_dst=524288)
BC250TEMP Vcur-33 gemm_output_abs_sum=2.44507e+06 (ne_dst=524288)
BC250TEMP Vcur-34 gemm_output_abs_sum=2.12204e+06 (ne_dst=524288)
BC250TEMP Vcur-35 gemm_output_abs_sum=1.38543e+06 (ne_dst=524288)
BC250TEMP Vcur-0 gemm_output_abs_sum=0 (ne_dst=524288)
BC250TEMP Vcur-1 gemm_output_abs_sum=23911 (ne_dst=524288)
BC250TEMP Vcur-2 gemm_output_abs_sum=28877.6 (ne_dst=524288)
BC250TEMP Vcur-3 gemm_output_abs_sum=38454.2 (ne_dst=524288)
BC250TEMP Vcur-4 gemm_output_abs_sum=49284.9 (ne_dst=524288)
BC250TEMP Vcur-5 gemm_output_abs_sum=49984.2 (ne_dst=524288)
BC250TEMP Vcur-6 gemm_output_abs_sum=61195.6 (ne_dst=524288)
BC250TEMP Vcur-7 gemm_output_abs_sum=84689.2 (ne_dst=524288)
BC250TEMP Vcur-8 gemm_output_abs_sum=108884 (ne_dst=524288)
BC250TEMP Vcur-9 gemm_output_abs_sum=112455 (ne_dst=524288)
BC250TEMP Vcur-10 gemm_output_abs_sum=153167 (ne_dst=524288)
BC250TEMP Vcur-11 gemm_output_abs_sum=106942 (ne_dst=524288)
BC250TEMP Vcur-12 gemm_output_abs_sum=131081 (ne_dst=524288)
BC250TEMP Vcur-13 gemm_output_abs_sum=118299 (ne_dst=524288)
BC250TEMP Vcur-14 gemm_output_abs_sum=157815 (ne_dst=524288)
BC250TEMP Vcur-15 gemm_output_abs_sum=155034 (ne_dst=524288)
BC250TEMP Vcur-16 gemm_output_abs_sum=200174 (ne_dst=524288)
BC250TEMP Vcur-17 gemm_output_abs_sum=185664 (ne_dst=524288)
BC250TEMP Vcur-18 gemm_output_abs_sum=194945 (ne_dst=524288)
BC250TEMP Vcur-19 gemm_output_abs_sum=267389 (ne_dst=524288)
BC250TEMP Vcur-20 gemm_output_abs_sum=272026 (ne_dst=524288)
BC250TEMP Vcur-21 gemm_output_abs_sum=297264 (ne_dst=524288)
BC250TEMP Vcur-22 gemm_output_abs_sum=379939 (ne_dst=524288)
BC250TEMP Vcur-23 gemm_output_abs_sum=357861 (ne_dst=524288)
BC250TEMP Vcur-24 gemm_output_abs_sum=512544 (ne_dst=524288)
BC250TEMP Vcur-25 gemm_output_abs_sum=447443 (ne_dst=524288)
BC250TEMP Vcur-26 gemm_output_abs_sum=538443 (ne_dst=524288)
BC250TEMP Vcur-27 gemm_output_abs_sum=616269 (ne_dst=524288)
BC250TEMP Vcur-28 gemm_output_abs_sum=652377 (ne_dst=524288)
BC250TEMP Vcur-29 gemm_output_abs_sum=1.07312e+06 (ne_dst=524288)
BC250TEMP Vcur-30 gemm_output_abs_sum=1.04967e+06 (ne_dst=524288)
BC250TEMP Vcur-31 gemm_output_abs_sum=1.24538e+06 (ne_dst=524288)
BC250TEMP Vcur-32 gemm_output_abs_sum=1.54262e+06 (ne_dst=524288)
BC250TEMP Vcur-33 gemm_output_abs_sum=2.35145e+06 (ne_dst=524288)
BC250TEMP Vcur-34 gemm_output_abs_sum=1.99183e+06 (ne_dst=524288)
BC250TEMP Vcur-35 gemm_output_abs_sum=1.3263e+06 (ne_dst=524288)
BC250TEMP Vcur-0 gemm_output_abs_sum=0 (ne_dst=524288)
BC250TEMP Vcur-1 gemm_output_abs_sum=24868.6 (ne_dst=524288)
BC250TEMP Vcur-2 gemm_output_abs_sum=29862.2 (ne_dst=524288)
BC250TEMP Vcur-3 gemm_output_abs_sum=38857.3 (ne_dst=524288)
BC250TEMP Vcur-4 gemm_output_abs_sum=50732.1 (ne_dst=524288)
BC250TEMP Vcur-5 gemm_output_abs_sum=50997.7 (ne_dst=524288)
BC250TEMP Vcur-6 gemm_output_abs_sum=63410.5 (ne_dst=524288)
BC250TEMP Vcur-7 gemm_output_abs_sum=86743.3 (ne_dst=524288)
BC250TEMP Vcur-8 gemm_output_abs_sum=110763 (ne_dst=524288)
BC250TEMP Vcur-9 gemm_output_abs_sum=113935 (ne_dst=524288)
BC250TEMP Vcur-10 gemm_output_abs_sum=154041 (ne_dst=524288)
BC250TEMP Vcur-11 gemm_output_abs_sum=106583 (ne_dst=524288)
BC250TEMP Vcur-12 gemm_output_abs_sum=131668 (ne_dst=524288)
BC250TEMP Vcur-13 gemm_output_abs_sum=118157 (ne_dst=524288)
BC250TEMP Vcur-14 gemm_output_abs_sum=154203 (ne_dst=524288)
BC250TEMP Vcur-15 gemm_output_abs_sum=154603 (ne_dst=524288)
BC250TEMP Vcur-16 gemm_output_abs_sum=198242 (ne_dst=524288)
BC250TEMP Vcur-17 gemm_output_abs_sum=186317 (ne_dst=524288)
BC250TEMP Vcur-18 gemm_output_abs_sum=195139 (ne_dst=524288)
BC250TEMP Vcur-19 gemm_output_abs_sum=265984 (ne_dst=524288)
BC250TEMP Vcur-20 gemm_output_abs_sum=273628 (ne_dst=524288)
BC250TEMP Vcur-21 gemm_output_abs_sum=297622 (ne_dst=524288)
BC250TEMP Vcur-22 gemm_output_abs_sum=384162 (ne_dst=524288)
BC250TEMP Vcur-23 gemm_output_abs_sum=361068 (ne_dst=524288)
BC250TEMP Vcur-24 gemm_output_abs_sum=515738 (ne_dst=524288)
BC250TEMP Vcur-25 gemm_output_abs_sum=461151 (ne_dst=524288)
BC250TEMP Vcur-26 gemm_output_abs_sum=560696 (ne_dst=524288)
BC250TEMP Vcur-27 gemm_output_abs_sum=646687 (ne_dst=524288)
BC250TEMP Vcur-28 gemm_output_abs_sum=675994 (ne_dst=524288)
BC250TEMP Vcur-29 gemm_output_abs_sum=1.09597e+06 (ne_dst=524288)
BC250TEMP Vcur-30 gemm_output_abs_sum=1.09004e+06 (ne_dst=524288)
BC250TEMP Vcur-31 gemm_output_abs_sum=1.29941e+06 (ne_dst=524288)
BC250TEMP Vcur-32 gemm_output_abs_sum=1.5969e+06 (ne_dst=524288)
BC250TEMP Vcur-33 gemm_output_abs_sum=2.41391e+06 (ne_dst=524288)
BC250TEMP Vcur-34 gemm_output_abs_sum=2.06582e+06 (ne_dst=524288)
BC250TEMP Vcur-35 gemm_output_abs_sum=1.38972e+06 (ne_dst=524288)
BC250TEMP Vcur-0 gemm_output_abs_sum=0 (ne_dst=524288)
BC250TEMP Vcur-1 gemm_output_abs_sum=0 (ne_dst=524288)
BC250TEMP Vcur-2 gemm_output_abs_sum=30623.4 (ne_dst=524288)
BC250TEMP Vcur-3 gemm_output_abs_sum=40111.1 (ne_dst=524288)
BC250TEMP Vcur-4 gemm_output_abs_sum=52542.4 (ne_dst=524288)
BC250TEMP Vcur-5 gemm_output_abs_sum=53423.6 (ne_dst=524288)
BC250TEMP Vcur-6 gemm_output_abs_sum=65384.3 (ne_dst=524288)
BC250TEMP Vcur-7 gemm_output_abs_sum=86903.2 (ne_dst=524288)
BC250TEMP Vcur-8 gemm_output_abs_sum=107598 (ne_dst=524288)
BC250TEMP Vcur-9 gemm_output_abs_sum=106575 (ne_dst=524288)
BC250TEMP Vcur-10 gemm_output_abs_sum=143065 (ne_dst=524288)
BC250TEMP Vcur-11 gemm_output_abs_sum=104481 (ne_dst=524288)
BC250TEMP Vcur-12 gemm_output_abs_sum=126860 (ne_dst=524288)
BC250TEMP Vcur-13 gemm_output_abs_sum=115255 (ne_dst=524288)
BC250TEMP Vcur-14 gemm_output_abs_sum=151203 (ne_dst=524288)
BC250TEMP Vcur-15 gemm_output_abs_sum=149405 (ne_dst=524288)
BC250TEMP Vcur-16 gemm_output_abs_sum=194666 (ne_dst=524288)
BC250TEMP Vcur-17 gemm_output_abs_sum=178000 (ne_dst=524288)
BC250TEMP Vcur-18 gemm_output_abs_sum=192830 (ne_dst=524288)
BC250TEMP Vcur-19 gemm_output_abs_sum=266928 (ne_dst=524288)
BC250TEMP Vcur-20 gemm_output_abs_sum=273916 (ne_dst=524288)
BC250TEMP Vcur-21 gemm_output_abs_sum=299125 (ne_dst=524288)
BC250TEMP Vcur-22 gemm_output_abs_sum=391650 (ne_dst=524288)
BC250TEMP Vcur-23 gemm_output_abs_sum=374017 (ne_dst=524288)
BC250TEMP Vcur-24 gemm_output_abs_sum=529999 (ne_dst=524288)
BC250TEMP Vcur-25 gemm_output_abs_sum=470006 (ne_dst=524288)
BC250TEMP Vcur-26 gemm_output_abs_sum=589983 (ne_dst=524288)
BC250TEMP Vcur-27 gemm_output_abs_sum=680860 (ne_dst=524288)
BC250TEMP Vcur-28 gemm_output_abs_sum=699062 (ne_dst=524288)
BC250TEMP Vcur-29 gemm_output_abs_sum=1.14115e+06 (ne_dst=524288)
BC250TEMP Vcur-30 gemm_output_abs_sum=1.10381e+06 (ne_dst=524288)
BC250TEMP Vcur-31 gemm_output_abs_sum=1.35889e+06 (ne_dst=524288)
BC250TEMP Vcur-32 gemm_output_abs_sum=1.61863e+06 (ne_dst=524288)
BC250TEMP Vcur-33 gemm_output_abs_sum=2.45325e+06 (ne_dst=524288)
BC250TEMP Vcur-34 gemm_output_abs_sum=2.04659e+06 (ne_dst=524288)
BC250TEMP Vcur-35 gemm_output_abs_sum=1.31493e+06 (ne_dst=524288)
0.27.703.911 I perplexity: 11.00 seconds per pass - ETA 0.17 minutes
[1]16.2484,
0.27.809.375 I Final estimate: PPL = 16.2484 +/- 1.71337

