ggml_cuda_init: found 1 ROCm devices (Total VRAM: 16384 MiB):
  Device 0: AMD BC-250, gfx1013:xnack- (0x1013), VMM: no, Wave Size: 32, VRAM: 16384 MiB
ggml_backend_cuda_get_available_uma_memory: final available_memory_kb: 14823256
ggml_backend_cuda_graph_compute: CUDA graph warmup complete
Testing 2 devices

Backend 1/2: ROCm0
  Device description: AMD BC-250
  Device memory: 16384 MB (14475 MB free)

  ADD(name=Vcur-0,type=f32,ne=[256,1,1,1],op_params=[],sources=f32[256,1,1,1],f32[256,1,1,1]): ggml_backend_cuda_graph_compute: CUDA graph warmup complete
               294912 runs -     3.46 us/run -        3 kB/run - [1;34m   0.83 GB/s[0m
  ADD(name=Vcur-0,type=f32,ne=[256,2048,1,1],op_params=[],sources=f32[256,2048,1,1],f32[256,1,1,1]): ggml_backend_cuda_graph_compute: CUDA graph warmup complete
                  57337 runs -    19.40 us/run -     4097 kB/run - [1;34m 201.41 GB/s[0m
  ADD(name=Qcur-0,type=f32,ne=[1536,1,1,1],op_params=[],sources=f32[1536,1,1,1],f32[1536,1,1,1]): ggml_backend_cuda_graph_compute: CUDA graph warmup complete
            286720 runs -     3.49 us/run -       18 kB/run - [1;34m   4.92 GB/s[0m
  ADD(name=Qcur-0,type=f32,ne=[1536,2048,1,1],op_params=[],sources=f32[1536,2048,1,1],f32[1536,1,1,1]): ggml_backend_cuda_graph_compute: CUDA graph warmup complete
               10928 runs -    92.88 us/run -    24582 kB/run - [1;34m 252.40 GB/s[0m
  ADD(name=ffn_inp-0,type=f32,ne=[1536,2048,1,1],op_params=[],sources=f32[1536,2048,1,1],f32[1536,2048,1,1]): ggml_backend_cuda_graph_compute: CUDA graph warmup complete
                 10021 runs -   101.81 us/run -    36864 kB/run - [1;34m 345.31 GB/s[0m
  MUL(name=attn_norm-0,type=f32,ne=[1536,1,1,1],op_params=[],sources=f32[1536,1,1,1],f32[1536,1,1,1]): ggml_backend_cuda_graph_compute: CUDA graph warmup complete
               294912 runs -     3.48 us/run -       18 kB/run - [1;34m   4.93 GB/s[0m
  MUL(name=attn_norm-0,type=f32,ne=[1536,2048,1,1],op_params=[],sources=f32[1536,2048,1,1],f32[1536,1,1,1]): ggml_backend_cuda_graph_compute: CUDA graph warmup complete
                  10928 runs -    92.86 us/run -    24582 kB/run - [1;34m 252.47 GB/s[0m
  RMS_NORM(name=norm-0,type=f32,ne=[1536,1,1,1],op_params=[0:897988541],sources=f32[1536,1,1,1]): ggml_backend_cuda_graph_compute: CUDA graph warmup complete
            245760 runs -     4.15 us/run -       12 kB/run - [1;34m   2.76 GB/s[0m
  RMS_NORM(name=norm-0,type=f32,ne=[1536,2048,1,1],op_params=[0:897988541],sources=f32[1536,2048,1,1]): ggml_backend_cuda_graph_compute: CUDA graph warmup complete
                8196 runs -   126.12 us/run -    24576 kB/run - [1;34m 185.83 GB/s[0m
  MUL_MAT(name=kqv-0,type=f32,ne=[128,1,12,1],op_params=[0:10],sources=f16[4096,128,2,1],f32[4096,1,12,1]): ggml_backend_cuda_graph_compute: CUDA graph warmup complete
                   32768 runs -    31.27 us/run -     2246 kB/run - [1;34m  68.49 GB/s[0m
  MUL_MAT(name=kqv-0,type=f32,ne=[128,2048,12,1],op_params=[0:10],sources=f16[4096,128,2,1],f32[4096,2048,12,1]): ggml_backend_cuda_graph_compute: CUDA graph warmup complete
               166 runs -  8082.20 us/run -   407552 kB/run - [1;34m  48.09 GB/s[0m
  MUL_MAT(name=Kcur-0,type=f32,ne=[256,1,1,1],op_params=[],sources=q4_K[1536,256,1,1],f32[1536,1,1,1]): ggml_backend_cuda_graph_compute: CUDA graph warmup complete
              204800 runs -     4.99 us/run -      223 kB/run - [1;34m  42.64 GB/s[0m
  MUL_MAT(name=Vcur-0,type=f32,ne=[256,1,1,1],op_params=[],sources=q6_K[1536,256,1,1],f32[1536,1,1,1]):               204800 runs -     4.95 us/run -      322 kB/run - [1;34m  61.98 GB/s[0m
  MUL_MAT(name=Kcur-0,type=f32,ne=[256,2048,1,1],op_params=[],sources=q4_K[1536,256,1,1],f32[1536,2048,1,1]):                   2306 runs -   754.97 us/run -    14552 kB/run - [1;34m  18.38 GB/s[0m
  MUL_MAT(name=Vcur-0,type=f32,ne=[256,2048,1,1],op_params=[],sources=q6_K[1536,256,1,1],f32[1536,2048,1,1]): ggml_backend_cuda_graph_compute: CUDA graph warmup complete
                  2291 runs -   823.14 us/run -    14651 kB/run - [1;34m  16.97 GB/s[0m
  MUL_MAT(name=Qcur-0,type=f32,ne=[1536,1,1,1],op_params=[],sources=q4_K[1536,1536,1,1],f32[1536,1,1,1]): ggml_backend_cuda_graph_compute: CUDA graph warmup complete
            122880 runs -     8.49 us/run -     1308 kB/run - [1;34m 146.84 GB/s[0m
  MUL_MAT(name=ffn_out-2,type=f32,ne=[1536,1,1,1],op_params=[],sources=q4_K[8960,1536,1,1],f32[8960,1,1,1]): ggml_backend_cuda_graph_compute: CUDA graph warmup complete
                  30905 runs -    35.77 us/run -     7601 kB/run - [1;34m 202.66 GB/s[0m
  MUL_MAT(name=ffn_out-0,type=f32,ne=[1536,1,1,1],op_params=[],sources=q6_K[8960,1536,1,1],f32[8960,1,1,1]):                   27297 runs -    40.07 us/run -    11066 kB/run - [1;34m 263.35 GB/s[0m
  MUL_MAT(name=Qcur-0,type=f32,ne=[1536,2048,1,1],op_params=[],sources=q4_K[1536,1536,1,1],f32[1536,2048,1,1]):                 1297 runs -  3531.89 us/run -    25872 kB/run - [1;34m   6.99 GB/s[0m
  MUL_MAT(name=ffn_out-2,type=f32,ne=[1536,2048,1,1],op_params=[],sources=q4_K[8960,1536,1,1],f32[8960,2048,1,1]):               367 runs - 20659.19 us/run -    91528 kB/run - [1;34m   4.23 GB/s[0m
  MUL_MAT(name=ffn_out-0,type=f32,ne=[1536,2048,1,1],op_params=[],sources=q6_K[8960,1536,1,1],f32[8960,2048,1,1]): ggml_backend_cuda_graph_compute: CUDA graph warmup complete
              354 runs - 22693.73 us/run -    94993 kB/run - [1;34m   3.99 GB/s[0m
  MUL_MAT(name=kq-0,type=f32,ne=[4096,1,12,1],op_params=[0:10],sources=f16[128,4096,2,1]nb[2,512,256,2097152],f32[128,1,12,1]nb[4,6144,512,6144]): ggml_backend_cuda_graph_compute: CUDA graph warmup complete
            16380 runs -   121.50 us/run -     2246 kB/run - [1;34m  17.63 GB/s[0m
  MUL_MAT(name=kq-0,type=f32,ne=[4096,2048,12,1],op_params=[0:10],sources=f16[128,4096,2,1]nb[2,512,256,2097152],f32[128,2048,12,1]nb[4,6144,512,12582912]): ggml_backend_cuda_graph_compute: CUDA graph warmup complete
                    166 runs -  8207.30 us/run -   407552 kB/run - [1;34m  47.36 GB/s[0m
  MUL_MAT(name=ffn_gate-0,type=f32,ne=[8960,1,1,1],op_params=[],sources=q4_K[1536,8960,1,1],f32[1536,1,1,1]):                  35320 runs -    31.64 us/run -     7601 kB/run - [1;34m 229.13 GB/s[0m
  MUL_MAT(name=ffn_gate-0,type=f32,ne=[8960,2048,1,1],op_params=[],sources=q4_K[1536,8960,1,1],f32[1536,2048,1,1]): ggml_backend_cuda_graph_compute: CUDA graph warmup complete
                     367 runs - 19507.51 us/run -    91528 kB/run - [1;34m   4.47 GB/s[0m
  MUL_MAT(name=result_output,type=f32,ne=[151936,1,1,1],op_params=[],sources=q6_K[1536,151936,1,1],f32[1536,1,1,1]):                    1969 runs -   543.69 us/run -   187552 kB/run - [1;34m 328.98 GB/s[0m
  MUL_MAT(name=result_output,type=f32,ne=[151936,2048,1,1],op_params=[],sources=q6_K[1536,151936,1,1],f32[1536,2048,1,1]): ggml_backend_cuda_graph_compute: CUDA graph warmup complete
               24 runs - 346269.00 us/run -  1414728 kB/run - [1;34m   3.90 GB/s[0m
  CONT(name=kqv_out-0,type=f32,ne=[1536,1,1,1],op_params=[],sources=f32[128,12,1,1]nb[4,512,512,6144]): ggml_backend_cuda_graph_compute: CUDA graph warmup complete
              376786 runs -     2.66 us/run -       12 kB/run - [1;34m   4.30 GB/s[0m
  CONT(name=kqv_out-0,type=f32,ne=[1536,2048,1,1],op_params=[],sources=f32[128,12,2048,1]nb[4,1048576,512,12582912]): ggml_backend_cuda_graph_compute: CUDA graph warmup complete
                  2732 runs -   378.29 us/run -    24576 kB/run - [1;34m  61.96 GB/s[0m
  GET_ROWS(name=node_1085,type=f32,ne=[1536,1,1,1],op_params=[],sources=f32[1536,1,1,1],i32[1,1,1,1]): ggml_backend_cuda_graph_compute: CUDA graph warmup complete
               311296 runs -     3.29 us/run -       12 kB/run - [1;34m   3.48 GB/s[0m
  GET_ROWS(name=embd,type=f32,ne=[1536,1,1,1],op_params=[],sources=q4_K[1536,151936,1,1],i32[1,1,1,1]): ggml_backend_cuda_graph_compute: CUDA graph warmup complete
              265406 runs -     3.77 us/run -   128202 kB/run - [1;34m32444.52 GB/s[0m
  GET_ROWS(name=node_1085,type=f32,ne=[1536,2048,1,1],op_params=[],sources=f32[1536,2048,1,1],i32[2048,1,1,1]): ggml_backend_cuda_graph_compute: CUDA graph warmup complete
               17745 runs -    60.52 us/run -    24584 kB/run - [1;34m 387.40 GB/s[0m
  GET_ROWS(name=embd,type=f32,ne=[1536,2048,1,1],op_params=[],sources=q4_K[1536,151936,1,1],i32[2048,1,1,1]): ggml_backend_cuda_graph_compute: CUDA graph warmup complete
                 14818 runs -    67.93 us/run -   140492 kB/run - [1;34m1972.29 GB/s[0m
  SET_ROWS(name=cache_v_l0,type=f16,ne=[1,1048576,1,1],op_params=[],sources=f32[1,256,1,1],i64[256,1,1,1],f16[1,1048576,1,1]): ggml_backend_cuda_graph_compute: CUDA graph warmup complete
               319293 runs -     3.19 us/run -     4099 kB/run - [1;34m1223.68 GB/s[0m
  SET_ROWS(name=cache_v_l0,type=f16,ne=[1,1048576,1,1],op_params=[],sources=f32[1,524288,1,1],i64[524288,1,1,1],f16[1,1048576,1,1]): ggml_backend_cuda_graph_compute: CUDA graph warmup complete
                  19662 runs -    59.40 us/run -    10240 kB/run - [1;34m 164.40 GB/s[0m
  SET_ROWS(name=cache_k_l0,type=f16,ne=[256,4096,1,1],op_params=[],sources=f32[256,1,1,1],i64[1,1,1,1],f16[256,4096,1,1]): ggml_backend_cuda_graph_compute: CUDA graph warmup complete
           327600 runs -     3.08 us/run -     4097 kB/run - [1;34m1268.20 GB/s[0m
  SET_ROWS(name=cache_k_l0,type=f16,ne=[256,4096,1,1],op_params=[],sources=f32[256,2048,1,1],i64[2048,1,1,1],f16[256,4096,1,1]): ggml_backend_cuda_graph_compute: CUDA graph warmup complete
              32688 runs -    31.42 us/run -     6160 kB/run - [1;34m 186.97 GB/s[0m
  SOFT_MAX(name=kq_soft_max-0,type=f32,ne=[4096,1,12,1],op_params=[0:1035273459],sources=f32[4096,1,12,1],f32[4096,1,1,1]): ggml_backend_cuda_graph_compute: CUDA graph warmup complete
                  180224 runs -     5.71 us/run -      400 kB/run - [1;34m  66.85 GB/s[0m
  SOFT_MAX(name=kq_soft_max-0,type=f32,ne=[4096,2048,12,1],op_params=[0:1035273459],sources=f32[4096,2048,12,1],f32[4096,2048,1,1]): ggml_backend_cuda_graph_compute: CUDA graph warmup complete
                    328 runs -  3370.46 us/run -   819200 kB/run - [1;34m 231.79 GB/s[0m
  ROPE(name=Kcur-0,type=f32,ne=[128,2,1,1],op_params=[1:128,2:2,4:32768,5:1232348160,6:1065353216,8:1065353216,9:1107296256,10:1065353216],sources=f32[128,2,1,1],i32[1,1,1,1]): ggml_backend_cuda_graph_compute: CUDA graph warmup complete
             311296 runs -     3.27 us/run -        2 kB/run - [1;34m   0.59 GB/s[0m
  ROPE(name=Kcur-0,type=f32,ne=[128,2,2048,1],op_params=[1:128,2:2,4:32768,5:1232348160,6:1065353216,8:1065353216,9:1107296256,10:1065353216],sources=f32[128,2,2048,1],i32[2048,1,1,1]): ggml_backend_cuda_graph_compute: CUDA graph warmup complete
             32708 runs -    37.47 us/run -     4104 kB/run - [1;34m 104.45 GB/s[0m
  ROPE(name=Qcur-0,type=f32,ne=[128,12,1,1],op_params=[1:128,2:2,4:32768,5:1232348160,6:1065353216,8:1065353216,9:1107296256,10:1065353216],sources=f32[128,12,1,1],i32[1,1,1,1]): ggml_backend_cuda_graph_compute: CUDA graph warmup complete
           311296 runs -     3.29 us/run -       12 kB/run - [1;34m   3.48 GB/s[0m
  ROPE(name=Qcur-0,type=f32,ne=[128,12,2048,1],op_params=[1:128,2:2,4:32768,5:1232348160,6:1065353216,8:1065353216,9:1107296256,10:1065353216],sources=f32[128,12,2048,1],i32[2048,1,1,1]): ggml_backend_cuda_graph_compute: CUDA graph warmup complete
                    5460 runs -   199.40 us/run -    24584 kB/run - [1;34m 117.58 GB/s[0m
  SWIGLU(name=ffn_swiglu-0,type=f32,ne=[8960,1,1,1],op_params=[0:2],sources=f32[8960,1,1,1],f32[8960,1,1,1]): ggml_backend_cuda_graph_compute: CUDA graph warmup complete
                335872 runs -     3.03 us/run -      105 kB/run - [1;34m  33.04 GB/s[0m
  SWIGLU(name=ffn_swiglu-0,type=f32,ne=[8960,2048,1,1],op_params=[0:2],sources=f32[8960,2048,1,1],f32[8960,2048,1,1]):                  1884 runs -   567.62 us/run -   215040 kB/run - [1;34m 361.29 GB/s[0m
  Backend ROCm0: [1;32mOK[0m
Backend 2/2: CPU
  Skipping
2/2 backends passed
[1;32mOK[0m
