ggml_cuda_init: found 1 ROCm devices (Total VRAM: 16384 MiB):
  Device 0: AMD BC-250, gfx1013:xnack- (0x1013), VMM: no, Wave Size: 32, VRAM: 16384 MiB
ggml_backend_cuda_get_available_uma_memory: final available_memory_kb: 14738360
ggml_backend_cuda_graph_compute: CUDA graph warmup complete
Testing 2 devices

Backend 1/2: ROCm0
  Device description: AMD BC-250
  Device memory: 16384 MB (14392 MB free)

  ADD(name=Vcur-0,type=f32,ne=[256,1,1,1],op_params=[],sources=f32[256,1,1,1],f32[256,1,1,1]): ggml_backend_cuda_graph_compute: CUDA graph warmup complete
               286720 runs -     3.56 us/run -        3 kB/run - [1;34m   0.80 GB/s[0m
  ADD(name=Vcur-0,type=f32,ne=[256,2048,1,1],op_params=[],sources=f32[256,2048,1,1],f32[256,1,1,1]): ggml_backend_cuda_graph_compute: CUDA graph warmup complete
                  57337 runs -    19.33 us/run -     4097 kB/run - [1;34m 202.17 GB/s[0m
  ADD(name=Qcur-0,type=f32,ne=[1536,1,1,1],op_params=[],sources=f32[1536,1,1,1],f32[1536,1,1,1]): ggml_backend_cuda_graph_compute: CUDA graph warmup complete
            294912 runs -     3.47 us/run -       18 kB/run - [1;34m   4.95 GB/s[0m
  ADD(name=Qcur-0,type=f32,ne=[1536,2048,1,1],op_params=[],sources=f32[1536,2048,1,1],f32[1536,1,1,1]): ggml_backend_cuda_graph_compute: CUDA graph warmup complete
               10928 runs -    92.79 us/run -    24582 kB/run - [1;34m 252.65 GB/s[0m
  ADD(name=ffn_inp-0,type=f32,ne=[1536,2048,1,1],op_params=[],sources=f32[1536,2048,1,1],f32[1536,2048,1,1]): ggml_backend_cuda_graph_compute: CUDA graph warmup complete
                 10021 runs -   101.61 us/run -    36864 kB/run - [1;34m 345.99 GB/s[0m
  MUL(name=attn_norm-0,type=f32,ne=[1536,1,1,1],op_params=[],sources=f32[1536,1,1,1],f32[1536,1,1,1]): ggml_backend_cuda_graph_compute: CUDA graph warmup complete
               294912 runs -     3.45 us/run -       18 kB/run - [1;34m   4.98 GB/s[0m
  MUL(name=attn_norm-0,type=f32,ne=[1536,2048,1,1],op_params=[],sources=f32[1536,2048,1,1],f32[1536,1,1,1]): ggml_backend_cuda_graph_compute: CUDA graph warmup complete
                  10928 runs -    92.77 us/run -    24582 kB/run - [1;34m 252.71 GB/s[0m
  RMS_NORM(name=norm-0,type=f32,ne=[1536,1,1,1],op_params=[0:897988541],sources=f32[1536,1,1,1]): ggml_backend_cuda_graph_compute: CUDA graph warmup complete
            245760 runs -     4.14 us/run -       12 kB/run - [1;34m   2.76 GB/s[0m
  RMS_NORM(name=norm-0,type=f32,ne=[1536,2048,1,1],op_params=[0:897988541],sources=f32[1536,2048,1,1]): ggml_backend_cuda_graph_compute: CUDA graph warmup complete
                8196 runs -   125.88 us/run -    24576 kB/run - [1;34m 186.19 GB/s[0m
  MUL_MAT(name=kqv-0,type=f32,ne=[128,1,12,1],op_params=[0:10],sources=f16[4096,128,2,1],f32[4096,1,12,1]): ggml_backend_cuda_graph_compute: CUDA graph warmup complete
                   32768 runs -    33.72 us/run -     2246 kB/run - [1;34m  63.53 GB/s[0m
  MUL_MAT(name=kqv-0,type=f32,ne=[128,2048,12,1],op_params=[0:10],sources=f16[4096,128,2,1],f32[4096,2048,12,1]): ggml_backend_cuda_graph_compute: CUDA graph warmup complete
               166 runs -  8075.83 us/run -   407552 kB/run - [1;34m  48.13 GB/s[0m
  MUL_MAT(name=Kcur-0,type=f32,ne=[256,1,1,1],op_params=[],sources=q4_K[1536,256,1,1],f32[1536,1,1,1]): ggml_backend_cuda_graph_compute: CUDA graph warmup complete
              106496 runs -     9.63 us/run -      223 kB/run - [1;34m  22.08 GB/s[0m
  MUL_MAT(name=Vcur-0,type=f32,ne=[256,1,1,1],op_params=[],sources=q6_K[1536,256,1,1],f32[1536,1,1,1]):                98304 runs -    10.35 us/run -      322 kB/run - [1;34m  29.67 GB/s[0m
  MUL_MAT(name=Kcur-0,type=f32,ne=[256,2048,1,1],op_params=[],sources=q4_K[1536,256,1,1],f32[1536,2048,1,1]):                   2306 runs -   756.21 us/run -    14552 kB/run - [1;34m  18.35 GB/s[0m
  MUL_MAT(name=Vcur-0,type=f32,ne=[256,2048,1,1],op_params=[],sources=q6_K[1536,256,1,1],f32[1536,2048,1,1]): ggml_backend_cuda_graph_compute: CUDA graph warmup complete
                  2291 runs -   823.37 us/run -    14651 kB/run - [1;34m  16.97 GB/s[0m
  MUL_MAT(name=Qcur-0,type=f32,ne=[1536,1,1,1],op_params=[],sources=q4_K[1536,1536,1,1],f32[1536,1,1,1]): ggml_backend_cuda_graph_compute: CUDA graph warmup complete
             57344 runs -    18.19 us/run -     1308 kB/run - [1;34m  68.58 GB/s[0m
  MUL_MAT(name=ffn_out-2,type=f32,ne=[1536,1,1,1],op_params=[],sources=q4_K[8960,1536,1,1],f32[8960,1,1,1]): ggml_backend_cuda_graph_compute: CUDA graph warmup complete
                  22075 runs -    49.59 us/run -     7601 kB/run - [1;34m 146.16 GB/s[0m
  MUL_MAT(name=ffn_out-0,type=f32,ne=[1536,1,1,1],op_params=[],sources=q6_K[8960,1536,1,1],f32[8960,1,1,1]):                   18198 runs -    57.26 us/run -    11066 kB/run - [1;34m 184.31 GB/s[0m
  MUL_MAT(name=Qcur-0,type=f32,ne=[1536,2048,1,1],op_params=[],sources=q4_K[1536,1536,1,1],f32[1536,2048,1,1]):                 1297 runs -  3532.30 us/run -    25872 kB/run - [1;34m   6.99 GB/s[0m
  MUL_MAT(name=ffn_out-2,type=f32,ne=[1536,2048,1,1],op_params=[],sources=q4_K[8960,1536,1,1],f32[8960,2048,1,1]):               367 runs - 20658.49 us/run -    91528 kB/run - [1;34m   4.23 GB/s[0m
  MUL_MAT(name=ffn_out-0,type=f32,ne=[1536,2048,1,1],op_params=[],sources=q6_K[8960,1536,1,1],f32[8960,2048,1,1]): ggml_backend_cuda_graph_compute: CUDA graph warmup complete
              354 runs - 22688.51 us/run -    94993 kB/run - [1;34m   3.99 GB/s[0m
  MUL_MAT(name=kq-0,type=f32,ne=[4096,1,12,1],op_params=[0:10],sources=f16[128,4096,2,1]nb[2,512,256,2097152],f32[128,1,12,1]nb[4,6144,512,6144]): ggml_backend_cuda_graph_compute: CUDA graph warmup complete
            16380 runs -   114.65 us/run -     2246 kB/run - [1;34m  18.68 GB/s[0m
  MUL_MAT(name=kq-0,type=f32,ne=[4096,2048,12,1],op_params=[0:10],sources=f16[128,4096,2,1]nb[2,512,256,2097152],f32[128,2048,12,1]nb[4,6144,512,12582912]): ggml_backend_cuda_graph_compute: CUDA graph warmup complete
                    166 runs -  8215.55 us/run -   407552 kB/run - [1;34m  47.31 GB/s[0m
  MUL_MAT(name=ffn_gate-0,type=f32,ne=[8960,1,1,1],op_params=[],sources=q4_K[1536,8960,1,1],f32[1536,1,1,1]):                  17660 runs -    72.79 us/run -     7601 kB/run - [1;34m  99.59 GB/s[0m
  MUL_MAT(name=ffn_gate-0,type=f32,ne=[8960,2048,1,1],op_params=[],sources=q4_K[1536,8960,1,1],f32[1536,2048,1,1]): ggml_backend_cuda_graph_compute: CUDA graph warmup complete
                     367 runs - 19513.05 us/run -    91528 kB/run - [1;34m   4.47 GB/s[0m
  MUL_MAT(name=result_output,type=f32,ne=[151936,1,1,1],op_params=[],sources=q6_K[1536,151936,1,1],f32[1536,1,1,1]):                     895 runs -  1217.68 us/run -   187552 kB/run - [1;34m 146.89 GB/s[0m
  MUL_MAT(name=result_output,type=f32,ne=[151936,2048,1,1],op_params=[],sources=q6_K[1536,151936,1,1],f32[1536,2048,1,1]): ggml_backend_cuda_graph_compute: CUDA graph warmup complete
               24 runs - 345947.96 us/run -  1414728 kB/run - [1;34m   3.90 GB/s[0m
  CONT(name=kqv_out-0,type=f32,ne=[1536,1,1,1],op_params=[],sources=f32[128,12,1,1]nb[4,512,512,6144]): ggml_backend_cuda_graph_compute: CUDA graph warmup complete
              376786 runs -     2.66 us/run -       12 kB/run - [1;34m   4.30 GB/s[0m
  CONT(name=kqv_out-0,type=f32,ne=[1536,2048,1,1],op_params=[],sources=f32[128,12,2048,1]nb[4,1048576,512,12582912]): ggml_backend_cuda_graph_compute: CUDA graph warmup complete
                  2732 runs -   378.31 us/run -    24576 kB/run - [1;34m  61.95 GB/s[0m
  GET_ROWS(name=node_1085,type=f32,ne=[1536,1,1,1],op_params=[],sources=f32[1536,1,1,1],i32[1,1,1,1]): ggml_backend_cuda_graph_compute: CUDA graph warmup complete
               311296 runs -     3.29 us/run -       12 kB/run - [1;34m   3.48 GB/s[0m
  GET_ROWS(name=embd,type=f32,ne=[1536,1,1,1],op_params=[],sources=q4_K[1536,151936,1,1],i32[1,1,1,1]): ggml_backend_cuda_graph_compute: CUDA graph warmup complete
              266192 runs -     3.76 us/run -   128202 kB/run - [1;34m32531.43 GB/s[0m
  GET_ROWS(name=node_1085,type=f32,ne=[1536,2048,1,1],op_params=[],sources=f32[1536,2048,1,1],i32[2048,1,1,1]): ggml_backend_cuda_graph_compute: CUDA graph warmup complete
               17745 runs -    60.92 us/run -    24584 kB/run - [1;34m 384.87 GB/s[0m
  GET_ROWS(name=embd,type=f32,ne=[1536,2048,1,1],op_params=[],sources=q4_K[1536,151936,1,1],i32[2048,1,1,1]): ggml_backend_cuda_graph_compute: CUDA graph warmup complete
                 14818 runs -    68.00 us/run -   140492 kB/run - [1;34m1970.35 GB/s[0m
  SET_ROWS(name=cache_v_l0,type=f16,ne=[1,1048576,1,1],op_params=[],sources=f32[1,256,1,1],i64[256,1,1,1],f16[1,1048576,1,1]): ggml_backend_cuda_graph_compute: CUDA graph warmup complete
               319293 runs -     3.19 us/run -     4099 kB/run - [1;34m1225.26 GB/s[0m
  SET_ROWS(name=cache_v_l0,type=f16,ne=[1,1048576,1,1],op_params=[],sources=f32[1,524288,1,1],i64[524288,1,1,1],f16[1,1048576,1,1]): ggml_backend_cuda_graph_compute: CUDA graph warmup complete
                  19662 runs -    57.24 us/run -    10240 kB/run - [1;34m 170.60 GB/s[0m
  SET_ROWS(name=cache_k_l0,type=f16,ne=[256,4096,1,1],op_params=[],sources=f32[256,1,1,1],i64[1,1,1,1],f16[256,4096,1,1]): ggml_backend_cuda_graph_compute: CUDA graph warmup complete
           327600 runs -     3.07 us/run -     4097 kB/run - [1;34m1272.42 GB/s[0m
  SET_ROWS(name=cache_k_l0,type=f16,ne=[256,4096,1,1],op_params=[],sources=f32[256,2048,1,1],i64[2048,1,1,1],f16[256,4096,1,1]): ggml_backend_cuda_graph_compute: CUDA graph warmup complete
              32688 runs -    31.33 us/run -     6160 kB/run - [1;34m 187.51 GB/s[0m
  SOFT_MAX(name=kq_soft_max-0,type=f32,ne=[4096,1,12,1],op_params=[0:1035273459],sources=f32[4096,1,12,1],f32[4096,1,1,1]): ggml_backend_cuda_graph_compute: CUDA graph warmup complete
                  180224 runs -     5.70 us/run -      400 kB/run - [1;34m  66.98 GB/s[0m
  SOFT_MAX(name=kq_soft_max-0,type=f32,ne=[4096,2048,12,1],op_params=[0:1035273459],sources=f32[4096,2048,12,1],f32[4096,2048,1,1]): ggml_backend_cuda_graph_compute: CUDA graph warmup complete
                    328 runs -  3372.09 us/run -   819200 kB/run - [1;34m 231.68 GB/s[0m
  ROPE(name=Kcur-0,type=f32,ne=[128,2,1,1],op_params=[1:128,2:2,4:32768,5:1232348160,6:1065353216,8:1065353216,9:1107296256,10:1065353216],sources=f32[128,2,1,1],i32[1,1,1,1]): ggml_backend_cuda_graph_compute: CUDA graph warmup complete
             311296 runs -     3.25 us/run -        2 kB/run - [1;34m   0.59 GB/s[0m
  ROPE(name=Kcur-0,type=f32,ne=[128,2,2048,1],op_params=[1:128,2:2,4:32768,5:1232348160,6:1065353216,8:1065353216,9:1107296256,10:1065353216],sources=f32[128,2,2048,1],i32[2048,1,1,1]): ggml_backend_cuda_graph_compute: CUDA graph warmup complete
             32708 runs -    37.14 us/run -     4104 kB/run - [1;34m 105.39 GB/s[0m
  ROPE(name=Qcur-0,type=f32,ne=[128,12,1,1],op_params=[1:128,2:2,4:32768,5:1232348160,6:1065353216,8:1065353216,9:1107296256,10:1065353216],sources=f32[128,12,1,1],i32[1,1,1,1]): ggml_backend_cuda_graph_compute: CUDA graph warmup complete
           311296 runs -     3.26 us/run -       12 kB/run - [1;34m   3.51 GB/s[0m
  ROPE(name=Qcur-0,type=f32,ne=[128,12,2048,1],op_params=[1:128,2:2,4:32768,5:1232348160,6:1065353216,8:1065353216,9:1107296256,10:1065353216],sources=f32[128,12,2048,1],i32[2048,1,1,1]): ggml_backend_cuda_graph_compute: CUDA graph warmup complete
                    5460 runs -   199.36 us/run -    24584 kB/run - [1;34m 117.60 GB/s[0m
  SWIGLU(name=ffn_swiglu-0,type=f32,ne=[8960,1,1,1],op_params=[0:2],sources=f32[8960,1,1,1],f32[8960,1,1,1]): ggml_backend_cuda_graph_compute: CUDA graph warmup complete
                335872 runs -     3.02 us/run -      105 kB/run - [1;34m  33.10 GB/s[0m
  SWIGLU(name=ffn_swiglu-0,type=f32,ne=[8960,2048,1,1],op_params=[0:2],sources=f32[8960,2048,1,1],f32[8960,2048,1,1]):                  1884 runs -   572.35 us/run -   215040 kB/run - [1;34m 358.31 GB/s[0m
  Backend ROCm0: [1;32mOK[0m
Backend 2/2: CPU
  Skipping
2/2 backends passed
[1;32mOK[0m
