ggml_cuda_init: found 1 ROCm devices (Total VRAM: 16384 MiB):
  Device 0: AMD BC-250, gfx1013:xnack- (0x1013), VMM: no, Wave Size: 32, VRAM: 16384 MiB
ggml_backend_cuda_get_available_uma_memory: final available_memory_kb: 14857828
Testing 2 devices

Backend 1/2: ROCm0
  Device description: AMD BC-250
  Device memory: 16384 MB (14509 MB free)

  MUL_MAT(type_a=q6_K,type_b=f32,m=16,n=1,k=256,bs=[1,1],nr=[1,1],per=[0,1,2,3],k_v=0,o=1): ggml_backend_cuda_graph_compute: CUDA graph warmup complete
ggml_backend_cuda_graph_compute: CUDA graph warmup complete
ggml_backend_cuda_graph_compute: CUDA graph warmup complete
ggml_backend_cuda_graph_compute: CUDA graph warmup complete
ggml_backend_cuda_graph_compute: CUDA graph warmup complete
[1;32mOK[0m
  MUL_MAT(type_a=q6_K,type_b=f32,m=16,n=1,k=256,bs=[1,1],nr=[1,1],per=[0,1,2,3],k_v=0,o=1): [1;32mOK[0m
  2/2 tests passed
  Backend ROCm0: [1;32mOK[0m
Backend 2/2: CPU
  Skipping
2/2 backends passed
[1;32mOK[0m
