ggml_cuda_init: found 1 ROCm devices (Total VRAM: 16384 MiB):
  Device 0: AMD BC-250, gfx1013:xnack- (0x1013), VMM: no, Wave Size: 32, VRAM: 16384 MiB
ggml_backend_cuda_get_available_uma_memory: final available_memory_kb: 13910276
ggml_backend_cuda_graph_compute: CUDA graph warmup complete
Testing 2 devices

Backend 1/2: ROCm0
  Device description: AMD BC-250
  Device memory: 16384 MB (13584 MB free)

  ADD(name=Vcur-0,type=f32,ne=[256,1,1,1],op_params=[],sources=f32[256,1,1,1],f32[256,1,1,1]): ggml_backend_cuda_graph_compute: CUDA graph warmup complete
               278528 runs -     3.59 us/run -        3 kB/run - [1;34m   0.80 GB/s[0m
  ADD(name=Vcur-0,type=f32,ne=[256,2048,1,1],op_params=[],sources=f32[256,2048,1,1],f32[256,1,1,1]): ggml_backend_cuda_graph_compute: CUDA graph warmup complete
                  57337 runs -    19.40 us/run -     4097 kB/run - [1;34m 201.38 GB/s[0m
  ADD(name=Qcur-0,type=f32,ne=[1536,1,1,1],op_params=[],sources=f32[1536,1,1,1],f32[1536,1,1,1]): ggml_backend_cuda_graph_compute: CUDA graph warmup complete
            286720 runs -     3.50 us/run -       18 kB/run - [1;34m   4.90 GB/s[0m
  ADD(name=Qcur-0,type=f32,ne=[1536,2048,1,1],op_params=[],sources=f32[1536,2048,1,1],f32[1536,1,1,1]): ggml_backend_cuda_graph_compute: CUDA graph warmup complete
               10928 runs -    92.94 us/run -    24582 kB/run - [1;34m 252.24 GB/s[0m
  ADD(name=ffn_inp-0,type=f32,ne=[1536,2048,1,1],op_params=[],sources=f32[1536,2048,1,1],f32[1536,2048,1,1]): ggml_backend_cuda_graph_compute: CUDA graph warmup complete
                 10021 runs -   102.45 us/run -    36864 kB/run - [1;34m 343.14 GB/s[0m
  MUL(name=attn_norm-0,type=f32,ne=[1536,1,1,1],op_params=[],sources=f32[1536,1,1,1],f32[1536,1,1,1]): ggml_backend_cuda_graph_compute: CUDA graph warmup complete
               286720 runs -     3.49 us/run -       18 kB/run - [1;34m   4.91 GB/s[0m
  MUL(name=attn_norm-0,type=f32,ne=[1536,2048,1,1],op_params=[],sources=f32[1536,2048,1,1],f32[1536,1,1,1]): ggml_backend_cuda_graph_compute: CUDA graph warmup complete
                  10928 runs -    92.88 us/run -    24582 kB/run - [1;34m 252.41 GB/s[0m
  RMS_NORM(name=norm-0,type=f32,ne=[1536,1,1,1],op_params=[0:897988541],sources=f32[1536,1,1,1]): ggml_backend_cuda_graph_compute: CUDA graph warmup complete
            245760 runs -     4.17 us/run -       12 kB/run - [1;34m   2.75 GB/s[0m
  RMS_NORM(name=norm-0,type=f32,ne=[1536,2048,1,1],op_params=[0:897988541],sources=f32[1536,2048,1,1]): ggml_backend_cuda_graph_compute: CUDA graph warmup complete
                8196 runs -   126.25 us/run -    24576 kB/run - [1;34m 185.64 GB/s[0m
  MUL_MAT(name=kqv-0,type=f32,ne=[128,1,12,1],op_params=[0:10],sources=f16[4096,128,2,1],f32[4096,1,12,1]): ggml_backend_cuda_graph_compute: CUDA graph warmup complete
                   32768 runs -    33.93 us/run -     2246 kB/run - [1;34m  63.13 GB/s[0m
  MUL_MAT(name=kqv-0,type=f32,ne=[128,2048,12,1],op_params=[0:10],sources=f16[4096,128,2,1],f32[4096,2048,12,1]): ggml_backend_cuda_graph_compute: CUDA graph warmup complete
               166 runs -  8109.71 us/run -   407552 kB/run - [1;34m  47.93 GB/s[0m
  MUL_MAT(name=Kcur-0,type=f32,ne=[256,1,1,1],op_params=[],sources=q4_K[1536,256,1,1],f32[1536,1,1,1]): ggml_backend_cuda_graph_compute: CUDA graph warmup complete
              106496 runs -     9.65 us/run -      223 kB/run - [1;34m  22.05 GB/s[0m
  MUL_MAT(name=Vcur-0,type=f32,ne=[256,1,1,1],op_params=[],sources=q6_K[1536,256,1,1],f32[1536,1,1,1]):                98304 runs -    10.46 us/run -      322 kB/run - [1;34m  29.37 GB/s[0m
  MUL_MAT(name=Kcur-0,type=f32,ne=[256,2048,1,1],op_params=[],sources=q4_K[1536,256,1,1],f32[1536,2048,1,1]):                   2306 runs -   754.94 us/run -    14552 kB/run - [1;34m  18.38 GB/s[0m
  MUL_MAT(name=Vcur-0,type=f32,ne=[256,2048,1,1],op_params=[],sources=q6_K[1536,256,1,1],f32[1536,2048,1,1]): ggml_backend_cuda_graph_compute: CUDA graph warmup complete
                  2291 runs -   823.65 us/run -    14651 kB/run - [1;34m  16.96 GB/s[0m
  MUL_MAT(name=Qcur-0,type=f32,ne=[1536,1,1,1],op_params=[],sources=q4_K[1536,1536,1,1],f32[1536,1,1,1]): ggml_backend_cuda_graph_compute: CUDA graph warmup complete
             57344 runs -    18.25 us/run -     1308 kB/run - [1;34m  68.34 GB/s[0m
  MUL_MAT(name=ffn_out-2,type=f32,ne=[1536,1,1,1],op_params=[],sources=q4_K[8960,1536,1,1],f32[8960,1,1,1]): ggml_backend_cuda_graph_compute: CUDA graph warmup complete
                  22075 runs -    49.67 us/run -     7601 kB/run - [1;34m 145.93 GB/s[0m
  MUL_MAT(name=ffn_out-0,type=f32,ne=[1536,1,1,1],op_params=[],sources=q6_K[8960,1536,1,1],f32[8960,1,1,1]):                   18198 runs -    57.32 us/run -    11066 kB/run - [1;34m 184.11 GB/s[0m
  MUL_MAT(name=Qcur-0,type=f32,ne=[1536,2048,1,1],op_params=[],sources=q4_K[1536,1536,1,1],f32[1536,2048,1,1]):                 1297 runs -  3531.63 us/run -    25872 kB/run - [1;34m   6.99 GB/s[0m
  MUL_MAT(name=ffn_out-2,type=f32,ne=[1536,2048,1,1],op_params=[],sources=q4_K[8960,1536,1,1],f32[8960,2048,1,1]):               367 runs - 20654.08 us/run -    91528 kB/run - [1;34m   4.23 GB/s[0m
  MUL_MAT(name=ffn_out-0,type=f32,ne=[1536,2048,1,1],op_params=[],sources=q6_K[8960,1536,1,1],f32[8960,2048,1,1]): ggml_backend_cuda_graph_compute: CUDA graph warmup complete
              354 runs - 22693.02 us/run -    94993 kB/run - [1;34m   3.99 GB/s[0m
  MUL_MAT(name=kq-0,type=f32,ne=[4096,1,12,1],op_params=[0:10],sources=f16[128,4096,2,1]nb[2,512,256,2097152],f32[128,1,12,1]nb[4,6144,512,6144]): ggml_backend_cuda_graph_compute: CUDA graph warmup complete
            16380 runs -   119.83 us/run -     2246 kB/run - [1;34m  17.88 GB/s[0m
  MUL_MAT(name=kq-0,type=f32,ne=[4096,2048,12,1],op_params=[0:10],sources=f16[128,4096,2,1]nb[2,512,256,2097152],f32[128,2048,12,1]nb[4,6144,512,12582912]): ggml_backend_cuda_graph_compute: CUDA graph warmup complete
                    166 runs -  8210.55 us/run -   407552 kB/run - [1;34m  47.34 GB/s[0m
  MUL_MAT(name=ffn_gate-0,type=f32,ne=[8960,1,1,1],op_params=[],sources=q4_K[1536,8960,1,1],f32[1536,1,1,1]):                  17660 runs -    72.73 us/run -     7601 kB/run - [1;34m  99.67 GB/s[0m
  MUL_MAT(name=ffn_gate-0,type=f32,ne=[8960,2048,1,1],op_params=[],sources=q4_K[1536,8960,1,1],f32[1536,2048,1,1]): ggml_backend_cuda_graph_compute: CUDA graph warmup complete
                     367 runs - 19500.49 us/run -    91528 kB/run - [1;34m   4.48 GB/s[0m
  MUL_MAT(name=result_output,type=f32,ne=[151936,1,1,1],op_params=[],sources=q6_K[1536,151936,1,1],f32[1536,1,1,1]):                     895 runs -  1227.51 us/run -   187552 kB/run - [1;34m 145.71 GB/s[0m
  MUL_MAT(name=result_output,type=f32,ne=[151936,2048,1,1],op_params=[],sources=q6_K[1536,151936,1,1],f32[1536,2048,1,1]): ggml_backend_cuda_graph_compute: CUDA graph warmup complete
               24 runs - 346073.38 us/run -  1414728 kB/run - [1;34m   3.90 GB/s[0m
  CONT(name=kqv_out-0,type=f32,ne=[1536,1,1,1],op_params=[],sources=f32[128,12,1,1]nb[4,512,512,6144]): ggml_backend_cuda_graph_compute: CUDA graph warmup complete
              376786 runs -     2.66 us/run -       12 kB/run - [1;34m   4.30 GB/s[0m
  CONT(name=kqv_out-0,type=f32,ne=[1536,2048,1,1],op_params=[],sources=f32[128,12,2048,1]nb[4,1048576,512,12582912]): ggml_backend_cuda_graph_compute: CUDA graph warmup complete
                  2732 runs -   378.30 us/run -    24576 kB/run - [1;34m  61.96 GB/s[0m
  GET_ROWS(name=node_1085,type=f32,ne=[1536,1,1,1],op_params=[],sources=f32[1536,1,1,1],i32[1,1,1,1]): ggml_backend_cuda_graph_compute: CUDA graph warmup complete
               311296 runs -     3.29 us/run -       12 kB/run - [1;34m   3.48 GB/s[0m
  GET_ROWS(name=embd,type=f32,ne=[1536,1,1,1],op_params=[],sources=q4_K[1536,151936,1,1],i32[1,1,1,1]): ggml_backend_cuda_graph_compute: CUDA graph warmup complete
              267240 runs -     3.74 us/run -   128202 kB/run - [1;34m32664.80 GB/s[0m
  GET_ROWS(name=node_1085,type=f32,ne=[1536,2048,1,1],op_params=[],sources=f32[1536,2048,1,1],i32[2048,1,1,1]): ggml_backend_cuda_graph_compute: CUDA graph warmup complete
               17745 runs -    60.44 us/run -    24584 kB/run - [1;34m 387.93 GB/s[0m
  GET_ROWS(name=embd,type=f32,ne=[1536,2048,1,1],op_params=[],sources=q4_K[1536,151936,1,1],i32[2048,1,1,1]): ggml_backend_cuda_graph_compute: CUDA graph warmup complete
                 14818 runs -    68.07 us/run -   140492 kB/run - [1;34m1968.34 GB/s[0m
  SET_ROWS(name=cache_v_l0,type=f16,ne=[1,1048576,1,1],op_params=[],sources=f32[1,256,1,1],i64[256,1,1,1],f16[1,1048576,1,1]): ggml_backend_cuda_graph_compute: CUDA graph warmup complete
               319293 runs -     3.21 us/run -     4099 kB/run - [1;34m1219.29 GB/s[0m
  SET_ROWS(name=cache_v_l0,type=f16,ne=[1,1048576,1,1],op_params=[],sources=f32[1,524288,1,1],i64[524288,1,1,1],f16[1,1048576,1,1]): ggml_backend_cuda_graph_compute: CUDA graph warmup complete
                  19662 runs -    58.81 us/run -    10240 kB/run - [1;34m 166.04 GB/s[0m
  SET_ROWS(name=cache_k_l0,type=f16,ne=[256,4096,1,1],op_params=[],sources=f32[256,1,1,1],i64[1,1,1,1],f16[256,4096,1,1]): ggml_backend_cuda_graph_compute: CUDA graph warmup complete
           327600 runs -     3.07 us/run -     4097 kB/run - [1;34m1273.78 GB/s[0m
  SET_ROWS(name=cache_k_l0,type=f16,ne=[256,4096,1,1],op_params=[],sources=f32[256,2048,1,1],i64[2048,1,1,1],f16[256,4096,1,1]): ggml_backend_cuda_graph_compute: CUDA graph warmup complete
              32688 runs -    31.44 us/run -     6160 kB/run - [1;34m 186.85 GB/s[0m
  SOFT_MAX(name=kq_soft_max-0,type=f32,ne=[4096,1,12,1],op_params=[0:1035273459],sources=f32[4096,1,12,1],f32[4096,1,1,1]): ggml_backend_cuda_graph_compute: CUDA graph warmup complete
                  180224 runs -     5.70 us/run -      400 kB/run - [1;34m  66.97 GB/s[0m
  SOFT_MAX(name=kq_soft_max-0,type=f32,ne=[4096,2048,12,1],op_params=[0:1035273459],sources=f32[4096,2048,12,1],f32[4096,2048,1,1]): ggml_backend_cuda_graph_compute: CUDA graph warmup complete
                    328 runs -  3372.24 us/run -   819200 kB/run - [1;34m 231.67 GB/s[0m
  ROPE(name=Kcur-0,type=f32,ne=[128,2,1,1],op_params=[1:128,2:2,4:32768,5:1232348160,6:1065353216,8:1065353216,9:1107296256,10:1065353216],sources=f32[128,2,1,1],i32[1,1,1,1]): ggml_backend_cuda_graph_compute: CUDA graph warmup complete
             311296 runs -     3.26 us/run -        2 kB/run - [1;34m   0.59 GB/s[0m
  ROPE(name=Kcur-0,type=f32,ne=[128,2,2048,1],op_params=[1:128,2:2,4:32768,5:1232348160,6:1065353216,8:1065353216,9:1107296256,10:1065353216],sources=f32[128,2,2048,1],i32[2048,1,1,1]): ggml_backend_cuda_graph_compute: CUDA graph warmup complete
             32708 runs -    37.17 us/run -     4104 kB/run - [1;34m 105.29 GB/s[0m
  ROPE(name=Qcur-0,type=f32,ne=[128,12,1,1],op_params=[1:128,2:2,4:32768,5:1232348160,6:1065353216,8:1065353216,9:1107296256,10:1065353216],sources=f32[128,12,1,1],i32[1,1,1,1]): ggml_backend_cuda_graph_compute: CUDA graph warmup complete
           311296 runs -     3.27 us/run -       12 kB/run - [1;34m   3.50 GB/s[0m
  ROPE(name=Qcur-0,type=f32,ne=[128,12,2048,1],op_params=[1:128,2:2,4:32768,5:1232348160,6:1065353216,8:1065353216,9:1107296256,10:1065353216],sources=f32[128,12,2048,1],i32[2048,1,1,1]): ggml_backend_cuda_graph_compute: CUDA graph warmup complete
                    5460 runs -   199.28 us/run -    24584 kB/run - [1;34m 117.65 GB/s[0m
  SWIGLU(name=ffn_swiglu-0,type=f32,ne=[8960,1,1,1],op_params=[0:2],sources=f32[8960,1,1,1],f32[8960,1,1,1]): ggml_backend_cuda_graph_compute: CUDA graph warmup complete
                335872 runs -     3.02 us/run -      105 kB/run - [1;34m  33.14 GB/s[0m
  SWIGLU(name=ffn_swiglu-0,type=f32,ne=[8960,2048,1,1],op_params=[0:2],sources=f32[8960,2048,1,1],f32[8960,2048,1,1]):                  1884 runs -   570.00 us/run -   215040 kB/run - [1;34m 359.79 GB/s[0m
  Backend ROCm0: [1;32mOK[0m
Backend 2/2: CPU
  Skipping
2/2 backends passed
[1;32mOK[0m
