ggml_cuda_init: found 1 ROCm devices (Total VRAM: 16384 MiB):
  Device 0: AMD BC-250, gfx1013:xnack- (0x1013), VMM: no, Wave Size: 32, VRAM: 16384 MiB
ggml_backend_cuda_get_available_uma_memory: final available_memory_kb: 13843016
ggml_backend_cuda_graph_compute: CUDA graph warmup complete
Testing 2 devices

Backend 1/2: ROCm0
  Device description: AMD BC-250
  Device memory: 16384 MB (13518 MB free)

  ADD(name=Vcur-0,type=f32,ne=[256,1,1,1],op_params=[],sources=f32[256,1,1,1],f32[256,1,1,1]): ggml_backend_cuda_graph_compute: CUDA graph warmup complete
               294912 runs -     3.46 us/run -        3 kB/run - [1;34m   0.83 GB/s[0m
  ADD(name=Vcur-0,type=f32,ne=[256,2048,1,1],op_params=[],sources=f32[256,2048,1,1],f32[256,1,1,1]): ggml_backend_cuda_graph_compute: CUDA graph warmup complete
                  57337 runs -    19.14 us/run -     4097 kB/run - [1;34m 204.16 GB/s[0m
  ADD(name=Qcur-0,type=f32,ne=[1536,1,1,1],op_params=[],sources=f32[1536,1,1,1],f32[1536,1,1,1]): ggml_backend_cuda_graph_compute: CUDA graph warmup complete
            286720 runs -     3.50 us/run -       18 kB/run - [1;34m   4.91 GB/s[0m
  ADD(name=Qcur-0,type=f32,ne=[1536,2048,1,1],op_params=[],sources=f32[1536,2048,1,1],f32[1536,1,1,1]): ggml_backend_cuda_graph_compute: CUDA graph warmup complete
               10928 runs -    92.73 us/run -    24582 kB/run - [1;34m 252.82 GB/s[0m
  ADD(name=ffn_inp-0,type=f32,ne=[1536,2048,1,1],op_params=[],sources=f32[1536,2048,1,1],f32[1536,2048,1,1]): ggml_backend_cuda_graph_compute: CUDA graph warmup complete
                 10021 runs -   102.27 us/run -    36864 kB/run - [1;34m 343.76 GB/s[0m
  MUL(name=attn_norm-0,type=f32,ne=[1536,1,1,1],op_params=[],sources=f32[1536,1,1,1],f32[1536,1,1,1]): ggml_backend_cuda_graph_compute: CUDA graph warmup complete
               294912 runs -     3.45 us/run -       18 kB/run - [1;34m   4.97 GB/s[0m
  MUL(name=attn_norm-0,type=f32,ne=[1536,2048,1,1],op_params=[],sources=f32[1536,2048,1,1],f32[1536,1,1,1]): ggml_backend_cuda_graph_compute: CUDA graph warmup complete
                  10928 runs -    92.70 us/run -    24582 kB/run - [1;34m 252.89 GB/s[0m
  RMS_NORM(name=norm-0,type=f32,ne=[1536,1,1,1],op_params=[0:897988541],sources=f32[1536,1,1,1]): ggml_backend_cuda_graph_compute: CUDA graph warmup complete
            245760 runs -     4.14 us/run -       12 kB/run - [1;34m   2.77 GB/s[0m
  RMS_NORM(name=norm-0,type=f32,ne=[1536,2048,1,1],op_params=[0:897988541],sources=f32[1536,2048,1,1]): ggml_backend_cuda_graph_compute: CUDA graph warmup complete
                8196 runs -   125.90 us/run -    24576 kB/run - [1;34m 186.16 GB/s[0m
  MUL_MAT(name=Kcur-0,type=f32,ne=[256,1,1,1],op_params=[],sources=q4_K[1536,256,1,1],f32[1536,1,1,1]): ggml_backend_cuda_graph_compute: CUDA graph warmup complete
              106496 runs -     9.56 us/run -      223 kB/run - [1;34m  22.25 GB/s[0m
  MUL_MAT(name=Vcur-0,type=f32,ne=[256,1,1,1],op_params=[],sources=q6_K[1536,256,1,1],f32[1536,1,1,1]):               106496 runs -    10.01 us/run -      322 kB/run - [1;34m  30.66 GB/s[0m
  MUL_MAT(name=Kcur-0,type=f32,ne=[256,2048,1,1],op_params=[],sources=q4_K[1536,256,1,1],f32[1536,2048,1,1]):                   2306 runs -   754.93 us/run -    14552 kB/run - [1;34m  18.38 GB/s[0m
  MUL_MAT(name=Vcur-0,type=f32,ne=[256,2048,1,1],op_params=[],sources=q6_K[1536,256,1,1],f32[1536,2048,1,1]): ggml_backend_cuda_graph_compute: CUDA graph warmup complete
                  2291 runs -   822.74 us/run -    14651 kB/run - [1;34m  16.98 GB/s[0m
  MUL_MAT(name=Qcur-0,type=f32,ne=[1536,1,1,1],op_params=[],sources=q4_K[1536,1536,1,1],f32[1536,1,1,1]): ggml_backend_cuda_graph_compute: CUDA graph warmup complete
             57344 runs -    18.25 us/run -     1308 kB/run - [1;34m  68.36 GB/s[0m
  MUL_MAT(name=ffn_out-2,type=f32,ne=[1536,1,1,1],op_params=[],sources=q4_K[8960,1536,1,1],f32[8960,1,1,1]): ggml_backend_cuda_graph_compute: CUDA graph warmup complete
                  22075 runs -    49.63 us/run -     7601 kB/run - [1;34m 146.06 GB/s[0m
  MUL_MAT(name=ffn_out-0,type=f32,ne=[1536,1,1,1],op_params=[],sources=q6_K[8960,1536,1,1],f32[8960,1,1,1]):                   21231 runs -    52.92 us/run -    11066 kB/run - [1;34m 199.42 GB/s[0m
  MUL_MAT(name=Qcur-0,type=f32,ne=[1536,2048,1,1],op_params=[],sources=q4_K[1536,1536,1,1],f32[1536,2048,1,1]):                 1297 runs -  3528.27 us/run -    25872 kB/run - [1;34m   6.99 GB/s[0m
  MUL_MAT(name=ffn_out-2,type=f32,ne=[1536,2048,1,1],op_params=[],sources=q4_K[8960,1536,1,1],f32[8960,2048,1,1]):               367 runs - 20636.83 us/run -    91528 kB/run - [1;34m   4.23 GB/s[0m
  MUL_MAT(name=ffn_out-0,type=f32,ne=[1536,2048,1,1],op_params=[],sources=q6_K[8960,1536,1,1],f32[8960,2048,1,1]): ggml_backend_cuda_graph_compute: CUDA graph warmup complete
              354 runs - 22678.96 us/run -    94993 kB/run - [1;34m   3.99 GB/s[0m
  MUL_MAT(name=ffn_gate-0,type=f32,ne=[8960,1,1,1],op_params=[],sources=q4_K[1536,8960,1,1],f32[1536,1,1,1]):                  17660 runs -    72.73 us/run -     7601 kB/run - [1;34m  99.66 GB/s[0m
  MUL_MAT(name=ffn_gate-0,type=f32,ne=[8960,2048,1,1],op_params=[],sources=q4_K[1536,8960,1,1],f32[1536,2048,1,1]): ggml_backend_cuda_graph_compute: CUDA graph warmup complete
                     367 runs - 19499.48 us/run -    91528 kB/run - [1;34m   4.48 GB/s[0m
  MUL_MAT(name=result_output,type=f32,ne=[151936,1,1,1],op_params=[],sources=q6_K[1536,151936,1,1],f32[1536,1,1,1]):                     895 runs -  1224.11 us/run -   187552 kB/run - [1;34m 146.12 GB/s[0m
  MUL_MAT(name=result_output,type=f32,ne=[151936,2048,1,1],op_params=[],sources=q6_K[1536,151936,1,1],f32[1536,2048,1,1]): ggml_backend_cuda_graph_compute: CUDA graph warmup complete
               24 runs - 345635.46 us/run -  1414728 kB/run - [1;34m   3.90 GB/s[0m
  GET_ROWS(name=node_945,type=f32,ne=[1536,1,1,1],op_params=[],sources=f32[1536,1,1,1],i32[1,1,1,1]): ggml_backend_cuda_graph_compute: CUDA graph warmup complete
                311296 runs -     3.29 us/run -       12 kB/run - [1;34m   3.48 GB/s[0m
  GET_ROWS(name=embd,type=f32,ne=[1536,1,1,1],op_params=[],sources=q4_K[1536,151936,1,1],i32[1,1,1,1]): ggml_backend_cuda_graph_compute: CUDA graph warmup complete
              268550 runs -     3.72 us/run -   128202 kB/run - [1;34m32832.34 GB/s[0m
  GET_ROWS(name=node_945,type=f32,ne=[1536,2048,1,1],op_params=[],sources=f32[1536,2048,1,1],i32[2048,1,1,1]): ggml_backend_cuda_graph_compute: CUDA graph warmup complete
                17745 runs -    60.36 us/run -    24584 kB/run - [1;34m 388.45 GB/s[0m
  GET_ROWS(name=embd,type=f32,ne=[1536,2048,1,1],op_params=[],sources=q4_K[1536,151936,1,1],i32[2048,1,1,1]): ggml_backend_cuda_graph_compute: CUDA graph warmup complete
                 14818 runs -    67.67 us/run -   140492 kB/run - [1;34m1980.04 GB/s[0m
  SET_ROWS(name=cache_k_l0,type=f16,ne=[256,4096,1,1],op_params=[],sources=f32[256,1,1,1],i64[1,1,1,1],f16[256,4096,1,1]): ggml_backend_cuda_graph_compute: CUDA graph warmup complete
           335790 runs -     3.05 us/run -     4097 kB/run - [1;34m1282.05 GB/s[0m
  SET_ROWS(name=cache_k_l0,type=f16,ne=[256,4096,1,1],op_params=[],sources=f32[256,2048,1,1],i64[2048,1,1,1],f16[256,4096,1,1]): ggml_backend_cuda_graph_compute: CUDA graph warmup complete
              32688 runs -    31.40 us/run -     6160 kB/run - [1;34m 187.08 GB/s[0m
  ROPE(name=Kcur-0,type=f32,ne=[128,2,1,1],op_params=[1:128,2:2,4:32768,5:1232348160,6:1065353216,8:1065353216,9:1107296256,10:1065353216],sources=f32[128,2,1,1],i32[1,1,1,1]): ggml_backend_cuda_graph_compute: CUDA graph warmup complete
             311296 runs -     3.27 us/run -        2 kB/run - [1;34m   0.58 GB/s[0m
  ROPE(name=Kcur-0,type=f32,ne=[128,2,2048,1],op_params=[1:128,2:2,4:32768,5:1232348160,6:1065353216,8:1065353216,9:1107296256,10:1065353216],sources=f32[128,2,2048,1],i32[2048,1,1,1]): ggml_backend_cuda_graph_compute: CUDA graph warmup complete
             32708 runs -    37.23 us/run -     4104 kB/run - [1;34m 105.13 GB/s[0m
  ROPE(name=Qcur-0,type=f32,ne=[128,12,1,1],op_params=[1:128,2:2,4:32768,5:1232348160,6:1065353216,8:1065353216,9:1107296256,10:1065353216],sources=f32[128,12,1,1],i32[1,1,1,1]): ggml_backend_cuda_graph_compute: CUDA graph warmup complete
           311296 runs -     3.28 us/run -       12 kB/run - [1;34m   3.49 GB/s[0m
  ROPE(name=Qcur-0,type=f32,ne=[128,12,2048,1],op_params=[1:128,2:2,4:32768,5:1232348160,6:1065353216,8:1065353216,9:1107296256,10:1065353216],sources=f32[128,12,2048,1],i32[2048,1,1,1]): ggml_backend_cuda_graph_compute: CUDA graph warmup complete
                    5460 runs -   199.32 us/run -    24584 kB/run - [1;34m 117.63 GB/s[0m
  FLASH_ATTN_EXT(name=node_24,type=f32,ne=[128,12,1,1],op_params=[0:1035273459,3:10],sources=f32[128,1,12,1]nb[4,6144,512,6144],f16[128,4096,2,1]nb[2,512,256,2097152],f16[128,4096,2,1]nb[2,512,256,2097152],f16[4096,1,1,1]):                24459 runs -    46.39 us/run -     4116 kB/run - [1;34m  84.62 GB/s[0m
  FLASH_ATTN_EXT(name=node_24,type=f32,ne=[128,12,2048,1],op_params=[0:1035273459,3:10],sources=f32[128,2048,12,1]nb[4,6144,512,12582912],f16[128,4096,2,1]nb[2,512,256,2097152],f16[128,4096,2,1]nb[2,512,256,2097152],f16[4096,2048,1,1]): ggml_backend_cuda_graph_compute: CUDA graph warmup complete
                    745 runs - 114778.50 us/run -    45056 kB/run - [1;34m   0.37 GB/s[0m
  SWIGLU(name=ffn_swiglu-0,type=f32,ne=[8960,1,1,1],op_params=[0:2],sources=f32[8960,1,1,1],f32[8960,1,1,1]): ggml_backend_cuda_graph_compute: CUDA graph warmup complete
                335872 runs -     3.04 us/run -      105 kB/run - [1;34m  32.94 GB/s[0m
  SWIGLU(name=ffn_swiglu-0,type=f32,ne=[8960,2048,1,1],op_params=[0:2],sources=f32[8960,2048,1,1],f32[8960,2048,1,1]):                  1884 runs -   570.22 us/run -   215040 kB/run - [1;34m 359.65 GB/s[0m
  Backend ROCm0: [1;32mOK[0m
Backend 2/2: CPU
  Skipping
2/2 backends passed
[1;32mOK[0m
