[23:07:52] kernel=6.18.9-200.fc43.x86_64
[23:07:52] simd=simd_count 80
[23:07:52] runlist=3
[23:07:52] kiq=0
[23:07:52] === compute probe
[23:07:53]   nblocks=4096 rc=0 ALL CORRECT
[23:07:56]   nblocks=16384 rc=0 ALL CORRECT
[23:08:00]   nblocks=32768 rc=0 ALL CORRECT
[23:08:00] === SGEMM sweep, native gfx1013 rocBLAS
[23:08:01]   N=256 rc=0 DONE iters=10 nwrong=0 wrong_lines=0
[23:08:01]   N=512 rc=0 DONE iters=10 nwrong=0 wrong_lines=0
[23:08:02]   N=1024 rc=0 DONE iters=10 nwrong=0 wrong_lines=0
[23:08:02]   N=2048 rc=0 DONE iters=10 nwrong=0 wrong_lines=0
[23:08:03]   N=4096 rc=0 DONE iters=10 nwrong=0 wrong_lines=0
[23:08:03] === perplexity gate (reference 8.9442)
[23:09:24]   rc=0 Final estimate: PPL = 8.9442
[23:09:24] === sustained N=4096 x50
[23:09:26]   rc=0 DONE iters=50 nwrong=0
[23:09:26] === faults in dmesg
[23:09:26]   fault lines: 0
[23:09:26] done
