clock after sustained load: 1: 1500Mhz *
AMD BC-250, 20 WGP/CU units reported, wave 32


-- 1 wave(s) per SIMD --
v_fma_f32          40 waves   1.271 cyc/instr    1.79 TFLOP/s  shader clock during run 0.89 GHz
v_fma_f16          40 waves   1.286 cyc/instr    2.01 TFLOP/s  shader clock during run 1.01 GHz
v_pk_fma_f16       40 waves   1.286 cyc/instr    3.56 TFLOP/s  shader clock during run 0.89 GHz
int8 dot4 emul     40 waves   1.861 cyc/instr    0.72 TFLOP/s  shader clock during run 1.05 GHz
v_fma_f64          40 waves  16.014 cyc/instr    0.12 TFLOP/s  shader clock during run 0.75 GHz
v_mul_f64          40 waves  16.001 cyc/instr    0.08 TFLOP/s  shader clock during run 1.00 GHz
v_add_f64          40 waves  16.001 cyc/instr    0.06 TFLOP/s  shader clock during run 0.75 GHz

-- 4 wave(s) per SIMD --
v_fma_f32         160 waves   2.259 cyc/instr    4.53 TFLOP/s  shader clock during run 1.00 GHz
v_fma_f16         160 waves   2.229 cyc/instr    4.51 TFLOP/s  shader clock during run 0.98 GHz
v_pk_fma_f16      160 waves   2.231 cyc/instr    9.00 TFLOP/s  shader clock during run 0.98 GHz
int8 dot4 emul    160 waves   3.458 cyc/instr    1.51 TFLOP/s  shader clock during run 1.02 GHz
v_fma_f64         160 waves  32.012 cyc/instr    0.32 TFLOP/s  shader clock during run 1.00 GHz
v_mul_f64         160 waves  31.566 cyc/instr    0.16 TFLOP/s  shader clock during run 0.98 GHz
v_add_f64         160 waves  31.566 cyc/instr    0.16 TFLOP/s  shader clock during run 0.99 GHz

-- 16 wave(s) per SIMD --
v_fma_f32         640 waves   5.323 cyc/instr    6.52 TFLOP/s  shader clock during run 0.85 GHz
v_fma_f16         640 waves   5.324 cyc/instr    6.50 TFLOP/s  shader clock during run 0.84 GHz
v_pk_fma_f16      640 waves   5.323 cyc/instr   13.02 TFLOP/s  shader clock during run 0.85 GHz
int8 dot4 emul    640 waves   8.319 cyc/instr    2.08 TFLOP/s  shader clock during run 0.84 GHz
v_fma_f64         640 waves  80.778 cyc/instr    0.43 TFLOP/s  shader clock during run 0.84 GHz
v_mul_f64         640 waves  78.494 cyc/instr    0.21 TFLOP/s  shader clock during run 0.82 GHz
v_add_f64         640 waves  78.497 cyc/instr    0.21 TFLOP/s  shader clock during run 0.82 GHz
--- clock residency during the whole window:
    142 1500Mhz
      5 1000Mhz
DONE_GAP4C
