device AMD BC-250  arch gfx1013:xnack-  CUs 20
ceilings measured on this board: fp32 6.52 TFLOP/s, packed fp16 13.02 TFLOP/s; fp64 has none measured
median of 5 timed iterations after one warm-up; two elements CPU-checked per size

## SGEMM, fp32
     N         ms      GFLOP/s    ceiling   % peak    spread    rel err
   512      0.186       1440.9    6520.00    22.1%     16.9%   1.47e-07
  1024      0.848       2530.9    6520.00    38.8%      0.4%   8.65e-07
  2048      5.746       2989.7    6520.00    45.9%      0.2%   2.99e-06
  4096     30.402       4520.6    6520.00    69.3%     45.9%   1.26e-06
  8192    238.409       4611.9    6520.00    70.7%      0.7%   1.45e-06

## HGEMM, fp16
     N         ms      GFLOP/s    ceiling   % peak    spread    rel err
   512      0.157       1714.2   13020.00    13.2%     18.2%   3.79e-03
  1024      0.636       3375.4   13020.00    25.9%      3.4%   5.39e-03
  2048      5.994       2866.0   13020.00    22.0%      3.6%   5.65e-03
  4096     30.776       4465.7   13020.00    34.3%      8.2%   3.32e-02
  8192    237.112       4637.1   13020.00    35.6%      1.6%   2.51e-02

## DGEMM, fp64
     N         ms      GFLOP/s                        spread    rel err
   512      0.628        427.6          -        -      3.5%   2.33e-15
  1024      4.810        446.4          -        -      0.1%   9.99e-16
  2048     37.643        456.4          -        -      0.0%   1.89e-15
  4096    300.579        457.2          -        -      0.0%   2.38e-15

done
