/tmp/torch_bench.py:223: UserWarning: 1Torch was not compiled with memory efficient attention. (Triggered internally at /home/akandr/pytorch-f44/aten/src/ATen/native/transformers/hip/sdp_utils.cpp:778.)
  med, lo, hi = timed(lambda: torch.nn.functional.scaled_dot_product_attention(q, k, v))
torch 2.9.1a0+gitd38164a  hip 7.1.52802-9999
device AMD BC-250  arch gfx1013:xnack-  CUs 20  vram 16.0 GiB
ceilings measured on this board: fp32 6.52 TFLOP/s, packed fp16 13.02 TFLOP/s, read 432.0 GB/s
edge +55.0 at start; warmup 3, 7 timed reps, median of each
fp32 GEMM against CPU at N=512: max abs error 1.53e-04

## GEMM, square N x N, 2*N^3 flops
dtype          N        ms   TFLOP/s   ceiling  % peak  spread
float32      512      0.20     1.368      6.52   21.0%    5.1%
float32     1024      0.86     2.499      6.52   38.3%    0.4%
float32     2048      5.75     2.986      6.52   45.8%    0.2%
float32     4096     30.26     4.542      6.52   69.7%    0.7%
float32     8192    238.68     4.607      6.52   70.7%    0.6%
float16      512      0.10     2.688     13.02   20.6%    5.7%
float16     1024      0.55     3.900     13.02   30.0%    0.9%
float16     2048      4.12     4.169     13.02   32.0%    0.4%
float16     4096     32.34     4.249     13.02   32.6%    0.2%
float16     8192    258.84     4.248     13.02   32.6%    0.1%
bfloat16     512      0.12     2.308     13.02   17.7%    5.4%
bfloat16    1024      0.63     3.427     13.02   26.3%    0.7%
bfloat16    2048      4.62     3.715     13.02   28.5%    0.8%
bfloat16    4096     36.10     3.807     13.02   29.2%    0.2%
bfloat16    8192    290.89     3.780     13.02   29.0%    0.2%

## Memory bound: c = a + b, 3 arrays touched (2 read, 1 write), fp32
  elements  MiB moved        ms     GB/s  % of 432  spread
   1048576       12.0     0.045    280.3     64.9%    5.7%
   4194304       48.0     0.141    355.8     82.4%    2.7%
  16777216      192.0     0.530    379.8     87.9%    1.0%
  67108864      768.0     2.075    388.1     89.8%    1.4%

## conv2d, 3x3, stride 1, pad 1, NCHW
   rate is effective flops by the direct-convolution count; >100% means an algorithmically
   cheaper method (Winograd or FFT), not a faster machine
dtype       N    C    H        ms  eff TF/s   ceiling vs ceil  spread
float32     8   64  128      0.83    11.665      6.52  178.9%    0.7%
float32     8  256   64      2.90    13.343      6.52  204.6%    0.2%
float32    16  128   64      1.51    12.758      6.52  195.7%    0.4%
float16     8   64  128      4.60     2.103     13.02   16.1%    0.1%
float16     8  256   64     10.46     3.697     13.02   28.4%    0.1%
float16    16  128   64      5.94     3.255     13.02   25.0%    0.3%

## scaled_dot_product_attention, batch 8, 8 heads, head_dim 64
dtype        seq        ms   TFLOP/s   ceiling  % peak  spread
float32      512      3.22     1.333      6.52   20.4%    2.6%
float32     1024     11.88     1.447      6.52   22.2%    0.7%
float32     2048     41.90     1.640      6.52   25.2%    0.8%
float16      512      3.66     1.172     13.02    9.0%    1.9%
float16     1024     13.22     1.299     13.02   10.0%    1.2%
float16     2048     46.70     1.472     13.02   11.3%    0.7%

## Training step, 4 pre-norm transformer blocks, d_model=512, heads=8, seq=256, Adam
precision   batch   ms/step  steps/s   ktok/s  spread
float32         1      17.2    58.18     14.9   29.6%
float32         4      35.8    27.94     28.6    0.6%
float32        16     121.2     8.25     33.8    0.3%
float16         1      20.3    49.28     12.6    0.8%
float16         4     162.7     6.15      6.3    0.1%
float16        16     928.9     1.08      4.4    0.1%

## CPU reference, the same fp32 GEMM at N=2048, 12 threads
torch    0.008 TFLOP/s (  2283.5 ms)   <- no MKL/MKLDNN in this build, not what the CPU can do
numpy    0.321 TFLOP/s (    53.5 ms)
GPU      2.986 TFLOP/s (     5.8 ms)  -> 9.3x the CPU at its best

edge +65.0 at end
