ggml_cuda_init: found 1 ROCm devices (Total VRAM: 16384 MiB):
  Device 0: AMD BC-250, gfx1013:xnack- (0x1013), VMM: no, Wave Size: 32, VRAM: 16384 MiB
ggml_backend_cuda_get_available_uma_memory: final available_memory_kb: 14434604
ggml_backend_cuda_graph_compute: CUDA graph warmup complete
Testing 2 devices

Backend 1/2: ROCm0
  Device description: AMD BC-250
  Device memory: 16384 MB (14096 MB free)

  CONCAT(name=conv_input-0,type=f32,ne=[4,8192,1,1],op_params=[],sources=f32[3,8192,1,1],f32[1,8192,1,1]nb[32768,4,32768,32768]):             253921 runs -     4.05 us/run -      256 kB/run - [1;34m  60.32 GB/s[0m
  CONCAT(name=conv_input-0,type=f32,ne=[2051,8192,1,1],op_params=[],sources=f32[3,8192,1,1],f32[2048,8192,1,1]nb[32768,4,67108864,67108864]): ggml_backend_cuda_graph_compute: CUDA graph warmup complete
                   256 runs -  8256.11 us/run -   131264 kB/run - [1;34m  15.16 GB/s[0m
  SSM_CONV(name=conv_output_raw-0,type=f32,ne=[8192,1,1,1],op_params=[],sources=f32[4,8192,1,1],f32[4,8192,1,1]): ggml_backend_cuda_graph_compute: CUDA graph warmup complete
            327680 runs -     3.07 us/run -      288 kB/run - [1;34m  89.56 GB/s[0m
  SSM_CONV(name=conv_output_raw-0,type=f32,ne=[8192,2048,1,1],op_params=[],sources=f32[2051,8192,1,1],f32[4,8192,1,1]): ggml_backend_cuda_graph_compute: CUDA graph warmup complete
                1536 runs -   696.09 us/run -   131296 kB/run - [1;34m 179.88 GB/s[0m
  GATED_DELTA_NET(name=node_44,type=f32,ne=[4096,129,1,1],op_params=[0:1],sources=f32[128,16,1,1],f32[128,16,1,1],f32[128,32,1,1]nb[4,512,32768,32768],f32[1,32,1,1],f32[1,32,1,1],f32[128,128,32,1]):                 89067 runs -    12.25 us/run -     4144 kB/run - [1;34m 322.55 GB/s[0m
  GATED_DELTA_NET(name=node_44,type=f32,ne=[4096,2176,1,1],op_params=[0:1],sources=f32[128,16,2048,1],f32[128,16,2048,1],f32[128,32,2048,1]nb[4,512,32768,67108864],f32[1,32,2048,1],f32[1,32,2048,1],f32[128,128,32,1]):                248 runs - 10147.24 us/run -   135664 kB/run - [1;34m  12.75 GB/s[0m
  Backend ROCm0: [1;32mOK[0m
Backend 2/2: CPU
  Skipping
2/2 backends passed
[1;32mOK[0m
