ggml_cuda_init: found 1 ROCm devices (Total VRAM: 16384 MiB):
  Device 0: AMD BC-250, gfx1013:xnack- (0x1013), VMM: no, Wave Size: 32, VRAM: 16384 MiB
ggml_backend_cuda_get_available_uma_memory: final available_memory_kb: 14583956
ggml_backend_cuda_graph_compute: CUDA graph warmup complete
Testing 2 devices

Backend 1/2: ROCm0
  Device description: AMD BC-250
  Device memory: 16384 MB (14242 MB free)

  CONCAT(name=conv_input-0,type=f32,ne=[4,10240,1,1],op_params=[],sources=f32[3,10240,1,1],f32[1,10240,1,1]nb[40960,4,40960,40960]): ggml_backend_cuda_graph_compute: CUDA graph warmup complete
                 180202 runs -     5.67 us/run -      320 kB/run - [1;34m  53.85 GB/s[0m
  CONCAT(name=conv_input-0,type=f32,ne=[2051,10240,1,1],op_params=[],sources=f32[3,10240,1,1],f32[2048,10240,1,1]nb[40960,4,83886080,83886080]): ggml_backend_cuda_graph_compute: CUDA graph warmup complete
                410 runs -  3200.42 us/run -   164080 kB/run - [1;34m  48.89 GB/s[0m
  SSM_CONV(name=conv_output_raw-0,type=f32,ne=[10240,1,1,1],op_params=[],sources=f32[4,10240,1,1],f32[4,10240,1,1]): ggml_backend_cuda_graph_compute: CUDA graph warmup complete
                 327680 runs -     3.12 us/run -      360 kB/run - [1;34m 110.01 GB/s[0m
  SSM_CONV(name=conv_output_raw-0,type=f32,ne=[10240,2048,1,1],op_params=[],sources=f32[2051,10240,1,1],f32[4,10240,1,1]): ggml_backend_cuda_graph_compute: CUDA graph warmup complete
             1230 runs -   879.80 us/run -   164120 kB/run - [1;34m 177.90 GB/s[0m
  GATED_DELTA_NET(name=node_44,type=f32,ne=[6144,129,1,1],op_params=[0:1],sources=f32[128,16,1,1],f32[128,16,1,1],f32[128,48,1,1]nb[4,512,40960,40960],f32[1,48,1,1],f32[1,48,1,1],f32[128,128,48,1]):                 54050 runs -    19.85 us/run -     6208 kB/run - [1;34m 298.26 GB/s[0m
  GATED_DELTA_NET(name=node_44,type=f32,ne=[6144,2176,1,1],op_params=[0:1],sources=f32[128,16,2048,1],f32[128,16,2048,1],f32[128,48,2048,1]nb[4,512,40960,83886080],f32[1,48,2048,1],f32[1,48,2048,1],f32[128,128,48,1]):                197 runs -  7231.84 us/run -   170736 kB/run - [1;34m  22.52 GB/s[0m
  Backend ROCm0: [1;32mOK[0m
Backend 2/2: CPU
  Skipping
2/2 backends passed
[1;32mOK[0m
