== D=256 rows: 32:256:2:64:64
   c1=32 c2=1 oob=1 vgpr=256  spill=1226  scratch=2640  occ=4
   c1=16 c2=2 oob=0 vgpr=256  spill=693   scratch=2776  occ=4
   c1=4 c2=8 oob=0 vgpr=256  spill=689   scratch=2760  occ=4
   c1=8 c2=4 oob=0 vgpr=256  spill=684   scratch=2740  occ=4
   c1=32 c2=1 oob=0 vgpr=256  spill=643   scratch=2464  occ=4
   c1=4 c2=8 oob=1 vgpr=256  spill=617   scratch=2372  occ=4
   c1=16 c2=2 oob=1 vgpr=256  spill=617   scratch=2352  occ=4
   c1=8 c2=4 oob=1 vgpr=256  spill=616   scratch=2368  occ=4
   c1=2 c2=1 oob=0 vgpr=256  spill=69    scratch=272   occ=4
   c1=4 c2=1 oob=0 vgpr=256  spill=60    scratch=240   occ=4
   c1=8 c2=1 oob=0 vgpr=256  spill=52    scratch=208   occ=4
   c1=16 c2=1 oob=0 vgpr=256  spill=52    scratch=208   occ=4
   c1=8 c2=2 oob=1 vgpr=154  spill=0     scratch=0     occ=6
   c1=8 c2=2 oob=0 vgpr=177  spill=0     scratch=0     occ=5
   c1=8 c2=1 oob=1 vgpr=160  spill=0     scratch=32    occ=6
   c1=4 c2=4 oob=1 vgpr=154  spill=0     scratch=0     occ=6
   c1=4 c2=4 oob=0 vgpr=177  spill=0     scratch=0     occ=5
   c1=4 c2=2 oob=1 vgpr=134  spill=0     scratch=0     occ=7
   c1=4 c2=2 oob=0 vgpr=157  spill=0     scratch=0     occ=6
   c1=4 c2=1 oob=1 vgpr=213  spill=0     scratch=32    occ=4
   c1=2 c2=8 oob=1 vgpr=154  spill=0     scratch=0     occ=6
   c1=2 c2=8 oob=0 vgpr=177  spill=0     scratch=0     occ=5
   c1=2 c2=4 oob=1 vgpr=134  spill=0     scratch=0     occ=7
   c1=2 c2=4 oob=0 vgpr=157  spill=0     scratch=0     occ=6
   c1=2 c2=2 oob=1 vgpr=154  spill=0     scratch=0     occ=6
   c1=2 c2=2 oob=0 vgpr=167  spill=0     scratch=0     occ=6
   c1=2 c2=1 oob=1 vgpr=222  spill=0     scratch=32    occ=4
   c1=16 c2=1 oob=1 vgpr=174  spill=0     scratch=32    occ=5
   c1=1 c2=8 oob=1 vgpr=134  spill=0     scratch=0     occ=7
   c1=1 c2=8 oob=0 vgpr=157  spill=0     scratch=0     occ=6
   c1=1 c2=4 oob=1 vgpr=154  spill=0     scratch=0     occ=6
   c1=1 c2=4 oob=0 vgpr=167  spill=0     scratch=0     occ=6
   c1=1 c2=2 oob=1 vgpr=203  spill=0     scratch=0     occ=4
   c1=1 c2=2 oob=0 vgpr=187  spill=0     scratch=0     occ=5
== D=256 rows: 32:512:2:64:128
   c1=32 c2=1 oob=1 vgpr=256  spill=647   scratch=1392  occ=4
   c1=8 c2=4 oob=1 vgpr=256  spill=331   scratch=1252  occ=4
   c1=4 c2=8 oob=1 vgpr=256  spill=331   scratch=1252  occ=4
   c1=32 c2=1 oob=0 vgpr=256  spill=331   scratch=1296  occ=4
   c1=16 c2=2 oob=1 vgpr=256  spill=330   scratch=1248  occ=4
   c1=8 c2=4 oob=0 vgpr=256  spill=292   scratch=1064  occ=4
   c1=4 c2=8 oob=0 vgpr=256  spill=292   scratch=1064  occ=4
   c1=16 c2=2 oob=0 vgpr=256  spill=291   scratch=1064  occ=4
   c1=2 c2=1 oob=0 vgpr=256  spill=69    scratch=272   occ=4
   c1=4 c2=1 oob=0 vgpr=256  spill=60    scratch=240   occ=4
   c1=8 c2=1 oob=0 vgpr=256  spill=52    scratch=208   occ=4
   c1=16 c2=1 oob=0 vgpr=256  spill=52    scratch=208   occ=4
   c1=8 c2=2 oob=1 vgpr=154  spill=0     scratch=0     occ=6
   c1=8 c2=2 oob=0 vgpr=177  spill=0     scratch=0     occ=5
   c1=8 c2=1 oob=1 vgpr=160  spill=0     scratch=32    occ=6
   c1=4 c2=4 oob=1 vgpr=154  spill=0     scratch=0     occ=6
   c1=4 c2=4 oob=0 vgpr=177  spill=0     scratch=0     occ=5
   c1=4 c2=2 oob=1 vgpr=134  spill=0     scratch=0     occ=7
   c1=4 c2=2 oob=0 vgpr=157  spill=0     scratch=0     occ=6
   c1=4 c2=1 oob=1 vgpr=213  spill=0     scratch=32    occ=4
   c1=2 c2=8 oob=1 vgpr=154  spill=0     scratch=0     occ=6
   c1=2 c2=8 oob=0 vgpr=177  spill=0     scratch=0     occ=5
   c1=2 c2=4 oob=1 vgpr=134  spill=0     scratch=0     occ=7
   c1=2 c2=4 oob=0 vgpr=157  spill=0     scratch=0     occ=6
   c1=2 c2=2 oob=1 vgpr=154  spill=0     scratch=0     occ=6
   c1=2 c2=2 oob=0 vgpr=167  spill=0     scratch=0     occ=6
   c1=2 c2=1 oob=1 vgpr=222  spill=0     scratch=32    occ=4
   c1=16 c2=1 oob=1 vgpr=174  spill=0     scratch=32    occ=5
   c1=1 c2=8 oob=1 vgpr=134  spill=0     scratch=0     occ=7
   c1=1 c2=8 oob=0 vgpr=157  spill=0     scratch=0     occ=6
   c1=1 c2=4 oob=1 vgpr=154  spill=0     scratch=0     occ=6
   c1=1 c2=4 oob=0 vgpr=167  spill=0     scratch=0     occ=6
   c1=1 c2=2 oob=1 vgpr=203  spill=0     scratch=0     occ=4
   c1=1 c2=2 oob=0 vgpr=187  spill=0     scratch=0     occ=5
== D=256 rows: 32:256:1:32:64
   c1=32 c2=1 oob=1 vgpr=256  spill=728   scratch=1520  occ=4
   c1=32 c2=1 oob=0 vgpr=256  spill=477   scratch=1840  occ=4
   c1=16 c2=2 oob=1 vgpr=256  spill=366   scratch=1348  occ=4
   c1=4 c2=8 oob=1 vgpr=256  spill=362   scratch=1332  occ=4
   c1=8 c2=4 oob=1 vgpr=256  spill=361   scratch=1328  occ=4
   c1=16 c2=2 oob=0 vgpr=256  spill=225   scratch=896   occ=4
   c1=2 c2=1 oob=0 vgpr=256  spill=69    scratch=272   occ=4
   c1=4 c2=1 oob=0 vgpr=256  spill=60    scratch=240   occ=4
   c1=8 c2=1 oob=0 vgpr=256  spill=52    scratch=208   occ=4
   c1=16 c2=1 oob=0 vgpr=256  spill=52    scratch=208   occ=4
   c1=4 c2=8 oob=0 vgpr=256  spill=5     scratch=24    occ=4
   c1=8 c2=4 oob=0 vgpr=256  spill=4     scratch=20    occ=4
   c1=8 c2=2 oob=1 vgpr=154  spill=0     scratch=0     occ=6
   c1=8 c2=2 oob=0 vgpr=177  spill=0     scratch=0     occ=5
   c1=8 c2=1 oob=1 vgpr=160  spill=0     scratch=32    occ=6
   c1=4 c2=4 oob=1 vgpr=154  spill=0     scratch=0     occ=6
   c1=4 c2=4 oob=0 vgpr=177  spill=0     scratch=0     occ=5
   c1=4 c2=2 oob=1 vgpr=134  spill=0     scratch=0     occ=7
   c1=4 c2=2 oob=0 vgpr=157  spill=0     scratch=0     occ=6
   c1=4 c2=1 oob=1 vgpr=213  spill=0     scratch=32    occ=4
   c1=2 c2=8 oob=1 vgpr=154  spill=0     scratch=0     occ=6
   c1=2 c2=8 oob=0 vgpr=177  spill=0     scratch=0     occ=5
   c1=2 c2=4 oob=1 vgpr=134  spill=0     scratch=0     occ=7
   c1=2 c2=4 oob=0 vgpr=157  spill=0     scratch=0     occ=6
   c1=2 c2=2 oob=1 vgpr=154  spill=0     scratch=0     occ=6
   c1=2 c2=2 oob=0 vgpr=167  spill=0     scratch=0     occ=6
   c1=2 c2=1 oob=1 vgpr=222  spill=0     scratch=32    occ=4
   c1=16 c2=1 oob=1 vgpr=174  spill=0     scratch=32    occ=5
   c1=1 c2=8 oob=1 vgpr=134  spill=0     scratch=0     occ=7
   c1=1 c2=8 oob=0 vgpr=157  spill=0     scratch=0     occ=6
   c1=1 c2=4 oob=1 vgpr=154  spill=0     scratch=0     occ=6
   c1=1 c2=4 oob=0 vgpr=167  spill=0     scratch=0     occ=6
   c1=1 c2=2 oob=1 vgpr=203  spill=0     scratch=0     occ=4
   c1=1 c2=2 oob=0 vgpr=187  spill=0     scratch=0     occ=5
== D=256 rows: 32:256:3:32:64
   c1=32 c2=1 oob=1 vgpr=256  spill=728   scratch=1520  occ=4
   c1=32 c2=1 oob=0 vgpr=256  spill=477   scratch=1840  occ=4
   c1=16 c2=2 oob=1 vgpr=256  spill=366   scratch=1348  occ=4
   c1=4 c2=8 oob=1 vgpr=256  spill=362   scratch=1332  occ=4
   c1=8 c2=4 oob=1 vgpr=256  spill=361   scratch=1328  occ=4
   c1=16 c2=2 oob=0 vgpr=256  spill=225   scratch=896   occ=4
   c1=2 c2=1 oob=0 vgpr=256  spill=69    scratch=272   occ=4
   c1=4 c2=1 oob=0 vgpr=256  spill=60    scratch=240   occ=4
   c1=8 c2=1 oob=0 vgpr=256  spill=52    scratch=208   occ=4
   c1=16 c2=1 oob=0 vgpr=256  spill=52    scratch=208   occ=4
   c1=4 c2=8 oob=0 vgpr=256  spill=5     scratch=24    occ=4
   c1=8 c2=4 oob=0 vgpr=256  spill=4     scratch=20    occ=4
   c1=8 c2=2 oob=1 vgpr=154  spill=0     scratch=0     occ=6
   c1=8 c2=2 oob=0 vgpr=177  spill=0     scratch=0     occ=5
   c1=8 c2=1 oob=1 vgpr=160  spill=0     scratch=32    occ=6
   c1=4 c2=4 oob=1 vgpr=154  spill=0     scratch=0     occ=6
   c1=4 c2=4 oob=0 vgpr=177  spill=0     scratch=0     occ=5
   c1=4 c2=2 oob=1 vgpr=134  spill=0     scratch=0     occ=7
   c1=4 c2=2 oob=0 vgpr=157  spill=0     scratch=0     occ=6
   c1=4 c2=1 oob=1 vgpr=213  spill=0     scratch=32    occ=4
   c1=2 c2=8 oob=1 vgpr=154  spill=0     scratch=0     occ=6
   c1=2 c2=8 oob=0 vgpr=177  spill=0     scratch=0     occ=5
   c1=2 c2=4 oob=1 vgpr=134  spill=0     scratch=0     occ=7
   c1=2 c2=4 oob=0 vgpr=157  spill=0     scratch=0     occ=6
   c1=2 c2=2 oob=1 vgpr=154  spill=0     scratch=0     occ=6
   c1=2 c2=2 oob=0 vgpr=167  spill=0     scratch=0     occ=6
   c1=2 c2=1 oob=1 vgpr=222  spill=0     scratch=32    occ=4
   c1=16 c2=1 oob=1 vgpr=174  spill=0     scratch=32    occ=5
   c1=1 c2=8 oob=1 vgpr=134  spill=0     scratch=0     occ=7
   c1=1 c2=8 oob=0 vgpr=157  spill=0     scratch=0     occ=6
   c1=1 c2=4 oob=1 vgpr=154  spill=0     scratch=0     occ=6
   c1=1 c2=4 oob=0 vgpr=167  spill=0     scratch=0     occ=6
   c1=1 c2=2 oob=1 vgpr=203  spill=0     scratch=0     occ=4
   c1=1 c2=2 oob=0 vgpr=187  spill=0     scratch=0     occ=5
== D=256 rows: 32:256:2:32:32
   c1=32 c2=1 oob=0 vgpr=256  spill=851   scratch=2064  occ=4
   c1=32 c2=1 oob=1 vgpr=256  spill=826   scratch=1776  occ=4
   c1=16 c2=2 oob=0 vgpr=256  spill=431   scratch=1608  occ=4
   c1=4 c2=8 oob=0 vgpr=256  spill=427   scratch=1592  occ=4
   c1=8 c2=4 oob=0 vgpr=256  spill=426   scratch=1588  occ=4
   c1=16 c2=2 oob=1 vgpr=256  spill=396   scratch=1484  occ=4
   c1=4 c2=8 oob=1 vgpr=256  spill=392   scratch=1468  occ=4
   c1=8 c2=4 oob=1 vgpr=256  spill=391   scratch=1464  occ=4
   c1=2 c2=1 oob=0 vgpr=256  spill=69    scratch=272   occ=4
   c1=4 c2=1 oob=0 vgpr=256  spill=60    scratch=240   occ=4
   c1=8 c2=1 oob=0 vgpr=256  spill=52    scratch=208   occ=4
   c1=16 c2=1 oob=0 vgpr=256  spill=52    scratch=208   occ=4
   c1=8 c2=2 oob=1 vgpr=154  spill=0     scratch=0     occ=6
   c1=8 c2=2 oob=0 vgpr=177  spill=0     scratch=0     occ=5
   c1=8 c2=1 oob=1 vgpr=160  spill=0     scratch=32    occ=6
   c1=4 c2=4 oob=1 vgpr=154  spill=0     scratch=0     occ=6
   c1=4 c2=4 oob=0 vgpr=177  spill=0     scratch=0     occ=5
   c1=4 c2=2 oob=1 vgpr=134  spill=0     scratch=0     occ=7
   c1=4 c2=2 oob=0 vgpr=157  spill=0     scratch=0     occ=6
   c1=4 c2=1 oob=1 vgpr=213  spill=0     scratch=32    occ=4
   c1=2 c2=8 oob=1 vgpr=154  spill=0     scratch=0     occ=6
   c1=2 c2=8 oob=0 vgpr=177  spill=0     scratch=0     occ=5
   c1=2 c2=4 oob=1 vgpr=134  spill=0     scratch=0     occ=7
   c1=2 c2=4 oob=0 vgpr=157  spill=0     scratch=0     occ=6
   c1=2 c2=2 oob=1 vgpr=154  spill=0     scratch=0     occ=6
   c1=2 c2=2 oob=0 vgpr=167  spill=0     scratch=0     occ=6
   c1=2 c2=1 oob=1 vgpr=222  spill=0     scratch=32    occ=4
   c1=16 c2=1 oob=1 vgpr=174  spill=0     scratch=32    occ=5
   c1=1 c2=8 oob=1 vgpr=134  spill=0     scratch=0     occ=7
   c1=1 c2=8 oob=0 vgpr=157  spill=0     scratch=0     occ=6
   c1=1 c2=4 oob=1 vgpr=154  spill=0     scratch=0     occ=6
   c1=1 c2=4 oob=0 vgpr=167  spill=0     scratch=0     occ=6
   c1=1 c2=2 oob=1 vgpr=203  spill=0     scratch=0     occ=4
   c1=1 c2=2 oob=0 vgpr=187  spill=0     scratch=0     occ=5
== D=256 rows: 32:256:2:64:32
   c1=32 c2=1 oob=1 vgpr=256  spill=1258  scratch=2768  occ=4
   c1=4 c2=8 oob=1 vgpr=256  spill=668   scratch=2452  occ=4
   c1=8 c2=4 oob=1 vgpr=256  spill=667   scratch=2448  occ=4
   c1=32 c2=1 oob=0 vgpr=256  spill=619   scratch=2400  occ=4
   c1=16 c2=2 oob=1 vgpr=256  spill=610   scratch=2324  occ=4
   c1=2 c2=1 oob=0 vgpr=256  spill=69    scratch=272   occ=4
   c1=4 c2=1 oob=0 vgpr=256  spill=60    scratch=240   occ=4
   c1=8 c2=1 oob=0 vgpr=256  spill=52    scratch=208   occ=4
   c1=16 c2=1 oob=0 vgpr=256  spill=52    scratch=208   occ=4
   c1=16 c2=2 oob=0 vgpr=256  spill=6     scratch=28    occ=4
   c1=4 c2=8 oob=0 vgpr=256  spill=3     scratch=16    occ=4
   c1=8 c2=4 oob=0 vgpr=256  spill=2     scratch=12    occ=4
   c1=8 c2=2 oob=1 vgpr=154  spill=0     scratch=0     occ=6
   c1=8 c2=2 oob=0 vgpr=177  spill=0     scratch=0     occ=5
   c1=8 c2=1 oob=1 vgpr=160  spill=0     scratch=32    occ=6
   c1=4 c2=4 oob=1 vgpr=154  spill=0     scratch=0     occ=6
   c1=4 c2=4 oob=0 vgpr=177  spill=0     scratch=0     occ=5
   c1=4 c2=2 oob=1 vgpr=134  spill=0     scratch=0     occ=7
   c1=4 c2=2 oob=0 vgpr=157  spill=0     scratch=0     occ=6
   c1=4 c2=1 oob=1 vgpr=213  spill=0     scratch=32    occ=4
   c1=2 c2=8 oob=1 vgpr=154  spill=0     scratch=0     occ=6
   c1=2 c2=8 oob=0 vgpr=177  spill=0     scratch=0     occ=5
   c1=2 c2=4 oob=1 vgpr=134  spill=0     scratch=0     occ=7
   c1=2 c2=4 oob=0 vgpr=157  spill=0     scratch=0     occ=6
   c1=2 c2=2 oob=1 vgpr=154  spill=0     scratch=0     occ=6
   c1=2 c2=2 oob=0 vgpr=167  spill=0     scratch=0     occ=6
   c1=2 c2=1 oob=1 vgpr=222  spill=0     scratch=32    occ=4
   c1=16 c2=1 oob=1 vgpr=174  spill=0     scratch=32    occ=5
   c1=1 c2=8 oob=1 vgpr=134  spill=0     scratch=0     occ=7
   c1=1 c2=8 oob=0 vgpr=157  spill=0     scratch=0     occ=6
   c1=1 c2=4 oob=1 vgpr=154  spill=0     scratch=0     occ=6
   c1=1 c2=4 oob=0 vgpr=167  spill=0     scratch=0     occ=6
   c1=1 c2=2 oob=1 vgpr=203  spill=0     scratch=0     occ=4
   c1=1 c2=2 oob=0 vgpr=187  spill=0     scratch=0     occ=5
restored
