ggml_cuda_init: found 1 ROCm devices (Total VRAM: 16384 MiB):
  Device 0: AMD BC-250, gfx1013:xnack- (0x1013), VMM: no, Wave Size: 32, VRAM: 16384 MiB
ggml_backend_cuda_get_available_uma_memory: final available_memory_kb: 14424356
Testing 2 devices

Backend 1/2: ROCm0
  Device description: AMD BC-250
  Device memory: 16384 MB (14086 MB free)

  MUL_MAT(type_a=f16,type_b=f32,m=16416,n=1,k=128,bs=[8,1],nr=[4,1],per=[0,2,1,3],k_v=0,o=1): ggml_backend_cuda_graph_compute: CUDA graph warmup complete
                   744 runs -  2623.23 us/run - 134.48 MFLOP/run - [1;34m 51.27 GFLOPS[0m
  MUL_MAT(type_a=f16,type_b=f32,m=128,n=1,k=16416,bs=[8,1],nr=[4,1],per=[0,1,2,3],k_v=32832,o=1): ggml_backend_cuda_graph_compute: CUDA graph warmup complete
              2976 runs -   382.58 us/run - 134.48 MFLOP/run - [1;34m351.51 GFLOPS[0m
  MUL_MAT(type_a=f32,type_b=f32,m=4096,n=1,k=14336,bs=[1,1],nr=[1,1],per=[0,1,2,3],k_v=0,o=1): ggml_backend_cuda_graph_compute: CUDA graph warmup complete
                 2556 runs -   577.24 us/run - 117.44 MFLOP/run - [1;34m203.45 GFLOPS[0m
  MUL_MAT(type_a=f16,type_b=f32,m=4096,n=1,k=14336,bs=[1,1],nr=[1,1],per=[0,1,2,3],k_v=0,o=1): ggml_backend_cuda_graph_compute: CUDA graph warmup complete
                 3408 runs -   361.38 us/run - 117.44 MFLOP/run - [1;34m324.98 GFLOPS[0m
  MUL_MAT(type_a=bf16,type_b=f32,m=4096,n=1,k=14336,bs=[1,1],nr=[1,1],per=[0,1,2,3],k_v=0,o=1): ggml_backend_cuda_graph_compute: CUDA graph warmup complete
                3408 runs -   361.65 us/run - 117.44 MFLOP/run - [1;34m324.73 GFLOPS[0m
  MUL_MAT(type_a=q4_0,type_b=f32,m=4096,n=1,k=14336,bs=[1,1],nr=[1,1],per=[0,1,2,3],k_v=0,o=1): ggml_backend_cuda_graph_compute: CUDA graph warmup complete
               10224 runs -    99.02 us/run - 117.44 MFLOP/run - [1;34m  1.19 TFLOPS[0m
  MUL_MAT(type_a=q4_1,type_b=f32,m=4096,n=1,k=14336,bs=[1,1],nr=[1,1],per=[0,1,2,3],k_v=0,o=1): ggml_backend_cuda_graph_compute: CUDA graph warmup complete
               10224 runs -   106.42 us/run - 117.44 MFLOP/run - [1;34m  1.10 TFLOPS[0m
  MUL_MAT(type_a=q5_0,type_b=f32,m=4096,n=1,k=14336,bs=[1,1],nr=[1,1],per=[0,1,2,3],k_v=0,o=1): ggml_backend_cuda_graph_compute: CUDA graph warmup complete
                8520 runs -   117.83 us/run - 117.44 MFLOP/run - [1;34m996.72 GFLOPS[0m
  MUL_MAT(type_a=q5_1,type_b=f32,m=4096,n=1,k=14336,bs=[1,1],nr=[1,1],per=[0,1,2,3],k_v=0,o=1): ggml_backend_cuda_graph_compute: CUDA graph warmup complete
                8520 runs -   124.98 us/run - 117.44 MFLOP/run - [1;34m939.70 GFLOPS[0m
  MUL_MAT(type_a=q8_0,type_b=f32,m=4096,n=1,k=14336,bs=[1,1],nr=[1,1],per=[0,1,2,3],k_v=0,o=1): ggml_backend_cuda_graph_compute: CUDA graph warmup complete
                5964 runs -   172.59 us/run - 117.44 MFLOP/run - [1;34m680.44 GFLOPS[0m
  MUL_MAT(type_a=q1_0,type_b=f32,m=4096,n=1,k=14336,bs=[1,1],nr=[1,1],per=[0,1,2,3],k_v=0,o=1): ggml_backend_cuda_graph_compute: CUDA graph warmup complete
                1704 runs -   787.78 us/run - 117.44 MFLOP/run - [1;34m149.08 GFLOPS[0m
  MUL_MAT(type_a=q2_0,type_b=f32,m=4096,n=1,k=14336,bs=[1,1],nr=[1,1],per=[0,1,2,3],k_v=0,o=1): ggml_backend_cuda_graph_compute: CUDA graph warmup complete
                2556 runs -   462.78 us/run - 117.44 MFLOP/run - [1;34m253.77 GFLOPS[0m
  MUL_MAT(type_a=mxfp4,type_b=f32,m=4096,n=1,k=14336,bs=[1,1],nr=[1,1],per=[0,1,2,3],k_v=0,o=1): ggml_backend_cuda_graph_compute: CUDA graph warmup complete
              11076 runs -    96.12 us/run - 117.44 MFLOP/run - [1;34m  1.22 TFLOPS[0m
  MUL_MAT(type_a=nvfp4,type_b=f32,m=4096,n=1,k=14336,bs=[1,1],nr=[1,1],per=[0,1,2,3],k_v=0,o=1): ggml_backend_cuda_graph_compute: CUDA graph warmup complete
               6816 runs -   151.41 us/run - 117.44 MFLOP/run - [1;34m775.62 GFLOPS[0m
  MUL_MAT(type_a=q2_K,type_b=f32,m=4096,n=1,k=14336,bs=[1,1],nr=[1,1],per=[0,1,2,3],k_v=0,o=1): ggml_backend_cuda_graph_compute: CUDA graph warmup complete
                6816 runs -   155.75 us/run - 117.44 MFLOP/run - [1;34m754.03 GFLOPS[0m
  MUL_MAT(type_a=q3_K,type_b=f32,m=4096,n=1,k=14336,bs=[1,1],nr=[1,1],per=[0,1,2,3],k_v=0,o=1): ggml_backend_cuda_graph_compute: CUDA graph warmup complete
                5112 runs -   209.89 us/run - 117.44 MFLOP/run - [1;34m559.54 GFLOPS[0m
  MUL_MAT(type_a=q4_K,type_b=f32,m=4096,n=1,k=14336,bs=[1,1],nr=[1,1],per=[0,1,2,3],k_v=0,o=1): ggml_backend_cuda_graph_compute: CUDA graph warmup complete
                6816 runs -   155.10 us/run - 117.44 MFLOP/run - [1;34m757.19 GFLOPS[0m
  MUL_MAT(type_a=q5_K,type_b=f32,m=4096,n=1,k=14336,bs=[1,1],nr=[1,1],per=[0,1,2,3],k_v=0,o=1): ggml_backend_cuda_graph_compute: CUDA graph warmup reset
ggml_backend_cuda_graph_compute: CUDA graph warmup complete
                6816 runs -   160.95 us/run - 117.44 MFLOP/run - [1;34m729.68 GFLOPS[0m
  MUL_MAT(type_a=q6_K,type_b=f32,m=4096,n=1,k=14336,bs=[1,1],nr=[1,1],per=[0,1,2,3],k_v=0,o=1): ggml_backend_cuda_graph_compute: CUDA graph warmup complete
                5964 runs -   173.55 us/run - 117.44 MFLOP/run - [1;34m676.69 GFLOPS[0m
  MUL_MAT(type_a=iq2_xxs,type_b=f32,m=4096,n=1,k=14336,bs=[1,1],nr=[1,1],per=[0,1,2,3],k_v=0,o=1): ggml_backend_cuda_graph_compute: CUDA graph warmup complete
             3408 runs -   295.51 us/run - 117.44 MFLOP/run - [1;34m397.41 GFLOPS[0m
  MUL_MAT(type_a=iq2_xs,type_b=f32,m=4096,n=1,k=14336,bs=[1,1],nr=[1,1],per=[0,1,2,3],k_v=0,o=1): ggml_backend_cuda_graph_compute: CUDA graph warmup complete
              5112 runs -   231.86 us/run - 117.44 MFLOP/run - [1;34m506.52 GFLOPS[0m
  MUL_MAT(type_a=iq2_s,type_b=f32,m=4096,n=1,k=14336,bs=[1,1],nr=[1,1],per=[0,1,2,3],k_v=0,o=1): ggml_backend_cuda_graph_compute: CUDA graph warmup complete
               5112 runs -   222.71 us/run - 117.44 MFLOP/run - [1;34m527.31 GFLOPS[0m
  MUL_MAT(type_a=iq3_xxs,type_b=f32,m=4096,n=1,k=14336,bs=[1,1],nr=[1,1],per=[0,1,2,3],k_v=0,o=1): ggml_backend_cuda_graph_compute: CUDA graph warmup reset
ggml_backend_cuda_graph_compute: CUDA graph warmup complete
             5112 runs -   229.58 us/run - 117.44 MFLOP/run - [1;34m511.54 GFLOPS[0m
  MUL_MAT(type_a=iq1_s,type_b=f32,m=4096,n=1,k=14336,bs=[1,1],nr=[1,1],per=[0,1,2,3],k_v=0,o=1): ggml_backend_cuda_graph_compute: CUDA graph warmup complete
               9372 runs -   116.65 us/run - 117.44 MFLOP/run - [1;34m  1.01 TFLOPS[0m
  MUL_MAT(type_a=iq1_m,type_b=f32,m=4096,n=1,k=14336,bs=[1,1],nr=[1,1],per=[0,1,2,3],k_v=0,o=1): ggml_backend_cuda_graph_compute: CUDA graph warmup reset
ggml_backend_cuda_graph_compute: CUDA graph warmup complete
               6816 runs -   151.92 us/run - 117.44 MFLOP/run - [1;34m773.02 GFLOPS[0m
  MUL_MAT(type_a=iq4_nl,type_b=f32,m=4096,n=1,k=14336,bs=[1,1],nr=[1,1],per=[0,1,2,3],k_v=0,o=1): ggml_backend_cuda_graph_compute: CUDA graph warmup complete
             10224 runs -   100.96 us/run - 117.44 MFLOP/run - [1;34m  1.16 TFLOPS[0m
  MUL_MAT(type_a=iq3_s,type_b=f32,m=4096,n=1,k=14336,bs=[1,1],nr=[1,1],per=[0,1,2,3],k_v=0,o=1): ggml_backend_cuda_graph_compute: CUDA graph warmup complete
               5112 runs -   227.05 us/run - 117.44 MFLOP/run - [1;34m517.25 GFLOPS[0m
  MUL_MAT(type_a=iq4_xs,type_b=f32,m=4096,n=1,k=14336,bs=[1,1],nr=[1,1],per=[0,1,2,3],k_v=0,o=1): ggml_backend_cuda_graph_compute: CUDA graph warmup complete
             11076 runs -    96.48 us/run - 117.44 MFLOP/run - [1;34m  1.22 TFLOPS[0m
  MUL_MAT(type_a=f32,type_b=f32,m=4096,n=2,k=14336,bs=[1,1],nr=[1,1],per=[0,1,2,3],k_v=0,o=1): ggml_backend_cuda_graph_compute: CUDA graph warmup complete
                 1704 runs -   605.01 us/run - 234.88 MFLOP/run - [1;34m388.23 GFLOPS[0m
  MUL_MAT(type_a=f16,type_b=f32,m=4096,n=2,k=14336,bs=[1,1],nr=[1,1],per=[0,1,2,3],k_v=0,o=1): ggml_backend_cuda_graph_compute: CUDA graph warmup reset
ggml_backend_cuda_graph_compute: CUDA graph warmup complete
                 2982 runs -   390.62 us/run - 234.88 MFLOP/run - [1;34m601.31 GFLOPS[0m
  MUL_MAT(type_a=bf16,type_b=f32,m=4096,n=2,k=14336,bs=[1,1],nr=[1,1],per=[0,1,2,3],k_v=0,o=1): ggml_backend_cuda_graph_compute: CUDA graph warmup complete
                2556 runs -   395.41 us/run - 234.88 MFLOP/run - [1;34m594.02 GFLOPS[0m
  MUL_MAT(type_a=q4_0,type_b=f32,m=4096,n=2,k=14336,bs=[1,1],nr=[1,1],per=[0,1,2,3],k_v=0,o=1): ggml_backend_cuda_graph_compute: CUDA graph warmup reset
ggml_backend_cuda_graph_compute: CUDA graph warmup complete
                9798 runs -   105.43 us/run - 234.88 MFLOP/run - [1;34m  2.23 TFLOPS[0m
  MUL_MAT(type_a=q4_1,type_b=f32,m=4096,n=2,k=14336,bs=[1,1],nr=[1,1],per=[0,1,2,3],k_v=0,o=1): ggml_backend_cuda_graph_compute: CUDA graph warmup reset
ggml_backend_cuda_graph_compute: CUDA graph warmup complete
                8946 runs -   113.76 us/run - 234.88 MFLOP/run - [1;34m  2.06 TFLOPS[0m
  MUL_MAT(type_a=q5_0,type_b=f32,m=4096,n=2,k=14336,bs=[1,1],nr=[1,1],per=[0,1,2,3],k_v=0,o=1): ggml_backend_cuda_graph_compute: CUDA graph warmup complete
                7668 runs -   136.01 us/run - 234.88 MFLOP/run - [1;34m  1.73 TFLOPS[0m
  MUL_MAT(type_a=q5_1,type_b=f32,m=4096,n=2,k=14336,bs=[1,1],nr=[1,1],per=[0,1,2,3],k_v=0,o=1): ggml_backend_cuda_graph_compute: CUDA graph warmup reset
ggml_backend_cuda_graph_compute: CUDA graph warmup complete
                7668 runs -   136.72 us/run - 234.88 MFLOP/run - [1;34m  1.72 TFLOPS[0m
  MUL_MAT(type_a=q8_0,type_b=f32,m=4096,n=2,k=14336,bs=[1,1],nr=[1,1],per=[0,1,2,3],k_v=0,o=1): ggml_backend_cuda_graph_compute: CUDA graph warmup reset
ggml_backend_cuda_graph_compute: CUDA graph warmup complete
                5538 runs -   181.56 us/run - 234.88 MFLOP/run - [1;34m  1.29 TFLOPS[0m
  MUL_MAT(type_a=q1_0,type_b=f32,m=4096,n=2,k=14336,bs=[1,1],nr=[1,1],per=[0,1,2,3],k_v=0,o=1): ggml_backend_cuda_graph_compute: CUDA graph warmup reset
ggml_backend_cuda_graph_compute: CUDA graph warmup complete
                1278 runs -  1125.78 us/run - 234.88 MFLOP/run - [1;34m208.64 GFLOPS[0m
  MUL_MAT(type_a=q2_0,type_b=f32,m=4096,n=2,k=14336,bs=[1,1],nr=[1,1],per=[0,1,2,3],k_v=0,o=1): ggml_backend_cuda_graph_compute: CUDA graph warmup reset
ggml_backend_cuda_graph_compute: CUDA graph warmup complete
                1278 runs -   919.55 us/run - 234.88 MFLOP/run - [1;34m255.43 GFLOPS[0m
  MUL_MAT(type_a=mxfp4,type_b=f32,m=4096,n=2,k=14336,bs=[1,1],nr=[1,1],per=[0,1,2,3],k_v=0,o=1): ggml_backend_cuda_graph_compute: CUDA graph warmup reset
ggml_backend_cuda_graph_compute: CUDA graph warmup complete
               8946 runs -   114.47 us/run - 234.88 MFLOP/run - [1;34m  2.05 TFLOPS[0m
  MUL_MAT(type_a=nvfp4,type_b=f32,m=4096,n=2,k=14336,bs=[1,1],nr=[1,1],per=[0,1,2,3],k_v=0,o=1): ggml_backend_cuda_graph_compute: CUDA graph warmup reset
ggml_backend_cuda_graph_compute: CUDA graph warmup complete
               5964 runs -   168.83 us/run - 234.88 MFLOP/run - [1;34m  1.39 TFLOPS[0m
  MUL_MAT(type_a=q2_K,type_b=f32,m=4096,n=2,k=14336,bs=[1,1],nr=[1,1],per=[0,1,2,3],k_v=0,o=1): ggml_backend_cuda_graph_compute: CUDA graph warmup complete
                4260 runs -   252.43 us/run - 234.88 MFLOP/run - [1;34m930.50 GFLOPS[0m
  MUL_MAT(type_a=q3_K,type_b=f32,m=4096,n=2,k=14336,bs=[1,1],nr=[1,1],per=[0,1,2,3],k_v=0,o=1): ggml_backend_cuda_graph_compute: CUDA graph warmup reset
ggml_backend_cuda_graph_compute: CUDA graph warmup complete
                3834 runs -   273.89 us/run - 234.88 MFLOP/run - [1;34m857.58 GFLOPS[0m
  MUL_MAT(type_a=q4_K,type_b=f32,m=4096,n=2,k=14336,bs=[1,1],nr=[1,1],per=[0,1,2,3],k_v=0,o=1): ggml_backend_cuda_graph_compute: CUDA graph warmup reset
ggml_backend_cuda_graph_compute: CUDA graph warmup complete
                4260 runs -   235.33 us/run - 234.88 MFLOP/run - [1;34m998.10 GFLOPS[0m
  MUL_MAT(type_a=q5_K,type_b=f32,m=4096,n=2,k=14336,bs=[1,1],nr=[1,1],per=[0,1,2,3],k_v=0,o=1): ggml_backend_cuda_graph_compute: CUDA graph warmup reset
ggml_backend_cuda_graph_compute: CUDA graph warmup complete
                4260 runs -   247.76 us/run - 234.88 MFLOP/run - [1;34m948.01 GFLOPS[0m
  MUL_MAT(type_a=q6_K,type_b=f32,m=4096,n=2,k=14336,bs=[1,1],nr=[1,1],per=[0,1,2,3],k_v=0,o=1): ggml_backend_cuda_graph_compute: CUDA graph warmup reset
ggml_backend_cuda_graph_compute: CUDA graph warmup complete
                4686 runs -   226.80 us/run - 234.88 MFLOP/run - [1;34m  1.04 TFLOPS[0m
  MUL_MAT(type_a=iq2_xxs,type_b=f32,m=4096,n=2,k=14336,bs=[1,1],nr=[1,1],per=[0,1,2,3],k_v=0,o=1): ggml_backend_cuda_graph_compute: CUDA graph warmup complete
             3834 runs -   261.23 us/run - 234.88 MFLOP/run - [1;34m899.13 GFLOPS[0m
  MUL_MAT(type_a=iq2_xs,type_b=f32,m=4096,n=2,k=14336,bs=[1,1],nr=[1,1],per=[0,1,2,3],k_v=0,o=1): ggml_backend_cuda_graph_compute: CUDA graph warmup reset
ggml_backend_cuda_graph_compute: CUDA graph warmup complete
              3834 runs -   274.15 us/run - 234.88 MFLOP/run - [1;34m856.75 GFLOPS[0m
  MUL_MAT(type_a=iq2_s,type_b=f32,m=4096,n=2,k=14336,bs=[1,1],nr=[1,1],per=[0,1,2,3],k_v=0,o=1): ggml_backend_cuda_graph_compute: CUDA graph warmup reset
ggml_backend_cuda_graph_compute: CUDA graph warmup complete
               3834 runs -   265.52 us/run - 234.88 MFLOP/run - [1;34m884.61 GFLOPS[0m
  MUL_MAT(type_a=iq3_xxs,type_b=f32,m=4096,n=2,k=14336,bs=[1,1],nr=[1,1],per=[0,1,2,3],k_v=0,o=1): ggml_backend_cuda_graph_compute: CUDA graph warmup reset
ggml_backend_cuda_graph_compute: CUDA graph warmup complete
             3834 runs -   267.97 us/run - 234.88 MFLOP/run - [1;34m876.53 GFLOPS[0m
  MUL_MAT(type_a=iq1_s,type_b=f32,m=4096,n=2,k=14336,bs=[1,1],nr=[1,1],per=[0,1,2,3],k_v=0,o=1): ggml_backend_cuda_graph_compute: CUDA graph warmup reset
ggml_backend_cuda_graph_compute: CUDA graph warmup complete
               7668 runs -   132.83 us/run - 234.88 MFLOP/run - [1;34m  1.77 TFLOPS[0m
  MUL_MAT(type_a=iq1_m,type_b=f32,m=4096,n=2,k=14336,bs=[1,1],nr=[1,1],per=[0,1,2,3],k_v=0,o=1): ggml_backend_cuda_graph_compute: CUDA graph warmup reset
ggml_backend_cuda_graph_compute: CUDA graph warmup complete
               6390 runs -   167.15 us/run - 234.88 MFLOP/run - [1;34m  1.41 TFLOPS[0m
  MUL_MAT(type_a=iq4_nl,type_b=f32,m=4096,n=2,k=14336,bs=[1,1],nr=[1,1],per=[0,1,2,3],k_v=0,o=1): ggml_backend_cuda_graph_compute: CUDA graph warmup reset
ggml_backend_cuda_graph_compute: CUDA graph warmup complete
              8946 runs -   114.19 us/run - 234.88 MFLOP/run - [1;34m  2.06 TFLOPS[0m
  MUL_MAT(type_a=iq3_s,type_b=f32,m=4096,n=2,k=14336,bs=[1,1],nr=[1,1],per=[0,1,2,3],k_v=0,o=1): ggml_backend_cuda_graph_compute: CUDA graph warmup reset
ggml_backend_cuda_graph_compute: CUDA graph warmup complete
               4260 runs -   259.93 us/run - 234.88 MFLOP/run - [1;34m903.64 GFLOPS[0m
  MUL_MAT(type_a=iq4_xs,type_b=f32,m=4096,n=2,k=14336,bs=[1,1],nr=[1,1],per=[0,1,2,3],k_v=0,o=1): ggml_backend_cuda_graph_compute: CUDA graph warmup complete
              8094 runs -   125.43 us/run - 234.88 MFLOP/run - [1;34m  1.87 TFLOPS[0m
  MUL_MAT(type_a=f32,type_b=f32,m=4096,n=3,k=14336,bs=[1,1],nr=[1,1],per=[0,1,2,3],k_v=0,o=1): ggml_backend_cuda_graph_compute: CUDA graph warmup reset
ggml_backend_cuda_graph_compute: CUDA graph warmup complete
                 1704 runs -   637.34 us/run - 352.32 MFLOP/run - [1;34m552.80 GFLOPS[0m
  MUL_MAT(type_a=f16,type_b=f32,m=4096,n=3,k=14336,bs=[1,1],nr=[1,1],per=[0,1,2,3],k_v=0,o=1): ggml_backend_cuda_graph_compute: CUDA graph warmup reset
ggml_backend_cuda_graph_compute: CUDA graph warmup complete
                 2272 runs -   459.91 us/run - 352.32 MFLOP/run - [1;34m766.06 GFLOPS[0m
  MUL_MAT(type_a=bf16,type_b=f32,m=4096,n=3,k=14336,bs=[1,1],nr=[1,1],per=[0,1,2,3],k_v=0,o=1): ggml_backend_cuda_graph_compute: CUDA graph warmup reset
ggml_backend_cuda_graph_compute: CUDA graph warmup complete
                2272 runs -   467.01 us/run - 352.32 MFLOP/run - [1;34m754.42 GFLOPS[0m
  MUL_MAT(type_a=q4_0,type_b=f32,m=4096,n=3,k=14336,bs=[1,1],nr=[1,1],per=[0,1,2,3],k_v=0,o=1): ggml_backend_cuda_graph_compute: CUDA graph warmup reset
ggml_backend_cuda_graph_compute: CUDA graph warmup complete
                7952 runs -   127.24 us/run - 352.32 MFLOP/run - [1;34m  2.77 TFLOPS[0m
  MUL_MAT(type_a=q4_1,type_b=f32,m=4096,n=3,k=14336,bs=[1,1],nr=[1,1],per=[0,1,2,3],k_v=0,o=1): ggml_backend_cuda_graph_compute: CUDA graph warmup reset
ggml_backend_cuda_graph_compute: CUDA graph warmup complete
                7952 runs -   129.60 us/run - 352.32 MFLOP/run - [1;34m  2.72 TFLOPS[0m
  MUL_MAT(type_a=q5_0,type_b=f32,m=4096,n=3,k=14336,bs=[1,1],nr=[1,1],per=[0,1,2,3],k_v=0,o=1): ggml_backend_cuda_graph_compute: CUDA graph warmup reset
ggml_backend_cuda_graph_compute: CUDA graph warmup complete
                5964 runs -   170.18 us/run - 352.32 MFLOP/run - [1;34m  2.07 TFLOPS[0m
  MUL_MAT(type_a=q5_1,type_b=f32,m=4096,n=3,k=14336,bs=[1,1],nr=[1,1],per=[0,1,2,3],k_v=0,o=1): ggml_backend_cuda_graph_compute: CUDA graph warmup reset
ggml_backend_cuda_graph_compute: CUDA graph warmup complete
                5964 runs -   168.59 us/run - 352.32 MFLOP/run - [1;34m  2.09 TFLOPS[0m
  MUL_MAT(type_a=q8_0,type_b=f32,m=4096,n=3,k=14336,bs=[1,1],nr=[1,1],per=[0,1,2,3],k_v=0,o=1): ggml_backend_cuda_graph_compute: CUDA graph warmup reset
ggml_backend_cuda_graph_compute: CUDA graph warmup complete
                5396 runs -   189.50 us/run - 352.32 MFLOP/run - [1;34m  1.86 TFLOPS[0m
  MUL_MAT(type_a=q1_0,type_b=f32,m=4096,n=3,k=14336,bs=[1,1],nr=[1,1],per=[0,1,2,3],k_v=0,o=1): ggml_backend_cuda_graph_compute: CUDA graph warmup reset
ggml_backend_cuda_graph_compute: CUDA graph warmup complete
                 852 runs -  1679.44 us/run - 352.32 MFLOP/run - [1;34m209.79 GFLOPS[0m
  MUL_MAT(type_a=q2_0,type_b=f32,m=4096,n=3,k=14336,bs=[1,1],nr=[1,1],per=[0,1,2,3],k_v=0,o=1): ggml_backend_cuda_graph_compute: CUDA graph warmup reset
ggml_backend_cuda_graph_compute: CUDA graph warmup complete
                 852 runs -  1372.64 us/run - 352.32 MFLOP/run - [1;34m256.67 GFLOPS[0m
  MUL_MAT(type_a=mxfp4,type_b=f32,m=4096,n=3,k=14336,bs=[1,1],nr=[1,1],per=[0,1,2,3],k_v=0,o=1): ggml_backend_cuda_graph_compute: CUDA graph warmup reset
ggml_backend_cuda_graph_compute: CUDA graph warmup complete
               6816 runs -   148.72 us/run - 352.32 MFLOP/run - [1;34m  2.37 TFLOPS[0m
  MUL_MAT(type_a=nvfp4,type_b=f32,m=4096,n=3,k=14336,bs=[1,1],nr=[1,1],per=[0,1,2,3],k_v=0,o=1): ggml_backend_cuda_graph_compute: CUDA graph warmup reset
ggml_backend_cuda_graph_compute: CUDA graph warmup complete
               4260 runs -   240.17 us/run - 352.32 MFLOP/run - [1;34m  1.47 TFLOPS[0m
  MUL_MAT(type_a=q2_K,type_b=f32,m=4096,n=3,k=14336,bs=[1,1],nr=[1,1],per=[0,1,2,3],k_v=0,o=1): ggml_backend_cuda_graph_compute: CUDA graph warmup reset
ggml_backend_cuda_graph_compute: CUDA graph warmup complete
                3124 runs -   348.11 us/run - 352.32 MFLOP/run - [1;34m  1.01 TFLOPS[0m
  MUL_MAT(type_a=q3_K,type_b=f32,m=4096,n=3,k=14336,bs=[1,1],nr=[1,1],per=[0,1,2,3],k_v=0,o=1): ggml_backend_cuda_graph_compute: CUDA graph warmup reset
ggml_backend_cuda_graph_compute: CUDA graph warmup complete
                3124 runs -   348.73 us/run - 352.32 MFLOP/run - [1;34m  1.01 TFLOPS[0m
  MUL_MAT(type_a=q4_K,type_b=f32,m=4096,n=3,k=14336,bs=[1,1],nr=[1,1],per=[0,1,2,3],k_v=0,o=1): ggml_backend_cuda_graph_compute: CUDA graph warmup reset
ggml_backend_cuda_graph_compute: CUDA graph warmup complete
                3124 runs -   350.55 us/run - 352.32 MFLOP/run - [1;34m  1.01 TFLOPS[0m
  MUL_MAT(type_a=q5_K,type_b=f32,m=4096,n=3,k=14336,bs=[1,1],nr=[1,1],per=[0,1,2,3],k_v=0,o=1): ggml_backend_cuda_graph_compute: CUDA graph warmup reset
ggml_backend_cuda_graph_compute: CUDA graph warmup complete
                2840 runs -   358.57 us/run - 352.32 MFLOP/run - [1;34m982.56 GFLOPS[0m
  MUL_MAT(type_a=q6_K,type_b=f32,m=4096,n=3,k=14336,bs=[1,1],nr=[1,1],per=[0,1,2,3],k_v=0,o=1): ggml_backend_cuda_graph_compute: CUDA graph warmup reset
ggml_backend_cuda_graph_compute: CUDA graph warmup complete
                3692 runs -   291.07 us/run - 352.32 MFLOP/run - [1;34m  1.21 TFLOPS[0m
  MUL_MAT(type_a=iq2_xxs,type_b=f32,m=4096,n=3,k=14336,bs=[1,1],nr=[1,1],per=[0,1,2,3],k_v=0,o=1): ggml_backend_cuda_graph_compute: CUDA graph warmup complete
             3408 runs -   300.56 us/run - 352.32 MFLOP/run - [1;34m  1.17 TFLOPS[0m
  MUL_MAT(type_a=iq2_xs,type_b=f32,m=4096,n=3,k=14336,bs=[1,1],nr=[1,1],per=[0,1,2,3],k_v=0,o=1): ggml_backend_cuda_graph_compute: CUDA graph warmup reset
ggml_backend_cuda_graph_compute: CUDA graph warmup complete
              3124 runs -   324.37 us/run - 352.32 MFLOP/run - [1;34m  1.09 TFLOPS[0m
  MUL_MAT(type_a=iq2_s,type_b=f32,m=4096,n=3,k=14336,bs=[1,1],nr=[1,1],per=[0,1,2,3],k_v=0,o=1): ggml_backend_cuda_graph_compute: CUDA graph warmup reset
ggml_backend_cuda_graph_compute: CUDA graph warmup complete
               3408 runs -   308.00 us/run - 352.32 MFLOP/run - [1;34m  1.14 TFLOPS[0m
  MUL_MAT(type_a=iq3_xxs,type_b=f32,m=4096,n=3,k=14336,bs=[1,1],nr=[1,1],per=[0,1,2,3],k_v=0,o=1): ggml_backend_cuda_graph_compute: CUDA graph warmup reset
ggml_backend_cuda_graph_compute: CUDA graph warmup complete
             3408 runs -   306.54 us/run - 352.32 MFLOP/run - [1;34m  1.15 TFLOPS[0m
  MUL_MAT(type_a=iq1_s,type_b=f32,m=4096,n=3,k=14336,bs=[1,1],nr=[1,1],per=[0,1,2,3],k_v=0,o=1): ggml_backend_cuda_graph_compute: CUDA graph warmup reset
ggml_backend_cuda_graph_compute: CUDA graph warmup complete
               5964 runs -   167.75 us/run - 352.32 MFLOP/run - [1;34m  2.10 TFLOPS[0m
  MUL_MAT(type_a=iq1_m,type_b=f32,m=4096,n=3,k=14336,bs=[1,1],nr=[1,1],per=[0,1,2,3],k_v=0,o=1): ggml_backend_cuda_graph_compute: CUDA graph warmup reset
ggml_backend_cuda_graph_compute: CUDA graph warmup complete
               4828 runs -   217.78 us/run - 352.32 MFLOP/run - [1;34m  1.62 TFLOPS[0m
  MUL_MAT(type_a=iq4_nl,type_b=f32,m=4096,n=3,k=14336,bs=[1,1],nr=[1,1],per=[0,1,2,3],k_v=0,o=1): ggml_backend_cuda_graph_compute: CUDA graph warmup reset
ggml_backend_cuda_graph_compute: CUDA graph warmup complete
              6816 runs -   148.24 us/run - 352.32 MFLOP/run - [1;34m  2.38 TFLOPS[0m
  MUL_MAT(type_a=iq3_s,type_b=f32,m=4096,n=3,k=14336,bs=[1,1],nr=[1,1],per=[0,1,2,3],k_v=0,o=1): ggml_backend_cuda_graph_compute: CUDA graph warmup reset
ggml_backend_cuda_graph_compute: CUDA graph warmup complete
               3408 runs -   298.95 us/run - 352.32 MFLOP/run - [1;34m  1.18 TFLOPS[0m
  MUL_MAT(type_a=iq4_xs,type_b=f32,m=4096,n=3,k=14336,bs=[1,1],nr=[1,1],per=[0,1,2,3],k_v=0,o=1): ggml_backend_cuda_graph_compute: CUDA graph warmup complete
              6248 runs -   162.80 us/run - 352.32 MFLOP/run - [1;34m  2.16 TFLOPS[0m
  MUL_MAT(type_a=f32,type_b=f32,m=4096,n=4,k=14336,bs=[1,1],nr=[1,1],per=[0,1,2,3],k_v=0,o=1): ggml_backend_cuda_graph_compute: CUDA graph warmup reset
ggml_backend_cuda_graph_compute: CUDA graph warmup complete
                 1491 runs -   735.00 us/run - 469.76 MFLOP/run - [1;34m639.13 GFLOPS[0m
  MUL_MAT(type_a=f16,type_b=f32,m=4096,n=4,k=14336,bs=[1,1],nr=[1,1],per=[0,1,2,3],k_v=0,o=1): ggml_backend_cuda_graph_compute: CUDA graph warmup reset
ggml_backend_cuda_graph_compute: CUDA graph warmup complete
                 1917 runs -   578.46 us/run - 469.76 MFLOP/run - [1;34m812.09 GFLOPS[0m
  MUL_MAT(type_a=bf16,type_b=f32,m=4096,n=4,k=14336,bs=[1,1],nr=[1,1],per=[0,1,2,3],k_v=0,o=1): ggml_backend_cuda_graph_compute: CUDA graph warmup reset
ggml_backend_cuda_graph_compute: CUDA graph warmup complete
                1704 runs -   587.38 us/run - 469.76 MFLOP/run - [1;34m799.75 GFLOPS[0m
  MUL_MAT(type_a=q4_0,type_b=f32,m=4096,n=4,k=14336,bs=[1,1],nr=[1,1],per=[0,1,2,3],k_v=0,o=1): ggml_backend_cuda_graph_compute: CUDA graph warmup reset
ggml_backend_cuda_graph_compute: CUDA graph warmup complete
                5751 runs -   174.75 us/run - 469.76 MFLOP/run - [1;34m  2.69 TFLOPS[0m
  MUL_MAT(type_a=q4_1,type_b=f32,m=4096,n=4,k=14336,bs=[1,1],nr=[1,1],per=[0,1,2,3],k_v=0,o=1): ggml_backend_cuda_graph_compute: CUDA graph warmup reset
ggml_backend_cuda_graph_compute: CUDA graph warmup complete
                5964 runs -   170.93 us/run - 469.76 MFLOP/run - [1;34m  2.75 TFLOPS[0m
  MUL_MAT(type_a=q5_0,type_b=f32,m=4096,n=4,k=14336,bs=[1,1],nr=[1,1],per=[0,1,2,3],k_v=0,o=1): ggml_backend_cuda_graph_compute: CUDA graph warmup reset
ggml_backend_cuda_graph_compute: CUDA graph warmup complete
                4899 runs -   204.21 us/run - 469.76 MFLOP/run - [1;34m  2.30 TFLOPS[0m
  MUL_MAT(type_a=q5_1,type_b=f32,m=4096,n=4,k=14336,bs=[1,1],nr=[1,1],per=[0,1,2,3],k_v=0,o=1): ggml_backend_cuda_graph_compute: CUDA graph warmup reset
ggml_backend_cuda_graph_compute: CUDA graph warmup complete
                4899 runs -   210.00 us/run - 469.76 MFLOP/run - [1;34m  2.24 TFLOPS[0m
  MUL_MAT(type_a=q8_0,type_b=f32,m=4096,n=4,k=14336,bs=[1,1],nr=[1,1],per=[0,1,2,3],k_v=0,o=1): ggml_backend_cuda_graph_compute: CUDA graph warmup reset
ggml_backend_cuda_graph_compute: CUDA graph warmup complete
                5112 runs -   202.66 us/run - 469.76 MFLOP/run - [1;34m  2.32 TFLOPS[0m
  MUL_MAT(type_a=q1_0,type_b=f32,m=4096,n=4,k=14336,bs=[1,1],nr=[1,1],per=[0,1,2,3],k_v=0,o=1): ggml_backend_cuda_graph_compute: CUDA graph warmup reset
ggml_backend_cuda_graph_compute: CUDA graph warmup complete
                 639 runs -  1783.46 us/run - 469.76 MFLOP/run - [1;34m263.40 GFLOPS[0m
  MUL_MAT(type_a=q2_0,type_b=f32,m=4096,n=4,k=14336,bs=[1,1],nr=[1,1],per=[0,1,2,3],k_v=0,o=1): ggml_backend_cuda_graph_compute: CUDA graph warmup reset
ggml_backend_cuda_graph_compute: CUDA graph warmup complete
                 639 runs -  1824.13 us/run - 469.76 MFLOP/run - [1;34m257.53 GFLOPS[0m
  MUL_MAT(type_a=mxfp4,type_b=f32,m=4096,n=4,k=14336,bs=[1,1],nr=[1,1],per=[0,1,2,3],k_v=0,o=1): ggml_backend_cuda_graph_compute: CUDA graph warmup reset
ggml_backend_cuda_graph_compute: CUDA graph warmup complete
               5538 runs -   187.06 us/run - 469.76 MFLOP/run - [1;34m  2.51 TFLOPS[0m
  MUL_MAT(type_a=nvfp4,type_b=f32,m=4096,n=4,k=14336,bs=[1,1],nr=[1,1],per=[0,1,2,3],k_v=0,o=1): ggml_backend_cuda_graph_compute: CUDA graph warmup reset
ggml_backend_cuda_graph_compute: CUDA graph warmup complete
               3408 runs -   303.00 us/run - 469.76 MFLOP/run - [1;34m  1.55 TFLOPS[0m
  MUL_MAT(type_a=q2_K,type_b=f32,m=4096,n=4,k=14336,bs=[1,1],nr=[1,1],per=[0,1,2,3],k_v=0,o=1): ggml_backend_cuda_graph_compute: CUDA graph warmup reset
ggml_backend_cuda_graph_compute: CUDA graph warmup complete
                2343 runs -   449.26 us/run - 469.76 MFLOP/run - [1;34m  1.05 TFLOPS[0m
  MUL_MAT(type_a=q3_K,type_b=f32,m=4096,n=4,k=14336,bs=[1,1],nr=[1,1],per=[0,1,2,3],k_v=0,o=1): ggml_backend_cuda_graph_compute: CUDA graph warmup reset
ggml_backend_cuda_graph_compute: CUDA graph warmup complete
                2556 runs -   412.05 us/run - 469.76 MFLOP/run - [1;34m  1.14 TFLOPS[0m
  MUL_MAT(type_a=q4_K,type_b=f32,m=4096,n=4,k=14336,bs=[1,1],nr=[1,1],per=[0,1,2,3],k_v=0,o=1): ggml_backend_cuda_graph_compute: CUDA graph warmup reset
ggml_backend_cuda_graph_compute: CUDA graph warmup complete
                2343 runs -   468.25 us/run - 469.76 MFLOP/run - [1;34m  1.00 TFLOPS[0m
  MUL_MAT(type_a=q5_K,type_b=f32,m=4096,n=4,k=14336,bs=[1,1],nr=[1,1],per=[0,1,2,3],k_v=0,o=1): ggml_backend_cuda_graph_compute: CUDA graph warmup reset
ggml_backend_cuda_graph_compute: CUDA graph warmup complete
                2130 runs -   475.26 us/run - 469.76 MFLOP/run - [1;34m988.43 GFLOPS[0m
  MUL_MAT(type_a=q6_K,type_b=f32,m=4096,n=4,k=14336,bs=[1,1],nr=[1,1],per=[0,1,2,3],k_v=0,o=1): ggml_backend_cuda_graph_compute: CUDA graph warmup reset
ggml_backend_cuda_graph_compute: CUDA graph warmup complete
                2982 runs -   353.14 us/run - 469.76 MFLOP/run - [1;34m  1.33 TFLOPS[0m
  MUL_MAT(type_a=iq2_xxs,type_b=f32,m=4096,n=4,k=14336,bs=[1,1],nr=[1,1],per=[0,1,2,3],k_v=0,o=1): ggml_backend_cuda_graph_compute: CUDA graph warmup complete
             2982 runs -   339.89 us/run - 469.76 MFLOP/run - [1;34m  1.38 TFLOPS[0m
  MUL_MAT(type_a=iq2_xs,type_b=f32,m=4096,n=4,k=14336,bs=[1,1],nr=[1,1],per=[0,1,2,3],k_v=0,o=1): ggml_backend_cuda_graph_compute: CUDA graph warmup reset
ggml_backend_cuda_graph_compute: CUDA graph warmup complete
              2769 runs -   369.36 us/run - 469.76 MFLOP/run - [1;34m  1.27 TFLOPS[0m
  MUL_MAT(type_a=iq2_s,type_b=f32,m=4096,n=4,k=14336,bs=[1,1],nr=[1,1],per=[0,1,2,3],k_v=0,o=1): ggml_backend_cuda_graph_compute: CUDA graph warmup reset
ggml_backend_cuda_graph_compute: CUDA graph warmup complete
               2982 runs -   358.16 us/run - 469.76 MFLOP/run - [1;34m  1.31 TFLOPS[0m
  MUL_MAT(type_a=iq3_xxs,type_b=f32,m=4096,n=4,k=14336,bs=[1,1],nr=[1,1],per=[0,1,2,3],k_v=0,o=1): ggml_backend_cuda_graph_compute: CUDA graph warmup reset
ggml_backend_cuda_graph_compute: CUDA graph warmup complete
             2982 runs -   347.21 us/run - 469.76 MFLOP/run - [1;34m  1.35 TFLOPS[0m
  MUL_MAT(type_a=iq1_s,type_b=f32,m=4096,n=4,k=14336,bs=[1,1],nr=[1,1],per=[0,1,2,3],k_v=0,o=1): ggml_backend_cuda_graph_compute: CUDA graph warmup reset
ggml_backend_cuda_graph_compute: CUDA graph warmup complete
               5112 runs -   196.29 us/run - 469.76 MFLOP/run - [1;34m  2.39 TFLOPS[0m
  MUL_MAT(type_a=iq1_m,type_b=f32,m=4096,n=4,k=14336,bs=[1,1],nr=[1,1],per=[0,1,2,3],k_v=0,o=1): ggml_backend_cuda_graph_compute: CUDA graph warmup reset
ggml_backend_cuda_graph_compute: CUDA graph warmup complete
               3834 runs -   271.46 us/run - 469.76 MFLOP/run - [1;34m  1.73 TFLOPS[0m
  MUL_MAT(type_a=iq4_nl,type_b=f32,m=4096,n=4,k=14336,bs=[1,1],nr=[1,1],per=[0,1,2,3],k_v=0,o=1): ggml_backend_cuda_graph_compute: CUDA graph warmup reset
ggml_backend_cuda_graph_compute: CUDA graph warmup complete
              5538 runs -   186.25 us/run - 469.76 MFLOP/run - [1;34m  2.52 TFLOPS[0m
  MUL_MAT(type_a=iq3_s,type_b=f32,m=4096,n=4,k=14336,bs=[1,1],nr=[1,1],per=[0,1,2,3],k_v=0,o=1): ggml_backend_cuda_graph_compute: CUDA graph warmup reset
ggml_backend_cuda_graph_compute: CUDA graph warmup complete
               2982 runs -   340.91 us/run - 469.76 MFLOP/run - [1;34m  1.38 TFLOPS[0m
  MUL_MAT(type_a=iq4_xs,type_b=f32,m=4096,n=4,k=14336,bs=[1,1],nr=[1,1],per=[0,1,2,3],k_v=0,o=1): ggml_backend_cuda_graph_compute: CUDA graph warmup complete
              5112 runs -   198.43 us/run - 469.76 MFLOP/run - [1;34m  2.37 TFLOPS[0m
  MUL_MAT(type_a=f32,type_b=f32,m=4096,n=5,k=14336,bs=[1,1],nr=[1,1],per=[0,1,2,3],k_v=0,o=1): ggml_backend_cuda_graph_compute: CUDA graph warmup reset
ggml_backend_cuda_graph_compute: CUDA graph warmup complete
                 1197 runs -   869.85 us/run - 587.20 MFLOP/run - [1;34m675.06 GFLOPS[0m
  MUL_MAT(type_a=f16,type_b=f32,m=4096,n=5,k=14336,bs=[1,1],nr=[1,1],per=[0,1,2,3],k_v=0,o=1): ggml_backend_cuda_graph_compute: CUDA graph warmup reset
ggml_backend_cuda_graph_compute: CUDA graph warmup complete
                 1539 runs -   727.70 us/run - 587.20 MFLOP/run - [1;34m806.93 GFLOPS[0m
  MUL_MAT(type_a=bf16,type_b=f32,m=4096,n=5,k=14336,bs=[1,1],nr=[1,1],per=[0,1,2,3],k_v=0,o=1): ggml_backend_cuda_graph_compute: CUDA graph warmup reset
ggml_backend_cuda_graph_compute: CUDA graph warmup complete
                1368 runs -   751.78 us/run - 587.20 MFLOP/run - [1;34m781.08 GFLOPS[0m
  MUL_MAT(type_a=q4_0,type_b=f32,m=4096,n=5,k=14336,bs=[1,1],nr=[1,1],per=[0,1,2,3],k_v=0,o=1): ggml_backend_cuda_graph_compute: CUDA graph warmup reset
ggml_backend_cuda_graph_compute: CUDA graph warmup complete
                5301 runs -   194.13 us/run - 587.20 MFLOP/run - [1;34m  3.02 TFLOPS[0m
  MUL_MAT(type_a=q4_1,type_b=f32,m=4096,n=5,k=14336,bs=[1,1],nr=[1,1],per=[0,1,2,3],k_v=0,o=1): ggml_backend_cuda_graph_compute: CUDA graph warmup reset
ggml_backend_cuda_graph_compute: CUDA graph warmup complete
                4788 runs -   215.13 us/run - 587.20 MFLOP/run - [1;34m  2.73 TFLOPS[0m
  MUL_MAT(type_a=q5_0,type_b=f32,m=4096,n=5,k=14336,bs=[1,1],nr=[1,1],per=[0,1,2,3],k_v=0,o=1): ggml_backend_cuda_graph_compute: CUDA graph warmup reset
ggml_backend_cuda_graph_compute: CUDA graph warmup complete
                4275 runs -   236.55 us/run - 587.20 MFLOP/run - [1;34m  2.48 TFLOPS[0m
  MUL_MAT(type_a=q5_1,type_b=f32,m=4096,n=5,k=14336,bs=[1,1],nr=[1,1],per=[0,1,2,3],k_v=0,o=1): ggml_backend_cuda_graph_compute: CUDA graph warmup reset
ggml_backend_cuda_graph_compute: CUDA graph warmup complete
                4275 runs -   236.13 us/run - 587.20 MFLOP/run - [1;34m  2.49 TFLOPS[0m
  MUL_MAT(type_a=q8_0,type_b=f32,m=4096,n=5,k=14336,bs=[1,1],nr=[1,1],per=[0,1,2,3],k_v=0,o=1): ggml_backend_cuda_graph_compute: CUDA graph warmup reset
ggml_backend_cuda_graph_compute: CUDA graph warmup complete
                4275 runs -   237.20 us/run - 587.20 MFLOP/run - [1;34m  2.48 TFLOPS[0m
  MUL_MAT(type_a=q1_0,type_b=f32,m=4096,n=5,k=14336,bs=[1,1],nr=[1,1],per=[0,1,2,3],k_v=0,o=1): ggml_backend_cuda_graph_compute: CUDA graph warmup reset
ggml_backend_cuda_graph_compute: CUDA graph warmup complete
                 684 runs -  1603.27 us/run - 587.20 MFLOP/run - [1;34m366.25 GFLOPS[0m
  MUL_MAT(type_a=q2_0,type_b=f32,m=4096,n=5,k=14336,bs=[1,1],nr=[1,1],per=[0,1,2,3],k_v=0,o=1): ggml_backend_cuda_graph_compute: CUDA graph warmup reset
ggml_backend_cuda_graph_compute: CUDA graph warmup complete
                 855 runs -  1244.79 us/run - 587.20 MFLOP/run - [1;34m471.73 GFLOPS[0m
  MUL_MAT(type_a=mxfp4,type_b=f32,m=4096,n=5,k=14336,bs=[1,1],nr=[1,1],per=[0,1,2,3],k_v=0,o=1): ggml_backend_cuda_graph_compute: CUDA graph warmup reset
ggml_backend_cuda_graph_compute: CUDA graph warmup complete
               4788 runs -   214.40 us/run - 587.20 MFLOP/run - [1;34m  2.74 TFLOPS[0m
  MUL_MAT(type_a=nvfp4,type_b=f32,m=4096,n=5,k=14336,bs=[1,1],nr=[1,1],per=[0,1,2,3],k_v=0,o=1): ggml_backend_cuda_graph_compute: CUDA graph warmup reset
ggml_backend_cuda_graph_compute: CUDA graph warmup complete
               3078 runs -   343.54 us/run - 587.20 MFLOP/run - [1;34m  1.71 TFLOPS[0m
  MUL_MAT(type_a=q2_K,type_b=f32,m=4096,n=5,k=14336,bs=[1,1],nr=[1,1],per=[0,1,2,3],k_v=0,o=1): ggml_backend_cuda_graph_compute: CUDA graph warmup reset
ggml_backend_cuda_graph_compute: CUDA graph warmup complete
                1881 runs -   550.78 us/run - 587.20 MFLOP/run - [1;34m  1.07 TFLOPS[0m
  MUL_MAT(type_a=q3_K,type_b=f32,m=4096,n=5,k=14336,bs=[1,1],nr=[1,1],per=[0,1,2,3],k_v=0,o=1): ggml_backend_cuda_graph_compute: CUDA graph warmup reset
ggml_backend_cuda_graph_compute: CUDA graph warmup complete
                2223 runs -   473.94 us/run - 587.20 MFLOP/run - [1;34m  1.24 TFLOPS[0m
  MUL_MAT(type_a=q4_K,type_b=f32,m=4096,n=5,k=14336,bs=[1,1],nr=[1,1],per=[0,1,2,3],k_v=0,o=1): ggml_backend_cuda_graph_compute: CUDA graph warmup reset
ggml_backend_cuda_graph_compute: CUDA graph warmup complete
                1881 runs -   581.09 us/run - 587.20 MFLOP/run - [1;34m  1.01 TFLOPS[0m
  MUL_MAT(type_a=q5_K,type_b=f32,m=4096,n=5,k=14336,bs=[1,1],nr=[1,1],per=[0,1,2,3],k_v=0,o=1): ggml_backend_cuda_graph_compute: CUDA graph warmup reset
ggml_backend_cuda_graph_compute: CUDA graph warmup complete
                1710 runs -   589.72 us/run - 587.20 MFLOP/run - [1;34m995.72 GFLOPS[0m
  MUL_MAT(type_a=q6_K,type_b=f32,m=4096,n=5,k=14336,bs=[1,1],nr=[1,1],per=[0,1,2,3],k_v=0,o=1): ggml_backend_cuda_graph_compute: CUDA graph warmup reset
ggml_backend_cuda_graph_compute: CUDA graph warmup complete
                2565 runs -   417.58 us/run - 587.20 MFLOP/run - [1;34m  1.41 TFLOPS[0m
  MUL_MAT(type_a=iq2_xxs,type_b=f32,m=4096,n=5,k=14336,bs=[1,1],nr=[1,1],per=[0,1,2,3],k_v=0,o=1): ggml_backend_cuda_graph_compute: CUDA graph warmup complete
             3078 runs -   329.60 us/run - 587.20 MFLOP/run - [1;34m  1.78 TFLOPS[0m
  MUL_MAT(type_a=iq2_xs,type_b=f32,m=4096,n=5,k=14336,bs=[1,1],nr=[1,1],per=[0,1,2,3],k_v=0,o=1): ggml_backend_cuda_graph_compute: CUDA graph warmup reset
ggml_backend_cuda_graph_compute: CUDA graph warmup complete
              2907 runs -   361.32 us/run - 587.20 MFLOP/run - [1;34m  1.63 TFLOPS[0m
  MUL_MAT(type_a=iq2_s,type_b=f32,m=4096,n=5,k=14336,bs=[1,1],nr=[1,1],per=[0,1,2,3],k_v=0,o=1): ggml_backend_cuda_graph_compute: CUDA graph warmup reset
ggml_backend_cuda_graph_compute: CUDA graph warmup complete
               2907 runs -   354.88 us/run - 587.20 MFLOP/run - [1;34m  1.65 TFLOPS[0m
  MUL_MAT(type_a=iq3_xxs,type_b=f32,m=4096,n=5,k=14336,bs=[1,1],nr=[1,1],per=[0,1,2,3],k_v=0,o=1): ggml_backend_cuda_graph_compute: CUDA graph warmup reset
ggml_backend_cuda_graph_compute: CUDA graph warmup complete
             3078 runs -   340.80 us/run - 587.20 MFLOP/run - [1;34m  1.72 TFLOPS[0m
  MUL_MAT(type_a=iq1_s,type_b=f32,m=4096,n=5,k=14336,bs=[1,1],nr=[1,1],per=[0,1,2,3],k_v=0,o=1): ggml_backend_cuda_graph_compute: CUDA graph warmup reset
ggml_backend_cuda_graph_compute: CUDA graph warmup complete
               5130 runs -   200.44 us/run - 587.20 MFLOP/run - [1;34m  2.93 TFLOPS[0m
  MUL_MAT(type_a=iq1_m,type_b=f32,m=4096,n=5,k=14336,bs=[1,1],nr=[1,1],per=[0,1,2,3],k_v=0,o=1): ggml_backend_cuda_graph_compute: CUDA graph warmup reset
ggml_backend_cuda_graph_compute: CUDA graph warmup complete
               3591 runs -   288.12 us/run - 587.20 MFLOP/run - [1;34m  2.04 TFLOPS[0m
  MUL_MAT(type_a=iq4_nl,type_b=f32,m=4096,n=5,k=14336,bs=[1,1],nr=[1,1],per=[0,1,2,3],k_v=0,o=1): ggml_backend_cuda_graph_compute: CUDA graph warmup reset
ggml_backend_cuda_graph_compute: CUDA graph warmup complete
              4788 runs -   215.19 us/run - 587.20 MFLOP/run - [1;34m  2.73 TFLOPS[0m
  MUL_MAT(type_a=iq3_s,type_b=f32,m=4096,n=5,k=14336,bs=[1,1],nr=[1,1],per=[0,1,2,3],k_v=0,o=1): ggml_backend_cuda_graph_compute: CUDA graph warmup reset
ggml_backend_cuda_graph_compute: CUDA graph warmup complete
               3078 runs -   330.02 us/run - 587.20 MFLOP/run - [1;34m  1.78 TFLOPS[0m
  MUL_MAT(type_a=iq4_xs,type_b=f32,m=4096,n=5,k=14336,bs=[1,1],nr=[1,1],per=[0,1,2,3],k_v=0,o=1): ggml_backend_cuda_graph_compute: CUDA graph warmup complete
              4788 runs -   211.20 us/run - 587.20 MFLOP/run - [1;34m  2.78 TFLOPS[0m
  MUL_MAT(type_a=f32,type_b=f32,m=4096,n=8,k=14336,bs=[1,1],nr=[1,1],per=[0,1,2,3],k_v=0,o=1): ggml_backend_cuda_graph_compute: CUDA graph warmup reset
ggml_backend_cuda_graph_compute: CUDA graph warmup complete
                  749 runs -  1417.03 us/run - 939.52 MFLOP/run - [1;34m663.03 GFLOPS[0m
  MUL_MAT(type_a=f16,type_b=f32,m=4096,n=8,k=14336,bs=[1,1],nr=[1,1],per=[0,1,2,3],k_v=0,o=1): ggml_backend_cuda_graph_compute: CUDA graph warmup reset
ggml_backend_cuda_graph_compute: CUDA graph warmup complete
                  856 runs -  1210.63 us/run - 939.52 MFLOP/run - [1;34m776.06 GFLOPS[0m
  MUL_MAT(type_a=bf16,type_b=f32,m=4096,n=8,k=14336,bs=[1,1],nr=[1,1],per=[0,1,2,3],k_v=0,o=1): ggml_backend_cuda_graph_compute: CUDA graph warmup reset
ggml_backend_cuda_graph_compute: CUDA graph warmup complete
                 856 runs -  1249.09 us/run - 939.52 MFLOP/run - [1;34m752.16 GFLOPS[0m
  MUL_MAT(type_a=q4_0,type_b=f32,m=4096,n=8,k=14336,bs=[1,1],nr=[1,1],per=[0,1,2,3],k_v=0,o=1): ggml_backend_cuda_graph_compute: CUDA graph warmup reset
ggml_backend_cuda_graph_compute: CUDA graph warmup complete
                3424 runs -   298.36 us/run - 939.52 MFLOP/run - [1;34m  3.15 TFLOPS[0m
  MUL_MAT(type_a=q4_1,type_b=f32,m=4096,n=8,k=14336,bs=[1,1],nr=[1,1],per=[0,1,2,3],k_v=0,o=1): ggml_backend_cuda_graph_compute: CUDA graph warmup reset
ggml_backend_cuda_graph_compute: CUDA graph warmup complete
                3317 runs -   311.34 us/run - 939.52 MFLOP/run - [1;34m  3.02 TFLOPS[0m
  MUL_MAT(type_a=q5_0,type_b=f32,m=4096,n=8,k=14336,bs=[1,1],nr=[1,1],per=[0,1,2,3],k_v=0,o=1): ggml_backend_cuda_graph_compute: CUDA graph warmup reset
ggml_backend_cuda_graph_compute: CUDA graph warmup complete
                2782 runs -   362.60 us/run - 939.52 MFLOP/run - [1;34m  2.59 TFLOPS[0m
  MUL_MAT(type_a=q5_1,type_b=f32,m=4096,n=8,k=14336,bs=[1,1],nr=[1,1],per=[0,1,2,3],k_v=0,o=1): ggml_backend_cuda_graph_compute: CUDA graph warmup reset
ggml_backend_cuda_graph_compute: CUDA graph warmup complete
                2782 runs -   369.06 us/run - 939.52 MFLOP/run - [1;34m  2.55 TFLOPS[0m
  MUL_MAT(type_a=q8_0,type_b=f32,m=4096,n=8,k=14336,bs=[1,1],nr=[1,1],per=[0,1,2,3],k_v=0,o=1): ggml_backend_cuda_graph_compute: CUDA graph warmup reset
ggml_backend_cuda_graph_compute: CUDA graph warmup complete
                2568 runs -   403.72 us/run - 939.52 MFLOP/run - [1;34m  2.33 TFLOPS[0m
  MUL_MAT(type_a=q1_0,type_b=f32,m=4096,n=8,k=14336,bs=[1,1],nr=[1,1],per=[0,1,2,3],k_v=0,o=1): ggml_backend_cuda_graph_compute: CUDA graph warmup reset
ggml_backend_cuda_graph_compute: CUDA graph warmup complete
                 428 runs -  2801.51 us/run - 939.52 MFLOP/run - [1;34m335.36 GFLOPS[0m
  MUL_MAT(type_a=q2_0,type_b=f32,m=4096,n=8,k=14336,bs=[1,1],nr=[1,1],per=[0,1,2,3],k_v=0,o=1): ggml_backend_cuda_graph_compute: CUDA graph warmup reset
ggml_backend_cuda_graph_compute: CUDA graph warmup complete
                 535 runs -  1968.21 us/run - 939.52 MFLOP/run - [1;34m477.35 GFLOPS[0m
  MUL_MAT(type_a=mxfp4,type_b=f32,m=4096,n=8,k=14336,bs=[1,1],nr=[1,1],per=[0,1,2,3],k_v=0,o=1): ggml_backend_cuda_graph_compute: CUDA graph warmup reset
ggml_backend_cuda_graph_compute: CUDA graph warmup complete
               3103 runs -   324.26 us/run - 939.52 MFLOP/run - [1;34m  2.90 TFLOPS[0m
  MUL_MAT(type_a=nvfp4,type_b=f32,m=4096,n=8,k=14336,bs=[1,1],nr=[1,1],per=[0,1,2,3],k_v=0,o=1): ggml_backend_cuda_graph_compute: CUDA graph warmup reset
ggml_backend_cuda_graph_compute: CUDA graph warmup complete
               1819 runs -   563.49 us/run - 939.52 MFLOP/run - [1;34m  1.67 TFLOPS[0m
  MUL_MAT(type_a=q2_K,type_b=f32,m=4096,n=8,k=14336,bs=[1,1],nr=[1,1],per=[0,1,2,3],k_v=0,o=1): ggml_backend_cuda_graph_compute: CUDA graph warmup reset
ggml_backend_cuda_graph_compute: CUDA graph warmup complete
                1177 runs -   867.56 us/run - 939.52 MFLOP/run - [1;34m  1.08 TFLOPS[0m
  MUL_MAT(type_a=q3_K,type_b=f32,m=4096,n=8,k=14336,bs=[1,1],nr=[1,1],per=[0,1,2,3],k_v=0,o=1): ggml_backend_cuda_graph_compute: CUDA graph warmup reset
ggml_backend_cuda_graph_compute: CUDA graph warmup complete
                1498 runs -   673.47 us/run - 939.52 MFLOP/run - [1;34m  1.40 TFLOPS[0m
  MUL_MAT(type_a=q4_K,type_b=f32,m=4096,n=8,k=14336,bs=[1,1],nr=[1,1],per=[0,1,2,3],k_v=0,o=1): ggml_backend_cuda_graph_compute: CUDA graph warmup reset
ggml_backend_cuda_graph_compute: CUDA graph warmup complete
                1070 runs -   960.33 us/run - 939.52 MFLOP/run - [1;34m978.34 GFLOPS[0m
  MUL_MAT(type_a=q5_K,type_b=f32,m=4096,n=8,k=14336,bs=[1,1],nr=[1,1],per=[0,1,2,3],k_v=0,o=1): ggml_backend_cuda_graph_compute: CUDA graph warmup reset
ggml_backend_cuda_graph_compute: CUDA graph warmup complete
                1070 runs -   968.65 us/run - 939.52 MFLOP/run - [1;34m969.93 GFLOPS[0m
  MUL_MAT(type_a=q6_K,type_b=f32,m=4096,n=8,k=14336,bs=[1,1],nr=[1,1],per=[0,1,2,3],k_v=0,o=1): ggml_backend_cuda_graph_compute: CUDA graph warmup reset
ggml_backend_cuda_graph_compute: CUDA graph warmup complete
                1712 runs -   609.80 us/run - 939.52 MFLOP/run - [1;34m  1.54 TFLOPS[0m
  MUL_MAT(type_a=iq2_xxs,type_b=f32,m=4096,n=8,k=14336,bs=[1,1],nr=[1,1],per=[0,1,2,3],k_v=0,o=1): ggml_backend_cuda_graph_compute: CUDA graph warmup complete
             2354 runs -   433.40 us/run - 939.52 MFLOP/run - [1;34m  2.17 TFLOPS[0m
  MUL_MAT(type_a=iq2_xs,type_b=f32,m=4096,n=8,k=14336,bs=[1,1],nr=[1,1],per=[0,1,2,3],k_v=0,o=1): ggml_backend_cuda_graph_compute: CUDA graph warmup reset
ggml_backend_cuda_graph_compute: CUDA graph warmup complete
              2140 runs -   481.69 us/run - 939.52 MFLOP/run - [1;34m  1.95 TFLOPS[0m
  MUL_MAT(type_a=iq2_s,type_b=f32,m=4096,n=8,k=14336,bs=[1,1],nr=[1,1],per=[0,1,2,3],k_v=0,o=1): ggml_backend_cuda_graph_compute: CUDA graph warmup reset
ggml_backend_cuda_graph_compute: CUDA graph warmup complete
               2140 runs -   472.63 us/run - 939.52 MFLOP/run - [1;34m  1.99 TFLOPS[0m
  MUL_MAT(type_a=iq3_xxs,type_b=f32,m=4096,n=8,k=14336,bs=[1,1],nr=[1,1],per=[0,1,2,3],k_v=0,o=1): ggml_backend_cuda_graph_compute: CUDA graph warmup reset
ggml_backend_cuda_graph_compute: CUDA graph warmup complete
             2354 runs -   443.28 us/run - 939.52 MFLOP/run - [1;34m  2.12 TFLOPS[0m
  MUL_MAT(type_a=iq1_s,type_b=f32,m=4096,n=8,k=14336,bs=[1,1],nr=[1,1],per=[0,1,2,3],k_v=0,o=1): ggml_backend_cuda_graph_compute: CUDA graph warmup reset
ggml_backend_cuda_graph_compute: CUDA graph warmup complete
               3317 runs -   311.04 us/run - 939.52 MFLOP/run - [1;34m  3.02 TFLOPS[0m
  MUL_MAT(type_a=iq1_m,type_b=f32,m=4096,n=8,k=14336,bs=[1,1],nr=[1,1],per=[0,1,2,3],k_v=0,o=1): ggml_backend_cuda_graph_compute: CUDA graph warmup reset
ggml_backend_cuda_graph_compute: CUDA graph warmup complete
               2247 runs -   447.22 us/run - 939.52 MFLOP/run - [1;34m  2.10 TFLOPS[0m
  MUL_MAT(type_a=iq4_nl,type_b=f32,m=4096,n=8,k=14336,bs=[1,1],nr=[1,1],per=[0,1,2,3],k_v=0,o=1): ggml_backend_cuda_graph_compute: CUDA graph warmup reset
ggml_backend_cuda_graph_compute: CUDA graph warmup complete
              3103 runs -   326.41 us/run - 939.52 MFLOP/run - [1;34m  2.88 TFLOPS[0m
  MUL_MAT(type_a=iq3_s,type_b=f32,m=4096,n=8,k=14336,bs=[1,1],nr=[1,1],per=[0,1,2,3],k_v=0,o=1): ggml_backend_cuda_graph_compute: CUDA graph warmup reset
ggml_backend_cuda_graph_compute: CUDA graph warmup complete
               2461 runs -   424.15 us/run - 939.52 MFLOP/run - [1;34m  2.22 TFLOPS[0m
  MUL_MAT(type_a=iq4_xs,type_b=f32,m=4096,n=8,k=14336,bs=[1,1],nr=[1,1],per=[0,1,2,3],k_v=0,o=1): ggml_backend_cuda_graph_compute: CUDA graph warmup complete
              3317 runs -   309.88 us/run - 939.52 MFLOP/run - [1;34m  3.03 TFLOPS[0m
  MUL_MAT(type_a=f32,type_b=f32,m=4096,n=512,k=14336,bs=[1,1],nr=[1,1],per=[0,1,2,3],k_v=0,o=1): ggml_backend_cuda_graph_compute: CUDA graph warmup reset
ggml_backend_cuda_graph_compute: CUDA graph warmup complete
                 44 runs - 23527.16 us/run -  60.13 GFLOP/run - [1;34m  2.56 TFLOPS[0m
  MUL_MAT(type_a=f16,type_b=f32,m=4096,n=512,k=14336,bs=[1,1],nr=[1,1],per=[0,1,2,3],k_v=0,o=1): ggml_backend_cuda_graph_compute: CUDA graph warmup reset
ggml_backend_cuda_graph_compute: CUDA graph warmup complete
                 40 runs - 25065.80 us/run -  60.13 GFLOP/run - [1;34m  2.40 TFLOPS[0m
  MUL_MAT(type_a=bf16,type_b=f32,m=4096,n=512,k=14336,bs=[1,1],nr=[1,1],per=[0,1,2,3],k_v=0,o=1): ggml_backend_cuda_graph_compute: CUDA graph warmup reset
ggml_backend_cuda_graph_compute: CUDA graph warmup complete
                40 runs - 25281.38 us/run -  60.13 GFLOP/run - [1;34m  2.38 TFLOPS[0m
  MUL_MAT(type_a=q4_0,type_b=f32,m=4096,n=512,k=14336,bs=[1,1],nr=[1,1],per=[0,1,2,3],k_v=0,o=1): ggml_backend_cuda_graph_compute: CUDA graph warmup complete
                68 runs - 15037.44 us/run -  60.13 GFLOP/run - [1;34m  4.00 TFLOPS[0m
  MUL_MAT(type_a=q4_1,type_b=f32,m=4096,n=512,k=14336,bs=[1,1],nr=[1,1],per=[0,1,2,3],k_v=0,o=1): ggml_backend_cuda_graph_compute: CUDA graph warmup reset
ggml_backend_cuda_graph_compute: CUDA graph warmup complete
                66 runs - 15418.50 us/run -  60.13 GFLOP/run - [1;34m  3.90 TFLOPS[0m
  MUL_MAT(type_a=q5_0,type_b=f32,m=4096,n=512,k=14336,bs=[1,1],nr=[1,1],per=[0,1,2,3],k_v=0,o=1): ggml_backend_cuda_graph_compute: CUDA graph warmup complete
                66 runs - 15622.27 us/run -  60.13 GFLOP/run - [1;34m  3.85 TFLOPS[0m
  MUL_MAT(type_a=q5_1,type_b=f32,m=4096,n=512,k=14336,bs=[1,1],nr=[1,1],per=[0,1,2,3],k_v=0,o=1): ggml_backend_cuda_graph_compute: CUDA graph warmup complete
                64 runs - 15770.89 us/run -  60.13 GFLOP/run - [1;34m  3.81 TFLOPS[0m
  MUL_MAT(type_a=q8_0,type_b=f32,m=4096,n=512,k=14336,bs=[1,1],nr=[1,1],per=[0,1,2,3],k_v=0,o=1): ggml_backend_cuda_graph_compute: CUDA graph warmup complete
                68 runs - 14722.47 us/run -  60.13 GFLOP/run - [1;34m  4.08 TFLOPS[0m
  MUL_MAT(type_a=q1_0,type_b=f32,m=4096,n=512,k=14336,bs=[1,1],nr=[1,1],per=[0,1,2,3],k_v=0,o=1): ggml_backend_cuda_graph_compute: CUDA graph warmup complete
                62 runs - 16253.45 us/run -  60.13 GFLOP/run - [1;34m  3.70 TFLOPS[0m
  MUL_MAT(type_a=q2_0,type_b=f32,m=4096,n=512,k=14336,bs=[1,1],nr=[1,1],per=[0,1,2,3],k_v=0,o=1): ggml_backend_cuda_graph_compute: CUDA graph warmup complete
                66 runs - 15469.73 us/run -  60.13 GFLOP/run - [1;34m  3.89 TFLOPS[0m
  MUL_MAT(type_a=mxfp4,type_b=f32,m=4096,n=512,k=14336,bs=[1,1],nr=[1,1],per=[0,1,2,3],k_v=0,o=1): ggml_backend_cuda_graph_compute: CUDA graph warmup complete
               68 runs - 14869.84 us/run -  60.13 GFLOP/run - [1;34m  4.04 TFLOPS[0m
  MUL_MAT(type_a=nvfp4,type_b=f32,m=4096,n=512,k=14336,bs=[1,1],nr=[1,1],per=[0,1,2,3],k_v=0,o=1): ggml_backend_cuda_graph_compute: CUDA graph warmup complete
               62 runs - 16253.81 us/run -  60.13 GFLOP/run - [1;34m  3.70 TFLOPS[0m
  MUL_MAT(type_a=q2_K,type_b=f32,m=4096,n=512,k=14336,bs=[1,1],nr=[1,1],per=[0,1,2,3],k_v=0,o=1): ggml_backend_cuda_graph_compute: CUDA graph warmup complete
                18 runs - 59511.94 us/run -  60.13 GFLOP/run - [1;34m  1.01 TFLOPS[0m
  MUL_MAT(type_a=q3_K,type_b=f32,m=4096,n=512,k=14336,bs=[1,1],nr=[1,1],per=[0,1,2,3],k_v=0,o=1): ggml_backend_cuda_graph_compute: CUDA graph warmup complete
                56 runs - 18190.43 us/run -  60.13 GFLOP/run - [1;34m  3.31 TFLOPS[0m
  MUL_MAT(type_a=q4_K,type_b=f32,m=4096,n=512,k=14336,bs=[1,1],nr=[1,1],per=[0,1,2,3],k_v=0,o=1): ggml_backend_cuda_graph_compute: CUDA graph warmup complete
                46 runs - 22383.50 us/run -  60.13 GFLOP/run - [1;34m  2.69 TFLOPS[0m
  MUL_MAT(type_a=q5_K,type_b=f32,m=4096,n=512,k=14336,bs=[1,1],nr=[1,1],per=[0,1,2,3],k_v=0,o=1): ggml_backend_cuda_graph_compute: CUDA graph warmup complete
                42 runs - 24086.33 us/run -  60.13 GFLOP/run - [1;34m  2.50 TFLOPS[0m
  MUL_MAT(type_a=q6_K,type_b=f32,m=4096,n=512,k=14336,bs=[1,1],nr=[1,1],per=[0,1,2,3],k_v=0,o=1): ggml_backend_cuda_graph_compute: CUDA graph warmup complete
                40 runs - 25094.40 us/run -  60.13 GFLOP/run - [1;34m  2.40 TFLOPS[0m
  MUL_MAT(type_a=iq2_xxs,type_b=f32,m=4096,n=512,k=14336,bs=[1,1],nr=[1,1],per=[0,1,2,3],k_v=0,o=1): ggml_backend_cuda_graph_compute: CUDA graph warmup complete
                     62 runs - 16591.15 us/run -  60.13 GFLOP/run - [1;34m  3.62 TFLOPS[0m
  MUL_MAT(type_a=iq2_xs,type_b=f32,m=4096,n=512,k=14336,bs=[1,1],nr=[1,1],per=[0,1,2,3],k_v=0,o=1): ggml_backend_cuda_graph_compute: CUDA graph warmup complete
                      58 runs - 17509.79 us/run -  60.13 GFLOP/run - [1;34m  3.43 TFLOPS[0m
  MUL_MAT(type_a=iq2_s,type_b=f32,m=4096,n=512,k=14336,bs=[1,1],nr=[1,1],per=[0,1,2,3],k_v=0,o=1): ggml_backend_cuda_graph_compute: CUDA graph warmup complete
               56 runs - 17964.75 us/run -  60.13 GFLOP/run - [1;34m  3.35 TFLOPS[0m
  MUL_MAT(type_a=iq3_xxs,type_b=f32,m=4096,n=512,k=14336,bs=[1,1],nr=[1,1],per=[0,1,2,3],k_v=0,o=1): ggml_backend_cuda_graph_compute: CUDA graph warmup complete
                     60 runs - 16936.53 us/run -  60.13 GFLOP/run - [1;34m  3.55 TFLOPS[0m
  MUL_MAT(type_a=iq1_s,type_b=f32,m=4096,n=512,k=14336,bs=[1,1],nr=[1,1],per=[0,1,2,3],k_v=0,o=1): ggml_backend_cuda_graph_compute: CUDA graph warmup complete
               66 runs - 15439.26 us/run -  60.13 GFLOP/run - [1;34m  3.89 TFLOPS[0m
  MUL_MAT(type_a=iq1_m,type_b=f32,m=4096,n=512,k=14336,bs=[1,1],nr=[1,1],per=[0,1,2,3],k_v=0,o=1): ggml_backend_cuda_graph_compute: CUDA graph warmup reset
ggml_backend_cuda_graph_compute: CUDA graph warmup complete
               42 runs - 24333.83 us/run -  60.13 GFLOP/run - [1;34m  2.47 TFLOPS[0m
  MUL_MAT(type_a=iq4_nl,type_b=f32,m=4096,n=512,k=14336,bs=[1,1],nr=[1,1],per=[0,1,2,3],k_v=0,o=1): ggml_backend_cuda_graph_compute: CUDA graph warmup complete
                      66 runs - 15298.64 us/run -  60.13 GFLOP/run - [1;34m  3.93 TFLOPS[0m
  MUL_MAT(type_a=iq3_s,type_b=f32,m=4096,n=512,k=14336,bs=[1,1],nr=[1,1],per=[0,1,2,3],k_v=0,o=1): ggml_backend_cuda_graph_compute: CUDA graph warmup complete
               60 runs - 16729.18 us/run -  60.13 GFLOP/run - [1;34m  3.59 TFLOPS[0m
  MUL_MAT(type_a=iq4_xs,type_b=f32,m=4096,n=512,k=14336,bs=[1,1],nr=[1,1],per=[0,1,2,3],k_v=0,o=1):                       68 runs - 14945.19 us/run -  60.13 GFLOP/run - [1;34m  4.02 TFLOPS[0m
  Backend ROCm0: [1;32mOK[0m
Backend 2/2: CPU
  Skipping
2/2 backends passed
[1;32mOK[0m
