ggml_cuda_init: found 1 ROCm devices (Total VRAM: 16384 MiB):
  Device 0: AMD BC-250, gfx1013:xnack- (0x1013), VMM: no, Wave Size: 32, VRAM: 16384 MiB
ggml_backend_cuda_get_available_uma_memory: final available_memory_kb: 14486872
Testing 2 devices

Backend 1/2: ROCm0
  Device description: AMD BC-250
  Device memory: 16384 MB (14147 MB free)

  MUL_MAT(type_a=f16,type_b=f32,m=16416,n=1,k=128,bs=[8,1],nr=[4,1],per=[0,2,1,3],k_v=0,o=1): ggml_backend_cuda_graph_compute: CUDA graph warmup complete
                   744 runs -  2624.56 us/run - 134.48 MFLOP/run - [1;34m 51.24 GFLOPS[0m
  MUL_MAT(type_a=f16,type_b=f32,m=128,n=1,k=16416,bs=[8,1],nr=[4,1],per=[0,1,2,3],k_v=32832,o=1): ggml_backend_cuda_graph_compute: CUDA graph warmup complete
              2976 runs -   387.06 us/run - 134.48 MFLOP/run - [1;34m347.44 GFLOPS[0m
  MUL_MAT(type_a=f32,type_b=f32,m=4096,n=1,k=14336,bs=[1,1],nr=[1,1],per=[0,1,2,3],k_v=0,o=1): ggml_backend_cuda_graph_compute: CUDA graph warmup complete
                 2556 runs -   578.44 us/run - 117.44 MFLOP/run - [1;34m203.03 GFLOPS[0m
  MUL_MAT(type_a=f16,type_b=f32,m=4096,n=1,k=14336,bs=[1,1],nr=[1,1],per=[0,1,2,3],k_v=0,o=1): ggml_backend_cuda_graph_compute: CUDA graph warmup complete
                 3408 runs -   361.24 us/run - 117.44 MFLOP/run - [1;34m325.10 GFLOPS[0m
  MUL_MAT(type_a=bf16,type_b=f32,m=4096,n=1,k=14336,bs=[1,1],nr=[1,1],per=[0,1,2,3],k_v=0,o=1): ggml_backend_cuda_graph_compute: CUDA graph warmup complete
                3408 runs -   362.00 us/run - 117.44 MFLOP/run - [1;34m324.42 GFLOPS[0m
  MUL_MAT(type_a=q4_0,type_b=f32,m=4096,n=1,k=14336,bs=[1,1],nr=[1,1],per=[0,1,2,3],k_v=0,o=1): ggml_backend_cuda_graph_compute: CUDA graph warmup complete
               10224 runs -    99.27 us/run - 117.44 MFLOP/run - [1;34m  1.18 TFLOPS[0m
  MUL_MAT(type_a=q4_1,type_b=f32,m=4096,n=1,k=14336,bs=[1,1],nr=[1,1],per=[0,1,2,3],k_v=0,o=1): ggml_backend_cuda_graph_compute: CUDA graph warmup complete
                9372 runs -   107.02 us/run - 117.44 MFLOP/run - [1;34m  1.10 TFLOPS[0m
  MUL_MAT(type_a=q5_0,type_b=f32,m=4096,n=1,k=14336,bs=[1,1],nr=[1,1],per=[0,1,2,3],k_v=0,o=1): ggml_backend_cuda_graph_compute: CUDA graph warmup complete
                8520 runs -   118.00 us/run - 117.44 MFLOP/run - [1;34m995.24 GFLOPS[0m
  MUL_MAT(type_a=q5_1,type_b=f32,m=4096,n=1,k=14336,bs=[1,1],nr=[1,1],per=[0,1,2,3],k_v=0,o=1): ggml_backend_cuda_graph_compute: CUDA graph warmup complete
                8520 runs -   125.36 us/run - 117.44 MFLOP/run - [1;34m936.81 GFLOPS[0m
  MUL_MAT(type_a=q8_0,type_b=f32,m=4096,n=1,k=14336,bs=[1,1],nr=[1,1],per=[0,1,2,3],k_v=0,o=1): ggml_backend_cuda_graph_compute: CUDA graph warmup complete
                5964 runs -   171.77 us/run - 117.44 MFLOP/run - [1;34m683.69 GFLOPS[0m
  MUL_MAT(type_a=q1_0,type_b=f32,m=4096,n=1,k=14336,bs=[1,1],nr=[1,1],per=[0,1,2,3],k_v=0,o=1): ggml_backend_cuda_graph_compute: CUDA graph warmup complete
                1704 runs -   785.66 us/run - 117.44 MFLOP/run - [1;34m149.48 GFLOPS[0m
  MUL_MAT(type_a=q2_0,type_b=f32,m=4096,n=1,k=14336,bs=[1,1],nr=[1,1],per=[0,1,2,3],k_v=0,o=1): ggml_backend_cuda_graph_compute: CUDA graph warmup complete
                2556 runs -   462.85 us/run - 117.44 MFLOP/run - [1;34m253.74 GFLOPS[0m
  MUL_MAT(type_a=mxfp4,type_b=f32,m=4096,n=1,k=14336,bs=[1,1],nr=[1,1],per=[0,1,2,3],k_v=0,o=1): ggml_backend_cuda_graph_compute: CUDA graph warmup complete
              11076 runs -    97.00 us/run - 117.44 MFLOP/run - [1;34m  1.21 TFLOPS[0m
  MUL_MAT(type_a=nvfp4,type_b=f32,m=4096,n=1,k=14336,bs=[1,1],nr=[1,1],per=[0,1,2,3],k_v=0,o=1): ggml_backend_cuda_graph_compute: CUDA graph warmup complete
               6816 runs -   151.85 us/run - 117.44 MFLOP/run - [1;34m773.39 GFLOPS[0m
  MUL_MAT(type_a=q2_K,type_b=f32,m=4096,n=1,k=14336,bs=[1,1],nr=[1,1],per=[0,1,2,3],k_v=0,o=1): ggml_backend_cuda_graph_compute: CUDA graph warmup complete
                6816 runs -   155.36 us/run - 117.44 MFLOP/run - [1;34m755.94 GFLOPS[0m
  MUL_MAT(type_a=q3_K,type_b=f32,m=4096,n=1,k=14336,bs=[1,1],nr=[1,1],per=[0,1,2,3],k_v=0,o=1): ggml_backend_cuda_graph_compute: CUDA graph warmup complete
                5112 runs -   209.88 us/run - 117.44 MFLOP/run - [1;34m559.56 GFLOPS[0m
  MUL_MAT(type_a=q4_K,type_b=f32,m=4096,n=1,k=14336,bs=[1,1],nr=[1,1],per=[0,1,2,3],k_v=0,o=1): ggml_backend_cuda_graph_compute: CUDA graph warmup complete
                6816 runs -   151.94 us/run - 117.44 MFLOP/run - [1;34m772.94 GFLOPS[0m
  MUL_MAT(type_a=q5_K,type_b=f32,m=4096,n=1,k=14336,bs=[1,1],nr=[1,1],per=[0,1,2,3],k_v=0,o=1): ggml_backend_cuda_graph_compute: CUDA graph warmup complete
                6816 runs -   161.22 us/run - 117.44 MFLOP/run - [1;34m728.45 GFLOPS[0m
  MUL_MAT(type_a=q6_K,type_b=f32,m=4096,n=1,k=14336,bs=[1,1],nr=[1,1],per=[0,1,2,3],k_v=0,o=1): ggml_backend_cuda_graph_compute: CUDA graph warmup complete
                5964 runs -   189.66 us/run - 117.44 MFLOP/run - [1;34m619.23 GFLOPS[0m
  MUL_MAT(type_a=iq2_xxs,type_b=f32,m=4096,n=1,k=14336,bs=[1,1],nr=[1,1],per=[0,1,2,3],k_v=0,o=1): ggml_backend_cuda_graph_compute: CUDA graph warmup complete
             4260 runs -   264.30 us/run - 117.44 MFLOP/run - [1;34m444.35 GFLOPS[0m
  MUL_MAT(type_a=iq2_xs,type_b=f32,m=4096,n=1,k=14336,bs=[1,1],nr=[1,1],per=[0,1,2,3],k_v=0,o=1): ggml_backend_cuda_graph_compute: CUDA graph warmup reset
ggml_backend_cuda_graph_compute: CUDA graph warmup complete
              4260 runs -   235.93 us/run - 117.44 MFLOP/run - [1;34m497.77 GFLOPS[0m
  MUL_MAT(type_a=iq2_s,type_b=f32,m=4096,n=1,k=14336,bs=[1,1],nr=[1,1],per=[0,1,2,3],k_v=0,o=1): ggml_backend_cuda_graph_compute: CUDA graph warmup reset
ggml_backend_cuda_graph_compute: CUDA graph warmup complete
               5112 runs -   221.94 us/run - 117.44 MFLOP/run - [1;34m529.16 GFLOPS[0m
  MUL_MAT(type_a=iq3_xxs,type_b=f32,m=4096,n=1,k=14336,bs=[1,1],nr=[1,1],per=[0,1,2,3],k_v=0,o=1): ggml_backend_cuda_graph_compute: CUDA graph warmup reset
ggml_backend_cuda_graph_compute: CUDA graph warmup complete
             5112 runs -   228.16 us/run - 117.44 MFLOP/run - [1;34m514.73 GFLOPS[0m
  MUL_MAT(type_a=iq1_s,type_b=f32,m=4096,n=1,k=14336,bs=[1,1],nr=[1,1],per=[0,1,2,3],k_v=0,o=1): ggml_backend_cuda_graph_compute: CUDA graph warmup complete
               9372 runs -   116.93 us/run - 117.44 MFLOP/run - [1;34m  1.00 TFLOPS[0m
  MUL_MAT(type_a=iq1_m,type_b=f32,m=4096,n=1,k=14336,bs=[1,1],nr=[1,1],per=[0,1,2,3],k_v=0,o=1): ggml_backend_cuda_graph_compute: CUDA graph warmup reset
ggml_backend_cuda_graph_compute: CUDA graph warmup complete
               6816 runs -   150.56 us/run - 117.44 MFLOP/run - [1;34m780.03 GFLOPS[0m
  MUL_MAT(type_a=iq4_nl,type_b=f32,m=4096,n=1,k=14336,bs=[1,1],nr=[1,1],per=[0,1,2,3],k_v=0,o=1): ggml_backend_cuda_graph_compute: CUDA graph warmup complete
             10224 runs -   100.63 us/run - 117.44 MFLOP/run - [1;34m  1.17 TFLOPS[0m
  MUL_MAT(type_a=iq3_s,type_b=f32,m=4096,n=1,k=14336,bs=[1,1],nr=[1,1],per=[0,1,2,3],k_v=0,o=1): ggml_backend_cuda_graph_compute: CUDA graph warmup complete
               5112 runs -   227.95 us/run - 117.44 MFLOP/run - [1;34m515.19 GFLOPS[0m
  MUL_MAT(type_a=iq4_xs,type_b=f32,m=4096,n=1,k=14336,bs=[1,1],nr=[1,1],per=[0,1,2,3],k_v=0,o=1): ggml_backend_cuda_graph_compute: CUDA graph warmup complete
             11076 runs -    97.34 us/run - 117.44 MFLOP/run - [1;34m  1.21 TFLOPS[0m
  MUL_MAT(type_a=f32,type_b=f32,m=4096,n=2,k=14336,bs=[1,1],nr=[1,1],per=[0,1,2,3],k_v=0,o=1): ggml_backend_cuda_graph_compute: CUDA graph warmup complete
                 1704 runs -   607.15 us/run - 234.88 MFLOP/run - [1;34m386.86 GFLOPS[0m
  MUL_MAT(type_a=f16,type_b=f32,m=4096,n=2,k=14336,bs=[1,1],nr=[1,1],per=[0,1,2,3],k_v=0,o=1): ggml_backend_cuda_graph_compute: CUDA graph warmup reset
ggml_backend_cuda_graph_compute: CUDA graph warmup complete
                 2982 runs -   390.55 us/run - 234.88 MFLOP/run - [1;34m601.41 GFLOPS[0m
  MUL_MAT(type_a=bf16,type_b=f32,m=4096,n=2,k=14336,bs=[1,1],nr=[1,1],per=[0,1,2,3],k_v=0,o=1): ggml_backend_cuda_graph_compute: CUDA graph warmup complete
                2556 runs -   395.15 us/run - 234.88 MFLOP/run - [1;34m594.41 GFLOPS[0m
  MUL_MAT(type_a=q4_0,type_b=f32,m=4096,n=2,k=14336,bs=[1,1],nr=[1,1],per=[0,1,2,3],k_v=0,o=1): ggml_backend_cuda_graph_compute: CUDA graph warmup complete
                9798 runs -   105.50 us/run - 234.88 MFLOP/run - [1;34m  2.23 TFLOPS[0m
  MUL_MAT(type_a=q4_1,type_b=f32,m=4096,n=2,k=14336,bs=[1,1],nr=[1,1],per=[0,1,2,3],k_v=0,o=1): ggml_backend_cuda_graph_compute: CUDA graph warmup reset
ggml_backend_cuda_graph_compute: CUDA graph warmup complete
                8946 runs -   113.56 us/run - 234.88 MFLOP/run - [1;34m  2.07 TFLOPS[0m
  MUL_MAT(type_a=q5_0,type_b=f32,m=4096,n=2,k=14336,bs=[1,1],nr=[1,1],per=[0,1,2,3],k_v=0,o=1): ggml_backend_cuda_graph_compute: CUDA graph warmup reset
ggml_backend_cuda_graph_compute: CUDA graph warmup complete
                7668 runs -   135.69 us/run - 234.88 MFLOP/run - [1;34m  1.73 TFLOPS[0m
  MUL_MAT(type_a=q5_1,type_b=f32,m=4096,n=2,k=14336,bs=[1,1],nr=[1,1],per=[0,1,2,3],k_v=0,o=1): ggml_backend_cuda_graph_compute: CUDA graph warmup reset
ggml_backend_cuda_graph_compute: CUDA graph warmup complete
                7242 runs -   140.29 us/run - 234.88 MFLOP/run - [1;34m  1.67 TFLOPS[0m
  MUL_MAT(type_a=q8_0,type_b=f32,m=4096,n=2,k=14336,bs=[1,1],nr=[1,1],per=[0,1,2,3],k_v=0,o=1): ggml_backend_cuda_graph_compute: CUDA graph warmup reset
ggml_backend_cuda_graph_compute: CUDA graph warmup complete
                5538 runs -   180.75 us/run - 234.88 MFLOP/run - [1;34m  1.30 TFLOPS[0m
  MUL_MAT(type_a=q1_0,type_b=f32,m=4096,n=2,k=14336,bs=[1,1],nr=[1,1],per=[0,1,2,3],k_v=0,o=1): ggml_backend_cuda_graph_compute: CUDA graph warmup reset
ggml_backend_cuda_graph_compute: CUDA graph warmup complete
                1278 runs -  1126.21 us/run - 234.88 MFLOP/run - [1;34m208.56 GFLOPS[0m
  MUL_MAT(type_a=q2_0,type_b=f32,m=4096,n=2,k=14336,bs=[1,1],nr=[1,1],per=[0,1,2,3],k_v=0,o=1): ggml_backend_cuda_graph_compute: CUDA graph warmup reset
ggml_backend_cuda_graph_compute: CUDA graph warmup complete
                1278 runs -   920.04 us/run - 234.88 MFLOP/run - [1;34m255.29 GFLOPS[0m
  MUL_MAT(type_a=mxfp4,type_b=f32,m=4096,n=2,k=14336,bs=[1,1],nr=[1,1],per=[0,1,2,3],k_v=0,o=1): ggml_backend_cuda_graph_compute: CUDA graph warmup reset
ggml_backend_cuda_graph_compute: CUDA graph warmup complete
               8946 runs -   115.09 us/run - 234.88 MFLOP/run - [1;34m  2.04 TFLOPS[0m
  MUL_MAT(type_a=nvfp4,type_b=f32,m=4096,n=2,k=14336,bs=[1,1],nr=[1,1],per=[0,1,2,3],k_v=0,o=1): ggml_backend_cuda_graph_compute: CUDA graph warmup reset
ggml_backend_cuda_graph_compute: CUDA graph warmup complete
               5964 runs -   168.57 us/run - 234.88 MFLOP/run - [1;34m  1.39 TFLOPS[0m
  MUL_MAT(type_a=q2_K,type_b=f32,m=4096,n=2,k=14336,bs=[1,1],nr=[1,1],per=[0,1,2,3],k_v=0,o=1): ggml_backend_cuda_graph_compute: CUDA graph warmup reset
ggml_backend_cuda_graph_compute: CUDA graph warmup complete
                4260 runs -   253.08 us/run - 234.88 MFLOP/run - [1;34m928.09 GFLOPS[0m
  MUL_MAT(type_a=q3_K,type_b=f32,m=4096,n=2,k=14336,bs=[1,1],nr=[1,1],per=[0,1,2,3],k_v=0,o=1): ggml_backend_cuda_graph_compute: CUDA graph warmup reset
ggml_backend_cuda_graph_compute: CUDA graph warmup complete
                3834 runs -   273.64 us/run - 234.88 MFLOP/run - [1;34m858.35 GFLOPS[0m
  MUL_MAT(type_a=q4_K,type_b=f32,m=4096,n=2,k=14336,bs=[1,1],nr=[1,1],per=[0,1,2,3],k_v=0,o=1): ggml_backend_cuda_graph_compute: CUDA graph warmup reset
ggml_backend_cuda_graph_compute: CUDA graph warmup complete
                4686 runs -   230.68 us/run - 234.88 MFLOP/run - [1;34m  1.02 TFLOPS[0m
  MUL_MAT(type_a=q5_K,type_b=f32,m=4096,n=2,k=14336,bs=[1,1],nr=[1,1],per=[0,1,2,3],k_v=0,o=1): ggml_backend_cuda_graph_compute: CUDA graph warmup reset
ggml_backend_cuda_graph_compute: CUDA graph warmup complete
                4260 runs -   244.13 us/run - 234.88 MFLOP/run - [1;34m962.11 GFLOPS[0m
  MUL_MAT(type_a=q6_K,type_b=f32,m=4096,n=2,k=14336,bs=[1,1],nr=[1,1],per=[0,1,2,3],k_v=0,o=1): ggml_backend_cuda_graph_compute: CUDA graph warmup reset
ggml_backend_cuda_graph_compute: CUDA graph warmup complete
                4686 runs -   227.03 us/run - 234.88 MFLOP/run - [1;34m  1.03 TFLOPS[0m
  MUL_MAT(type_a=iq2_xxs,type_b=f32,m=4096,n=2,k=14336,bs=[1,1],nr=[1,1],per=[0,1,2,3],k_v=0,o=1): ggml_backend_cuda_graph_compute: CUDA graph warmup complete
             3834 runs -   261.87 us/run - 234.88 MFLOP/run - [1;34m896.93 GFLOPS[0m
  MUL_MAT(type_a=iq2_xs,type_b=f32,m=4096,n=2,k=14336,bs=[1,1],nr=[1,1],per=[0,1,2,3],k_v=0,o=1): ggml_backend_cuda_graph_compute: CUDA graph warmup reset
ggml_backend_cuda_graph_compute: CUDA graph warmup complete
              3834 runs -   275.30 us/run - 234.88 MFLOP/run - [1;34m853.19 GFLOPS[0m
  MUL_MAT(type_a=iq2_s,type_b=f32,m=4096,n=2,k=14336,bs=[1,1],nr=[1,1],per=[0,1,2,3],k_v=0,o=1): ggml_backend_cuda_graph_compute: CUDA graph warmup reset
ggml_backend_cuda_graph_compute: CUDA graph warmup complete
               3834 runs -   265.35 us/run - 234.88 MFLOP/run - [1;34m885.18 GFLOPS[0m
  MUL_MAT(type_a=iq3_xxs,type_b=f32,m=4096,n=2,k=14336,bs=[1,1],nr=[1,1],per=[0,1,2,3],k_v=0,o=1): ggml_backend_cuda_graph_compute: CUDA graph warmup reset
ggml_backend_cuda_graph_compute: CUDA graph warmup complete
             3834 runs -   267.70 us/run - 234.88 MFLOP/run - [1;34m877.42 GFLOPS[0m
  MUL_MAT(type_a=iq1_s,type_b=f32,m=4096,n=2,k=14336,bs=[1,1],nr=[1,1],per=[0,1,2,3],k_v=0,o=1): ggml_backend_cuda_graph_compute: CUDA graph warmup reset
ggml_backend_cuda_graph_compute: CUDA graph warmup complete
               7668 runs -   132.83 us/run - 234.88 MFLOP/run - [1;34m  1.77 TFLOPS[0m
  MUL_MAT(type_a=iq1_m,type_b=f32,m=4096,n=2,k=14336,bs=[1,1],nr=[1,1],per=[0,1,2,3],k_v=0,o=1): ggml_backend_cuda_graph_compute: CUDA graph warmup reset
ggml_backend_cuda_graph_compute: CUDA graph warmup complete
               6390 runs -   167.06 us/run - 234.88 MFLOP/run - [1;34m  1.41 TFLOPS[0m
  MUL_MAT(type_a=iq4_nl,type_b=f32,m=4096,n=2,k=14336,bs=[1,1],nr=[1,1],per=[0,1,2,3],k_v=0,o=1): ggml_backend_cuda_graph_compute: CUDA graph warmup reset
ggml_backend_cuda_graph_compute: CUDA graph warmup complete
              8946 runs -   114.16 us/run - 234.88 MFLOP/run - [1;34m  2.06 TFLOPS[0m
  MUL_MAT(type_a=iq3_s,type_b=f32,m=4096,n=2,k=14336,bs=[1,1],nr=[1,1],per=[0,1,2,3],k_v=0,o=1): ggml_backend_cuda_graph_compute: CUDA graph warmup reset
ggml_backend_cuda_graph_compute: CUDA graph warmup complete
               3834 runs -   264.91 us/run - 234.88 MFLOP/run - [1;34m886.66 GFLOPS[0m
  MUL_MAT(type_a=iq4_xs,type_b=f32,m=4096,n=2,k=14336,bs=[1,1],nr=[1,1],per=[0,1,2,3],k_v=0,o=1): ggml_backend_cuda_graph_compute: CUDA graph warmup complete
              8094 runs -   126.26 us/run - 234.88 MFLOP/run - [1;34m  1.86 TFLOPS[0m
  MUL_MAT(type_a=f32,type_b=f32,m=4096,n=3,k=14336,bs=[1,1],nr=[1,1],per=[0,1,2,3],k_v=0,o=1): ggml_backend_cuda_graph_compute: CUDA graph warmup reset
ggml_backend_cuda_graph_compute: CUDA graph warmup complete
                 1704 runs -   635.09 us/run - 352.32 MFLOP/run - [1;34m554.76 GFLOPS[0m
  MUL_MAT(type_a=f16,type_b=f32,m=4096,n=3,k=14336,bs=[1,1],nr=[1,1],per=[0,1,2,3],k_v=0,o=1): ggml_backend_cuda_graph_compute: CUDA graph warmup reset
ggml_backend_cuda_graph_compute: CUDA graph warmup complete
                 2272 runs -   460.09 us/run - 352.32 MFLOP/run - [1;34m765.77 GFLOPS[0m
  MUL_MAT(type_a=bf16,type_b=f32,m=4096,n=3,k=14336,bs=[1,1],nr=[1,1],per=[0,1,2,3],k_v=0,o=1): ggml_backend_cuda_graph_compute: CUDA graph warmup reset
ggml_backend_cuda_graph_compute: CUDA graph warmup complete
                2272 runs -   467.20 us/run - 352.32 MFLOP/run - [1;34m754.11 GFLOPS[0m
  MUL_MAT(type_a=q4_0,type_b=f32,m=4096,n=3,k=14336,bs=[1,1],nr=[1,1],per=[0,1,2,3],k_v=0,o=1): ggml_backend_cuda_graph_compute: CUDA graph warmup reset
ggml_backend_cuda_graph_compute: CUDA graph warmup complete
                7952 runs -   127.30 us/run - 352.32 MFLOP/run - [1;34m  2.77 TFLOPS[0m
  MUL_MAT(type_a=q4_1,type_b=f32,m=4096,n=3,k=14336,bs=[1,1],nr=[1,1],per=[0,1,2,3],k_v=0,o=1): ggml_backend_cuda_graph_compute: CUDA graph warmup reset
ggml_backend_cuda_graph_compute: CUDA graph warmup complete
                7952 runs -   129.19 us/run - 352.32 MFLOP/run - [1;34m  2.73 TFLOPS[0m
  MUL_MAT(type_a=q5_0,type_b=f32,m=4096,n=3,k=14336,bs=[1,1],nr=[1,1],per=[0,1,2,3],k_v=0,o=1): ggml_backend_cuda_graph_compute: CUDA graph warmup reset
ggml_backend_cuda_graph_compute: CUDA graph warmup complete
                5964 runs -   170.08 us/run - 352.32 MFLOP/run - [1;34m  2.07 TFLOPS[0m
  MUL_MAT(type_a=q5_1,type_b=f32,m=4096,n=3,k=14336,bs=[1,1],nr=[1,1],per=[0,1,2,3],k_v=0,o=1): ggml_backend_cuda_graph_compute: CUDA graph warmup reset
ggml_backend_cuda_graph_compute: CUDA graph warmup complete
                5964 runs -   168.59 us/run - 352.32 MFLOP/run - [1;34m  2.09 TFLOPS[0m
  MUL_MAT(type_a=q8_0,type_b=f32,m=4096,n=3,k=14336,bs=[1,1],nr=[1,1],per=[0,1,2,3],k_v=0,o=1): ggml_backend_cuda_graph_compute: CUDA graph warmup reset
ggml_backend_cuda_graph_compute: CUDA graph warmup complete
                5396 runs -   188.93 us/run - 352.32 MFLOP/run - [1;34m  1.86 TFLOPS[0m
  MUL_MAT(type_a=q1_0,type_b=f32,m=4096,n=3,k=14336,bs=[1,1],nr=[1,1],per=[0,1,2,3],k_v=0,o=1): ggml_backend_cuda_graph_compute: CUDA graph warmup reset
ggml_backend_cuda_graph_compute: CUDA graph warmup complete
                 852 runs -  1679.71 us/run - 352.32 MFLOP/run - [1;34m209.75 GFLOPS[0m
  MUL_MAT(type_a=q2_0,type_b=f32,m=4096,n=3,k=14336,bs=[1,1],nr=[1,1],per=[0,1,2,3],k_v=0,o=1): ggml_backend_cuda_graph_compute: CUDA graph warmup reset
ggml_backend_cuda_graph_compute: CUDA graph warmup complete
                 852 runs -  1372.36 us/run - 352.32 MFLOP/run - [1;34m256.73 GFLOPS[0m
  MUL_MAT(type_a=mxfp4,type_b=f32,m=4096,n=3,k=14336,bs=[1,1],nr=[1,1],per=[0,1,2,3],k_v=0,o=1): ggml_backend_cuda_graph_compute: CUDA graph warmup reset
ggml_backend_cuda_graph_compute: CUDA graph warmup complete
               6816 runs -   148.74 us/run - 352.32 MFLOP/run - [1;34m  2.37 TFLOPS[0m
  MUL_MAT(type_a=nvfp4,type_b=f32,m=4096,n=3,k=14336,bs=[1,1],nr=[1,1],per=[0,1,2,3],k_v=0,o=1): ggml_backend_cuda_graph_compute: CUDA graph warmup reset
ggml_backend_cuda_graph_compute: CUDA graph warmup complete
               4260 runs -   240.20 us/run - 352.32 MFLOP/run - [1;34m  1.47 TFLOPS[0m
  MUL_MAT(type_a=q2_K,type_b=f32,m=4096,n=3,k=14336,bs=[1,1],nr=[1,1],per=[0,1,2,3],k_v=0,o=1): ggml_backend_cuda_graph_compute: CUDA graph warmup reset
ggml_backend_cuda_graph_compute: CUDA graph warmup complete
                2840 runs -   358.72 us/run - 352.32 MFLOP/run - [1;34m982.16 GFLOPS[0m
  MUL_MAT(type_a=q3_K,type_b=f32,m=4096,n=3,k=14336,bs=[1,1],nr=[1,1],per=[0,1,2,3],k_v=0,o=1): ggml_backend_cuda_graph_compute: CUDA graph warmup reset
ggml_backend_cuda_graph_compute: CUDA graph warmup complete
                3124 runs -   348.72 us/run - 352.32 MFLOP/run - [1;34m  1.01 TFLOPS[0m
  MUL_MAT(type_a=q4_K,type_b=f32,m=4096,n=3,k=14336,bs=[1,1],nr=[1,1],per=[0,1,2,3],k_v=0,o=1): ggml_backend_cuda_graph_compute: CUDA graph warmup reset
ggml_backend_cuda_graph_compute: CUDA graph warmup complete
                2840 runs -   352.35 us/run - 352.32 MFLOP/run - [1;34m999.93 GFLOPS[0m
  MUL_MAT(type_a=q5_K,type_b=f32,m=4096,n=3,k=14336,bs=[1,1],nr=[1,1],per=[0,1,2,3],k_v=0,o=1): ggml_backend_cuda_graph_compute: CUDA graph warmup reset
ggml_backend_cuda_graph_compute: CUDA graph warmup complete
                3124 runs -   351.85 us/run - 352.32 MFLOP/run - [1;34m  1.00 TFLOPS[0m
  MUL_MAT(type_a=q6_K,type_b=f32,m=4096,n=3,k=14336,bs=[1,1],nr=[1,1],per=[0,1,2,3],k_v=0,o=1): ggml_backend_cuda_graph_compute: CUDA graph warmup reset
ggml_backend_cuda_graph_compute: CUDA graph warmup complete
                3692 runs -   291.09 us/run - 352.32 MFLOP/run - [1;34m  1.21 TFLOPS[0m
  MUL_MAT(type_a=iq2_xxs,type_b=f32,m=4096,n=3,k=14336,bs=[1,1],nr=[1,1],per=[0,1,2,3],k_v=0,o=1): ggml_backend_cuda_graph_compute: CUDA graph warmup complete
             3408 runs -   297.87 us/run - 352.32 MFLOP/run - [1;34m  1.18 TFLOPS[0m
  MUL_MAT(type_a=iq2_xs,type_b=f32,m=4096,n=3,k=14336,bs=[1,1],nr=[1,1],per=[0,1,2,3],k_v=0,o=1): ggml_backend_cuda_graph_compute: CUDA graph warmup reset
ggml_backend_cuda_graph_compute: CUDA graph warmup complete
              3124 runs -   320.20 us/run - 352.32 MFLOP/run - [1;34m  1.10 TFLOPS[0m
  MUL_MAT(type_a=iq2_s,type_b=f32,m=4096,n=3,k=14336,bs=[1,1],nr=[1,1],per=[0,1,2,3],k_v=0,o=1): ggml_backend_cuda_graph_compute: CUDA graph warmup reset
ggml_backend_cuda_graph_compute: CUDA graph warmup complete
               3408 runs -   307.02 us/run - 352.32 MFLOP/run - [1;34m  1.15 TFLOPS[0m
  MUL_MAT(type_a=iq3_xxs,type_b=f32,m=4096,n=3,k=14336,bs=[1,1],nr=[1,1],per=[0,1,2,3],k_v=0,o=1): ggml_backend_cuda_graph_compute: CUDA graph warmup reset
ggml_backend_cuda_graph_compute: CUDA graph warmup complete
             3408 runs -   306.84 us/run - 352.32 MFLOP/run - [1;34m  1.15 TFLOPS[0m
  MUL_MAT(type_a=iq1_s,type_b=f32,m=4096,n=3,k=14336,bs=[1,1],nr=[1,1],per=[0,1,2,3],k_v=0,o=1): ggml_backend_cuda_graph_compute: CUDA graph warmup reset
ggml_backend_cuda_graph_compute: CUDA graph warmup complete
               6248 runs -   165.83 us/run - 352.32 MFLOP/run - [1;34m  2.12 TFLOPS[0m
  MUL_MAT(type_a=iq1_m,type_b=f32,m=4096,n=3,k=14336,bs=[1,1],nr=[1,1],per=[0,1,2,3],k_v=0,o=1): ggml_backend_cuda_graph_compute: CUDA graph warmup reset
ggml_backend_cuda_graph_compute: CUDA graph warmup complete
               4828 runs -   216.87 us/run - 352.32 MFLOP/run - [1;34m  1.62 TFLOPS[0m
  MUL_MAT(type_a=iq4_nl,type_b=f32,m=4096,n=3,k=14336,bs=[1,1],nr=[1,1],per=[0,1,2,3],k_v=0,o=1): ggml_backend_cuda_graph_compute: CUDA graph warmup reset
ggml_backend_cuda_graph_compute: CUDA graph warmup complete
              6816 runs -   147.51 us/run - 352.32 MFLOP/run - [1;34m  2.39 TFLOPS[0m
  MUL_MAT(type_a=iq3_s,type_b=f32,m=4096,n=3,k=14336,bs=[1,1],nr=[1,1],per=[0,1,2,3],k_v=0,o=1): ggml_backend_cuda_graph_compute: CUDA graph warmup reset
ggml_backend_cuda_graph_compute: CUDA graph warmup complete
               3408 runs -   297.93 us/run - 352.32 MFLOP/run - [1;34m  1.18 TFLOPS[0m
  MUL_MAT(type_a=iq4_xs,type_b=f32,m=4096,n=3,k=14336,bs=[1,1],nr=[1,1],per=[0,1,2,3],k_v=0,o=1): ggml_backend_cuda_graph_compute: CUDA graph warmup complete
              6248 runs -   163.68 us/run - 352.32 MFLOP/run - [1;34m  2.15 TFLOPS[0m
  MUL_MAT(type_a=f32,type_b=f32,m=4096,n=4,k=14336,bs=[1,1],nr=[1,1],per=[0,1,2,3],k_v=0,o=1): ggml_backend_cuda_graph_compute: CUDA graph warmup reset
ggml_backend_cuda_graph_compute: CUDA graph warmup complete
                 1491 runs -   735.22 us/run - 469.76 MFLOP/run - [1;34m638.94 GFLOPS[0m
  MUL_MAT(type_a=f16,type_b=f32,m=4096,n=4,k=14336,bs=[1,1],nr=[1,1],per=[0,1,2,3],k_v=0,o=1): ggml_backend_cuda_graph_compute: CUDA graph warmup reset
ggml_backend_cuda_graph_compute: CUDA graph warmup complete
                 1917 runs -   578.56 us/run - 469.76 MFLOP/run - [1;34m811.94 GFLOPS[0m
  MUL_MAT(type_a=bf16,type_b=f32,m=4096,n=4,k=14336,bs=[1,1],nr=[1,1],per=[0,1,2,3],k_v=0,o=1): ggml_backend_cuda_graph_compute: CUDA graph warmup reset
ggml_backend_cuda_graph_compute: CUDA graph warmup complete
                1704 runs -   587.49 us/run - 469.76 MFLOP/run - [1;34m799.61 GFLOPS[0m
  MUL_MAT(type_a=q4_0,type_b=f32,m=4096,n=4,k=14336,bs=[1,1],nr=[1,1],per=[0,1,2,3],k_v=0,o=1): ggml_backend_cuda_graph_compute: CUDA graph warmup reset
ggml_backend_cuda_graph_compute: CUDA graph warmup complete
                5751 runs -   174.85 us/run - 469.76 MFLOP/run - [1;34m  2.69 TFLOPS[0m
  MUL_MAT(type_a=q4_1,type_b=f32,m=4096,n=4,k=14336,bs=[1,1],nr=[1,1],per=[0,1,2,3],k_v=0,o=1): ggml_backend_cuda_graph_compute: CUDA graph warmup reset
ggml_backend_cuda_graph_compute: CUDA graph warmup complete
                5964 runs -   171.03 us/run - 469.76 MFLOP/run - [1;34m  2.75 TFLOPS[0m
  MUL_MAT(type_a=q5_0,type_b=f32,m=4096,n=4,k=14336,bs=[1,1],nr=[1,1],per=[0,1,2,3],k_v=0,o=1): ggml_backend_cuda_graph_compute: CUDA graph warmup reset
ggml_backend_cuda_graph_compute: CUDA graph warmup complete
                4899 runs -   204.13 us/run - 469.76 MFLOP/run - [1;34m  2.30 TFLOPS[0m
  MUL_MAT(type_a=q5_1,type_b=f32,m=4096,n=4,k=14336,bs=[1,1],nr=[1,1],per=[0,1,2,3],k_v=0,o=1): ggml_backend_cuda_graph_compute: CUDA graph warmup reset
ggml_backend_cuda_graph_compute: CUDA graph warmup complete
                4899 runs -   207.45 us/run - 469.76 MFLOP/run - [1;34m  2.26 TFLOPS[0m
  MUL_MAT(type_a=q8_0,type_b=f32,m=4096,n=4,k=14336,bs=[1,1],nr=[1,1],per=[0,1,2,3],k_v=0,o=1): ggml_backend_cuda_graph_compute: CUDA graph warmup reset
ggml_backend_cuda_graph_compute: CUDA graph warmup complete
                5112 runs -   202.73 us/run - 469.76 MFLOP/run - [1;34m  2.32 TFLOPS[0m
  MUL_MAT(type_a=q1_0,type_b=f32,m=4096,n=4,k=14336,bs=[1,1],nr=[1,1],per=[0,1,2,3],k_v=0,o=1): ggml_backend_cuda_graph_compute: CUDA graph warmup reset
ggml_backend_cuda_graph_compute: CUDA graph warmup complete
                 639 runs -  1784.26 us/run - 469.76 MFLOP/run - [1;34m263.28 GFLOPS[0m
  MUL_MAT(type_a=q2_0,type_b=f32,m=4096,n=4,k=14336,bs=[1,1],nr=[1,1],per=[0,1,2,3],k_v=0,o=1): ggml_backend_cuda_graph_compute: CUDA graph warmup reset
ggml_backend_cuda_graph_compute: CUDA graph warmup complete
                 639 runs -  1824.44 us/run - 469.76 MFLOP/run - [1;34m257.48 GFLOPS[0m
  MUL_MAT(type_a=mxfp4,type_b=f32,m=4096,n=4,k=14336,bs=[1,1],nr=[1,1],per=[0,1,2,3],k_v=0,o=1): ggml_backend_cuda_graph_compute: CUDA graph warmup reset
ggml_backend_cuda_graph_compute: CUDA graph warmup complete
               5538 runs -   187.38 us/run - 469.76 MFLOP/run - [1;34m  2.51 TFLOPS[0m
  MUL_MAT(type_a=nvfp4,type_b=f32,m=4096,n=4,k=14336,bs=[1,1],nr=[1,1],per=[0,1,2,3],k_v=0,o=1): ggml_backend_cuda_graph_compute: CUDA graph warmup reset
ggml_backend_cuda_graph_compute: CUDA graph warmup complete
               3408 runs -   302.76 us/run - 469.76 MFLOP/run - [1;34m  1.55 TFLOPS[0m
  MUL_MAT(type_a=q2_K,type_b=f32,m=4096,n=4,k=14336,bs=[1,1],nr=[1,1],per=[0,1,2,3],k_v=0,o=1): ggml_backend_cuda_graph_compute: CUDA graph warmup reset
ggml_backend_cuda_graph_compute: CUDA graph warmup complete
                2343 runs -   449.36 us/run - 469.76 MFLOP/run - [1;34m  1.05 TFLOPS[0m
  MUL_MAT(type_a=q3_K,type_b=f32,m=4096,n=4,k=14336,bs=[1,1],nr=[1,1],per=[0,1,2,3],k_v=0,o=1): ggml_backend_cuda_graph_compute: CUDA graph warmup reset
ggml_backend_cuda_graph_compute: CUDA graph warmup complete
                2556 runs -   412.05 us/run - 469.76 MFLOP/run - [1;34m  1.14 TFLOPS[0m
  MUL_MAT(type_a=q4_K,type_b=f32,m=4096,n=4,k=14336,bs=[1,1],nr=[1,1],per=[0,1,2,3],k_v=0,o=1): ggml_backend_cuda_graph_compute: CUDA graph warmup reset
ggml_backend_cuda_graph_compute: CUDA graph warmup complete
                2343 runs -   460.34 us/run - 469.76 MFLOP/run - [1;34m  1.02 TFLOPS[0m
  MUL_MAT(type_a=q5_K,type_b=f32,m=4096,n=4,k=14336,bs=[1,1],nr=[1,1],per=[0,1,2,3],k_v=0,o=1): ggml_backend_cuda_graph_compute: CUDA graph warmup reset
ggml_backend_cuda_graph_compute: CUDA graph warmup complete
                2343 runs -   467.88 us/run - 469.76 MFLOP/run - [1;34m  1.00 TFLOPS[0m
  MUL_MAT(type_a=q6_K,type_b=f32,m=4096,n=4,k=14336,bs=[1,1],nr=[1,1],per=[0,1,2,3],k_v=0,o=1): ggml_backend_cuda_graph_compute: CUDA graph warmup reset
ggml_backend_cuda_graph_compute: CUDA graph warmup complete
                2982 runs -   353.19 us/run - 469.76 MFLOP/run - [1;34m  1.33 TFLOPS[0m
  MUL_MAT(type_a=iq2_xxs,type_b=f32,m=4096,n=4,k=14336,bs=[1,1],nr=[1,1],per=[0,1,2,3],k_v=0,o=1): ggml_backend_cuda_graph_compute: CUDA graph warmup complete
             2982 runs -   340.52 us/run - 469.76 MFLOP/run - [1;34m  1.38 TFLOPS[0m
  MUL_MAT(type_a=iq2_xs,type_b=f32,m=4096,n=4,k=14336,bs=[1,1],nr=[1,1],per=[0,1,2,3],k_v=0,o=1): ggml_backend_cuda_graph_compute: CUDA graph warmup reset
ggml_backend_cuda_graph_compute: CUDA graph warmup complete
              2769 runs -   369.55 us/run - 469.76 MFLOP/run - [1;34m  1.27 TFLOPS[0m
  MUL_MAT(type_a=iq2_s,type_b=f32,m=4096,n=4,k=14336,bs=[1,1],nr=[1,1],per=[0,1,2,3],k_v=0,o=1): ggml_backend_cuda_graph_compute: CUDA graph warmup reset
ggml_backend_cuda_graph_compute: CUDA graph warmup complete
               2982 runs -   358.21 us/run - 469.76 MFLOP/run - [1;34m  1.31 TFLOPS[0m
  MUL_MAT(type_a=iq3_xxs,type_b=f32,m=4096,n=4,k=14336,bs=[1,1],nr=[1,1],per=[0,1,2,3],k_v=0,o=1): ggml_backend_cuda_graph_compute: CUDA graph warmup complete
             2982 runs -   348.33 us/run - 469.76 MFLOP/run - [1;34m  1.35 TFLOPS[0m
  MUL_MAT(type_a=iq1_s,type_b=f32,m=4096,n=4,k=14336,bs=[1,1],nr=[1,1],per=[0,1,2,3],k_v=0,o=1): ggml_backend_cuda_graph_compute: CUDA graph warmup reset
ggml_backend_cuda_graph_compute: CUDA graph warmup complete
               5112 runs -   197.17 us/run - 469.76 MFLOP/run - [1;34m  2.38 TFLOPS[0m
  MUL_MAT(type_a=iq1_m,type_b=f32,m=4096,n=4,k=14336,bs=[1,1],nr=[1,1],per=[0,1,2,3],k_v=0,o=1): ggml_backend_cuda_graph_compute: CUDA graph warmup reset
ggml_backend_cuda_graph_compute: CUDA graph warmup complete
               3834 runs -   271.82 us/run - 469.76 MFLOP/run - [1;34m  1.73 TFLOPS[0m
  MUL_MAT(type_a=iq4_nl,type_b=f32,m=4096,n=4,k=14336,bs=[1,1],nr=[1,1],per=[0,1,2,3],k_v=0,o=1): ggml_backend_cuda_graph_compute: CUDA graph warmup reset
ggml_backend_cuda_graph_compute: CUDA graph warmup complete
              5538 runs -   187.21 us/run - 469.76 MFLOP/run - [1;34m  2.51 TFLOPS[0m
  MUL_MAT(type_a=iq3_s,type_b=f32,m=4096,n=4,k=14336,bs=[1,1],nr=[1,1],per=[0,1,2,3],k_v=0,o=1): ggml_backend_cuda_graph_compute: CUDA graph warmup reset
ggml_backend_cuda_graph_compute: CUDA graph warmup complete
               2982 runs -   343.19 us/run - 469.76 MFLOP/run - [1;34m  1.37 TFLOPS[0m
  MUL_MAT(type_a=iq4_xs,type_b=f32,m=4096,n=4,k=14336,bs=[1,1],nr=[1,1],per=[0,1,2,3],k_v=0,o=1): ggml_backend_cuda_graph_compute: CUDA graph warmup complete
              5112 runs -   199.03 us/run - 469.76 MFLOP/run - [1;34m  2.36 TFLOPS[0m
  MUL_MAT(type_a=f32,type_b=f32,m=4096,n=5,k=14336,bs=[1,1],nr=[1,1],per=[0,1,2,3],k_v=0,o=1): ggml_backend_cuda_graph_compute: CUDA graph warmup reset
ggml_backend_cuda_graph_compute: CUDA graph warmup complete
                 1197 runs -   870.76 us/run - 587.20 MFLOP/run - [1;34m674.35 GFLOPS[0m
  MUL_MAT(type_a=f16,type_b=f32,m=4096,n=5,k=14336,bs=[1,1],nr=[1,1],per=[0,1,2,3],k_v=0,o=1): ggml_backend_cuda_graph_compute: CUDA graph warmup reset
ggml_backend_cuda_graph_compute: CUDA graph warmup complete
                 1539 runs -   727.45 us/run - 587.20 MFLOP/run - [1;34m807.21 GFLOPS[0m
  MUL_MAT(type_a=bf16,type_b=f32,m=4096,n=5,k=14336,bs=[1,1],nr=[1,1],per=[0,1,2,3],k_v=0,o=1): ggml_backend_cuda_graph_compute: CUDA graph warmup reset
ggml_backend_cuda_graph_compute: CUDA graph warmup complete
                1368 runs -   751.41 us/run - 587.20 MFLOP/run - [1;34m781.47 GFLOPS[0m
  MUL_MAT(type_a=q4_0,type_b=f32,m=4096,n=5,k=14336,bs=[1,1],nr=[1,1],per=[0,1,2,3],k_v=0,o=1): ggml_backend_cuda_graph_compute: CUDA graph warmup reset
ggml_backend_cuda_graph_compute: CUDA graph warmup complete
                5301 runs -   194.20 us/run - 587.20 MFLOP/run - [1;34m  3.02 TFLOPS[0m
  MUL_MAT(type_a=q4_1,type_b=f32,m=4096,n=5,k=14336,bs=[1,1],nr=[1,1],per=[0,1,2,3],k_v=0,o=1): ggml_backend_cuda_graph_compute: CUDA graph warmup reset
ggml_backend_cuda_graph_compute: CUDA graph warmup complete
                4617 runs -   218.01 us/run - 587.20 MFLOP/run - [1;34m  2.69 TFLOPS[0m
  MUL_MAT(type_a=q5_0,type_b=f32,m=4096,n=5,k=14336,bs=[1,1],nr=[1,1],per=[0,1,2,3],k_v=0,o=1): ggml_backend_cuda_graph_compute: CUDA graph warmup reset
ggml_backend_cuda_graph_compute: CUDA graph warmup complete
                4275 runs -   236.63 us/run - 587.20 MFLOP/run - [1;34m  2.48 TFLOPS[0m
  MUL_MAT(type_a=q5_1,type_b=f32,m=4096,n=5,k=14336,bs=[1,1],nr=[1,1],per=[0,1,2,3],k_v=0,o=1): ggml_backend_cuda_graph_compute: CUDA graph warmup reset
ggml_backend_cuda_graph_compute: CUDA graph warmup complete
                4275 runs -   242.75 us/run - 587.20 MFLOP/run - [1;34m  2.42 TFLOPS[0m
  MUL_MAT(type_a=q8_0,type_b=f32,m=4096,n=5,k=14336,bs=[1,1],nr=[1,1],per=[0,1,2,3],k_v=0,o=1): ggml_backend_cuda_graph_compute: CUDA graph warmup reset
ggml_backend_cuda_graph_compute: CUDA graph warmup complete
                4275 runs -   237.22 us/run - 587.20 MFLOP/run - [1;34m  2.48 TFLOPS[0m
  MUL_MAT(type_a=q1_0,type_b=f32,m=4096,n=5,k=14336,bs=[1,1],nr=[1,1],per=[0,1,2,3],k_v=0,o=1): ggml_backend_cuda_graph_compute: CUDA graph warmup reset
ggml_backend_cuda_graph_compute: CUDA graph warmup complete
                 684 runs -  1610.31 us/run - 587.20 MFLOP/run - [1;34m364.65 GFLOPS[0m
  MUL_MAT(type_a=q2_0,type_b=f32,m=4096,n=5,k=14336,bs=[1,1],nr=[1,1],per=[0,1,2,3],k_v=0,o=1): ggml_backend_cuda_graph_compute: CUDA graph warmup reset
ggml_backend_cuda_graph_compute: CUDA graph warmup complete
                 855 runs -  1260.39 us/run - 587.20 MFLOP/run - [1;34m465.89 GFLOPS[0m
  MUL_MAT(type_a=mxfp4,type_b=f32,m=4096,n=5,k=14336,bs=[1,1],nr=[1,1],per=[0,1,2,3],k_v=0,o=1): ggml_backend_cuda_graph_compute: CUDA graph warmup reset
ggml_backend_cuda_graph_compute: CUDA graph warmup complete
               4788 runs -   214.70 us/run - 587.20 MFLOP/run - [1;34m  2.74 TFLOPS[0m
  MUL_MAT(type_a=nvfp4,type_b=f32,m=4096,n=5,k=14336,bs=[1,1],nr=[1,1],per=[0,1,2,3],k_v=0,o=1): ggml_backend_cuda_graph_compute: CUDA graph warmup reset
ggml_backend_cuda_graph_compute: CUDA graph warmup complete
               3078 runs -   343.40 us/run - 587.20 MFLOP/run - [1;34m  1.71 TFLOPS[0m
  MUL_MAT(type_a=q2_K,type_b=f32,m=4096,n=5,k=14336,bs=[1,1],nr=[1,1],per=[0,1,2,3],k_v=0,o=1): ggml_backend_cuda_graph_compute: CUDA graph warmup reset
ggml_backend_cuda_graph_compute: CUDA graph warmup complete
                1881 runs -   565.18 us/run - 587.20 MFLOP/run - [1;34m  1.04 TFLOPS[0m
  MUL_MAT(type_a=q3_K,type_b=f32,m=4096,n=5,k=14336,bs=[1,1],nr=[1,1],per=[0,1,2,3],k_v=0,o=1): ggml_backend_cuda_graph_compute: CUDA graph warmup reset
ggml_backend_cuda_graph_compute: CUDA graph warmup complete
                2223 runs -   474.28 us/run - 587.20 MFLOP/run - [1;34m  1.24 TFLOPS[0m
  MUL_MAT(type_a=q4_K,type_b=f32,m=4096,n=5,k=14336,bs=[1,1],nr=[1,1],per=[0,1,2,3],k_v=0,o=1): ggml_backend_cuda_graph_compute: CUDA graph warmup reset
ggml_backend_cuda_graph_compute: CUDA graph warmup complete
                1881 runs -   581.15 us/run - 587.20 MFLOP/run - [1;34m  1.01 TFLOPS[0m
  MUL_MAT(type_a=q5_K,type_b=f32,m=4096,n=5,k=14336,bs=[1,1],nr=[1,1],per=[0,1,2,3],k_v=0,o=1): ggml_backend_cuda_graph_compute: CUDA graph warmup reset
ggml_backend_cuda_graph_compute: CUDA graph warmup complete
                1710 runs -   603.19 us/run - 587.20 MFLOP/run - [1;34m973.50 GFLOPS[0m
  MUL_MAT(type_a=q6_K,type_b=f32,m=4096,n=5,k=14336,bs=[1,1],nr=[1,1],per=[0,1,2,3],k_v=0,o=1): ggml_backend_cuda_graph_compute: CUDA graph warmup reset
ggml_backend_cuda_graph_compute: CUDA graph warmup complete
                2565 runs -   417.55 us/run - 587.20 MFLOP/run - [1;34m  1.41 TFLOPS[0m
  MUL_MAT(type_a=iq2_xxs,type_b=f32,m=4096,n=5,k=14336,bs=[1,1],nr=[1,1],per=[0,1,2,3],k_v=0,o=1): ggml_backend_cuda_graph_compute: CUDA graph warmup complete
             3078 runs -   329.89 us/run - 587.20 MFLOP/run - [1;34m  1.78 TFLOPS[0m
  MUL_MAT(type_a=iq2_xs,type_b=f32,m=4096,n=5,k=14336,bs=[1,1],nr=[1,1],per=[0,1,2,3],k_v=0,o=1): ggml_backend_cuda_graph_compute: CUDA graph warmup reset
ggml_backend_cuda_graph_compute: CUDA graph warmup complete
              2907 runs -   362.07 us/run - 587.20 MFLOP/run - [1;34m  1.62 TFLOPS[0m
  MUL_MAT(type_a=iq2_s,type_b=f32,m=4096,n=5,k=14336,bs=[1,1],nr=[1,1],per=[0,1,2,3],k_v=0,o=1): ggml_backend_cuda_graph_compute: CUDA graph warmup reset
ggml_backend_cuda_graph_compute: CUDA graph warmup complete
               2907 runs -   355.91 us/run - 587.20 MFLOP/run - [1;34m  1.65 TFLOPS[0m
  MUL_MAT(type_a=iq3_xxs,type_b=f32,m=4096,n=5,k=14336,bs=[1,1],nr=[1,1],per=[0,1,2,3],k_v=0,o=1): ggml_backend_cuda_graph_compute: CUDA graph warmup reset
ggml_backend_cuda_graph_compute: CUDA graph warmup complete
             3078 runs -   341.77 us/run - 587.20 MFLOP/run - [1;34m  1.72 TFLOPS[0m
  MUL_MAT(type_a=iq1_s,type_b=f32,m=4096,n=5,k=14336,bs=[1,1],nr=[1,1],per=[0,1,2,3],k_v=0,o=1): ggml_backend_cuda_graph_compute: CUDA graph warmup reset
ggml_backend_cuda_graph_compute: CUDA graph warmup complete
               5130 runs -   200.82 us/run - 587.20 MFLOP/run - [1;34m  2.92 TFLOPS[0m
  MUL_MAT(type_a=iq1_m,type_b=f32,m=4096,n=5,k=14336,bs=[1,1],nr=[1,1],per=[0,1,2,3],k_v=0,o=1): ggml_backend_cuda_graph_compute: CUDA graph warmup reset
ggml_backend_cuda_graph_compute: CUDA graph warmup complete
               3591 runs -   289.06 us/run - 587.20 MFLOP/run - [1;34m  2.03 TFLOPS[0m
  MUL_MAT(type_a=iq4_nl,type_b=f32,m=4096,n=5,k=14336,bs=[1,1],nr=[1,1],per=[0,1,2,3],k_v=0,o=1): ggml_backend_cuda_graph_compute: CUDA graph warmup reset
ggml_backend_cuda_graph_compute: CUDA graph warmup complete
              4788 runs -   212.63 us/run - 587.20 MFLOP/run - [1;34m  2.76 TFLOPS[0m
  MUL_MAT(type_a=iq3_s,type_b=f32,m=4096,n=5,k=14336,bs=[1,1],nr=[1,1],per=[0,1,2,3],k_v=0,o=1): ggml_backend_cuda_graph_compute: CUDA graph warmup reset
ggml_backend_cuda_graph_compute: CUDA graph warmup complete
               3078 runs -   328.55 us/run - 587.20 MFLOP/run - [1;34m  1.79 TFLOPS[0m
  MUL_MAT(type_a=iq4_xs,type_b=f32,m=4096,n=5,k=14336,bs=[1,1],nr=[1,1],per=[0,1,2,3],k_v=0,o=1): ggml_backend_cuda_graph_compute: CUDA graph warmup complete
              4788 runs -   210.28 us/run - 587.20 MFLOP/run - [1;34m  2.79 TFLOPS[0m
  MUL_MAT(type_a=f32,type_b=f32,m=4096,n=8,k=14336,bs=[1,1],nr=[1,1],per=[0,1,2,3],k_v=0,o=1): ggml_backend_cuda_graph_compute: CUDA graph warmup reset
ggml_backend_cuda_graph_compute: CUDA graph warmup complete
                  749 runs -  1417.29 us/run - 939.52 MFLOP/run - [1;34m662.90 GFLOPS[0m
  MUL_MAT(type_a=f16,type_b=f32,m=4096,n=8,k=14336,bs=[1,1],nr=[1,1],per=[0,1,2,3],k_v=0,o=1): ggml_backend_cuda_graph_compute: CUDA graph warmup reset
ggml_backend_cuda_graph_compute: CUDA graph warmup complete
                  856 runs -  1211.79 us/run - 939.52 MFLOP/run - [1;34m775.32 GFLOPS[0m
  MUL_MAT(type_a=bf16,type_b=f32,m=4096,n=8,k=14336,bs=[1,1],nr=[1,1],per=[0,1,2,3],k_v=0,o=1): ggml_backend_cuda_graph_compute: CUDA graph warmup reset
ggml_backend_cuda_graph_compute: CUDA graph warmup complete
                 856 runs -  1249.18 us/run - 939.52 MFLOP/run - [1;34m752.11 GFLOPS[0m
  MUL_MAT(type_a=q4_0,type_b=f32,m=4096,n=8,k=14336,bs=[1,1],nr=[1,1],per=[0,1,2,3],k_v=0,o=1): ggml_backend_cuda_graph_compute: CUDA graph warmup reset
ggml_backend_cuda_graph_compute: CUDA graph warmup complete
                3424 runs -   298.45 us/run - 939.52 MFLOP/run - [1;34m  3.15 TFLOPS[0m
  MUL_MAT(type_a=q4_1,type_b=f32,m=4096,n=8,k=14336,bs=[1,1],nr=[1,1],per=[0,1,2,3],k_v=0,o=1): ggml_backend_cuda_graph_compute: CUDA graph warmup reset
ggml_backend_cuda_graph_compute: CUDA graph warmup complete
                3317 runs -   306.82 us/run - 939.52 MFLOP/run - [1;34m  3.06 TFLOPS[0m
  MUL_MAT(type_a=q5_0,type_b=f32,m=4096,n=8,k=14336,bs=[1,1],nr=[1,1],per=[0,1,2,3],k_v=0,o=1): ggml_backend_cuda_graph_compute: CUDA graph warmup reset
ggml_backend_cuda_graph_compute: CUDA graph warmup complete
                2782 runs -   362.63 us/run - 939.52 MFLOP/run - [1;34m  2.59 TFLOPS[0m
  MUL_MAT(type_a=q5_1,type_b=f32,m=4096,n=8,k=14336,bs=[1,1],nr=[1,1],per=[0,1,2,3],k_v=0,o=1): ggml_backend_cuda_graph_compute: CUDA graph warmup reset
ggml_backend_cuda_graph_compute: CUDA graph warmup complete
                2782 runs -   369.18 us/run - 939.52 MFLOP/run - [1;34m  2.54 TFLOPS[0m
  MUL_MAT(type_a=q8_0,type_b=f32,m=4096,n=8,k=14336,bs=[1,1],nr=[1,1],per=[0,1,2,3],k_v=0,o=1): ggml_backend_cuda_graph_compute: CUDA graph warmup reset
ggml_backend_cuda_graph_compute: CUDA graph warmup complete
                2568 runs -   403.71 us/run - 939.52 MFLOP/run - [1;34m  2.33 TFLOPS[0m
  MUL_MAT(type_a=q1_0,type_b=f32,m=4096,n=8,k=14336,bs=[1,1],nr=[1,1],per=[0,1,2,3],k_v=0,o=1): ggml_backend_cuda_graph_compute: CUDA graph warmup reset
ggml_backend_cuda_graph_compute: CUDA graph warmup complete
                 428 runs -  2810.21 us/run - 939.52 MFLOP/run - [1;34m334.33 GFLOPS[0m
  MUL_MAT(type_a=q2_0,type_b=f32,m=4096,n=8,k=14336,bs=[1,1],nr=[1,1],per=[0,1,2,3],k_v=0,o=1): ggml_backend_cuda_graph_compute: CUDA graph warmup reset
ggml_backend_cuda_graph_compute: CUDA graph warmup complete
                 535 runs -  1973.40 us/run - 939.52 MFLOP/run - [1;34m476.09 GFLOPS[0m
  MUL_MAT(type_a=mxfp4,type_b=f32,m=4096,n=8,k=14336,bs=[1,1],nr=[1,1],per=[0,1,2,3],k_v=0,o=1): ggml_backend_cuda_graph_compute: CUDA graph warmup reset
ggml_backend_cuda_graph_compute: CUDA graph warmup complete
               3103 runs -   324.23 us/run - 939.52 MFLOP/run - [1;34m  2.90 TFLOPS[0m
  MUL_MAT(type_a=nvfp4,type_b=f32,m=4096,n=8,k=14336,bs=[1,1],nr=[1,1],per=[0,1,2,3],k_v=0,o=1): ggml_backend_cuda_graph_compute: CUDA graph warmup reset
ggml_backend_cuda_graph_compute: CUDA graph warmup complete
               1819 runs -   563.05 us/run - 939.52 MFLOP/run - [1;34m  1.67 TFLOPS[0m
  MUL_MAT(type_a=q2_K,type_b=f32,m=4096,n=8,k=14336,bs=[1,1],nr=[1,1],per=[0,1,2,3],k_v=0,o=1): ggml_backend_cuda_graph_compute: CUDA graph warmup reset
ggml_backend_cuda_graph_compute: CUDA graph warmup complete
                1177 runs -   868.44 us/run - 939.52 MFLOP/run - [1;34m  1.08 TFLOPS[0m
  MUL_MAT(type_a=q3_K,type_b=f32,m=4096,n=8,k=14336,bs=[1,1],nr=[1,1],per=[0,1,2,3],k_v=0,o=1): ggml_backend_cuda_graph_compute: CUDA graph warmup reset
ggml_backend_cuda_graph_compute: CUDA graph warmup complete
                1498 runs -   673.72 us/run - 939.52 MFLOP/run - [1;34m  1.39 TFLOPS[0m
  MUL_MAT(type_a=q4_K,type_b=f32,m=4096,n=8,k=14336,bs=[1,1],nr=[1,1],per=[0,1,2,3],k_v=0,o=1): ggml_backend_cuda_graph_compute: CUDA graph warmup reset
ggml_backend_cuda_graph_compute: CUDA graph warmup complete
                1070 runs -   960.56 us/run - 939.52 MFLOP/run - [1;34m978.10 GFLOPS[0m
  MUL_MAT(type_a=q5_K,type_b=f32,m=4096,n=8,k=14336,bs=[1,1],nr=[1,1],per=[0,1,2,3],k_v=0,o=1): ggml_backend_cuda_graph_compute: CUDA graph warmup reset
ggml_backend_cuda_graph_compute: CUDA graph warmup complete
                1070 runs -   968.91 us/run - 939.52 MFLOP/run - [1;34m969.67 GFLOPS[0m
  MUL_MAT(type_a=q6_K,type_b=f32,m=4096,n=8,k=14336,bs=[1,1],nr=[1,1],per=[0,1,2,3],k_v=0,o=1): ggml_backend_cuda_graph_compute: CUDA graph warmup reset
ggml_backend_cuda_graph_compute: CUDA graph warmup complete
                1712 runs -   609.99 us/run - 939.52 MFLOP/run - [1;34m  1.54 TFLOPS[0m
  MUL_MAT(type_a=iq2_xxs,type_b=f32,m=4096,n=8,k=14336,bs=[1,1],nr=[1,1],per=[0,1,2,3],k_v=0,o=1): ggml_backend_cuda_graph_compute: CUDA graph warmup complete
             2354 runs -   432.10 us/run - 939.52 MFLOP/run - [1;34m  2.17 TFLOPS[0m
  MUL_MAT(type_a=iq2_xs,type_b=f32,m=4096,n=8,k=14336,bs=[1,1],nr=[1,1],per=[0,1,2,3],k_v=0,o=1): ggml_backend_cuda_graph_compute: CUDA graph warmup reset
ggml_backend_cuda_graph_compute: CUDA graph warmup complete
              2140 runs -   480.79 us/run - 939.52 MFLOP/run - [1;34m  1.95 TFLOPS[0m
  MUL_MAT(type_a=iq2_s,type_b=f32,m=4096,n=8,k=14336,bs=[1,1],nr=[1,1],per=[0,1,2,3],k_v=0,o=1): ggml_backend_cuda_graph_compute: CUDA graph warmup reset
ggml_backend_cuda_graph_compute: CUDA graph warmup complete
               2140 runs -   474.63 us/run - 939.52 MFLOP/run - [1;34m  1.98 TFLOPS[0m
  MUL_MAT(type_a=iq3_xxs,type_b=f32,m=4096,n=8,k=14336,bs=[1,1],nr=[1,1],per=[0,1,2,3],k_v=0,o=1): ggml_backend_cuda_graph_compute: CUDA graph warmup reset
ggml_backend_cuda_graph_compute: CUDA graph warmup complete
             2247 runs -   446.14 us/run - 939.52 MFLOP/run - [1;34m  2.11 TFLOPS[0m
  MUL_MAT(type_a=iq1_s,type_b=f32,m=4096,n=8,k=14336,bs=[1,1],nr=[1,1],per=[0,1,2,3],k_v=0,o=1): ggml_backend_cuda_graph_compute: CUDA graph warmup reset
ggml_backend_cuda_graph_compute: CUDA graph warmup complete
               3317 runs -   308.70 us/run - 939.52 MFLOP/run - [1;34m  3.04 TFLOPS[0m
  MUL_MAT(type_a=iq1_m,type_b=f32,m=4096,n=8,k=14336,bs=[1,1],nr=[1,1],per=[0,1,2,3],k_v=0,o=1): ggml_backend_cuda_graph_compute: CUDA graph warmup reset
ggml_backend_cuda_graph_compute: CUDA graph warmup complete
               2354 runs -   443.16 us/run - 939.52 MFLOP/run - [1;34m  2.12 TFLOPS[0m
  MUL_MAT(type_a=iq4_nl,type_b=f32,m=4096,n=8,k=14336,bs=[1,1],nr=[1,1],per=[0,1,2,3],k_v=0,o=1): ggml_backend_cuda_graph_compute: CUDA graph warmup reset
ggml_backend_cuda_graph_compute: CUDA graph warmup complete
              3103 runs -   324.39 us/run - 939.52 MFLOP/run - [1;34m  2.90 TFLOPS[0m
  MUL_MAT(type_a=iq3_s,type_b=f32,m=4096,n=8,k=14336,bs=[1,1],nr=[1,1],per=[0,1,2,3],k_v=0,o=1): ggml_backend_cuda_graph_compute: CUDA graph warmup reset
ggml_backend_cuda_graph_compute: CUDA graph warmup complete
               2354 runs -   429.30 us/run - 939.52 MFLOP/run - [1;34m  2.19 TFLOPS[0m
  MUL_MAT(type_a=iq4_xs,type_b=f32,m=4096,n=8,k=14336,bs=[1,1],nr=[1,1],per=[0,1,2,3],k_v=0,o=1): ggml_backend_cuda_graph_compute: CUDA graph warmup complete
              3317 runs -   305.35 us/run - 939.52 MFLOP/run - [1;34m  3.08 TFLOPS[0m
  MUL_MAT(type_a=f32,type_b=f32,m=4096,n=512,k=14336,bs=[1,1],nr=[1,1],per=[0,1,2,3],k_v=0,o=1): ggml_backend_cuda_graph_compute: CUDA graph warmup reset
ggml_backend_cuda_graph_compute: CUDA graph warmup complete
                 44 runs - 23532.30 us/run -  60.13 GFLOP/run - [1;34m  2.56 TFLOPS[0m
  MUL_MAT(type_a=f16,type_b=f32,m=4096,n=512,k=14336,bs=[1,1],nr=[1,1],per=[0,1,2,3],k_v=0,o=1): ggml_backend_cuda_graph_compute: CUDA graph warmup complete
                 40 runs - 25083.67 us/run -  60.13 GFLOP/run - [1;34m  2.40 TFLOPS[0m
  MUL_MAT(type_a=bf16,type_b=f32,m=4096,n=512,k=14336,bs=[1,1],nr=[1,1],per=[0,1,2,3],k_v=0,o=1): ggml_backend_cuda_graph_compute: CUDA graph warmup complete
                40 runs - 25173.92 us/run -  60.13 GFLOP/run - [1;34m  2.39 TFLOPS[0m
  MUL_MAT(type_a=q4_0,type_b=f32,m=4096,n=512,k=14336,bs=[1,1],nr=[1,1],per=[0,1,2,3],k_v=0,o=1): ggml_backend_cuda_graph_compute: CUDA graph warmup reset
ggml_backend_cuda_graph_compute: CUDA graph warmup complete
                68 runs - 15021.22 us/run -  60.13 GFLOP/run - [1;34m  4.00 TFLOPS[0m
  MUL_MAT(type_a=q4_1,type_b=f32,m=4096,n=512,k=14336,bs=[1,1],nr=[1,1],per=[0,1,2,3],k_v=0,o=1): ggml_backend_cuda_graph_compute: CUDA graph warmup reset
ggml_backend_cuda_graph_compute: CUDA graph warmup complete
                64 runs - 15793.47 us/run -  60.13 GFLOP/run - [1;34m  3.81 TFLOPS[0m
  MUL_MAT(type_a=q5_0,type_b=f32,m=4096,n=512,k=14336,bs=[1,1],nr=[1,1],per=[0,1,2,3],k_v=0,o=1): ggml_backend_cuda_graph_compute: CUDA graph warmup reset
ggml_backend_cuda_graph_compute: CUDA graph warmup complete
                66 runs - 15621.23 us/run -  60.13 GFLOP/run - [1;34m  3.85 TFLOPS[0m
  MUL_MAT(type_a=q5_1,type_b=f32,m=4096,n=512,k=14336,bs=[1,1],nr=[1,1],per=[0,1,2,3],k_v=0,o=1): ggml_backend_cuda_graph_compute: CUDA graph warmup complete
                64 runs - 15898.38 us/run -  60.13 GFLOP/run - [1;34m  3.78 TFLOPS[0m
  MUL_MAT(type_a=q8_0,type_b=f32,m=4096,n=512,k=14336,bs=[1,1],nr=[1,1],per=[0,1,2,3],k_v=0,o=1): ggml_backend_cuda_graph_compute: CUDA graph warmup complete
                68 runs - 14730.46 us/run -  60.13 GFLOP/run - [1;34m  4.08 TFLOPS[0m
  MUL_MAT(type_a=q1_0,type_b=f32,m=4096,n=512,k=14336,bs=[1,1],nr=[1,1],per=[0,1,2,3],k_v=0,o=1): ggml_backend_cuda_graph_compute: CUDA graph warmup complete
                62 runs - 16284.42 us/run -  60.13 GFLOP/run - [1;34m  3.69 TFLOPS[0m
  MUL_MAT(type_a=q2_0,type_b=f32,m=4096,n=512,k=14336,bs=[1,1],nr=[1,1],per=[0,1,2,3],k_v=0,o=1): ggml_backend_cuda_graph_compute: CUDA graph warmup complete
                66 runs - 15476.09 us/run -  60.13 GFLOP/run - [1;34m  3.89 TFLOPS[0m
  MUL_MAT(type_a=mxfp4,type_b=f32,m=4096,n=512,k=14336,bs=[1,1],nr=[1,1],per=[0,1,2,3],k_v=0,o=1): ggml_backend_cuda_graph_compute: CUDA graph warmup complete
               68 runs - 14864.09 us/run -  60.13 GFLOP/run - [1;34m  4.05 TFLOPS[0m
  MUL_MAT(type_a=nvfp4,type_b=f32,m=4096,n=512,k=14336,bs=[1,1],nr=[1,1],per=[0,1,2,3],k_v=0,o=1): ggml_backend_cuda_graph_compute: CUDA graph warmup complete
               62 runs - 16242.66 us/run -  60.13 GFLOP/run - [1;34m  3.70 TFLOPS[0m
  MUL_MAT(type_a=q2_K,type_b=f32,m=4096,n=512,k=14336,bs=[1,1],nr=[1,1],per=[0,1,2,3],k_v=0,o=1): ggml_backend_cuda_graph_compute: CUDA graph warmup complete
                18 runs - 61408.50 us/run -  60.13 GFLOP/run - [1;34m979.17 GFLOPS[0m
  MUL_MAT(type_a=q3_K,type_b=f32,m=4096,n=512,k=14336,bs=[1,1],nr=[1,1],per=[0,1,2,3],k_v=0,o=1): ggml_backend_cuda_graph_compute: CUDA graph warmup complete
                56 runs - 18200.14 us/run -  60.13 GFLOP/run - [1;34m  3.30 TFLOPS[0m
  MUL_MAT(type_a=q4_K,type_b=f32,m=4096,n=512,k=14336,bs=[1,1],nr=[1,1],per=[0,1,2,3],k_v=0,o=1): ggml_backend_cuda_graph_compute: CUDA graph warmup complete
                46 runs - 22566.89 us/run -  60.13 GFLOP/run - [1;34m  2.66 TFLOPS[0m
  MUL_MAT(type_a=q5_K,type_b=f32,m=4096,n=512,k=14336,bs=[1,1],nr=[1,1],per=[0,1,2,3],k_v=0,o=1): ggml_backend_cuda_graph_compute: CUDA graph warmup complete
                42 runs - 24230.33 us/run -  60.13 GFLOP/run - [1;34m  2.48 TFLOPS[0m
  MUL_MAT(type_a=q6_K,type_b=f32,m=4096,n=512,k=14336,bs=[1,1],nr=[1,1],per=[0,1,2,3],k_v=0,o=1): ggml_backend_cuda_graph_compute: CUDA graph warmup complete
                40 runs - 25101.55 us/run -  60.13 GFLOP/run - [1;34m  2.40 TFLOPS[0m
  MUL_MAT(type_a=iq2_xxs,type_b=f32,m=4096,n=512,k=14336,bs=[1,1],nr=[1,1],per=[0,1,2,3],k_v=0,o=1): ggml_backend_cuda_graph_compute: CUDA graph warmup complete
                     60 runs - 16851.73 us/run -  60.13 GFLOP/run - [1;34m  3.57 TFLOPS[0m
  MUL_MAT(type_a=iq2_xs,type_b=f32,m=4096,n=512,k=14336,bs=[1,1],nr=[1,1],per=[0,1,2,3],k_v=0,o=1): ggml_backend_cuda_graph_compute: CUDA graph warmup complete
                      58 runs - 17572.83 us/run -  60.13 GFLOP/run - [1;34m  3.42 TFLOPS[0m
  MUL_MAT(type_a=iq2_s,type_b=f32,m=4096,n=512,k=14336,bs=[1,1],nr=[1,1],per=[0,1,2,3],k_v=0,o=1): ggml_backend_cuda_graph_compute: CUDA graph warmup complete
               56 runs - 17858.93 us/run -  60.13 GFLOP/run - [1;34m  3.37 TFLOPS[0m
  MUL_MAT(type_a=iq3_xxs,type_b=f32,m=4096,n=512,k=14336,bs=[1,1],nr=[1,1],per=[0,1,2,3],k_v=0,o=1): ggml_backend_cuda_graph_compute: CUDA graph warmup complete
                     60 runs - 16908.18 us/run -  60.13 GFLOP/run - [1;34m  3.56 TFLOPS[0m
  MUL_MAT(type_a=iq1_s,type_b=f32,m=4096,n=512,k=14336,bs=[1,1],nr=[1,1],per=[0,1,2,3],k_v=0,o=1): ggml_backend_cuda_graph_compute: CUDA graph warmup complete
               66 runs - 15452.47 us/run -  60.13 GFLOP/run - [1;34m  3.89 TFLOPS[0m
  MUL_MAT(type_a=iq1_m,type_b=f32,m=4096,n=512,k=14336,bs=[1,1],nr=[1,1],per=[0,1,2,3],k_v=0,o=1): ggml_backend_cuda_graph_compute: CUDA graph warmup reset
ggml_backend_cuda_graph_compute: CUDA graph warmup complete
               42 runs - 24308.88 us/run -  60.13 GFLOP/run - [1;34m  2.47 TFLOPS[0m
  MUL_MAT(type_a=iq4_nl,type_b=f32,m=4096,n=512,k=14336,bs=[1,1],nr=[1,1],per=[0,1,2,3],k_v=0,o=1): ggml_backend_cuda_graph_compute: CUDA graph warmup complete
                      68 runs - 15064.62 us/run -  60.13 GFLOP/run - [1;34m  3.99 TFLOPS[0m
  MUL_MAT(type_a=iq3_s,type_b=f32,m=4096,n=512,k=14336,bs=[1,1],nr=[1,1],per=[0,1,2,3],k_v=0,o=1): ggml_backend_cuda_graph_compute: CUDA graph warmup complete
               62 runs - 16597.76 us/run -  60.13 GFLOP/run - [1;34m  3.62 TFLOPS[0m
  MUL_MAT(type_a=iq4_xs,type_b=f32,m=4096,n=512,k=14336,bs=[1,1],nr=[1,1],per=[0,1,2,3],k_v=0,o=1):                       66 runs - 15153.45 us/run -  60.13 GFLOP/run - [1;34m  3.97 TFLOPS[0m
  Backend ROCm0: [1;32mOK[0m
Backend 2/2: CPU
  Skipping
2/2 backends passed
[1;32mOK[0m
