ggml_vulkan: Found 1 Vulkan devices:
ggml_vulkan: 0 = AMD BC-250 (RADV GFX1013) (radv) | uma: 1 | fp16: 1 | bf16: 0 | fp4: 0 | warp size: 32 | shared memory: 65536 | int dot: 0 | matrix cores: none
Testing 2 devices

Backend 1/2: Vulkan0
  Device description: AMD BC-250 (RADV GFX1013)
  Device memory: 15708 MB (15691 MB free)

  ADD(name=node_36,type=f32,ne=[32,1,1,1],op_params=[],sources=f32[32,1,1,1],f32[32,1,1,1]):                  401408 runs -     2.51 us/run -        0 kB/run - [1;34m   0.14 GB/s[0m
  ADD(name=node_36,type=f32,ne=[32,2048,1,1],op_params=[],sources=f32[32,2048,1,1],f32[32,1,1,1]):            139264 runs -     7.62 us/run -      512 kB/run - [1;34m  64.12 GB/s[0m
  ADD(name=attn_residual-0,type=f32,ne=[2048,1,1,1],op_params=[],sources=f32[2048,1,1,1],f32[2048,1,1,1]):            319488 runs -     3.15 us/run -       24 kB/run - [1;34m   7.27 GB/s[0m
  ADD(name=node_87,type=f32,ne=[2048,1,1,1],op_params=[],sources=f32[2048,1,1,1],f32[2048,1,1,1]nb[4,65536,65536,65536]):             319449 runs -     3.15 us/run -       24 kB/run - [1;34m   7.27 GB/s[0m
  ADD(name=node_86,type=f32,ne=[2048,1,1,1],op_params=[],sources=f32[2048,1,1,1]nb[4,65536,65536,65536],f32[2048,1,1,1]nb[4,65536,65536,65536]):              319410 runs -     3.15 us/run -       24 kB/run - [1;34m   7.27 GB/s[0m
  ADD(name=attn_residual-0,type=f32,ne=[2048,2048,1,1],op_params=[],sources=f32[2048,2048,1,1],f32[2048,2048,1,1]):                     6147 runs -   180.30 us/run -    49152 kB/run - [1;34m 259.98 GB/s[0m
  ADD(name=node_87,type=f32,ne=[2048,2048,1,1],op_params=[],sources=f32[2048,2048,1,1],f32[2048,2048,1,1]nb[4,65536,134217728,134217728]):              5535 runs -   181.82 us/run -   163784 kB/run - [1;34m 859.06 GB/s[0m
  ADD(name=node_86,type=f32,ne=[2048,2048,1,1],op_params=[],sources=f32[2048,2048,1,1]nb[4,65536,134217728,134217728],f32[2048,2048,1,1]nb[4,65536,134217728,134217728]):               5566 runs -   182.75 us/run -   278416 kB/run - [1;34m1452.94 GB/s[0m
  MUL(name=gate-0,type=f32,ne=[32,1,1,1],op_params=[],sources=f32[32,1,1,1],f32[32,1,1,1]):                   401408 runs -     2.53 us/run -        0 kB/run - [1;34m   0.14 GB/s[0m
  MUL(name=gate-0,type=f32,ne=[32,2048,1,1],op_params=[],sources=f32[32,2048,1,1],f32[32,1,1,1]):             139264 runs -     7.63 us/run -      512 kB/run - [1;34m  64.05 GB/s[0m
  MUL(name=node_50,type=f32,ne=[128,32,1,1],op_params=[],sources=f32[128,32,1,1],f32[128,1,1,1]):             286720 runs -     3.51 us/run -       32 kB/run - [1;34m   8.82 GB/s[0m
  MUL(name=node_54,type=f32,ne=[128,32,1,1],op_params=[],sources=f32[128,32,1,1],f32[128,32,1,1]):            311296 runs -     3.22 us/run -       48 kB/run - [1;34m  14.24 GB/s[0m
  MUL(name=node_50,type=f32,ne=[128,32,2048,1],op_params=[],sources=f32[128,32,2048,1],f32[128,1,1,1]):                 2048 runs -   552.94 us/run -    65536 kB/run - [1;34m 113.03 GB/s[0m
  MUL(name=node_54,type=f32,ne=[128,32,2048,1],op_params=[],sources=f32[128,32,2048,1],f32[128,32,2048,1]):                     3078 runs -   355.85 us/run -    98304 kB/run - [1;34m 263.46 GB/s[0m
  MUL(name=Kcur_normed-3,type=f32,ne=[256,2,1,1],op_params=[],sources=f32[256,2,1,1],f32[256,1,1,1]):                 270336 runs -     3.76 us/run -        5 kB/run - [1;34m   1.27 GB/s[0m
  MUL(name=Kcur_normed-3,type=f32,ne=[256,2,2048,1],op_params=[],sources=f32[256,2,2048,1],f32[256,1,1,1]):                    16384 runs -    73.75 us/run -     8193 kB/run - [1;34m 105.94 GB/s[0m
  MUL(name=Qcur_normed-3,type=f32,ne=[256,16,1,1],op_params=[],sources=f32[256,16,1,1],f32[256,1,1,1]):               286720 runs -     3.56 us/run -       33 kB/run - [1;34m   8.85 GB/s[0m
  MUL(name=Qcur_normed-3,type=f32,ne=[256,16,2048,1],op_params=[],sources=f32[256,16,2048,1],f32[256,1,1,1]):                   2048 runs -   552.95 us/run -    65537 kB/run - [1;34m 113.03 GB/s[0m
  MUL(name=ffn_shexp_gated-0,type=f32,ne=[2048,1,1,1],op_params=[],sources=f32[2048,1,1,1],f32[1,1,1,1]):             286720 runs -     3.57 us/run -       16 kB/run - [1;34m   4.27 GB/s[0m
  MUL(name=attn_norm-0,type=f32,ne=[2048,1,1,1],op_params=[],sources=f32[2048,1,1,1],f32[2048,1,1,1]):                319488 runs -     3.21 us/run -       24 kB/run - [1;34m   7.14 GB/s[0m
  MUL(name=ffn_moe_weighted-0,type=f32,ne=[2048,8,1,1],op_params=[],sources=f32[2048,8,1,1],f32[1,8,1,1]):            262144 runs -     3.86 us/run -      128 kB/run - [1;34m  31.64 GB/s[0m
  MUL(name=ffn_moe_weighted-0,type=f32,ne=[2048,8,2048,1],op_params=[],sources=f32[2048,8,2048,1],f32[1,8,2048,1]):                      512 runs -  2194.58 us/run -   262208 kB/run - [1;34m 113.94 GB/s[0m
  MUL(name=ffn_shexp_gated-0,type=f32,ne=[2048,2048,1,1],op_params=[],sources=f32[2048,2048,1,1],f32[1,2048,1,1]):              4096 runs -   279.01 us/run -    32776 kB/run - [1;34m 112.03 GB/s[0m
  MUL(name=attn_norm-0,type=f32,ne=[2048,2048,1,1],op_params=[],sources=f32[2048,2048,1,1],f32[2048,1,1,1]):                    4096 runs -   278.89 us/run -    32776 kB/run - [1;34m 112.08 GB/s[0m
  MUL(name=attn_gated-3,type=f32,ne=[4096,1,1,1],op_params=[],sources=f32[4096,1,1,1],f32[4096,1,1,1]):               311296 runs -     3.22 us/run -       48 kB/run - [1;34m  14.22 GB/s[0m
  MUL(name=attn_gated-3,type=f32,ne=[4096,2048,1,1],op_params=[],sources=f32[4096,2048,1,1],f32[4096,2048,1,1]):                3078 runs -   355.77 us/run -    98304 kB/run - [1;34m 263.51 GB/s[0m
  DIV(name=ffn_moe_weights_norm-0,type=f32,ne=[8,1,1,1],op_params=[],sources=f32[8,1,1,1],f32[1,1,1,1]):              376832 runs -     2.66 us/run -        0 kB/run - [1;34m   0.02 GB/s[0m
  DIV(name=ffn_moe_weights_norm-0,type=f32,ne=[8,2048,1,1],op_params=[],sources=f32[8,2048,1,1],f32[1,2048,1,1]):             245760 runs -     4.08 us/run -      136 kB/run - [1;34m  31.76 GB/s[0m
  SUM_ROWS(name=ffn_moe_weights_sum-0,type=f32,ne=[1,1,1,1],op_params=[],sources=f32[8,1,1,1]):               335872 runs -     3.05 us/run -        0 kB/run - [1;34m   0.01 GB/s[0m
  SUM_ROWS(name=ffn_moe_weights_sum-0,type=f32,ne=[1,2048,1,1],op_params=[],sources=f32[8,2048,1,1]):                 147456 runs -     6.85 us/run -       72 kB/run - [1;34m  10.03 GB/s[0m
  CONCAT(name=conv_input-0,type=f32,ne=[4,8192,1,1],op_params=[],sources=f32[3,8192,1,1],f32[1,8192,1,1]nb[32768,4,32768,32768]):             229348 runs -     4.43 us/run -      256 kB/run - [1;34m  55.12 GB/s[0m
  CONCAT(name=conv_input-0,type=f32,ne=[2051,8192,1,1],op_params=[],sources=f32[3,8192,1,1],f32[2048,8192,1,1]nb[32768,4,67108864,67108864]):                    256 runs - 15914.10 us/run -   131264 kB/run - [1;34m   7.87 GB/s[0m
  RMS_NORM(name=norm-0,type=f32,ne=[128,32,1,1],op_params=[0:897988541],sources=f32[128,32,1,1]):             278528 runs -     3.62 us/run -       32 kB/run - [1;34m   8.44 GB/s[0m
  RMS_NORM(name=norm-0,type=f32,ne=[128,32,2048,1],op_params=[0:897988541],sources=f32[128,32,2048,1]):                 1026 runs -  1388.08 us/run -    65536 kB/run - [1;34m  45.03 GB/s[0m
  RMS_NORM(name=norm-3,type=f32,ne=[256,2,1,1],op_params=[0:897988541],sources=f32[256,2,1,1]):               270336 runs -     3.81 us/run -        4 kB/run - [1;34m   1.00 GB/s[0m
  RMS_NORM(name=norm-3,type=f32,ne=[256,2,2048,1],op_params=[0:897988541],sources=f32[256,2,2048,1]):                  12291 runs -    95.96 us/run -     8192 kB/run - [1;34m  81.42 GB/s[0m
  RMS_NORM(name=norm-3,type=f32,ne=[256,16,1,1],op_params=[0:897988541],sources=f32[256,16,1,1]nb[4,2048,32768,32768]):               278494 runs -     3.68 us/run -       47 kB/run - [1;34m  12.17 GB/s[0m
  RMS_NORM(name=norm-3,type=f32,ne=[256,16,2048,1],op_params=[0:897988541],sources=f32[256,16,2048,1]nb[4,2048,32768,67108864]):                1368 runs -   731.92 us/run -    98303 kB/run - [1;34m 128.09 GB/s[0m
  RMS_NORM(name=norm-0,type=f32,ne=[2048,1,1,1],op_params=[0:897988541],sources=f32[2048,1,1,1]):             188416 runs -     5.41 us/run -       16 kB/run - [1;34m   2.82 GB/s[0m
  RMS_NORM(name=norm-0,type=f32,ne=[2048,2048,1,1],op_params=[0:897988541],sources=f32[2048,2048,1,1]):                 9225 runs -   120.93 us/run -    32768 kB/run - [1;34m 258.42 GB/s[0m
  L2_NORM(name=q_conv_predelta-0,type=f32,ne=[128,16,1,1],op_params=[0:897988541],sources=f32[128,16,1,1]nb[4,512,32768,32768]):              286685 runs -     3.56 us/run -       16 kB/run - [1;34m   4.28 GB/s[0m
  L2_NORM(name=q_conv_predelta-0,type=f32,ne=[128,16,2048,1],op_params=[0:897988541],sources=f32[128,16,2048,1]nb[4,512,32768,67108864]):               1640 runs -   623.66 us/run -    81896 kB/run - [1;34m 125.23 GB/s[0m
  MUL_MAT(name=shared_expert_gate-0,type=f32,ne=[1,1,1,1],op_params=[],sources=f32[2048,1,1,1],f32[2048,1,1,1]):                8192 runs -   124.56 us/run -       16 kB/run - [1;34m   0.12 GB/s[0m
  MUL_MAT(name=shared_expert_gate-0,type=f32,ne=[1,2048,1,1],op_params=[],sources=f32[2048,1,1,1],f32[2048,2048,1,1]):                  4094 runs -   429.39 us/run -    16400 kB/run - [1;34m  36.42 GB/s[0m
  MUL_MAT(name=node_34,type=f32,ne=[32,1,1,1],op_params=[],sources=f32[2048,32,1,1],f32[2048,1,1,1]):                 204800 runs -     5.05 us/run -      264 kB/run - [1;34m  49.84 GB/s[0m
  MUL_MAT(name=node_34,type=f32,ne=[32,2048,1,1],op_params=[],sources=f32[2048,32,1,1],f32[2048,2048,1,1]):                     5958 runs -   185.07 us/run -    16896 kB/run - [1;34m  87.06 GB/s[0m
  MUL_MAT(name=ffn_moe_logits-0,type=f32,ne=[256,1,1,1],op_params=[],sources=f32[2048,256,1,1],f32[2048,1,1,1]):               98304 runs -    10.55 us/run -     2057 kB/run - [1;34m 185.99 GB/s[0m
  MUL_MAT(name=kqv-3,type=f32,ne=[256,1,16,1],op_params=[0:10],sources=f16[4096,256,2,1],f32[4096,1,16,1]):                    30728 runs -    40.34 us/run -     4368 kB/run - [1;34m 103.27 GB/s[0m
  MUL_MAT(name=ffn_moe_logits-0,type=f32,ne=[256,2048,1,1],op_params=[],sources=f32[2048,256,1,1],f32[2048,2048,1,1]):                  3278 runs -   554.70 us/run -    20480 kB/run - [1;34m  35.21 GB/s[0m
  MUL_MAT(name=kqv-3,type=f32,ne=[256,2048,16,1],op_params=[0:10],sources=f16[4096,256,2,1],f32[4096,2048,16,1]):                120 runs - 10818.23 us/run -   561152 kB/run - [1;34m  49.47 GB/s[0m
  MUL_MAT(name=ffn_gate-0,type=f32,ne=[512,1,1,1],op_params=[],sources=q5_K[2048,512,1,1],f32[2048,1,1,1]):                   147456 runs -     7.05 us/run -      714 kB/run - [1;34m  96.52 GB/s[0m
  MUL_MAT(name=ffn_gate-0,type=f32,ne=[512,2048,1,1],op_params=[],sources=q5_K[2048,512,1,1],f32[2048,2048,1,1]):               1584 runs -   914.88 us/run -    21184 kB/run - [1;34m  22.08 GB/s[0m
  MUL_MAT(name=attn_output-3,type=f32,ne=[2048,1,1,1],op_params=[],sources=q5_K[4096,2048,1,1],f32[4096,1,1,1]):               47464 runs -    21.18 us/run -     5656 kB/run - [1;34m 254.73 GB/s[0m
  MUL_MAT(name=ffn_shexp-0,type=f32,ne=[2048,1,1,1],op_params=[],sources=q6_K[512,2048,1,1],f32[512,1,1,1]):                  122880 runs -     8.30 us/run -      850 kB/run - [1;34m  97.71 GB/s[0m
  MUL_MAT(name=linear_attn_out-0,type=f32,ne=[2048,1,1,1],op_params=[],sources=q6_K[4096,2048,1,1],f32[4096,1,1,1]):                   44784 runs -    23.30 us/run -     6744 kB/run - [1;34m 275.99 GB/s[0m
  MUL_MAT(name=attn_output-3,type=f32,ne=[2048,2048,1,1],op_params=[],sources=q5_K[4096,2048,1,1],f32[4096,2048,1,1]):                   613 runs -  6285.11 us/run -    54784 kB/run - [1;34m   8.31 GB/s[0m
  MUL_MAT(name=ffn_shexp-0,type=f32,ne=[2048,2048,1,1],op_params=[],sources=q6_K[512,2048,1,1],f32[512,2048,1,1]):              1574 runs -   875.17 us/run -    21320 kB/run - [1;34m  23.23 GB/s[0m
  MUL_MAT(name=linear_attn_out-0,type=f32,ne=[2048,2048,1,1],op_params=[],sources=q6_K[4096,2048,1,1],f32[4096,2048,1,1]):               601 runs -  6859.05 us/run -    55872 kB/run - [1;34m   7.77 GB/s[0m
  MUL_MAT(name=z-0,type=f32,ne=[4096,1,1,1],op_params=[],sources=q5_K[2048,4096,1,1],f32[2048,1,1,1]):                 53397 runs -    20.92 us/run -     5656 kB/run - [1;34m 257.86 GB/s[0m
  MUL_MAT(name=kq-3,type=f32,ne=[4096,1,16,1],op_params=[0:10],sources=f16[256,4096,2,1]nb[2,1024,512,4194304],f32[256,1,16,1]nb[4,16384,1024,16384]):                 30728 runs -    38.49 us/run -     4368 kB/run - [1;34m 108.23 GB/s[0m
  MUL_MAT(name=z-0,type=f32,ne=[4096,2048,1,1],op_params=[],sources=q5_K[2048,4096,1,1],f32[2048,2048,1,1]):                     613 runs -  6213.41 us/run -    54784 kB/run - [1;34m   8.41 GB/s[0m
  MUL_MAT(name=kq-3,type=f32,ne=[4096,2048,16,1],op_params=[0:10],sources=f16[256,4096,2,1]nb[2,1024,512,4194304],f32[256,2048,16,1]nb[4,16384,1024,33554432]):                  120 runs - 15147.38 us/run -   561152 kB/run - [1;34m  35.33 GB/s[0m
  MUL_MAT(name=node_13,type=f32,ne=[8192,1,1,1],op_params=[],sources=q5_K[2048,8192,1,1],f32[2048,1,1,1]):             20783 runs -    54.59 us/run -    11304 kB/run - [1;34m 197.48 GB/s[0m
  MUL_MAT(name=node_13,type=f32,ne=[8192,2048,1,1],op_params=[],sources=q5_K[2048,8192,1,1],f32[2048,2048,1,1]):                 361 runs - 13827.23 us/run -    93184 kB/run - [1;34m   6.43 GB/s[0m
  MUL_MAT(name=result_output,type=f32,ne=[248320,1,1,1],op_params=[],sources=q4_K[2048,248320,1,1],f32[2048,1,1,1]):                    1200 runs -   911.38 us/run -   280338 kB/run - [1;34m 293.35 GB/s[0m
  MUL_MAT(name=result_output,type=f32,ne=[248320,2048,1,1],op_params=[],sources=q4_K[2048,248320,1,1],f32[2048,2048,1,1]):                15 runs - 358906.07 us/run -  2282304 kB/run - [1;34m   6.06 GB/s[0m
  MUL_MAT_ID(name=ffn_moe_gate-0,type=f32,ne=[512,8,1,1],op_params=[],sources=iq2_xxs[2048,512,256,1],f32[2048,1,1,1],i32[8,1,1,1]nb[4,1024,1024,1024]):               48209 runs -    20.80 us/run -    67608 kB/run - [1;34m3099.74 GB/s[0m
  MUL_MAT_ID(name=ffn_moe_gate-0,type=f32,ne=[512,8,2048,1],op_params=[],sources=iq2_xxs[2048,512,256,1],f32[2048,1,2048,1],i32[8,2048,1,1]nb[4,1024,2097152,2097152]):                  283 runs -  7163.87 us/run -   118783 kB/run - [1;34m  15.81 GB/s[0m
  MUL_MAT_ID(name=ffn_moe_down-0,type=f32,ne=[2048,8,1,1],op_params=[],sources=iq3_xxs[512,2048,256,1],f32[512,8,1,1],i32[8,1,1,1]nb[4,1024,1024,1024]):               38860 runs -    25.94 us/run -   100432 kB/run - [1;34m3691.65 GB/s[0m
  MUL_MAT_ID(name=ffn_moe_down-34,type=f32,ne=[2048,8,1,1],op_params=[],sources=iq4_xs[512,2048,256,1],f32[512,8,1,1],i32[8,1,1,1]nb[4,1024,1024,1024]):               31089 runs -    32.27 us/run -   139344 kB/run - [1;34m4117.97 GB/s[0m
  MUL_MAT_ID(name=ffn_moe_down-0,type=f32,ne=[2048,8,2048,1],op_params=[],sources=iq3_xxs[512,2048,256,1],f32[512,8,2048,1],i32[8,2048,1,1]nb[4,1024,2097152,2097152]):                  127 runs -  8614.94 us/run -   266239 kB/run - [1;34m  29.47 GB/s[0m
  MUL_MAT_ID(name=ffn_moe_down-34,type=f32,ne=[2048,8,2048,1],op_params=[],sources=iq4_xs[512,2048,256,1],f32[512,8,2048,1],i32[8,2048,1,1]nb[4,1024,2097152,2097152]):                  220 runs -  8202.86 us/run -   305151 kB/run - [1;34m  35.48 GB/s[0m
  SCALE(name=cache_r_l0,type=f32,ne=[24576,1,1,1],op_params=[],sources=f32[24576,1,1,1]):             262144 runs -     3.91 us/run -      192 kB/run - [1;34m  46.86 GB/s[0m
  SCALE(name=cache_s_l0,type=f32,ne=[524288,1,1,1],op_params=[],sources=f32[524288,1,1,1]):                    57344 runs -    18.59 us/run -     4096 kB/run - [1;34m 210.16 GB/s[0m
failed to allocate tensors
  CPY(name=conv_state_update-0,type=f32,ne=[24576,1,1,1],op_params=[],sources=f32[3,8192,1,1]nb[4,16,131072,131072],f32[24576,1,1,1]):                278494 runs -     3.69 us/run -      319 kB/run - [1;34m  82.74 GB/s[0m
  CPY(name=conv_state_update-0,type=f32,ne=[24576,1,1,1],op_params=[],sources=f32[3,8192,1,1]nb[4,8204,67207168,67207168],f32[24576,1,1,1]):                  127500 runs -     7.85 us/run -    65816 kB/run - [1;34m7996.45 GB/s[0m
failed to allocate tensors
  CPY(name=cache_s_l0,type=f32,ne=[524288,1,1,1],op_params=[],sources=f32[128,128,32,1],f32[524288,1,1,1]):                    87392 runs -    12.17 us/run -     6144 kB/run - [1;34m 481.55 GB/s[0m
  CONT(name=attn_pregate-3,type=f32,ne=[4096,1,1,1],op_params=[],sources=f32[256,16,1,1]nb[4,1024,1024,16384]):               401359 runs -     2.53 us/run -       32 kB/run - [1;34m  12.08 GB/s[0m
  CONT(name=gate_reshaped-3,type=f32,ne=[4096,1,1,1],op_params=[],sources=f32[256,16,1,1]nb[4,2048,32768,32768]):             344022 runs -     2.92 us/run -       47 kB/run - [1;34m  15.36 GB/s[0m
  CONT(name=gate_reshaped-3,type=f32,ne=[4096,2048,1,1],op_params=[],sources=f32[256,16,2048,1]nb[4,2048,32768,67108864]):              3420 runs -   299.99 us/run -    98303 kB/run - [1;34m 312.51 GB/s[0m
  CONT(name=attn_pregate-3,type=f32,ne=[4096,2048,1,1],op_params=[],sources=f32[256,16,2048,1]nb[4,2097152,1024,33554432]):                     3591 runs -   297.16 us/run -    65536 kB/run - [1;34m 210.32 GB/s[0m
  GET_ROWS(name=ffn_moe_weights-0,type=f32,ne=[1,8,1,1],op_params=[],sources=f32[1,256,1,1],i32[8,1,1,1]nb[4,1024,1024,1024]):                393168 runs -     2.56 us/run -        1 kB/run - [1;34m   0.40 GB/s[0m
  GET_ROWS(name=ffn_moe_weights-0,type=f32,ne=[1,8,2048,1],op_params=[],sources=f32[1,256,2048,1],i32[8,2048,1,1]nb[4,1024,2097152,2097152]):                   8068 runs -   133.00 us/run -     4159 kB/run - [1;34m  29.82 GB/s[0m
  GET_ROWS(name=result_norm,type=f32,ne=[2048,1,1,1],op_params=[],sources=f32[2048,1,1,1],i32[1,1,1,1]):              352256 runs -     2.87 us/run -       16 kB/run - [1;34m   5.32 GB/s[0m
  GET_ROWS(name=model.input_embed,type=f32,ne=[2048,1,1,1],op_params=[],sources=q5_K[2048,248320,1,1],i32[1,1,1,1]):                  136620 runs -     7.32 us/run -   341448 kB/run - [1;34m44481.24 GB/s[0m
  GET_ROWS(name=result_norm,type=f32,ne=[2048,2048,1,1],op_params=[],sources=f32[2048,2048,1,1],i32[2048,1,1,1]):              10240 runs -   103.21 us/run -    32776 kB/run - [1;34m 302.84 GB/s[0m
  GET_ROWS(name=model.input_embed,type=f32,ne=[2048,2048,1,1],op_params=[],sources=q5_K[2048,248320,1,1],i32[2048,1,1,1]):             12878 runs -    77.87 us/run -   357832 kB/run - [1;34m4382.14 GB/s[0m
  GET_ROWS(name=node_9,type=f32,ne=[24576,0,1,1],op_params=[],sources=f32[24576,1,1,1],i32[0,1,1,1]):                6062080 runs -     0.16 us/run -       96 kB/run - [1;34m 554.98 GB/s[0m
  GET_ROWS(name=conv_states-0,type=f32,ne=[24576,1,1,1],op_params=[],sources=f32[24576,1,1,1],i32[1,1,1,1]):                  311296 runs -     3.26 us/run -      192 kB/run - [1;34m  56.21 GB/s[0m
  GET_ROWS(name=node_24,type=f32,ne=[524288,0,1,1],op_params=[],sources=f32[524288,1,1,1],i32[0,1,1,1]):             6062080 runs -     0.16 us/run -     2048 kB/run - [1;34m11839.10 GB/s[0m
  GET_ROWS(name=node_23,type=f32,ne=[524288,1,1,1],op_params=[],sources=f32[524288,1,1,1],i32[1,1,1,1]):               65536 runs -    16.46 us/run -     4096 kB/run - [1;34m 237.27 GB/s[0m
  SET_ROWS(name=cache_v_l3,type=f16,ne=[1,2097152,1,1],op_params=[],sources=f32[1,512,1,1],i64[512,1,1,1],f16[1,2097152,1,1]):                290674 runs -     3.44 us/run -     8198 kB/run - [1;34m2272.20 GB/s[0m
  SET_ROWS(name=cache_v_l3,type=f16,ne=[1,2097152,1,1],op_params=[],sources=f32[1,1048576,1,1],i64[1048576,1,1,1],f16[1,2097152,1,1]):                  6556 runs -   160.86 us/run -    20480 kB/run - [1;34m 121.41 GB/s[0m
  SET_ROWS(name=cache_k_l3,type=f16,ne=[512,4096,1,1],op_params=[],sources=f32[512,1,1,1],i64[1,1,1,1],f16[512,4096,1,1]):            319410 runs -     3.16 us/run -     8194 kB/run - [1;34m2473.88 GB/s[0m
  SET_ROWS(name=cache_k_l3,type=f16,ne=[512,4096,1,1],op_params=[],sources=f32[512,2048,1,1],i64[2048,1,1,1],f16[512,4096,1,1]):               19096 runs -    59.38 us/run -    12304 kB/run - [1;34m 197.60 GB/s[0m
  SOFT_MAX(name=ffn_moe_probs-0,type=f32,ne=[256,1,1,1],op_params=[0:1065353216],sources=f32[256,1,1,1]):             172032 runs -     5.85 us/run -        2 kB/run - [1;34m   0.33 GB/s[0m
  SOFT_MAX(name=ffn_moe_probs-0,type=f32,ne=[256,2048,1,1],op_params=[0:1065353216],sources=f32[256,2048,1,1]):                49152 runs -    20.71 us/run -     4096 kB/run - [1;34m 188.59 GB/s[0m
  SOFT_MAX(name=kq_soft_max-3,type=f32,ne=[4096,1,16,1],op_params=[0:1031798784],sources=f32[4096,1,16,1],f32[4096,1,1,1]):                   106496 runs -    10.15 us/run -      528 kB/run - [1;34m  49.60 GB/s[0m
  SOFT_MAX(name=kq_soft_max-3,type=f32,ne=[4096,2048,16,1],op_params=[0:1031798784],sources=f32[4096,2048,16,1],f32[4096,2048,1,1]):                     256 runs -  4198.29 us/run -  1081344 kB/run - [1;34m 245.64 GB/s[0m
  ROPE(name=Kcur-3,type=f32,ne=[256,2,1,1],op_params=[1:64,2:40,4:262144,5:1259902592,6:1065353216,8:1065353216,9:1107296256,10:1065353216,11:11,12:11,13:10],sources=f32[256,2,1,1],i32[4,1,1,1]):                   286720 runs -     3.51 us/run -        4 kB/run - [1;34m   1.09 GB/s[0m
  ROPE(name=Kcur-3,type=f32,ne=[256,2,2048,1],op_params=[1:64,2:40,4:262144,5:1259902592,6:1065353216,8:1065353216,9:1107296256,10:1065353216,11:11,12:11,13:10],sources=f32[256,2,2048,1],i32[8192,1,1,1]):                   32648 runs -    32.10 us/run -     8224 kB/run - [1;34m 244.33 GB/s[0m
  ROPE(name=Qcur-3,type=f32,ne=[256,16,1,1],op_params=[1:64,2:40,4:262144,5:1259902592,6:1065353216,8:1065353216,9:1107296256,10:1065353216,11:11,12:11,13:10],sources=f32[256,16,1,1],i32[4,1,1,1]):                 294912 runs -     3.45 us/run -       32 kB/run - [1;34m   8.86 GB/s[0m
  ROPE(name=Qcur-3,type=f32,ne=[256,16,2048,1],op_params=[1:64,2:40,4:262144,5:1259902592,6:1065353216,8:1065353216,9:1107296256,10:1065353216,11:11,12:11,13:10],sources=f32[256,16,2048,1],i32[8192,1,1,1]):                  5120 runs -   213.81 us/run -    65568 kB/run - [1;34m 292.46 GB/s[0m
  CLAMP(name=ffn_moe_weights_sum_clamped-0,type=f32,ne=[1,1,1,1],op_params=[0:947912704,1:2139095040],sources=f32[1,1,1,1]):                  393216 runs -     2.57 us/run -        0 kB/run - [1;34m   0.00 GB/s[0m
  CLAMP(name=ffn_moe_weights_sum_clamped-0,type=f32,ne=[1,2048,1,1],op_params=[0:947912704,1:2139095040],sources=f32[1,2048,1,1]):            360448 runs -     2.81 us/run -       16 kB/run - [1;34m   5.44 GB/s[0m
  ARGSORT(name=ffn_moe_argsort-0,type=i32,ne=[256,1,1,1],op_params=[0:1],sources=f32[256,1,1,1]):             122880 runs -     8.15 us/run -        2 kB/run - [1;34m   0.23 GB/s[0m
  ARGSORT(name=ffn_moe_argsort-0,type=i32,ne=[256,2048,1,1],op_params=[0:1],sources=f32[256,2048,1,1]):                16384 runs -   118.44 us/run -     4096 kB/run - [1;34m  32.98 GB/s[0m
  SSM_CONV(name=conv_output_raw-0,type=f32,ne=[8192,1,1,1],op_params=[],sources=f32[4,8192,1,1],f32[4,8192,1,1]):             278528 runs -     3.64 us/run -      288 kB/run - [1;34m  75.36 GB/s[0m
  SSM_CONV(name=conv_output_raw-0,type=f32,ne=[8192,2048,1,1],op_params=[],sources=f32[2051,8192,1,1],f32[4,8192,1,1]):                 1792 runs -   605.48 us/run -   131296 kB/run - [1;34m 206.80 GB/s[0m
  GATED_DELTA_NET(name=node_44,type=f32,ne=[4096,129,1,1],op_params=[0:1],sources=f32[128,16,1,1],f32[128,16,1,1],f32[128,32,1,1]nb[4,512,32768,32768],f32[1,32,1,1],f32[1,32,1,1],f32[128,128,32,1]):                 56679 runs -    18.64 us/run -     4144 kB/run - [1;34m 212.07 GB/s[0m
  GATED_DELTA_NET(name=node_44,type=f32,ne=[4096,2176,1,1],op_params=[0:1],sources=f32[128,16,2048,1],f32[128,16,2048,1],f32[128,32,2048,1]nb[4,512,32768,67108864],f32[1,32,2048,1],f32[1,32,2048,1],f32[128,128,32,1]):                496 runs -  2915.99 us/run -   135664 kB/run - [1;34m  44.37 GB/s[0m
  SIGMOID(name=shared_expert_gate_sigmoid-0,type=f32,ne=[1,1,1,1],op_params=[0:7],sources=f32[1,1,1,1]):              417792 runs -     2.40 us/run -        0 kB/run - [1;34m   0.00 GB/s[0m
  SIGMOID(name=beta_sigmoid-0,type=f32,ne=[1,32,1,1],op_params=[0:7],sources=f32[1,32,1,1]):                  417792 runs -     2.40 us/run -        0 kB/run - [1;34m   0.10 GB/s[0m
  SIGMOID(name=beta_sigmoid-0,type=f32,ne=[1,32,2048,1],op_params=[0:7],sources=f32[1,32,2048,1]):            188416 runs -     5.51 us/run -      512 kB/run - [1;34m  88.61 GB/s[0m
  SIGMOID(name=shared_expert_gate_sigmoid-0,type=f32,ne=[1,2048,1,1],op_params=[0:7],sources=f32[1,2048,1,1]):                360448 runs -     2.82 us/run -       16 kB/run - [1;34m   5.41 GB/s[0m
  SOFTPLUS(name=a_softplus-0,type=f32,ne=[32,1,1,1],op_params=[0:15],sources=f32[32,1,1,1]):                  417792 runs -     2.41 us/run -        0 kB/run - [1;34m   0.10 GB/s[0m
  SOFTPLUS(name=a_softplus-0,type=f32,ne=[32,2048,1,1],op_params=[0:15],sources=f32[32,2048,1,1]):            180224 runs -     5.57 us/run -      512 kB/run - [1;34m  87.65 GB/s[0m
  SILU(name=node_53,type=f32,ne=[128,32,1,1],op_params=[0:10],sources=f32[128,32,1,1]):               360448 runs -     2.83 us/run -       32 kB/run - [1;34m  10.77 GB/s[0m
  SILU(name=node_53,type=f32,ne=[128,32,2048,1],op_params=[0:10],sources=f32[128,32,2048,1]):                   3591 runs -   308.53 us/run -    65536 kB/run - [1;34m 202.57 GB/s[0m
  SIGMOID(name=gate_sigmoid-3,type=f32,ne=[4096,1,1,1],op_params=[0:7],sources=f32[4096,1,1,1]):              360448 runs -     2.83 us/run -       32 kB/run - [1;34m  10.80 GB/s[0m
  SIGMOID(name=gate_sigmoid-3,type=f32,ne=[4096,2048,1,1],op_params=[0:7],sources=f32[4096,2048,1,1]):                  3591 runs -   306.06 us/run -    65536 kB/run - [1;34m 204.21 GB/s[0m
  SILU(name=conv_output_silu-0,type=f32,ne=[8192,1,1,1],op_params=[0:10],sources=f32[8192,1,1,1]):            352256 runs -     2.87 us/run -       64 kB/run - [1;34m  21.27 GB/s[0m
  SILU(name=conv_output_silu-0,type=f32,ne=[8192,2048,1,1],op_params=[0:10],sources=f32[8192,2048,1,1]):                1799 runs -   610.88 us/run -   131072 kB/run - [1;34m 204.62 GB/s[0m
  SWIGLU(name=ffn_swiglu-0,type=f32,ne=[512,1,1,1],op_params=[0:2],sources=f32[512,1,1,1],f32[512,1,1,1]):            335872 runs -     3.05 us/run -        6 kB/run - [1;34m   1.88 GB/s[0m
  SWIGLU(name=ffn_moe_swiglu-0,type=f32,ne=[512,8,1,1],op_params=[0:2],sources=f32[512,8,1,1],f32[512,8,1,1]):                335872 runs -     2.98 us/run -       48 kB/run - [1;34m  15.34 GB/s[0m
  SWIGLU(name=ffn_moe_swiglu-0,type=f32,ne=[512,8,2048,1],op_params=[0:2],sources=f32[512,8,2048,1],f32[512,8,2048,1]):                 3762 runs -   266.95 us/run -    98304 kB/run - [1;34m 351.19 GB/s[0m
  SWIGLU(name=ffn_swiglu-0,type=f32,ne=[512,2048,1,1],op_params=[0:2],sources=f32[512,2048,1,1],f32[512,2048,1,1]):                    27310 runs -    37.07 us/run -    12288 kB/run - [1;34m 316.10 GB/s[0m
  Backend Vulkan0: [1;32mOK[0m
Backend 2/2: CPU
  Skipping
2/2 backends passed
[1;32mOK[0m
