0.04.623.003 W DEPRECATED: --mmap and --no-mmap are deprecated. use --load-mode mmap instead
0.05.493.166 W load: control-looking token: 128247 '</s>' was not control-type; this is probably a bug in the model. its type will be overridden
0.17.973.175 I 
0.17.973.277 I system_info: n_threads = 6 (n_threads_batch = 6) / 12 | ROCm : NO_VMM = 1 | CPU : SSE3 = 1 | SSSE3 = 1 | AVX = 1 | AVX2 = 1 | F16C = 1 | FMA = 1 | BMI2 = 1 | LLAMAFILE = 1 | OPENMP = 1 | REPACK = 1 | 
0.17.973.293 I perplexity: tokenizing the input ..
0.18.704.361 I perplexity: tokenization took 731.058 ms
0.18.704.614 I perplexity: calculating perplexity over 1 chunks, n_ctx=2048, batch_size=2048, n_seq=1
BC250ALPHA Vcur-0 alpha=-0.0075111389 beta=0
BC250ALPHA Vcur-1 alpha=-0.0075111389 beta=0
BC250ALPHA Vcur-2 alpha=-0.0075111389 beta=0
BC250ALPHA Vcur-3 alpha=-0.0075111389 beta=0
BC250ALPHA Vcur-4 alpha=-0.0075111389 beta=0
BC250ALPHA Vcur-5 alpha=-0.0075111389 beta=0
BC250ALPHA Vcur-6 alpha=-0.0075111389 beta=0
BC250ALPHA Vcur-7 alpha=-0.0075111389 beta=0
BC250ALPHA Vcur-8 alpha=-0.0075111389 beta=0
BC250ALPHA Vcur-9 alpha=-0.0075111389 beta=0
BC250ALPHA Vcur-10 alpha=-0.0075111389 beta=0
BC250ALPHA Vcur-11 alpha=-0.0075111389 beta=0
BC250ALPHA Vcur-12 alpha=-0.0075111389 beta=0
BC250ALPHA Vcur-13 alpha=-0.0075111389 beta=0
BC250ALPHA Vcur-14 alpha=-0.0075111389 beta=0
BC250ALPHA Vcur-15 alpha=-0.0075111389 beta=0
BC250ALPHA Vcur-16 alpha=-0.0075111389 beta=0
BC250ALPHA Vcur-17 alpha=-0.0075111389 beta=0
BC250ALPHA Vcur-18 alpha=-0.0075111389 beta=0
BC250ALPHA Vcur-19 alpha=-0.0075111389 beta=0
BC250ALPHA Vcur-20 alpha=-0.0075111389 beta=0
BC250ALPHA Vcur-21 alpha=-0.0075111389 beta=0
BC250ALPHA Vcur-22 alpha=-0.0075111389 beta=0
BC250ALPHA Vcur-23 alpha=-0.0075111389 beta=0
BC250ALPHA Vcur-24 alpha=-0.0075111389 beta=0
BC250ALPHA Vcur-25 alpha=-0.0075111389 beta=0
BC250ALPHA Vcur-26 alpha=-0.0075111389 beta=0
BC250ALPHA Vcur-27 alpha=-0.0075111389 beta=0
BC250ALPHA Vcur-28 alpha=-0.0075111389 beta=0
BC250ALPHA Vcur-29 alpha=-0.0075111389 beta=0
BC250ALPHA Vcur-30 alpha=-0.0075111389 beta=0
BC250ALPHA Vcur-31 alpha=-0.0075111389 beta=0
BC250ALPHA Vcur-32 alpha=-0.0075111389 beta=0
BC250ALPHA Vcur-33 alpha=-0.0075111389 beta=0
BC250ALPHA Vcur-34 alpha=-0.0075111389 beta=0
BC250ALPHA Vcur-35 alpha=-0.0075111389 beta=0
BC250ALPHA Vcur-0 alpha=-0.0075111389 beta=0
BC250ALPHA Vcur-1 alpha=-0.0075111389 beta=0
BC250ALPHA Vcur-2 alpha=-0.0075111389 beta=0
BC250ALPHA Vcur-3 alpha=-0.0075111389 beta=0
BC250ALPHA Vcur-4 alpha=-0.0075111389 beta=0
BC250ALPHA Vcur-5 alpha=-0.0075111389 beta=0
BC250ALPHA Vcur-6 alpha=-0.0075111389 beta=0
BC250ALPHA Vcur-7 alpha=-0.0075111389 beta=0
BC250ALPHA Vcur-8 alpha=-0.0075111389 beta=0
BC250ALPHA Vcur-9 alpha=-0.0075111389 beta=0
BC250ALPHA Vcur-10 alpha=-0.0075111389 beta=0
BC250ALPHA Vcur-11 alpha=-0.0075111389 beta=0
BC250ALPHA Vcur-12 alpha=-0.0075111389 beta=0
BC250ALPHA Vcur-13 alpha=-0.0075111389 beta=0
BC250ALPHA Vcur-14 alpha=-0.0075111389 beta=0
BC250ALPHA Vcur-15 alpha=-0.0075111389 beta=0
BC250ALPHA Vcur-16 alpha=-0.0075111389 beta=0
BC250ALPHA Vcur-17 alpha=-0.0075111389 beta=0
BC250ALPHA Vcur-18 alpha=-0.0075111389 beta=0
BC250ALPHA Vcur-19 alpha=-0.0075111389 beta=0
BC250ALPHA Vcur-20 alpha=-0.0075111389 beta=0
BC250ALPHA Vcur-21 alpha=-0.0075111389 beta=0
BC250ALPHA Vcur-22 alpha=-0.0075111389 beta=0
BC250ALPHA Vcur-23 alpha=-0.0075111389 beta=0
BC250ALPHA Vcur-24 alpha=-0.0075111389 beta=0
BC250ALPHA Vcur-25 alpha=-0.0075111389 beta=0
BC250ALPHA Vcur-26 alpha=-0.0075111389 beta=0
BC250ALPHA Vcur-27 alpha=-0.0075111389 beta=0
BC250ALPHA Vcur-28 alpha=-0.0075111389 beta=0
BC250ALPHA Vcur-29 alpha=-0.0075111389 beta=0
BC250ALPHA Vcur-30 alpha=-0.0075111389 beta=0
BC250ALPHA Vcur-31 alpha=-0.0075111389 beta=0
BC250ALPHA Vcur-32 alpha=-0.0075111389 beta=0
BC250ALPHA Vcur-33 alpha=-0.0075111389 beta=0
BC250ALPHA Vcur-34 alpha=-0.0075111389 beta=0
BC250ALPHA Vcur-35 alpha=-0.0075111389 beta=0
BC250ALPHA Vcur-0 alpha=-0.0075111389 beta=0
BC250ALPHA Vcur-1 alpha=-0.0075111389 beta=0
BC250ALPHA Vcur-2 alpha=-0.0075111389 beta=0
BC250ALPHA Vcur-3 alpha=-0.0075111389 beta=0
BC250ALPHA Vcur-4 alpha=-0.0075111389 beta=0
BC250ALPHA Vcur-5 alpha=-0.0075111389 beta=0
BC250ALPHA Vcur-6 alpha=-0.0075111389 beta=0
BC250ALPHA Vcur-7 alpha=-0.0075111389 beta=0
BC250ALPHA Vcur-8 alpha=-0.0075111389 beta=0
BC250ALPHA Vcur-9 alpha=-0.0075111389 beta=0
BC250ALPHA Vcur-10 alpha=-0.0075111389 beta=0
BC250ALPHA Vcur-11 alpha=-0.0075111389 beta=0
BC250ALPHA Vcur-12 alpha=-0.0075111389 beta=0
BC250ALPHA Vcur-13 alpha=-0.0075111389 beta=0
BC250ALPHA Vcur-14 alpha=-0.0075111389 beta=0
BC250ALPHA Vcur-15 alpha=-0.0075111389 beta=0
BC250ALPHA Vcur-16 alpha=-0.0075111389 beta=0
BC250ALPHA Vcur-17 alpha=-0.0075111389 beta=0
BC250ALPHA Vcur-18 alpha=-0.0075111389 beta=0
BC250ALPHA Vcur-19 alpha=-0.0075111389 beta=0
BC250ALPHA Vcur-20 alpha=-0.0075111389 beta=0
BC250ALPHA Vcur-21 alpha=-0.0075111389 beta=0
BC250ALPHA Vcur-22 alpha=-0.0075111389 beta=0
BC250ALPHA Vcur-23 alpha=-0.0075111389 beta=0
BC250ALPHA Vcur-24 alpha=-0.0075111389 beta=0
BC250ALPHA Vcur-25 alpha=-0.0075111389 beta=0
BC250ALPHA Vcur-26 alpha=-0.0075111389 beta=0
BC250ALPHA Vcur-27 alpha=-0.0075111389 beta=0
BC250ALPHA Vcur-28 alpha=-0.0075111389 beta=0
BC250ALPHA Vcur-29 alpha=-0.0075111389 beta=0
BC250ALPHA Vcur-30 alpha=-0.0075111389 beta=0
BC250ALPHA Vcur-31 alpha=-0.0075111389 beta=0
BC250ALPHA Vcur-32 alpha=-0.0075111389 beta=0
BC250ALPHA Vcur-33 alpha=-0.0075111389 beta=0
BC250ALPHA Vcur-34 alpha=-0.0075111389 beta=0
BC250ALPHA Vcur-35 alpha=-0.0075111389 beta=0
BC250ALPHA Vcur-0 alpha=-0.0075111389 beta=0
BC250ALPHA Vcur-1 alpha=-0.0075111389 beta=0
BC250ALPHA Vcur-2 alpha=-0.0075111389 beta=0
BC250ALPHA Vcur-3 alpha=-0.0075111389 beta=0
BC250ALPHA Vcur-4 alpha=-0.0075111389 beta=0
BC250ALPHA Vcur-5 alpha=-0.0075111389 beta=0
BC250ALPHA Vcur-6 alpha=-0.0075111389 beta=0
BC250ALPHA Vcur-7 alpha=-0.0075111389 beta=0
BC250ALPHA Vcur-8 alpha=-0.0075111389 beta=0
BC250ALPHA Vcur-9 alpha=-0.0075111389 beta=0
BC250ALPHA Vcur-10 alpha=-0.0075111389 beta=0
BC250ALPHA Vcur-11 alpha=-0.0075111389 beta=0
BC250ALPHA Vcur-12 alpha=-0.0075111389 beta=0
BC250ALPHA Vcur-13 alpha=-0.0075111389 beta=0
BC250ALPHA Vcur-14 alpha=-0.0075111389 beta=0
BC250ALPHA Vcur-15 alpha=-0.0075111389 beta=0
BC250ALPHA Vcur-16 alpha=-0.0075111389 beta=0
BC250ALPHA Vcur-17 alpha=-0.0075111389 beta=0
BC250ALPHA Vcur-18 alpha=-0.0075111389 beta=0
BC250ALPHA Vcur-19 alpha=-0.0075111389 beta=0
BC250ALPHA Vcur-20 alpha=-0.0075111389 beta=0
BC250ALPHA Vcur-21 alpha=-0.0075111389 beta=0
BC250ALPHA Vcur-22 alpha=-0.0075111389 beta=0
BC250ALPHA Vcur-23 alpha=-0.0075111389 beta=0
BC250ALPHA Vcur-24 alpha=-0.0075111389 beta=0
BC250ALPHA Vcur-25 alpha=-0.0075111389 beta=0
BC250ALPHA Vcur-26 alpha=-0.0075111389 beta=0
BC250ALPHA Vcur-27 alpha=-0.0075111389 beta=0
BC250ALPHA Vcur-28 alpha=-0.0075111389 beta=0
BC250ALPHA Vcur-29 alpha=-0.0075111389 beta=0
BC250ALPHA Vcur-30 alpha=-0.0075111389 beta=0
BC250ALPHA Vcur-31 alpha=-0.0075111389 beta=0
BC250ALPHA Vcur-32 alpha=-0.0075111389 beta=0
BC250ALPHA Vcur-33 alpha=-0.0075111389 beta=0
BC250ALPHA Vcur-34 alpha=-0.0075111389 beta=0
BC250ALPHA Vcur-35 alpha=-0.0075111389 beta=0
0.31.080.441 I perplexity: 12.38 seconds per pass - ETA 0.20 minutes
[1]11.7443,
0.31.186.430 I Final estimate: PPL = 11.7443 +/- 1.18910

