[   21.928266] MARK-path-debugfs-5-1
[   25.511193] amdgpu 0000:01:00.0: GPU reset begin!. Source:  5
[   29.511201] amdgpu 0000:01:00.0: failed to suspend display audio
[   29.535712] amdgpu 0000:01:00.0: MODE1 reset
[   29.535741] amdgpu 0000:01:00.0: GPU mode1 reset
[   29.535842] amdgpu 0000:01:00.0: GPU psp mode1 reset
[   29.535972] amdgpu 0000:01:00.0: GPU reset succeeded, trying to resume
[   29.536022] amdgpu 0000:01:00.0: BC-250: flush_pasid_uses_kiq=0 (param 0)
[   29.536321] amdgpu 0000:01:00.0: [drm] PCIE GART of 512M enabled (table at 0x000000F41FE00000).
[   29.536403] amdgpu 0000:01:00.0: VRAM is lost due to GPU reset!
[   29.536439] amdgpu 0000:01:00.0: PSP is resuming...
[   29.556535] amdgpu 0000:01:00.0: reserve 0x400000 from 0xf41f800000 for PSP TMR
[   29.592583] amdgpu 0000:01:00.0: SMU is resuming...
[   29.592641] amdgpu 0000:01:00.0: SMU is resumed successfully!
[   29.592706] amdgpu 0000:01:00.0: bc250-40cu-enable: mode=3 se=0 sh=0 CC=0xfff80000->0xffe00000 SPI=0x0000001f->0x0000001f
[   29.592755] amdgpu 0000:01:00.0: bc250-40cu-enable: mode=3 se=0 sh=1 CC=0xfff80000->0xffe00000 SPI=0x0000001f->0x0000001f
[   29.592796] amdgpu 0000:01:00.0: bc250-40cu-enable: mode=3 se=1 sh=0 CC=0xfff80000->0xffe00000 SPI=0x0000001f->0x0000001f
[   29.592837] amdgpu 0000:01:00.0: bc250-40cu-enable: mode=3 se=1 sh=1 CC=0xfff80000->0xffe00000 SPI=0x0000001f->0x0000001f
[   29.593001] amdgpu 0000:01:00.0: BC250REG 1 pci config dword0 = 0x13fe1002
[   29.593029] amdgpu 0000:01:00.0: BC250REG 2 pci command/status = 0x00100407
[   29.593055] amdgpu 0000:01:00.0: BC250REG 3 rmmio_size=524288 sched_off=0xecaa grbm_off=0x2004
[   29.593088] amdgpu 0000:01:00.0: BC250REG 4 about to read GRBM_STATUS
[   33.018747] clocksource: Watchdog remote CPU 4 read timed out
