[   21.927474] MARK-path-kfd-3-1
[   25.497077] amdgpu: BC250KFDRESET: calling amdgpu_amdkfd_gpu_reset, gpu_recovery=-1, should_recover=1
[   25.497102] amdgpu: BC250KFDRESET: returned
[   25.497113] amdgpu 0000:01:00.0: GPU reset begin!. Source:  4
[   29.497136] amdgpu 0000:01:00.0: failed to suspend display audio
[   29.497178] amdgpu 0000:01:00.0: Dumping IP State
[   29.499275] amdgpu 0000:01:00.0: Dumping IP State Completed
[   29.523991] amdgpu 0000:01:00.0: MODE1 reset
[   29.524013] amdgpu 0000:01:00.0: GPU mode1 reset
[   29.524095] amdgpu 0000:01:00.0: GPU psp mode1 reset
[   29.524188] amdgpu 0000:01:00.0: GPU reset succeeded, trying to resume
[   29.524219] amdgpu 0000:01:00.0: BC-250: flush_pasid_uses_kiq=0 (param 0)
[   29.524438] amdgpu 0000:01:00.0: [drm] PCIE GART of 512M enabled (table at 0x000000F41FE00000).
[   29.524490] amdgpu 0000:01:00.0: [drm] AMDGPU device coredump file has been created
[   29.524515] amdgpu 0000:01:00.0: [drm] Check your /sys/class/drm/card0/device/devcoredump/data
[   29.524545] amdgpu 0000:01:00.0: VRAM is lost due to GPU reset!
[   29.524569] amdgpu 0000:01:00.0: PSP is resuming...
[   29.544903] amdgpu 0000:01:00.0: reserve 0x400000 from 0xf41f800000 for PSP TMR
[   29.580713] amdgpu 0000:01:00.0: SMU is resuming...
[   29.580775] amdgpu 0000:01:00.0: SMU is resumed successfully!
[   29.580842] amdgpu 0000:01:00.0: bc250-40cu-enable: mode=3 se=0 sh=0 CC=0xfff80000->0xffe00000 SPI=0x0000001f->0x0000001f
[   29.580886] amdgpu 0000:01:00.0: bc250-40cu-enable: mode=3 se=0 sh=1 CC=0xfff80000->0xffe00000 SPI=0x0000001f->0x0000001f
[   29.580927] amdgpu 0000:01:00.0: bc250-40cu-enable: mode=3 se=1 sh=0 CC=0xfff80000->0xffe00000 SPI=0x0000001f->0x0000001f
[   29.580967] amdgpu 0000:01:00.0: bc250-40cu-enable: mode=3 se=1 sh=1 CC=0xfff80000->0xffe00000 SPI=0x0000001f->0x0000001f
[   29.581140] amdgpu 0000:01:00.0: BC250REG 1 pci config dword0 = 0x13fe1002
[   29.581168] amdgpu 0000:01:00.0: BC250REG 2 pci command/status = 0x00100407
[   29.581194] amdgpu 0000:01:00.0: BC250REG 3 rmmio_size=524288 sched_off=0xecaa grbm_off=0x2004
[   29.581227] amdgpu 0000:01:00.0: BC250REG 4 about to read GRBM_STATUS
[   32.258357] clocksource: Watchdog remote CPU 2 read timed out
