[   39.542677] MARK-path-debugfs-3-1
[   43.130798] amdgpu 0000:01:00.0: GPU reset begin!. Source:  5
[   47.130785] amdgpu 0000:01:00.0: failed to suspend display audio
[   47.155532] amdgpu 0000:01:00.0: MODE1 reset
[   47.155556] amdgpu 0000:01:00.0: GPU mode1 reset
[   47.155634] amdgpu 0000:01:00.0: GPU psp mode1 reset
[   47.155724] amdgpu 0000:01:00.0: GPU reset succeeded, trying to resume
[   47.155754] amdgpu 0000:01:00.0: BC-250: flush_pasid_uses_kiq=0 (param 0)
[   47.155983] amdgpu 0000:01:00.0: [drm] PCIE GART of 512M enabled (table at 0x000000F41FE00000).
[   47.156030] amdgpu 0000:01:00.0: VRAM is lost due to GPU reset!
[   47.156051] amdgpu 0000:01:00.0: PSP is resuming...
[   47.176263] amdgpu 0000:01:00.0: reserve 0x400000 from 0xf41f800000 for PSP TMR
[   47.212374] amdgpu 0000:01:00.0: SMU is resuming...
[   47.212432] amdgpu 0000:01:00.0: SMU is resumed successfully!
[   47.212498] amdgpu 0000:01:00.0: bc250-40cu-enable: mode=3 se=0 sh=0 CC=0xfff80000->0xffe00000 SPI=0x0000001f->0x0000001f
[   47.212540] amdgpu 0000:01:00.0: bc250-40cu-enable: mode=3 se=0 sh=1 CC=0xfff80000->0xffe00000 SPI=0x0000001f->0x0000001f
[   47.212585] amdgpu 0000:01:00.0: bc250-40cu-enable: mode=3 se=1 sh=0 CC=0xfff80000->0xffe00000 SPI=0x0000001f->0x0000001f
[   47.212625] amdgpu 0000:01:00.0: bc250-40cu-enable: mode=3 se=1 sh=1 CC=0xfff80000->0xffe00000 SPI=0x0000001f->0x0000001f
[   47.212783] amdgpu 0000:01:00.0: BC250REG 1 pci config dword0 = 0x13fe1002
[   47.212813] amdgpu 0000:01:00.0: BC250REG 2 pci command/status = 0x00100407
[   47.212839] amdgpu 0000:01:00.0: BC250REG 3 rmmio_size=524288 sched_off=0xecaa grbm_off=0x2004
[   47.212872] amdgpu 0000:01:00.0: BC250REG 4 about to read GRBM_STATUS
[   50.505039] clocksource: Watchdog remote CPU 2 read timed out
