[   24.245442] MARK-path-debugfs-4-1
[   27.819212] amdgpu 0000:01:00.0: GPU reset begin!. Source:  5
[   31.819245] amdgpu 0000:01:00.0: failed to suspend display audio
[   31.844033] amdgpu 0000:01:00.0: MODE1 reset
[   31.844057] amdgpu 0000:01:00.0: GPU mode1 reset
[   31.844137] amdgpu 0000:01:00.0: GPU psp mode1 reset
[   31.844239] amdgpu 0000:01:00.0: GPU reset succeeded, trying to resume
[   31.844274] amdgpu 0000:01:00.0: BC-250: flush_pasid_uses_kiq=0 (param 0)
[   31.844507] amdgpu 0000:01:00.0: [drm] PCIE GART of 512M enabled (table at 0x000000F41FE00000).
[   31.844555] amdgpu 0000:01:00.0: VRAM is lost due to GPU reset!
[   31.844576] amdgpu 0000:01:00.0: PSP is resuming...
[   31.864823] amdgpu 0000:01:00.0: reserve 0x400000 from 0xf41f800000 for PSP TMR
[   31.900775] amdgpu 0000:01:00.0: SMU is resuming...
[   31.900833] amdgpu 0000:01:00.0: SMU is resumed successfully!
[   31.900898] amdgpu 0000:01:00.0: bc250-40cu-enable: mode=3 se=0 sh=0 CC=0xfff80000->0xffe00000 SPI=0x0000001f->0x0000001f
[   31.900941] amdgpu 0000:01:00.0: bc250-40cu-enable: mode=3 se=0 sh=1 CC=0xfff80000->0xffe00000 SPI=0x0000001f->0x0000001f
[   31.900982] amdgpu 0000:01:00.0: bc250-40cu-enable: mode=3 se=1 sh=0 CC=0xfff80000->0xffe00000 SPI=0x0000001f->0x0000001f
[   31.901023] amdgpu 0000:01:00.0: bc250-40cu-enable: mode=3 se=1 sh=1 CC=0xfff80000->0xffe00000 SPI=0x0000001f->0x0000001f
[   31.901186] amdgpu 0000:01:00.0: BC250REG 1 pci config dword0 = 0x13fe1002
[   31.901214] amdgpu 0000:01:00.0: BC250REG 2 pci command/status = 0x00100407
[   31.901252] amdgpu 0000:01:00.0: BC250REG 3 rmmio_size=524288 sched_off=0xecaa grbm_off=0x2004
[   31.901284] amdgpu 0000:01:00.0: BC250REG 4 about to read GRBM_STATUS
[   33.622531] clocksource: Watchdog remote CPU 6 read timed out
