== D=256 rows: 32:512:2:32:64
   c1=32 c2=1 oob=0 vgpr=256  spill=272   scratch=848   occ=4
   c1=32 c2=1 oob=1 vgpr=256  spill=161   scratch=512   occ=4
   c1=8 c2=4 oob=0 vgpr=256  spill=99    scratch=328   occ=4
   c1=4 c2=8 oob=0 vgpr=256  spill=99    scratch=328   occ=4
   c1=16 c2=2 oob=0 vgpr=256  spill=98    scratch=324   occ=4
   c1=8 c2=4 oob=1 vgpr=256  spill=97    scratch=336   occ=4
   c1=4 c2=8 oob=1 vgpr=256  spill=97    scratch=336   occ=4
   c1=16 c2=2 oob=1 vgpr=256  spill=96    scratch=332   occ=4
   c1=2 c2=1 oob=0 vgpr=256  spill=69    scratch=272   occ=4
   c1=4 c2=1 oob=0 vgpr=256  spill=60    scratch=240   occ=4
   c1=8 c2=1 oob=0 vgpr=256  spill=52    scratch=208   occ=4
   c1=16 c2=1 oob=0 vgpr=256  spill=52    scratch=208   occ=4
   c1=8 c2=2 oob=1 vgpr=154  spill=0     scratch=0     occ=6
   c1=8 c2=2 oob=0 vgpr=177  spill=0     scratch=0     occ=5
   c1=8 c2=1 oob=1 vgpr=160  spill=0     scratch=32    occ=6
   c1=4 c2=4 oob=1 vgpr=154  spill=0     scratch=0     occ=6
   c1=4 c2=4 oob=0 vgpr=177  spill=0     scratch=0     occ=5
   c1=4 c2=2 oob=1 vgpr=134  spill=0     scratch=0     occ=7
   c1=4 c2=2 oob=0 vgpr=157  spill=0     scratch=0     occ=6
   c1=4 c2=1 oob=1 vgpr=213  spill=0     scratch=32    occ=4
   c1=2 c2=8 oob=1 vgpr=154  spill=0     scratch=0     occ=6
   c1=2 c2=8 oob=0 vgpr=177  spill=0     scratch=0     occ=5
   c1=2 c2=4 oob=1 vgpr=134  spill=0     scratch=0     occ=7
   c1=2 c2=4 oob=0 vgpr=157  spill=0     scratch=0     occ=6
   c1=2 c2=2 oob=1 vgpr=154  spill=0     scratch=0     occ=6
   c1=2 c2=2 oob=0 vgpr=167  spill=0     scratch=0     occ=6
   c1=2 c2=1 oob=1 vgpr=222  spill=0     scratch=32    occ=4
   c1=16 c2=1 oob=1 vgpr=174  spill=0     scratch=32    occ=5
   c1=1 c2=8 oob=1 vgpr=134  spill=0     scratch=0     occ=7
   c1=1 c2=8 oob=0 vgpr=157  spill=0     scratch=0     occ=6
   c1=1 c2=4 oob=1 vgpr=154  spill=0     scratch=0     occ=6
   c1=1 c2=4 oob=0 vgpr=167  spill=0     scratch=0     occ=6
   c1=1 c2=2 oob=1 vgpr=203  spill=0     scratch=0     occ=4
   c1=1 c2=2 oob=0 vgpr=187  spill=0     scratch=0     occ=5
== D=256 rows: 32:512:2:32:32
   c1=32 c2=1 oob=0 vgpr=256  spill=303   scratch=912   occ=4
   c1=32 c2=1 oob=1 vgpr=256  spill=255   scratch=704   occ=4
   c1=8 c2=4 oob=0 vgpr=256  spill=149   scratch=528   occ=4
   c1=4 c2=8 oob=0 vgpr=256  spill=149   scratch=528   occ=4
   c1=16 c2=2 oob=0 vgpr=256  spill=148   scratch=524   occ=4
   c1=8 c2=4 oob=1 vgpr=256  spill=145   scratch=528   occ=4
   c1=4 c2=8 oob=1 vgpr=256  spill=145   scratch=528   occ=4
   c1=16 c2=2 oob=1 vgpr=256  spill=144   scratch=524   occ=4
   c1=2 c2=1 oob=0 vgpr=256  spill=69    scratch=272   occ=4
   c1=4 c2=1 oob=0 vgpr=256  spill=60    scratch=240   occ=4
   c1=8 c2=1 oob=0 vgpr=256  spill=52    scratch=208   occ=4
   c1=16 c2=1 oob=0 vgpr=256  spill=52    scratch=208   occ=4
   c1=8 c2=2 oob=1 vgpr=154  spill=0     scratch=0     occ=6
   c1=8 c2=2 oob=0 vgpr=177  spill=0     scratch=0     occ=5
   c1=8 c2=1 oob=1 vgpr=160  spill=0     scratch=32    occ=6
   c1=4 c2=4 oob=1 vgpr=154  spill=0     scratch=0     occ=6
   c1=4 c2=4 oob=0 vgpr=177  spill=0     scratch=0     occ=5
   c1=4 c2=2 oob=1 vgpr=134  spill=0     scratch=0     occ=7
   c1=4 c2=2 oob=0 vgpr=157  spill=0     scratch=0     occ=6
   c1=4 c2=1 oob=1 vgpr=213  spill=0     scratch=32    occ=4
   c1=2 c2=8 oob=1 vgpr=154  spill=0     scratch=0     occ=6
   c1=2 c2=8 oob=0 vgpr=177  spill=0     scratch=0     occ=5
   c1=2 c2=4 oob=1 vgpr=134  spill=0     scratch=0     occ=7
   c1=2 c2=4 oob=0 vgpr=157  spill=0     scratch=0     occ=6
   c1=2 c2=2 oob=1 vgpr=154  spill=0     scratch=0     occ=6
   c1=2 c2=2 oob=0 vgpr=167  spill=0     scratch=0     occ=6
   c1=2 c2=1 oob=1 vgpr=222  spill=0     scratch=32    occ=4
   c1=16 c2=1 oob=1 vgpr=174  spill=0     scratch=32    occ=5
   c1=1 c2=8 oob=1 vgpr=134  spill=0     scratch=0     occ=7
   c1=1 c2=8 oob=0 vgpr=157  spill=0     scratch=0     occ=6
   c1=1 c2=4 oob=1 vgpr=154  spill=0     scratch=0     occ=6
   c1=1 c2=4 oob=0 vgpr=167  spill=0     scratch=0     occ=6
   c1=1 c2=2 oob=1 vgpr=203  spill=0     scratch=0     occ=4
   c1=1 c2=2 oob=0 vgpr=187  spill=0     scratch=0     occ=5
== D=256 rows: 32:1024:2:32:64
   COMPILE ERROR: ggml/src/ggml-cuda/template-instances/../fattn-tile.cuh:327:5: error: static assertion failed due to
== D=256 rows: 32:1024:1:32:128
   COMPILE ERROR: ggml/src/ggml-cuda/template-instances/../fattn-tile.cuh:327:5: error: static assertion failed due to
== D=256 rows: 32:256:2:32:64
   c1=32 c2=1 oob=1 vgpr=256  spill=728   scratch=1520  occ=4
   c1=32 c2=1 oob=0 vgpr=256  spill=477   scratch=1840  occ=4
   c1=16 c2=2 oob=1 vgpr=256  spill=366   scratch=1348  occ=4
   c1=4 c2=8 oob=1 vgpr=256  spill=362   scratch=1332  occ=4
   c1=8 c2=4 oob=1 vgpr=256  spill=361   scratch=1328  occ=4
   c1=16 c2=2 oob=0 vgpr=256  spill=225   scratch=896   occ=4
   c1=2 c2=1 oob=0 vgpr=256  spill=69    scratch=272   occ=4
   c1=4 c2=1 oob=0 vgpr=256  spill=60    scratch=240   occ=4
   c1=8 c2=1 oob=0 vgpr=256  spill=52    scratch=208   occ=4
   c1=16 c2=1 oob=0 vgpr=256  spill=52    scratch=208   occ=4
   c1=4 c2=8 oob=0 vgpr=256  spill=5     scratch=24    occ=4
   c1=8 c2=4 oob=0 vgpr=256  spill=4     scratch=20    occ=4
   c1=8 c2=2 oob=1 vgpr=154  spill=0     scratch=0     occ=6
   c1=8 c2=2 oob=0 vgpr=177  spill=0     scratch=0     occ=5
   c1=8 c2=1 oob=1 vgpr=160  spill=0     scratch=32    occ=6
   c1=4 c2=4 oob=1 vgpr=154  spill=0     scratch=0     occ=6
   c1=4 c2=4 oob=0 vgpr=177  spill=0     scratch=0     occ=5
   c1=4 c2=2 oob=1 vgpr=134  spill=0     scratch=0     occ=7
   c1=4 c2=2 oob=0 vgpr=157  spill=0     scratch=0     occ=6
   c1=4 c2=1 oob=1 vgpr=213  spill=0     scratch=32    occ=4
   c1=2 c2=8 oob=1 vgpr=154  spill=0     scratch=0     occ=6
   c1=2 c2=8 oob=0 vgpr=177  spill=0     scratch=0     occ=5
   c1=2 c2=4 oob=1 vgpr=134  spill=0     scratch=0     occ=7
   c1=2 c2=4 oob=0 vgpr=157  spill=0     scratch=0     occ=6
   c1=2 c2=2 oob=1 vgpr=154  spill=0     scratch=0     occ=6
   c1=2 c2=2 oob=0 vgpr=167  spill=0     scratch=0     occ=6
   c1=2 c2=1 oob=1 vgpr=222  spill=0     scratch=32    occ=4
   c1=16 c2=1 oob=1 vgpr=174  spill=0     scratch=32    occ=5
   c1=1 c2=8 oob=1 vgpr=134  spill=0     scratch=0     occ=7
   c1=1 c2=8 oob=0 vgpr=157  spill=0     scratch=0     occ=6
   c1=1 c2=4 oob=1 vgpr=154  spill=0     scratch=0     occ=6
   c1=1 c2=4 oob=0 vgpr=167  spill=0     scratch=0     occ=6
   c1=1 c2=2 oob=1 vgpr=203  spill=0     scratch=0     occ=4
   c1=1 c2=2 oob=0 vgpr=187  spill=0     scratch=0     occ=5
== D=256 rows: 16:512:2:32:64
   c1=32 c2=1 oob=0 vgpr=256  spill=197   scratch=768   occ=4
   c1=32 c2=1 oob=1 vgpr=256  spill=90    scratch=272   occ=4
   c1=2 c2=1 oob=0 vgpr=256  spill=69    scratch=272   occ=4
   c1=8 c2=4 oob=1 vgpr=256  spill=68    scratch=204   occ=4
   c1=4 c2=8 oob=1 vgpr=256  spill=68    scratch=204   occ=4
   c1=16 c2=2 oob=1 vgpr=256  spill=67    scratch=200   occ=4
   c1=4 c2=1 oob=0 vgpr=256  spill=60    scratch=240   occ=4
   c1=16 c2=1 oob=0 vgpr=256  spill=53    scratch=208   occ=4
   c1=8 c2=4 oob=0 vgpr=256  spill=52    scratch=212   occ=4
   c1=8 c2=1 oob=0 vgpr=256  spill=52    scratch=208   occ=4
   c1=4 c2=8 oob=0 vgpr=256  spill=52    scratch=212   occ=4
   c1=16 c2=2 oob=0 vgpr=256  spill=51    scratch=208   occ=4
   c1=8 c2=2 oob=1 vgpr=233  spill=0     scratch=0     occ=4
   c1=8 c2=2 oob=0 vgpr=233  spill=0     scratch=0     occ=4
   c1=8 c2=1 oob=1 vgpr=160  spill=0     scratch=32    occ=6
   c1=4 c2=4 oob=1 vgpr=233  spill=0     scratch=0     occ=4
   c1=4 c2=4 oob=0 vgpr=233  spill=0     scratch=0     occ=4
   c1=4 c2=2 oob=1 vgpr=134  spill=0     scratch=0     occ=7
   c1=4 c2=2 oob=0 vgpr=157  spill=0     scratch=0     occ=6
   c1=4 c2=1 oob=1 vgpr=213  spill=0     scratch=32    occ=4
   c1=2 c2=8 oob=1 vgpr=233  spill=0     scratch=0     occ=4
   c1=2 c2=8 oob=0 vgpr=233  spill=0     scratch=0     occ=4
   c1=2 c2=4 oob=1 vgpr=134  spill=0     scratch=0     occ=7
   c1=2 c2=4 oob=0 vgpr=157  spill=0     scratch=0     occ=6
   c1=2 c2=2 oob=1 vgpr=154  spill=0     scratch=0     occ=6
   c1=2 c2=2 oob=0 vgpr=167  spill=0     scratch=0     occ=6
   c1=2 c2=1 oob=1 vgpr=222  spill=0     scratch=32    occ=4
   c1=16 c2=1 oob=1 vgpr=234  spill=0     scratch=32    occ=4
   c1=1 c2=8 oob=1 vgpr=134  spill=0     scratch=0     occ=7
   c1=1 c2=8 oob=0 vgpr=157  spill=0     scratch=0     occ=6
   c1=1 c2=4 oob=1 vgpr=154  spill=0     scratch=0     occ=6
   c1=1 c2=4 oob=0 vgpr=167  spill=0     scratch=0     occ=6
   c1=1 c2=2 oob=1 vgpr=203  spill=0     scratch=0     occ=4
   c1=1 c2=2 oob=0 vgpr=187  spill=0     scratch=0     occ=5
== D=256 rows: 16:512:2:32:32
   c1=32 c2=1 oob=0 vgpr=256  spill=197   scratch=768   occ=4
   c1=32 c2=1 oob=1 vgpr=256  spill=90    scratch=272   occ=4
   c1=2 c2=1 oob=0 vgpr=256  spill=69    scratch=272   occ=4
   c1=8 c2=4 oob=1 vgpr=256  spill=68    scratch=204   occ=4
   c1=4 c2=8 oob=1 vgpr=256  spill=68    scratch=204   occ=4
   c1=16 c2=2 oob=1 vgpr=256  spill=67    scratch=200   occ=4
   c1=4 c2=1 oob=0 vgpr=256  spill=60    scratch=240   occ=4
   c1=16 c2=1 oob=0 vgpr=256  spill=53    scratch=208   occ=4
   c1=8 c2=4 oob=0 vgpr=256  spill=52    scratch=212   occ=4
   c1=8 c2=1 oob=0 vgpr=256  spill=52    scratch=208   occ=4
   c1=4 c2=8 oob=0 vgpr=256  spill=52    scratch=212   occ=4
   c1=16 c2=2 oob=0 vgpr=256  spill=51    scratch=208   occ=4
   c1=8 c2=2 oob=1 vgpr=256  spill=13    scratch=36    occ=4
   c1=8 c2=2 oob=0 vgpr=256  spill=13    scratch=36    occ=4
   c1=4 c2=4 oob=1 vgpr=256  spill=13    scratch=36    occ=4
   c1=4 c2=4 oob=0 vgpr=256  spill=13    scratch=36    occ=4
   c1=2 c2=8 oob=1 vgpr=256  spill=13    scratch=36    occ=4
   c1=2 c2=8 oob=0 vgpr=256  spill=13    scratch=36    occ=4
   c1=16 c2=1 oob=1 vgpr=256  spill=12    scratch=80    occ=4
   c1=8 c2=1 oob=1 vgpr=160  spill=0     scratch=32    occ=6
   c1=4 c2=2 oob=1 vgpr=134  spill=0     scratch=0     occ=7
   c1=4 c2=2 oob=0 vgpr=157  spill=0     scratch=0     occ=6
   c1=4 c2=1 oob=1 vgpr=213  spill=0     scratch=32    occ=4
   c1=2 c2=4 oob=1 vgpr=134  spill=0     scratch=0     occ=7
   c1=2 c2=4 oob=0 vgpr=157  spill=0     scratch=0     occ=6
   c1=2 c2=2 oob=1 vgpr=154  spill=0     scratch=0     occ=6
   c1=2 c2=2 oob=0 vgpr=167  spill=0     scratch=0     occ=6
   c1=2 c2=1 oob=1 vgpr=222  spill=0     scratch=32    occ=4
   c1=1 c2=8 oob=1 vgpr=134  spill=0     scratch=0     occ=7
   c1=1 c2=8 oob=0 vgpr=157  spill=0     scratch=0     occ=6
   c1=1 c2=4 oob=1 vgpr=154  spill=0     scratch=0     occ=6
   c1=1 c2=4 oob=0 vgpr=167  spill=0     scratch=0     occ=6
   c1=1 c2=2 oob=1 vgpr=203  spill=0     scratch=0     occ=4
   c1=1 c2=2 oob=0 vgpr=187  spill=0     scratch=0     occ=5
== D=256 rows: 16:1024:2:32:64
   COMPILE ERROR: ggml/src/ggml-cuda/template-instances/../fattn-tile.cuh:328:5: error: static assertion failed due to
== D=256 rows: 16:256:3:32:64
   c1=32 c2=1 oob=0 vgpr=256  spill=197   scratch=768   occ=4
   c1=16 c2=1 oob=0 vgpr=256  spill=196   scratch=752   occ=4
   c1=32 c2=1 oob=1 vgpr=256  spill=90    scratch=272   occ=4
   c1=16 c2=1 oob=1 vgpr=256  spill=89    scratch=272   occ=4
   c1=2 c2=1 oob=0 vgpr=256  spill=69    scratch=272   occ=4
   c1=8 c2=4 oob=1 vgpr=256  spill=68    scratch=204   occ=4
   c1=4 c2=8 oob=1 vgpr=256  spill=68    scratch=204   occ=4
   c1=4 c2=4 oob=1 vgpr=256  spill=68    scratch=204   occ=4
   c1=2 c2=8 oob=1 vgpr=256  spill=68    scratch=204   occ=4
   c1=8 c2=2 oob=1 vgpr=256  spill=67    scratch=200   occ=4
   c1=16 c2=2 oob=1 vgpr=256  spill=67    scratch=200   occ=4
   c1=4 c2=1 oob=0 vgpr=256  spill=60    scratch=240   occ=4
   c1=8 c2=4 oob=0 vgpr=256  spill=52    scratch=212   occ=4
   c1=8 c2=1 oob=0 vgpr=256  spill=52    scratch=208   occ=4
   c1=4 c2=8 oob=0 vgpr=256  spill=52    scratch=212   occ=4
   c1=4 c2=4 oob=0 vgpr=256  spill=51    scratch=208   occ=4
   c1=2 c2=8 oob=0 vgpr=256  spill=51    scratch=208   occ=4
   c1=16 c2=2 oob=0 vgpr=256  spill=51    scratch=208   occ=4
   c1=8 c2=2 oob=0 vgpr=256  spill=50    scratch=204   occ=4
   c1=8 c2=1 oob=1 vgpr=160  spill=0     scratch=32    occ=6
   c1=4 c2=2 oob=1 vgpr=134  spill=0     scratch=0     occ=7
   c1=4 c2=2 oob=0 vgpr=157  spill=0     scratch=0     occ=6
   c1=4 c2=1 oob=1 vgpr=213  spill=0     scratch=32    occ=4
   c1=2 c2=4 oob=1 vgpr=134  spill=0     scratch=0     occ=7
   c1=2 c2=4 oob=0 vgpr=157  spill=0     scratch=0     occ=6
   c1=2 c2=2 oob=1 vgpr=154  spill=0     scratch=0     occ=6
   c1=2 c2=2 oob=0 vgpr=167  spill=0     scratch=0     occ=6
   c1=2 c2=1 oob=1 vgpr=222  spill=0     scratch=32    occ=4
   c1=1 c2=8 oob=1 vgpr=134  spill=0     scratch=0     occ=7
   c1=1 c2=8 oob=0 vgpr=157  spill=0     scratch=0     occ=6
   c1=1 c2=4 oob=1 vgpr=154  spill=0     scratch=0     occ=6
   c1=1 c2=4 oob=0 vgpr=167  spill=0     scratch=0     occ=6
   c1=1 c2=2 oob=1 vgpr=203  spill=0     scratch=0     occ=4
   c1=1 c2=2 oob=0 vgpr=187  spill=0     scratch=0     occ=5
== D=256 rows: 16:256:2:32:32
   c1=16 c2=1 oob=0 vgpr=256  spill=303   scratch=912   occ=4
   c1=16 c2=1 oob=1 vgpr=256  spill=255   scratch=704   occ=4
   c1=32 c2=1 oob=0 vgpr=256  spill=197   scratch=768   occ=4
   c1=4 c2=4 oob=0 vgpr=256  spill=149   scratch=536   occ=4
   c1=2 c2=8 oob=0 vgpr=256  spill=149   scratch=536   occ=4
   c1=8 c2=2 oob=0 vgpr=256  spill=148   scratch=532   occ=4
   c1=4 c2=4 oob=1 vgpr=256  spill=145   scratch=528   occ=4
   c1=2 c2=8 oob=1 vgpr=256  spill=145   scratch=528   occ=4
   c1=8 c2=2 oob=1 vgpr=256  spill=144   scratch=524   occ=4
   c1=32 c2=1 oob=1 vgpr=256  spill=90    scratch=272   occ=4
   c1=2 c2=1 oob=0 vgpr=256  spill=69    scratch=272   occ=4
   c1=8 c2=4 oob=1 vgpr=256  spill=68    scratch=204   occ=4
   c1=4 c2=8 oob=1 vgpr=256  spill=68    scratch=204   occ=4
   c1=16 c2=2 oob=1 vgpr=256  spill=67    scratch=200   occ=4
   c1=4 c2=1 oob=0 vgpr=256  spill=60    scratch=240   occ=4
   c1=8 c2=4 oob=0 vgpr=256  spill=52    scratch=212   occ=4
   c1=8 c2=1 oob=0 vgpr=256  spill=52    scratch=208   occ=4
   c1=4 c2=8 oob=0 vgpr=256  spill=52    scratch=212   occ=4
   c1=16 c2=2 oob=0 vgpr=256  spill=51    scratch=208   occ=4
   c1=8 c2=1 oob=1 vgpr=160  spill=0     scratch=32    occ=6
   c1=4 c2=2 oob=1 vgpr=134  spill=0     scratch=0     occ=7
   c1=4 c2=2 oob=0 vgpr=157  spill=0     scratch=0     occ=6
   c1=4 c2=1 oob=1 vgpr=213  spill=0     scratch=32    occ=4
   c1=2 c2=4 oob=1 vgpr=134  spill=0     scratch=0     occ=7
   c1=2 c2=4 oob=0 vgpr=157  spill=0     scratch=0     occ=6
   c1=2 c2=2 oob=1 vgpr=154  spill=0     scratch=0     occ=6
   c1=2 c2=2 oob=0 vgpr=167  spill=0     scratch=0     occ=6
   c1=2 c2=1 oob=1 vgpr=222  spill=0     scratch=32    occ=4
   c1=1 c2=8 oob=1 vgpr=134  spill=0     scratch=0     occ=7
   c1=1 c2=8 oob=0 vgpr=157  spill=0     scratch=0     occ=6
   c1=1 c2=4 oob=1 vgpr=154  spill=0     scratch=0     occ=6
   c1=1 c2=4 oob=0 vgpr=167  spill=0     scratch=0     occ=6
   c1=1 c2=2 oob=1 vgpr=203  spill=0     scratch=0     occ=4
   c1=1 c2=2 oob=0 vgpr=187  spill=0     scratch=0     occ=5
restored
SWEEP DONE
