== D=128 rows: 4:128:4:32:64
   c1=64 c2=1 oob=0 vgpr=256  spill=135   scratch=528   occ=4
   c1=64 c2=1 oob=1 vgpr=256  spill=113   scratch=336   occ=4
   c1=32 c2=2 oob=1 vgpr=256  spill=79    scratch=232   occ=4
   c1=8 c2=8 oob=1 vgpr=256  spill=77    scratch=224   occ=4
   c1=16 c2=4 oob=1 vgpr=256  spill=76    scratch=220   occ=4
   c1=2 c2=1 oob=0 vgpr=128  spill=65    scratch=272   occ=8
   c1=8 c2=8 oob=0 vgpr=96   spill=0     scratch=0     occ=10
   c1=8 c2=4 oob=1 vgpr=171  spill=0     scratch=0     occ=5
   c1=8 c2=4 oob=0 vgpr=139  spill=0     scratch=0     occ=7
   c1=8 c2=2 oob=1 vgpr=103  spill=0     scratch=0     occ=9
   c1=8 c2=2 oob=0 vgpr=103  spill=0     scratch=0     occ=9
   c1=8 c2=1 oob=1 vgpr=104  spill=0     scratch=32    occ=9
   c1=8 c2=1 oob=0 vgpr=166  spill=0     scratch=32    occ=6
   c1=4 c2=8 oob=1 vgpr=171  spill=0     scratch=0     occ=5
   c1=4 c2=8 oob=0 vgpr=139  spill=0     scratch=0     occ=7
   c1=4 c2=4 oob=1 vgpr=103  spill=0     scratch=0     occ=9
   c1=4 c2=4 oob=0 vgpr=103  spill=0     scratch=0     occ=9
   c1=4 c2=2 oob=1 vgpr=102  spill=0     scratch=0     occ=9
   c1=4 c2=2 oob=0 vgpr=103  spill=0     scratch=0     occ=9
   c1=4 c2=1 oob=1 vgpr=120  spill=0     scratch=32    occ=8
   c1=4 c2=1 oob=0 vgpr=173  spill=0     scratch=32    occ=5
   c1=32 c2=2 oob=0 vgpr=101  spill=0     scratch=0     occ=9
   c1=32 c2=1 oob=1 vgpr=175  spill=0     scratch=32    occ=5
   c1=32 c2=1 oob=0 vgpr=237  spill=0     scratch=32    occ=4
   c1=2 c2=8 oob=1 vgpr=103  spill=0     scratch=0     occ=9
   c1=2 c2=8 oob=0 vgpr=103  spill=0     scratch=0     occ=9
   c1=2 c2=4 oob=1 vgpr=102  spill=0     scratch=0     occ=9
   c1=2 c2=4 oob=0 vgpr=103  spill=0     scratch=0     occ=9
   c1=2 c2=2 oob=1 vgpr=118  spill=0     scratch=0     occ=8
   c1=2 c2=2 oob=0 vgpr=121  spill=0     scratch=0     occ=8
   c1=2 c2=1 oob=1 vgpr=127  spill=0     scratch=32    occ=8
   c1=16 c2=4 oob=0 vgpr=95   spill=0     scratch=0     occ=10
   c1=16 c2=2 oob=1 vgpr=170  spill=0     scratch=0     occ=5
   c1=16 c2=2 oob=0 vgpr=138  spill=0     scratch=0     occ=7
   c1=16 c2=1 oob=1 vgpr=103  spill=0     scratch=32    occ=9
   c1=16 c2=1 oob=0 vgpr=163  spill=0     scratch=32    occ=6
   c1=1 c2=8 oob=1 vgpr=102  spill=0     scratch=0     occ=9
   c1=1 c2=8 oob=0 vgpr=103  spill=0     scratch=0     occ=9
   c1=1 c2=4 oob=1 vgpr=118  spill=0     scratch=0     occ=8
   c1=1 c2=4 oob=0 vgpr=121  spill=0     scratch=0     occ=8
   c1=1 c2=2 oob=1 vgpr=125  spill=0     scratch=0     occ=8
   c1=1 c2=2 oob=0 vgpr=125  spill=0     scratch=0     occ=8
== D=128 rows: 4:256:4:32:64
   COMPILE ERROR: ggml/src/ggml-cuda/template-instances/../fattn-tile.cuh:905:19: error: static assertion failed due t
== D=128 rows: 4:128:3:32:32
   c1=64 c2=1 oob=0 vgpr=256  spill=135   scratch=528   occ=4
   c1=64 c2=1 oob=1 vgpr=256  spill=113   scratch=336   occ=4
   c1=32 c2=2 oob=1 vgpr=256  spill=79    scratch=232   occ=4
   c1=8 c2=8 oob=1 vgpr=256  spill=77    scratch=224   occ=4
   c1=16 c2=4 oob=1 vgpr=256  spill=76    scratch=220   occ=4
   c1=2 c2=1 oob=0 vgpr=128  spill=65    scratch=272   occ=8
   c1=8 c2=8 oob=0 vgpr=96   spill=0     scratch=0     occ=10
   c1=8 c2=4 oob=1 vgpr=171  spill=0     scratch=0     occ=5
   c1=8 c2=4 oob=0 vgpr=139  spill=0     scratch=0     occ=7
   c1=8 c2=2 oob=1 vgpr=103  spill=0     scratch=0     occ=9
   c1=8 c2=2 oob=0 vgpr=103  spill=0     scratch=0     occ=9
   c1=8 c2=1 oob=1 vgpr=104  spill=0     scratch=32    occ=9
   c1=8 c2=1 oob=0 vgpr=166  spill=0     scratch=32    occ=6
   c1=4 c2=8 oob=1 vgpr=171  spill=0     scratch=0     occ=5
   c1=4 c2=8 oob=0 vgpr=139  spill=0     scratch=0     occ=7
   c1=4 c2=4 oob=1 vgpr=103  spill=0     scratch=0     occ=9
   c1=4 c2=4 oob=0 vgpr=103  spill=0     scratch=0     occ=9
   c1=4 c2=2 oob=1 vgpr=102  spill=0     scratch=0     occ=9
   c1=4 c2=2 oob=0 vgpr=103  spill=0     scratch=0     occ=9
   c1=4 c2=1 oob=1 vgpr=136  spill=0     scratch=32    occ=7
   c1=4 c2=1 oob=0 vgpr=165  spill=0     scratch=32    occ=6
   c1=32 c2=2 oob=0 vgpr=101  spill=0     scratch=0     occ=9
   c1=32 c2=1 oob=1 vgpr=175  spill=0     scratch=32    occ=5
   c1=32 c2=1 oob=0 vgpr=237  spill=0     scratch=32    occ=4
   c1=2 c2=8 oob=1 vgpr=103  spill=0     scratch=0     occ=9
   c1=2 c2=8 oob=0 vgpr=103  spill=0     scratch=0     occ=9
   c1=2 c2=4 oob=1 vgpr=102  spill=0     scratch=0     occ=9
   c1=2 c2=4 oob=0 vgpr=103  spill=0     scratch=0     occ=9
   c1=2 c2=2 oob=1 vgpr=120  spill=0     scratch=0     occ=8
   c1=2 c2=2 oob=0 vgpr=120  spill=0     scratch=0     occ=8
   c1=2 c2=1 oob=1 vgpr=127  spill=0     scratch=32    occ=8
   c1=16 c2=4 oob=0 vgpr=95   spill=0     scratch=0     occ=10
   c1=16 c2=2 oob=1 vgpr=170  spill=0     scratch=0     occ=5
   c1=16 c2=2 oob=0 vgpr=138  spill=0     scratch=0     occ=7
   c1=16 c2=1 oob=1 vgpr=103  spill=0     scratch=32    occ=9
   c1=16 c2=1 oob=0 vgpr=163  spill=0     scratch=32    occ=6
   c1=1 c2=8 oob=1 vgpr=102  spill=0     scratch=0     occ=9
   c1=1 c2=8 oob=0 vgpr=103  spill=0     scratch=0     occ=9
   c1=1 c2=4 oob=1 vgpr=120  spill=0     scratch=0     occ=8
   c1=1 c2=4 oob=0 vgpr=120  spill=0     scratch=0     occ=8
   c1=1 c2=2 oob=1 vgpr=125  spill=0     scratch=0     occ=8
   c1=1 c2=2 oob=0 vgpr=125  spill=0     scratch=0     occ=8
== D=128 rows: 4:256:2:32:64
   COMPILE ERROR: ggml/src/ggml-cuda/template-instances/../fattn-tile.cuh:905:19: error: static assertion failed due t
== D=128 rows: 4:64:4:32:64
   c1=64 c2=1 oob=0 vgpr=256  spill=135   scratch=528   occ=4
   c1=64 c2=1 oob=1 vgpr=256  spill=113   scratch=336   occ=4
   c1=32 c2=2 oob=1 vgpr=256  spill=79    scratch=232   occ=4
   c1=8 c2=8 oob=1 vgpr=256  spill=77    scratch=224   occ=4
   c1=16 c2=4 oob=1 vgpr=256  spill=76    scratch=220   occ=4
   c1=2 c2=1 oob=0 vgpr=128  spill=65    scratch=272   occ=8
   c1=8 c2=8 oob=0 vgpr=96   spill=0     scratch=0     occ=10
   c1=8 c2=4 oob=1 vgpr=171  spill=0     scratch=0     occ=5
   c1=8 c2=4 oob=0 vgpr=139  spill=0     scratch=0     occ=7
   c1=8 c2=2 oob=1 vgpr=103  spill=0     scratch=0     occ=9
   c1=8 c2=2 oob=0 vgpr=103  spill=0     scratch=0     occ=9
   c1=8 c2=1 oob=1 vgpr=104  spill=0     scratch=32    occ=9
   c1=8 c2=1 oob=0 vgpr=166  spill=0     scratch=32    occ=6
   c1=4 c2=8 oob=1 vgpr=171  spill=0     scratch=0     occ=5
   c1=4 c2=8 oob=0 vgpr=139  spill=0     scratch=0     occ=7
   c1=4 c2=4 oob=1 vgpr=103  spill=0     scratch=0     occ=9
   c1=4 c2=4 oob=0 vgpr=103  spill=0     scratch=0     occ=9
   c1=4 c2=2 oob=1 vgpr=102  spill=0     scratch=0     occ=9
   c1=4 c2=2 oob=0 vgpr=103  spill=0     scratch=0     occ=9
   c1=4 c2=1 oob=1 vgpr=202  spill=0     scratch=32    occ=4
   c1=4 c2=1 oob=0 vgpr=256  spill=0     scratch=32    occ=4
   c1=32 c2=2 oob=0 vgpr=101  spill=0     scratch=0     occ=9
   c1=32 c2=1 oob=1 vgpr=175  spill=0     scratch=32    occ=5
   c1=32 c2=1 oob=0 vgpr=237  spill=0     scratch=32    occ=4
   c1=2 c2=8 oob=1 vgpr=103  spill=0     scratch=0     occ=9
   c1=2 c2=8 oob=0 vgpr=103  spill=0     scratch=0     occ=9
   c1=2 c2=4 oob=1 vgpr=102  spill=0     scratch=0     occ=9
   c1=2 c2=4 oob=0 vgpr=103  spill=0     scratch=0     occ=9
   c1=2 c2=2 oob=1 vgpr=190  spill=0     scratch=0     occ=5
   c1=2 c2=2 oob=0 vgpr=205  spill=0     scratch=0     occ=4
   c1=2 c2=1 oob=1 vgpr=127  spill=0     scratch=32    occ=8
   c1=16 c2=4 oob=0 vgpr=95   spill=0     scratch=0     occ=10
   c1=16 c2=2 oob=1 vgpr=170  spill=0     scratch=0     occ=5
   c1=16 c2=2 oob=0 vgpr=138  spill=0     scratch=0     occ=7
   c1=16 c2=1 oob=1 vgpr=103  spill=0     scratch=32    occ=9
   c1=16 c2=1 oob=0 vgpr=163  spill=0     scratch=32    occ=6
   c1=1 c2=8 oob=1 vgpr=102  spill=0     scratch=0     occ=9
   c1=1 c2=8 oob=0 vgpr=103  spill=0     scratch=0     occ=9
   c1=1 c2=4 oob=1 vgpr=191  spill=0     scratch=0     occ=5
   c1=1 c2=4 oob=0 vgpr=206  spill=0     scratch=0     occ=4
   c1=1 c2=2 oob=1 vgpr=125  spill=0     scratch=0     occ=8
   c1=1 c2=2 oob=0 vgpr=125  spill=0     scratch=0     occ=8
== D=128 rows: 4:128:2:32:128
   c1=64 c2=1 oob=0 vgpr=256  spill=135   scratch=528   occ=4
   c1=64 c2=1 oob=1 vgpr=256  spill=113   scratch=336   occ=4
   c1=32 c2=2 oob=1 vgpr=256  spill=79    scratch=232   occ=4
   c1=8 c2=8 oob=1 vgpr=256  spill=77    scratch=224   occ=4
   c1=16 c2=4 oob=1 vgpr=256  spill=76    scratch=220   occ=4
   c1=2 c2=1 oob=0 vgpr=128  spill=65    scratch=272   occ=8
   c1=8 c2=8 oob=0 vgpr=96   spill=0     scratch=0     occ=10
   c1=8 c2=4 oob=1 vgpr=171  spill=0     scratch=0     occ=5
   c1=8 c2=4 oob=0 vgpr=139  spill=0     scratch=0     occ=7
   c1=8 c2=2 oob=1 vgpr=103  spill=0     scratch=0     occ=9
   c1=8 c2=2 oob=0 vgpr=103  spill=0     scratch=0     occ=9
   c1=8 c2=1 oob=1 vgpr=104  spill=0     scratch=32    occ=9
   c1=8 c2=1 oob=0 vgpr=166  spill=0     scratch=32    occ=6
   c1=4 c2=8 oob=1 vgpr=171  spill=0     scratch=0     occ=5
   c1=4 c2=8 oob=0 vgpr=139  spill=0     scratch=0     occ=7
   c1=4 c2=4 oob=1 vgpr=103  spill=0     scratch=0     occ=9
   c1=4 c2=4 oob=0 vgpr=103  spill=0     scratch=0     occ=9
   c1=4 c2=2 oob=1 vgpr=102  spill=0     scratch=0     occ=9
   c1=4 c2=2 oob=0 vgpr=103  spill=0     scratch=0     occ=9
   c1=4 c2=1 oob=1 vgpr=156  spill=0     scratch=32    occ=6
   c1=4 c2=1 oob=0 vgpr=185  spill=0     scratch=32    occ=5
   c1=32 c2=2 oob=0 vgpr=101  spill=0     scratch=0     occ=9
   c1=32 c2=1 oob=1 vgpr=175  spill=0     scratch=32    occ=5
   c1=32 c2=1 oob=0 vgpr=237  spill=0     scratch=32    occ=4
   c1=2 c2=8 oob=1 vgpr=103  spill=0     scratch=0     occ=9
   c1=2 c2=8 oob=0 vgpr=103  spill=0     scratch=0     occ=9
   c1=2 c2=4 oob=1 vgpr=102  spill=0     scratch=0     occ=9
   c1=2 c2=4 oob=0 vgpr=103  spill=0     scratch=0     occ=9
   c1=2 c2=2 oob=1 vgpr=159  spill=0     scratch=0     occ=6
   c1=2 c2=2 oob=0 vgpr=162  spill=0     scratch=0     occ=6
   c1=2 c2=1 oob=1 vgpr=127  spill=0     scratch=32    occ=8
   c1=16 c2=4 oob=0 vgpr=95   spill=0     scratch=0     occ=10
   c1=16 c2=2 oob=1 vgpr=170  spill=0     scratch=0     occ=5
   c1=16 c2=2 oob=0 vgpr=138  spill=0     scratch=0     occ=7
   c1=16 c2=1 oob=1 vgpr=103  spill=0     scratch=32    occ=9
   c1=16 c2=1 oob=0 vgpr=163  spill=0     scratch=32    occ=6
   c1=1 c2=8 oob=1 vgpr=102  spill=0     scratch=0     occ=9
   c1=1 c2=8 oob=0 vgpr=103  spill=0     scratch=0     occ=9
   c1=1 c2=4 oob=1 vgpr=159  spill=0     scratch=0     occ=6
   c1=1 c2=4 oob=0 vgpr=162  spill=0     scratch=0     occ=6
   c1=1 c2=2 oob=1 vgpr=125  spill=0     scratch=0     occ=8
   c1=1 c2=2 oob=0 vgpr=125  spill=0     scratch=0     occ=8
restored
