[    0.104300] RDSEED is not reliable on this platform; disabling.
[    0.001379] RDSEED is not reliable on this platform; disabling.
[    0.001379] RDSEED is not reliable on this platform; disabling.
[    0.001379] RDSEED is not reliable on this platform; disabling.
[    0.001379] RDSEED is not reliable on this platform; disabling.
[    0.001379] RDSEED is not reliable on this platform; disabling.
[    0.001379] RDSEED is not reliable on this platform; disabling.
[    0.001379] RDSEED is not reliable on this platform; disabling.
[    0.001379] RDSEED is not reliable on this platform; disabling.
[    0.001379] RDSEED is not reliable on this platform; disabling.
[    0.001379] RDSEED is not reliable on this platform; disabling.
[    0.001379] RDSEED is not reliable on this platform; disabling.
[   55.124473] netconsole armed
[   55.374806] MARK-dump-start
[   55.525487] amdgpu 0000:01:00.0: BC250TLB vmid=1 ptb=0x0 pd=0x46ffd6001 first_kfd=8
[   55.525505] amdgpu 0000:01:00.0: BC250TLB vmid=2 ptb=0x0 pd=0x46ffd6001 first_kfd=8
[   55.525509] amdgpu 0000:01:00.0: BC250TLB vmid=3 ptb=0x0 pd=0x46ffd6001 first_kfd=8
[   55.525513] amdgpu 0000:01:00.0: BC250TLB vmid=4 ptb=0x0 pd=0x46ffd6001 first_kfd=8
[   55.525516] amdgpu 0000:01:00.0: BC250TLB vmid=5 ptb=0x0 pd=0x46ffd6001 first_kfd=8
[   55.525520] amdgpu 0000:01:00.0: BC250TLB vmid=6 ptb=0x0 pd=0x46ffd6001 first_kfd=8
[   55.525525] amdgpu 0000:01:00.0: BC250TLB vmid=7 ptb=0x0 pd=0x46ffd6001 first_kfd=8
[   55.525533] amdgpu 0000:01:00.0: BC250TLB vmid=8 ptb=0x0 pd=0x46ffd6001 first_kfd=8
[   55.525538] amdgpu 0000:01:00.0: BC250TLB vmid=9 ptb=0x0 pd=0x46ffd6001 first_kfd=8
[   55.525546] amdgpu 0000:01:00.0: BC250TLB vmid=10 ptb=0x0 pd=0x46ffd6001 first_kfd=8
[   55.525553] amdgpu 0000:01:00.0: BC250TLB vmid=11 ptb=0x0 pd=0x46ffd6001 first_kfd=8
[   55.525560] amdgpu 0000:01:00.0: BC250TLB vmid=12 ptb=0x0 pd=0x46ffd6001 first_kfd=8
[   55.525567] amdgpu 0000:01:00.0: BC250TLB vmid=13 ptb=0x0 pd=0x46ffd6001 first_kfd=8
[   55.525572] amdgpu 0000:01:00.0: BC250TLB vmid=14 ptb=0x0 pd=0x46ffd6001 first_kfd=8
[   55.525578] amdgpu 0000:01:00.0: BC250TLB vmid=15 ptb=0x0 pd=0x46ffd6001 first_kfd=8
[   55.525605] amdgpu 0000:01:00.0: BC250TLB vmid=1 ptb=0x0 pd=0x46ffd6001 first_kfd=8
[   55.525610] amdgpu 0000:01:00.0: BC250TLB vmid=2 ptb=0x0 pd=0x46ffd6001 first_kfd=8
[   55.525615] amdgpu 0000:01:00.0: BC250TLB vmid=3 ptb=0x0 pd=0x46ffd6001 first_kfd=8
[   55.525621] amdgpu 0000:01:00.0: BC250TLB vmid=4 ptb=0x0 pd=0x46ffd6001 first_kfd=8
[   55.525627] amdgpu 0000:01:00.0: BC250TLB vmid=5 ptb=0x0 pd=0x46ffd6001 first_kfd=8
[   55.525633] amdgpu 0000:01:00.0: BC250TLB vmid=6 ptb=0x0 pd=0x46ffd6001 first_kfd=8
[   55.525639] amdgpu 0000:01:00.0: BC250TLB vmid=7 ptb=0x0 pd=0x46ffd6001 first_kfd=8
[   55.525646] amdgpu 0000:01:00.0: BC250TLB vmid=8 ptb=0x0 pd=0x46ffd6001 first_kfd=8
[   55.525652] amdgpu 0000:01:00.0: BC250TLB vmid=9 ptb=0x0 pd=0x46ffd6001 first_kfd=8
[   55.525659] amdgpu 0000:01:00.0: BC250TLB vmid=10 ptb=0x0 pd=0x46ffd6001 first_kfd=8
[   55.525666] amdgpu 0000:01:00.0: BC250TLB vmid=11 ptb=0x0 pd=0x46ffd6001 first_kfd=8
[   55.525672] amdgpu 0000:01:00.0: BC250TLB vmid=12 ptb=0x0 pd=0x46ffd6001 first_kfd=8
[   55.525678] amdgpu 0000:01:00.0: BC250TLB vmid=13 ptb=0x0 pd=0x46ffd6001 first_kfd=8
[   55.525683] amdgpu 0000:01:00.0: BC250TLB vmid=14 ptb=0x0 pd=0x46ffd6001 first_kfd=8
[   55.525690] amdgpu 0000:01:00.0: BC250TLB vmid=15 ptb=0x0 pd=0x46ffd6001 first_kfd=8
[   55.528657] amdgpu 0000:01:00.0: BC250TLB vmid=1 ptb=0x0 pd=0x46ffd6001 first_kfd=8
[   55.528668] amdgpu 0000:01:00.0: BC250TLB vmid=2 ptb=0x0 pd=0x46ffd6001 first_kfd=8
[   55.528674] amdgpu 0000:01:00.0: BC250TLB vmid=3 ptb=0x0 pd=0x46ffd6001 first_kfd=8
[   55.528680] amdgpu 0000:01:00.0: BC250TLB vmid=4 ptb=0x0 pd=0x46ffd6001 first_kfd=8
[   55.528686] amdgpu 0000:01:00.0: BC250TLB vmid=5 ptb=0x0 pd=0x46ffd6001 first_kfd=8
[   55.528692] amdgpu 0000:01:00.0: BC250TLB vmid=6 ptb=0x0 pd=0x46ffd6001 first_kfd=8
[   55.528699] amdgpu 0000:01:00.0: BC250TLB vmid=7 ptb=0x0 pd=0x46ffd6001 first_kfd=8
[   55.528705] amdgpu 0000:01:00.0: BC250TLB vmid=8 ptb=0x0 pd=0x46ffd6001 first_kfd=8
[   55.528711] amdgpu 0000:01:00.0: BC250TLB vmid=9 ptb=0x0 pd=0x46ffd6001 first_kfd=8
[   55.528717] amdgpu 0000:01:00.0: BC250TLB vmid=10 ptb=0x0 pd=0x46ffd6001 first_kfd=8
[   55.528724] amdgpu 0000:01:00.0: BC250TLB vmid=11 ptb=0x0 pd=0x46ffd6001 first_kfd=8
[   55.528730] amdgpu 0000:01:00.0: BC250TLB vmid=12 ptb=0x0 pd=0x46ffd6001 first_kfd=8
[   55.528736] amdgpu 0000:01:00.0: BC250TLB vmid=13 ptb=0x0 pd=0x46ffd6001 first_kfd=8
[   55.528742] amdgpu 0000:01:00.0: BC250TLB vmid=14 ptb=0x0 pd=0x46ffd6001 first_kfd=8
[   55.528748] amdgpu 0000:01:00.0: BC250TLB vmid=15 ptb=0x0 pd=0x46ffd6001 first_kfd=8
[   55.529006] amdgpu 0000:01:00.0: BC250TLB vmid=1 ptb=0x0 pd=0x46ffd6001 first_kfd=8
[   55.529014] amdgpu 0000:01:00.0: BC250TLB vmid=2 ptb=0x0 pd=0x46ffd6001 first_kfd=8
[   55.529021] amdgpu 0000:01:00.0: BC250TLB vmid=3 ptb=0x0 pd=0x46ffd6001 first_kfd=8
[   55.529027] amdgpu 0000:01:00.0: BC250TLB vmid=4 ptb=0x0 pd=0x46ffd6001 first_kfd=8
[   55.529033] amdgpu 0000:01:00.0: BC250TLB vmid=5 ptb=0x0 pd=0x46ffd6001 first_kfd=8
[   55.529039] amdgpu 0000:01:00.0: BC250TLB vmid=6 ptb=0x0 pd=0x46ffd6001 first_kfd=8
[   55.529046] amdgpu 0000:01:00.0: BC250TLB vmid=7 ptb=0x0 pd=0x46ffd6001 first_kfd=8
[   55.529052] amdgpu 0000:01:00.0: BC250TLB vmid=8 ptb=0x0 pd=0x46ffd6001 first_kfd=8
[   55.529058] amdgpu 0000:01:00.0: BC250TLB vmid=9 ptb=0x0 pd=0x46ffd6001 first_kfd=8
[   55.529064] amdgpu 0000:01:00.0: BC250TLB vmid=10 ptb=0x0 pd=0x46ffd6001 first_kfd=8
[   55.529069] amdgpu 0000:01:00.0: BC250TLB vmid=11 ptb=0x0 pd=0x46ffd6001 first_kfd=8
[   55.529074] amdgpu 0000:01:00.0: BC250TLB vmid=12 ptb=0x0 pd=0x46ffd6001 first_kfd=8
[   55.529078] amdgpu 0000:01:00.0: BC250TLB vmid=13 ptb=0x0 pd=0x46ffd6001 first_kfd=8
[   55.529084] amdgpu 0000:01:00.0: BC250TLB vmid=14 ptb=0x0 pd=0x46ffd6001 first_kfd=8
[   55.529090] amdgpu 0000:01:00.0: BC250TLB vmid=15 ptb=0x0 pd=0x46ffd6001 first_kfd=8
[   55.529466] amdgpu 0000:01:00.0: BC250TLB vmid=1 ptb=0x0 pd=0x46ffd6001 first_kfd=8
[   55.529476] amdgpu 0000:01:00.0: BC250TLB vmid=2 ptb=0x0 pd=0x46ffd6001 first_kfd=8
[   55.529481] amdgpu 0000:01:00.0: BC250TLB vmid=3 ptb=0x0 pd=0x46ffd6001 first_kfd=8
[   55.529487] amdgpu 0000:01:00.0: BC250TLB vmid=4 ptb=0x0 pd=0x46ffd6001 first_kfd=8
[   55.529493] amdgpu 0000:01:00.0: BC250TLB vmid=5 ptb=0x0 pd=0x46ffd6001 first_kfd=8
[   55.529499] amdgpu 0000:01:00.0: BC250TLB vmid=6 ptb=0x0 pd=0x46ffd6001 first_kfd=8
[   55.529506] amdgpu 0000:01:00.0: BC250TLB vmid=7 ptb=0x0 pd=0x46ffd6001 first_kfd=8
[   55.529511] amdgpu 0000:01:00.0: BC250TLB vmid=8 ptb=0x0 pd=0x46ffd6001 first_kfd=8
[   55.529518] amdgpu 0000:01:00.0: BC250TLB vmid=9 ptb=0x0 pd=0x46ffd6001 first_kfd=8
[   55.529524] amdgpu 0000:01:00.0: BC250TLB vmid=10 ptb=0x0 pd=0x46ffd6001 first_kfd=8
[   55.529530] amdgpu 0000:01:00.0: BC250TLB vmid=11 ptb=0x0 pd=0x46ffd6001 first_kfd=8
[   55.529536] amdgpu 0000:01:00.0: BC250TLB vmid=12 ptb=0x0 pd=0x46ffd6001 first_kfd=8
[   55.529542] amdgpu 0000:01:00.0: BC250TLB vmid=13 ptb=0x0 pd=0x46ffd6001 first_kfd=8
[   55.529548] amdgpu 0000:01:00.0: BC250TLB vmid=14 ptb=0x0 pd=0x46ffd6001 first_kfd=8
[   55.529554] amdgpu 0000:01:00.0: BC250TLB vmid=15 ptb=0x0 pd=0x46ffd6001 first_kfd=8
[   65.644361] MARK-dump-end
