ggml_cuda_init: found 1 ROCm devices (Total VRAM: 16384 MiB):
  Device 0: AMD BC-250, gfx1013:xnack- (0x1013), VMM: no, Wave Size: 32, VRAM: 16384 MiB
ggml_backend_cuda_get_available_uma_memory: final available_memory_kb: 14296876
Testing 2 devices

Backend 1/2: ROCm0
  Device description: AMD BC-250
  Device memory: 16384 MB (13961 MB free)

  MUL_MAT(type_a=f16,type_b=f32,m=16416,n=1,k=128,bs=[8,1],nr=[4,1],per=[0,2,1,3],k_v=0,o=1): ggml_backend_cuda_graph_compute: CUDA graph warmup complete
                   744 runs -  2627.78 us/run - 134.48 MFLOP/run - [1;34m 51.18 GFLOPS[0m
  MUL_MAT(type_a=f16,type_b=f32,m=128,n=1,k=16416,bs=[8,1],nr=[4,1],per=[0,1,2,3],k_v=32832,o=1): ggml_backend_cuda_graph_compute: CUDA graph warmup complete
              2976 runs -   386.52 us/run - 134.48 MFLOP/run - [1;34m347.92 GFLOPS[0m
  MUL_MAT(type_a=f32,type_b=f32,m=4096,n=1,k=14336,bs=[1,1],nr=[1,1],per=[0,1,2,3],k_v=0,o=1): ggml_backend_cuda_graph_compute: CUDA graph warmup complete
                 2556 runs -   577.18 us/run - 117.44 MFLOP/run - [1;34m203.47 GFLOPS[0m
  MUL_MAT(type_a=f16,type_b=f32,m=4096,n=1,k=14336,bs=[1,1],nr=[1,1],per=[0,1,2,3],k_v=0,o=1): ggml_backend_cuda_graph_compute: CUDA graph warmup complete
                 3408 runs -   360.50 us/run - 117.44 MFLOP/run - [1;34m325.77 GFLOPS[0m
  MUL_MAT(type_a=bf16,type_b=f32,m=4096,n=1,k=14336,bs=[1,1],nr=[1,1],per=[0,1,2,3],k_v=0,o=1): ggml_backend_cuda_graph_compute: CUDA graph warmup complete
                3408 runs -   360.62 us/run - 117.44 MFLOP/run - [1;34m325.66 GFLOPS[0m
  MUL_MAT(type_a=q4_0,type_b=f32,m=4096,n=1,k=14336,bs=[1,1],nr=[1,1],per=[0,1,2,3],k_v=0,o=1): ggml_backend_cuda_graph_compute: CUDA graph warmup complete
               11076 runs -    97.25 us/run - 117.44 MFLOP/run - [1;34m  1.21 TFLOPS[0m
  MUL_MAT(type_a=q4_1,type_b=f32,m=4096,n=1,k=14336,bs=[1,1],nr=[1,1],per=[0,1,2,3],k_v=0,o=1): ggml_backend_cuda_graph_compute: CUDA graph warmup complete
                9372 runs -   107.50 us/run - 117.44 MFLOP/run - [1;34m  1.09 TFLOPS[0m
  MUL_MAT(type_a=q5_0,type_b=f32,m=4096,n=1,k=14336,bs=[1,1],nr=[1,1],per=[0,1,2,3],k_v=0,o=1): ggml_backend_cuda_graph_compute: CUDA graph warmup complete
                8520 runs -   117.68 us/run - 117.44 MFLOP/run - [1;34m997.94 GFLOPS[0m
  MUL_MAT(type_a=q5_1,type_b=f32,m=4096,n=1,k=14336,bs=[1,1],nr=[1,1],per=[0,1,2,3],k_v=0,o=1): ggml_backend_cuda_graph_compute: CUDA graph warmup complete
                8520 runs -   124.89 us/run - 117.44 MFLOP/run - [1;34m940.32 GFLOPS[0m
  MUL_MAT(type_a=q8_0,type_b=f32,m=4096,n=1,k=14336,bs=[1,1],nr=[1,1],per=[0,1,2,3],k_v=0,o=1): ggml_backend_cuda_graph_compute: CUDA graph warmup complete
                5964 runs -   171.70 us/run - 117.44 MFLOP/run - [1;34m683.97 GFLOPS[0m
  MUL_MAT(type_a=q1_0,type_b=f32,m=4096,n=1,k=14336,bs=[1,1],nr=[1,1],per=[0,1,2,3],k_v=0,o=1): ggml_backend_cuda_graph_compute: CUDA graph warmup complete
                1704 runs -   786.05 us/run - 117.44 MFLOP/run - [1;34m149.41 GFLOPS[0m
  MUL_MAT(type_a=q2_0,type_b=f32,m=4096,n=1,k=14336,bs=[1,1],nr=[1,1],per=[0,1,2,3],k_v=0,o=1): ggml_backend_cuda_graph_compute: CUDA graph warmup complete
                2556 runs -   462.77 us/run - 117.44 MFLOP/run - [1;34m253.78 GFLOPS[0m
  MUL_MAT(type_a=mxfp4,type_b=f32,m=4096,n=1,k=14336,bs=[1,1],nr=[1,1],per=[0,1,2,3],k_v=0,o=1): ggml_backend_cuda_graph_compute: CUDA graph warmup complete
              11076 runs -    96.16 us/run - 117.44 MFLOP/run - [1;34m  1.22 TFLOPS[0m
  MUL_MAT(type_a=nvfp4,type_b=f32,m=4096,n=1,k=14336,bs=[1,1],nr=[1,1],per=[0,1,2,3],k_v=0,o=1): ggml_backend_cuda_graph_compute: CUDA graph warmup complete
               6816 runs -   151.37 us/run - 117.44 MFLOP/run - [1;34m775.84 GFLOPS[0m
  MUL_MAT(type_a=q2_K,type_b=f32,m=4096,n=1,k=14336,bs=[1,1],nr=[1,1],per=[0,1,2,3],k_v=0,o=1): ggml_backend_cuda_graph_compute: CUDA graph warmup complete
                6816 runs -   155.74 us/run - 117.44 MFLOP/run - [1;34m754.08 GFLOPS[0m
  MUL_MAT(type_a=q3_K,type_b=f32,m=4096,n=1,k=14336,bs=[1,1],nr=[1,1],per=[0,1,2,3],k_v=0,o=1): ggml_backend_cuda_graph_compute: CUDA graph warmup complete
                5112 runs -   209.78 us/run - 117.44 MFLOP/run - [1;34m559.82 GFLOPS[0m
  MUL_MAT(type_a=q4_K,type_b=f32,m=4096,n=1,k=14336,bs=[1,1],nr=[1,1],per=[0,1,2,3],k_v=0,o=1): ggml_backend_cuda_graph_compute: CUDA graph warmup complete
                6816 runs -   148.70 us/run - 117.44 MFLOP/run - [1;34m789.77 GFLOPS[0m
  MUL_MAT(type_a=q5_K,type_b=f32,m=4096,n=1,k=14336,bs=[1,1],nr=[1,1],per=[0,1,2,3],k_v=0,o=1): ggml_backend_cuda_graph_compute: CUDA graph warmup complete
                6816 runs -   158.27 us/run - 117.44 MFLOP/run - [1;34m742.01 GFLOPS[0m
  MUL_MAT(type_a=q6_K,type_b=f32,m=4096,n=1,k=14336,bs=[1,1],nr=[1,1],per=[0,1,2,3],k_v=0,o=1): ggml_backend_cuda_graph_compute: CUDA graph warmup complete
                5964 runs -   173.75 us/run - 117.44 MFLOP/run - [1;34m675.92 GFLOPS[0m
  MUL_MAT(type_a=iq2_xxs,type_b=f32,m=4096,n=1,k=14336,bs=[1,1],nr=[1,1],per=[0,1,2,3],k_v=0,o=1): ggml_backend_cuda_graph_compute: CUDA graph warmup complete
             5112 runs -   225.02 us/run - 117.44 MFLOP/run - [1;34m521.91 GFLOPS[0m
  MUL_MAT(type_a=iq2_xs,type_b=f32,m=4096,n=1,k=14336,bs=[1,1],nr=[1,1],per=[0,1,2,3],k_v=0,o=1): ggml_backend_cuda_graph_compute: CUDA graph warmup reset
ggml_backend_cuda_graph_compute: CUDA graph warmup complete
              5112 runs -   231.72 us/run - 117.44 MFLOP/run - [1;34m506.81 GFLOPS[0m
  MUL_MAT(type_a=iq2_s,type_b=f32,m=4096,n=1,k=14336,bs=[1,1],nr=[1,1],per=[0,1,2,3],k_v=0,o=1): ggml_backend_cuda_graph_compute: CUDA graph warmup reset
ggml_backend_cuda_graph_compute: CUDA graph warmup complete
               5112 runs -   221.09 us/run - 117.44 MFLOP/run - [1;34m531.18 GFLOPS[0m
  MUL_MAT(type_a=iq3_xxs,type_b=f32,m=4096,n=1,k=14336,bs=[1,1],nr=[1,1],per=[0,1,2,3],k_v=0,o=1): ggml_backend_cuda_graph_compute: CUDA graph warmup complete
             5112 runs -   228.81 us/run - 117.44 MFLOP/run - [1;34m513.26 GFLOPS[0m
  MUL_MAT(type_a=iq1_s,type_b=f32,m=4096,n=1,k=14336,bs=[1,1],nr=[1,1],per=[0,1,2,3],k_v=0,o=1): ggml_backend_cuda_graph_compute: CUDA graph warmup complete
               9372 runs -   116.32 us/run - 117.44 MFLOP/run - [1;34m  1.01 TFLOPS[0m
  MUL_MAT(type_a=iq1_m,type_b=f32,m=4096,n=1,k=14336,bs=[1,1],nr=[1,1],per=[0,1,2,3],k_v=0,o=1): ggml_backend_cuda_graph_compute: CUDA graph warmup reset
ggml_backend_cuda_graph_compute: CUDA graph warmup complete
               6816 runs -   151.13 us/run - 117.44 MFLOP/run - [1;34m777.11 GFLOPS[0m
  MUL_MAT(type_a=iq4_nl,type_b=f32,m=4096,n=1,k=14336,bs=[1,1],nr=[1,1],per=[0,1,2,3],k_v=0,o=1): ggml_backend_cuda_graph_compute: CUDA graph warmup complete
             10224 runs -   101.73 us/run - 117.44 MFLOP/run - [1;34m  1.15 TFLOPS[0m
  MUL_MAT(type_a=iq3_s,type_b=f32,m=4096,n=1,k=14336,bs=[1,1],nr=[1,1],per=[0,1,2,3],k_v=0,o=1): ggml_backend_cuda_graph_compute: CUDA graph warmup reset
ggml_backend_cuda_graph_compute: CUDA graph warmup complete
               5112 runs -   228.38 us/run - 117.44 MFLOP/run - [1;34m514.23 GFLOPS[0m
  MUL_MAT(type_a=iq4_xs,type_b=f32,m=4096,n=1,k=14336,bs=[1,1],nr=[1,1],per=[0,1,2,3],k_v=0,o=1): ggml_backend_cuda_graph_compute: CUDA graph warmup complete
             11076 runs -    96.37 us/run - 117.44 MFLOP/run - [1;34m  1.22 TFLOPS[0m
  MUL_MAT(type_a=f32,type_b=f32,m=4096,n=2,k=14336,bs=[1,1],nr=[1,1],per=[0,1,2,3],k_v=0,o=1): ggml_backend_cuda_graph_compute: CUDA graph warmup reset
ggml_backend_cuda_graph_compute: CUDA graph warmup complete
                 1704 runs -   602.85 us/run - 234.88 MFLOP/run - [1;34m389.62 GFLOPS[0m
  MUL_MAT(type_a=f16,type_b=f32,m=4096,n=2,k=14336,bs=[1,1],nr=[1,1],per=[0,1,2,3],k_v=0,o=1): ggml_backend_cuda_graph_compute: CUDA graph warmup reset
ggml_backend_cuda_graph_compute: CUDA graph warmup complete
                 2982 runs -   389.52 us/run - 234.88 MFLOP/run - [1;34m603.00 GFLOPS[0m
  MUL_MAT(type_a=bf16,type_b=f32,m=4096,n=2,k=14336,bs=[1,1],nr=[1,1],per=[0,1,2,3],k_v=0,o=1): ggml_backend_cuda_graph_compute: CUDA graph warmup reset
ggml_backend_cuda_graph_compute: CUDA graph warmup complete
                2556 runs -   395.23 us/run - 234.88 MFLOP/run - [1;34m594.29 GFLOPS[0m
  MUL_MAT(type_a=q4_0,type_b=f32,m=4096,n=2,k=14336,bs=[1,1],nr=[1,1],per=[0,1,2,3],k_v=0,o=1): ggml_backend_cuda_graph_compute: CUDA graph warmup reset
ggml_backend_cuda_graph_compute: CUDA graph warmup complete
                9798 runs -   105.75 us/run - 234.88 MFLOP/run - [1;34m  2.22 TFLOPS[0m
  MUL_MAT(type_a=q4_1,type_b=f32,m=4096,n=2,k=14336,bs=[1,1],nr=[1,1],per=[0,1,2,3],k_v=0,o=1): ggml_backend_cuda_graph_compute: CUDA graph warmup reset
ggml_backend_cuda_graph_compute: CUDA graph warmup complete
                8946 runs -   113.66 us/run - 234.88 MFLOP/run - [1;34m  2.07 TFLOPS[0m
  MUL_MAT(type_a=q5_0,type_b=f32,m=4096,n=2,k=14336,bs=[1,1],nr=[1,1],per=[0,1,2,3],k_v=0,o=1): ggml_backend_cuda_graph_compute: CUDA graph warmup complete
                7668 runs -   135.91 us/run - 234.88 MFLOP/run - [1;34m  1.73 TFLOPS[0m
  MUL_MAT(type_a=q5_1,type_b=f32,m=4096,n=2,k=14336,bs=[1,1],nr=[1,1],per=[0,1,2,3],k_v=0,o=1): ggml_backend_cuda_graph_compute: CUDA graph warmup complete
                7242 runs -   140.59 us/run - 234.88 MFLOP/run - [1;34m  1.67 TFLOPS[0m
  MUL_MAT(type_a=q8_0,type_b=f32,m=4096,n=2,k=14336,bs=[1,1],nr=[1,1],per=[0,1,2,3],k_v=0,o=1): ggml_backend_cuda_graph_compute: CUDA graph warmup reset
ggml_backend_cuda_graph_compute: CUDA graph warmup complete
                5538 runs -   180.98 us/run - 234.88 MFLOP/run - [1;34m  1.30 TFLOPS[0m
  MUL_MAT(type_a=q1_0,type_b=f32,m=4096,n=2,k=14336,bs=[1,1],nr=[1,1],per=[0,1,2,3],k_v=0,o=1): ggml_backend_cuda_graph_compute: CUDA graph warmup complete
                1278 runs -  1124.45 us/run - 234.88 MFLOP/run - [1;34m208.89 GFLOPS[0m
  MUL_MAT(type_a=q2_0,type_b=f32,m=4096,n=2,k=14336,bs=[1,1],nr=[1,1],per=[0,1,2,3],k_v=0,o=1): ggml_backend_cuda_graph_compute: CUDA graph warmup reset
ggml_backend_cuda_graph_compute: CUDA graph warmup complete
                1278 runs -   919.82 us/run - 234.88 MFLOP/run - [1;34m255.36 GFLOPS[0m
  MUL_MAT(type_a=mxfp4,type_b=f32,m=4096,n=2,k=14336,bs=[1,1],nr=[1,1],per=[0,1,2,3],k_v=0,o=1): ggml_backend_cuda_graph_compute: CUDA graph warmup complete
               8946 runs -   114.51 us/run - 234.88 MFLOP/run - [1;34m  2.05 TFLOPS[0m
  MUL_MAT(type_a=nvfp4,type_b=f32,m=4096,n=2,k=14336,bs=[1,1],nr=[1,1],per=[0,1,2,3],k_v=0,o=1): ggml_backend_cuda_graph_compute: CUDA graph warmup complete
               5964 runs -   168.84 us/run - 234.88 MFLOP/run - [1;34m  1.39 TFLOPS[0m
  MUL_MAT(type_a=q2_K,type_b=f32,m=4096,n=2,k=14336,bs=[1,1],nr=[1,1],per=[0,1,2,3],k_v=0,o=1): ggml_backend_cuda_graph_compute: CUDA graph warmup reset
ggml_backend_cuda_graph_compute: CUDA graph warmup complete
                4260 runs -   252.56 us/run - 234.88 MFLOP/run - [1;34m930.01 GFLOPS[0m
  MUL_MAT(type_a=q3_K,type_b=f32,m=4096,n=2,k=14336,bs=[1,1],nr=[1,1],per=[0,1,2,3],k_v=0,o=1): ggml_backend_cuda_graph_compute: CUDA graph warmup complete
                3834 runs -   272.96 us/run - 234.88 MFLOP/run - [1;34m860.48 GFLOPS[0m
  MUL_MAT(type_a=q4_K,type_b=f32,m=4096,n=2,k=14336,bs=[1,1],nr=[1,1],per=[0,1,2,3],k_v=0,o=1): ggml_backend_cuda_graph_compute: CUDA graph warmup complete
                4686 runs -   230.80 us/run - 234.88 MFLOP/run - [1;34m  1.02 TFLOPS[0m
  MUL_MAT(type_a=q5_K,type_b=f32,m=4096,n=2,k=14336,bs=[1,1],nr=[1,1],per=[0,1,2,3],k_v=0,o=1): ggml_backend_cuda_graph_compute: CUDA graph warmup reset
ggml_backend_cuda_graph_compute: CUDA graph warmup complete
                4260 runs -   240.64 us/run - 234.88 MFLOP/run - [1;34m976.05 GFLOPS[0m
  MUL_MAT(type_a=q6_K,type_b=f32,m=4096,n=2,k=14336,bs=[1,1],nr=[1,1],per=[0,1,2,3],k_v=0,o=1): ggml_backend_cuda_graph_compute: CUDA graph warmup complete
                4686 runs -   226.28 us/run - 234.88 MFLOP/run - [1;34m  1.04 TFLOPS[0m
  MUL_MAT(type_a=iq2_xxs,type_b=f32,m=4096,n=2,k=14336,bs=[1,1],nr=[1,1],per=[0,1,2,3],k_v=0,o=1): ggml_backend_cuda_graph_compute: CUDA graph warmup complete
             3834 runs -   262.68 us/run - 234.88 MFLOP/run - [1;34m894.18 GFLOPS[0m
  MUL_MAT(type_a=iq2_xs,type_b=f32,m=4096,n=2,k=14336,bs=[1,1],nr=[1,1],per=[0,1,2,3],k_v=0,o=1): ggml_backend_cuda_graph_compute: CUDA graph warmup complete
              3834 runs -   275.71 us/run - 234.88 MFLOP/run - [1;34m851.90 GFLOPS[0m
  MUL_MAT(type_a=iq2_s,type_b=f32,m=4096,n=2,k=14336,bs=[1,1],nr=[1,1],per=[0,1,2,3],k_v=0,o=1): ggml_backend_cuda_graph_compute: CUDA graph warmup reset
ggml_backend_cuda_graph_compute: CUDA graph warmup complete
               3834 runs -   264.21 us/run - 234.88 MFLOP/run - [1;34m889.00 GFLOPS[0m
  MUL_MAT(type_a=iq3_xxs,type_b=f32,m=4096,n=2,k=14336,bs=[1,1],nr=[1,1],per=[0,1,2,3],k_v=0,o=1): ggml_backend_cuda_graph_compute: CUDA graph warmup complete
             3834 runs -   267.01 us/run - 234.88 MFLOP/run - [1;34m879.67 GFLOPS[0m
  MUL_MAT(type_a=iq1_s,type_b=f32,m=4096,n=2,k=14336,bs=[1,1],nr=[1,1],per=[0,1,2,3],k_v=0,o=1): ggml_backend_cuda_graph_compute: CUDA graph warmup reset
ggml_backend_cuda_graph_compute: CUDA graph warmup complete
               7668 runs -   133.05 us/run - 234.88 MFLOP/run - [1;34m  1.77 TFLOPS[0m
  MUL_MAT(type_a=iq1_m,type_b=f32,m=4096,n=2,k=14336,bs=[1,1],nr=[1,1],per=[0,1,2,3],k_v=0,o=1): ggml_backend_cuda_graph_compute: CUDA graph warmup complete
               6390 runs -   165.47 us/run - 234.88 MFLOP/run - [1;34m  1.42 TFLOPS[0m
  MUL_MAT(type_a=iq4_nl,type_b=f32,m=4096,n=2,k=14336,bs=[1,1],nr=[1,1],per=[0,1,2,3],k_v=0,o=1): ggml_backend_cuda_graph_compute: CUDA graph warmup reset
ggml_backend_cuda_graph_compute: CUDA graph warmup complete
              8946 runs -   113.85 us/run - 234.88 MFLOP/run - [1;34m  2.06 TFLOPS[0m
  MUL_MAT(type_a=iq3_s,type_b=f32,m=4096,n=2,k=14336,bs=[1,1],nr=[1,1],per=[0,1,2,3],k_v=0,o=1): ggml_backend_cuda_graph_compute: CUDA graph warmup reset
ggml_backend_cuda_graph_compute: CUDA graph warmup complete
               3834 runs -   263.00 us/run - 234.88 MFLOP/run - [1;34m893.07 GFLOPS[0m
  MUL_MAT(type_a=iq4_xs,type_b=f32,m=4096,n=2,k=14336,bs=[1,1],nr=[1,1],per=[0,1,2,3],k_v=0,o=1): ggml_backend_cuda_graph_compute: CUDA graph warmup complete
              8094 runs -   124.64 us/run - 234.88 MFLOP/run - [1;34m  1.88 TFLOPS[0m
  MUL_MAT(type_a=f32,type_b=f32,m=4096,n=3,k=14336,bs=[1,1],nr=[1,1],per=[0,1,2,3],k_v=0,o=1): ggml_backend_cuda_graph_compute: CUDA graph warmup reset
ggml_backend_cuda_graph_compute: CUDA graph warmup complete
                 1704 runs -   634.03 us/run - 352.32 MFLOP/run - [1;34m555.69 GFLOPS[0m
  MUL_MAT(type_a=f16,type_b=f32,m=4096,n=3,k=14336,bs=[1,1],nr=[1,1],per=[0,1,2,3],k_v=0,o=1): ggml_backend_cuda_graph_compute: CUDA graph warmup reset
ggml_backend_cuda_graph_compute: CUDA graph warmup complete
                 2272 runs -   458.88 us/run - 352.32 MFLOP/run - [1;34m767.78 GFLOPS[0m
  MUL_MAT(type_a=bf16,type_b=f32,m=4096,n=3,k=14336,bs=[1,1],nr=[1,1],per=[0,1,2,3],k_v=0,o=1): ggml_backend_cuda_graph_compute: CUDA graph warmup reset
ggml_backend_cuda_graph_compute: CUDA graph warmup complete
                2272 runs -   465.77 us/run - 352.32 MFLOP/run - [1;34m756.43 GFLOPS[0m
  MUL_MAT(type_a=q4_0,type_b=f32,m=4096,n=3,k=14336,bs=[1,1],nr=[1,1],per=[0,1,2,3],k_v=0,o=1): ggml_backend_cuda_graph_compute: CUDA graph warmup reset
ggml_backend_cuda_graph_compute: CUDA graph warmup complete
                7952 runs -   127.26 us/run - 352.32 MFLOP/run - [1;34m  2.77 TFLOPS[0m
  MUL_MAT(type_a=q4_1,type_b=f32,m=4096,n=3,k=14336,bs=[1,1],nr=[1,1],per=[0,1,2,3],k_v=0,o=1): ggml_backend_cuda_graph_compute: CUDA graph warmup reset
ggml_backend_cuda_graph_compute: CUDA graph warmup complete
                7952 runs -   129.92 us/run - 352.32 MFLOP/run - [1;34m  2.71 TFLOPS[0m
  MUL_MAT(type_a=q5_0,type_b=f32,m=4096,n=3,k=14336,bs=[1,1],nr=[1,1],per=[0,1,2,3],k_v=0,o=1): ggml_backend_cuda_graph_compute: CUDA graph warmup reset
ggml_backend_cuda_graph_compute: CUDA graph warmup complete
                5964 runs -   170.06 us/run - 352.32 MFLOP/run - [1;34m  2.07 TFLOPS[0m
  MUL_MAT(type_a=q5_1,type_b=f32,m=4096,n=3,k=14336,bs=[1,1],nr=[1,1],per=[0,1,2,3],k_v=0,o=1): ggml_backend_cuda_graph_compute: CUDA graph warmup reset
ggml_backend_cuda_graph_compute: CUDA graph warmup complete
                5964 runs -   168.54 us/run - 352.32 MFLOP/run - [1;34m  2.09 TFLOPS[0m
  MUL_MAT(type_a=q8_0,type_b=f32,m=4096,n=3,k=14336,bs=[1,1],nr=[1,1],per=[0,1,2,3],k_v=0,o=1): ggml_backend_cuda_graph_compute: CUDA graph warmup complete
                5396 runs -   190.17 us/run - 352.32 MFLOP/run - [1;34m  1.85 TFLOPS[0m
  MUL_MAT(type_a=q1_0,type_b=f32,m=4096,n=3,k=14336,bs=[1,1],nr=[1,1],per=[0,1,2,3],k_v=0,o=1): ggml_backend_cuda_graph_compute: CUDA graph warmup reset
ggml_backend_cuda_graph_compute: CUDA graph warmup complete
                 852 runs -  1680.95 us/run - 352.32 MFLOP/run - [1;34m209.60 GFLOPS[0m
  MUL_MAT(type_a=q2_0,type_b=f32,m=4096,n=3,k=14336,bs=[1,1],nr=[1,1],per=[0,1,2,3],k_v=0,o=1): ggml_backend_cuda_graph_compute: CUDA graph warmup reset
ggml_backend_cuda_graph_compute: CUDA graph warmup complete
                 852 runs -  1372.86 us/run - 352.32 MFLOP/run - [1;34m256.63 GFLOPS[0m
  MUL_MAT(type_a=mxfp4,type_b=f32,m=4096,n=3,k=14336,bs=[1,1],nr=[1,1],per=[0,1,2,3],k_v=0,o=1): ggml_backend_cuda_graph_compute: CUDA graph warmup reset
ggml_backend_cuda_graph_compute: CUDA graph warmup complete
               6816 runs -   148.62 us/run - 352.32 MFLOP/run - [1;34m  2.37 TFLOPS[0m
  MUL_MAT(type_a=nvfp4,type_b=f32,m=4096,n=3,k=14336,bs=[1,1],nr=[1,1],per=[0,1,2,3],k_v=0,o=1): ggml_backend_cuda_graph_compute: CUDA graph warmup reset
ggml_backend_cuda_graph_compute: CUDA graph warmup complete
               4260 runs -   239.55 us/run - 352.32 MFLOP/run - [1;34m  1.47 TFLOPS[0m
  MUL_MAT(type_a=q2_K,type_b=f32,m=4096,n=3,k=14336,bs=[1,1],nr=[1,1],per=[0,1,2,3],k_v=0,o=1): ggml_backend_cuda_graph_compute: CUDA graph warmup reset
ggml_backend_cuda_graph_compute: CUDA graph warmup complete
                2840 runs -   357.95 us/run - 352.32 MFLOP/run - [1;34m984.27 GFLOPS[0m
  MUL_MAT(type_a=q3_K,type_b=f32,m=4096,n=3,k=14336,bs=[1,1],nr=[1,1],per=[0,1,2,3],k_v=0,o=1): ggml_backend_cuda_graph_compute: CUDA graph warmup reset
ggml_backend_cuda_graph_compute: CUDA graph warmup complete
                3124 runs -   348.30 us/run - 352.32 MFLOP/run - [1;34m  1.01 TFLOPS[0m
  MUL_MAT(type_a=q4_K,type_b=f32,m=4096,n=3,k=14336,bs=[1,1],nr=[1,1],per=[0,1,2,3],k_v=0,o=1): ggml_backend_cuda_graph_compute: CUDA graph warmup complete
                3124 runs -   348.66 us/run - 352.32 MFLOP/run - [1;34m  1.01 TFLOPS[0m
  MUL_MAT(type_a=q5_K,type_b=f32,m=4096,n=3,k=14336,bs=[1,1],nr=[1,1],per=[0,1,2,3],k_v=0,o=1): ggml_backend_cuda_graph_compute: CUDA graph warmup reset
ggml_backend_cuda_graph_compute: CUDA graph warmup complete
                2840 runs -   358.20 us/run - 352.32 MFLOP/run - [1;34m983.58 GFLOPS[0m
  MUL_MAT(type_a=q6_K,type_b=f32,m=4096,n=3,k=14336,bs=[1,1],nr=[1,1],per=[0,1,2,3],k_v=0,o=1): ggml_backend_cuda_graph_compute: CUDA graph warmup reset
ggml_backend_cuda_graph_compute: CUDA graph warmup complete
                3692 runs -   290.73 us/run - 352.32 MFLOP/run - [1;34m  1.21 TFLOPS[0m
  MUL_MAT(type_a=iq2_xxs,type_b=f32,m=4096,n=3,k=14336,bs=[1,1],nr=[1,1],per=[0,1,2,3],k_v=0,o=1): ggml_backend_cuda_graph_compute: CUDA graph warmup complete
             3408 runs -   296.43 us/run - 352.32 MFLOP/run - [1;34m  1.19 TFLOPS[0m
  MUL_MAT(type_a=iq2_xs,type_b=f32,m=4096,n=3,k=14336,bs=[1,1],nr=[1,1],per=[0,1,2,3],k_v=0,o=1): ggml_backend_cuda_graph_compute: CUDA graph warmup reset
ggml_backend_cuda_graph_compute: CUDA graph warmup complete
              3124 runs -   322.02 us/run - 352.32 MFLOP/run - [1;34m  1.09 TFLOPS[0m
  MUL_MAT(type_a=iq2_s,type_b=f32,m=4096,n=3,k=14336,bs=[1,1],nr=[1,1],per=[0,1,2,3],k_v=0,o=1): ggml_backend_cuda_graph_compute: CUDA graph warmup reset
ggml_backend_cuda_graph_compute: CUDA graph warmup complete
               3408 runs -   308.28 us/run - 352.32 MFLOP/run - [1;34m  1.14 TFLOPS[0m
  MUL_MAT(type_a=iq3_xxs,type_b=f32,m=4096,n=3,k=14336,bs=[1,1],nr=[1,1],per=[0,1,2,3],k_v=0,o=1): ggml_backend_cuda_graph_compute: CUDA graph warmup reset
ggml_backend_cuda_graph_compute: CUDA graph warmup complete
             3408 runs -   308.54 us/run - 352.32 MFLOP/run - [1;34m  1.14 TFLOPS[0m
  MUL_MAT(type_a=iq1_s,type_b=f32,m=4096,n=3,k=14336,bs=[1,1],nr=[1,1],per=[0,1,2,3],k_v=0,o=1): ggml_backend_cuda_graph_compute: CUDA graph warmup reset
ggml_backend_cuda_graph_compute: CUDA graph warmup complete
               6248 runs -   166.55 us/run - 352.32 MFLOP/run - [1;34m  2.12 TFLOPS[0m
  MUL_MAT(type_a=iq1_m,type_b=f32,m=4096,n=3,k=14336,bs=[1,1],nr=[1,1],per=[0,1,2,3],k_v=0,o=1): ggml_backend_cuda_graph_compute: CUDA graph warmup reset
ggml_backend_cuda_graph_compute: CUDA graph warmup complete
               4828 runs -   217.60 us/run - 352.32 MFLOP/run - [1;34m  1.62 TFLOPS[0m
  MUL_MAT(type_a=iq4_nl,type_b=f32,m=4096,n=3,k=14336,bs=[1,1],nr=[1,1],per=[0,1,2,3],k_v=0,o=1): ggml_backend_cuda_graph_compute: CUDA graph warmup reset
ggml_backend_cuda_graph_compute: CUDA graph warmup complete
              6816 runs -   148.61 us/run - 352.32 MFLOP/run - [1;34m  2.37 TFLOPS[0m
  MUL_MAT(type_a=iq3_s,type_b=f32,m=4096,n=3,k=14336,bs=[1,1],nr=[1,1],per=[0,1,2,3],k_v=0,o=1): ggml_backend_cuda_graph_compute: CUDA graph warmup reset
ggml_backend_cuda_graph_compute: CUDA graph warmup complete
               3408 runs -   300.02 us/run - 352.32 MFLOP/run - [1;34m  1.17 TFLOPS[0m
  MUL_MAT(type_a=iq4_xs,type_b=f32,m=4096,n=3,k=14336,bs=[1,1],nr=[1,1],per=[0,1,2,3],k_v=0,o=1): ggml_backend_cuda_graph_compute: CUDA graph warmup complete
              6248 runs -   162.89 us/run - 352.32 MFLOP/run - [1;34m  2.16 TFLOPS[0m
  MUL_MAT(type_a=f32,type_b=f32,m=4096,n=4,k=14336,bs=[1,1],nr=[1,1],per=[0,1,2,3],k_v=0,o=1): ggml_backend_cuda_graph_compute: CUDA graph warmup reset
ggml_backend_cuda_graph_compute: CUDA graph warmup complete
                 1491 runs -   735.30 us/run - 469.76 MFLOP/run - [1;34m638.87 GFLOPS[0m
  MUL_MAT(type_a=f16,type_b=f32,m=4096,n=4,k=14336,bs=[1,1],nr=[1,1],per=[0,1,2,3],k_v=0,o=1): ggml_backend_cuda_graph_compute: CUDA graph warmup reset
ggml_backend_cuda_graph_compute: CUDA graph warmup complete
                 1917 runs -   577.86 us/run - 469.76 MFLOP/run - [1;34m812.94 GFLOPS[0m
  MUL_MAT(type_a=bf16,type_b=f32,m=4096,n=4,k=14336,bs=[1,1],nr=[1,1],per=[0,1,2,3],k_v=0,o=1): ggml_backend_cuda_graph_compute: CUDA graph warmup reset
ggml_backend_cuda_graph_compute: CUDA graph warmup complete
                1917 runs -   586.35 us/run - 469.76 MFLOP/run - [1;34m801.17 GFLOPS[0m
  MUL_MAT(type_a=q4_0,type_b=f32,m=4096,n=4,k=14336,bs=[1,1],nr=[1,1],per=[0,1,2,3],k_v=0,o=1): ggml_backend_cuda_graph_compute: CUDA graph warmup reset
ggml_backend_cuda_graph_compute: CUDA graph warmup complete
                5751 runs -   174.64 us/run - 469.76 MFLOP/run - [1;34m  2.69 TFLOPS[0m
  MUL_MAT(type_a=q4_1,type_b=f32,m=4096,n=4,k=14336,bs=[1,1],nr=[1,1],per=[0,1,2,3],k_v=0,o=1): ggml_backend_cuda_graph_compute: CUDA graph warmup reset
ggml_backend_cuda_graph_compute: CUDA graph warmup complete
                5751 runs -   175.63 us/run - 469.76 MFLOP/run - [1;34m  2.67 TFLOPS[0m
  MUL_MAT(type_a=q5_0,type_b=f32,m=4096,n=4,k=14336,bs=[1,1],nr=[1,1],per=[0,1,2,3],k_v=0,o=1): ggml_backend_cuda_graph_compute: CUDA graph warmup reset
ggml_backend_cuda_graph_compute: CUDA graph warmup complete
                4899 runs -   204.16 us/run - 469.76 MFLOP/run - [1;34m  2.30 TFLOPS[0m
  MUL_MAT(type_a=q5_1,type_b=f32,m=4096,n=4,k=14336,bs=[1,1],nr=[1,1],per=[0,1,2,3],k_v=0,o=1): ggml_backend_cuda_graph_compute: CUDA graph warmup reset
ggml_backend_cuda_graph_compute: CUDA graph warmup complete
                5112 runs -   203.95 us/run - 469.76 MFLOP/run - [1;34m  2.30 TFLOPS[0m
  MUL_MAT(type_a=q8_0,type_b=f32,m=4096,n=4,k=14336,bs=[1,1],nr=[1,1],per=[0,1,2,3],k_v=0,o=1): ggml_backend_cuda_graph_compute: CUDA graph warmup reset
ggml_backend_cuda_graph_compute: CUDA graph warmup complete
                5112 runs -   203.05 us/run - 469.76 MFLOP/run - [1;34m  2.31 TFLOPS[0m
  MUL_MAT(type_a=q1_0,type_b=f32,m=4096,n=4,k=14336,bs=[1,1],nr=[1,1],per=[0,1,2,3],k_v=0,o=1): ggml_backend_cuda_graph_compute: CUDA graph warmup reset
ggml_backend_cuda_graph_compute: CUDA graph warmup complete
                 639 runs -  1784.80 us/run - 469.76 MFLOP/run - [1;34m263.20 GFLOPS[0m
  MUL_MAT(type_a=q2_0,type_b=f32,m=4096,n=4,k=14336,bs=[1,1],nr=[1,1],per=[0,1,2,3],k_v=0,o=1): ggml_backend_cuda_graph_compute: CUDA graph warmup reset
ggml_backend_cuda_graph_compute: CUDA graph warmup complete
                 639 runs -  1823.78 us/run - 469.76 MFLOP/run - [1;34m257.58 GFLOPS[0m
  MUL_MAT(type_a=mxfp4,type_b=f32,m=4096,n=4,k=14336,bs=[1,1],nr=[1,1],per=[0,1,2,3],k_v=0,o=1): ggml_backend_cuda_graph_compute: CUDA graph warmup reset
ggml_backend_cuda_graph_compute: CUDA graph warmup complete
               5538 runs -   187.00 us/run - 469.76 MFLOP/run - [1;34m  2.51 TFLOPS[0m
  MUL_MAT(type_a=nvfp4,type_b=f32,m=4096,n=4,k=14336,bs=[1,1],nr=[1,1],per=[0,1,2,3],k_v=0,o=1): ggml_backend_cuda_graph_compute: CUDA graph warmup reset
ggml_backend_cuda_graph_compute: CUDA graph warmup complete
               3408 runs -   302.44 us/run - 469.76 MFLOP/run - [1;34m  1.55 TFLOPS[0m
  MUL_MAT(type_a=q2_K,type_b=f32,m=4096,n=4,k=14336,bs=[1,1],nr=[1,1],per=[0,1,2,3],k_v=0,o=1): ggml_backend_cuda_graph_compute: CUDA graph warmup reset
ggml_backend_cuda_graph_compute: CUDA graph warmup complete
                2343 runs -   449.09 us/run - 469.76 MFLOP/run - [1;34m  1.05 TFLOPS[0m
  MUL_MAT(type_a=q3_K,type_b=f32,m=4096,n=4,k=14336,bs=[1,1],nr=[1,1],per=[0,1,2,3],k_v=0,o=1): ggml_backend_cuda_graph_compute: CUDA graph warmup reset
ggml_backend_cuda_graph_compute: CUDA graph warmup complete
                2556 runs -   411.94 us/run - 469.76 MFLOP/run - [1;34m  1.14 TFLOPS[0m
  MUL_MAT(type_a=q4_K,type_b=f32,m=4096,n=4,k=14336,bs=[1,1],nr=[1,1],per=[0,1,2,3],k_v=0,o=1): ggml_backend_cuda_graph_compute: CUDA graph warmup reset
ggml_backend_cuda_graph_compute: CUDA graph warmup complete
                2130 runs -   472.68 us/run - 469.76 MFLOP/run - [1;34m993.84 GFLOPS[0m
  MUL_MAT(type_a=q5_K,type_b=f32,m=4096,n=4,k=14336,bs=[1,1],nr=[1,1],per=[0,1,2,3],k_v=0,o=1): ggml_backend_cuda_graph_compute: CUDA graph warmup reset
ggml_backend_cuda_graph_compute: CUDA graph warmup complete
                2130 runs -   477.74 us/run - 469.76 MFLOP/run - [1;34m983.31 GFLOPS[0m
  MUL_MAT(type_a=q6_K,type_b=f32,m=4096,n=4,k=14336,bs=[1,1],nr=[1,1],per=[0,1,2,3],k_v=0,o=1): ggml_backend_cuda_graph_compute: CUDA graph warmup reset
ggml_backend_cuda_graph_compute: CUDA graph warmup complete
                2982 runs -   353.04 us/run - 469.76 MFLOP/run - [1;34m  1.33 TFLOPS[0m
  MUL_MAT(type_a=iq2_xxs,type_b=f32,m=4096,n=4,k=14336,bs=[1,1],nr=[1,1],per=[0,1,2,3],k_v=0,o=1): ggml_backend_cuda_graph_compute: CUDA graph warmup complete
             2982 runs -   340.63 us/run - 469.76 MFLOP/run - [1;34m  1.38 TFLOPS[0m
  MUL_MAT(type_a=iq2_xs,type_b=f32,m=4096,n=4,k=14336,bs=[1,1],nr=[1,1],per=[0,1,2,3],k_v=0,o=1): ggml_backend_cuda_graph_compute: CUDA graph warmup reset
ggml_backend_cuda_graph_compute: CUDA graph warmup complete
              2769 runs -   369.32 us/run - 469.76 MFLOP/run - [1;34m  1.27 TFLOPS[0m
  MUL_MAT(type_a=iq2_s,type_b=f32,m=4096,n=4,k=14336,bs=[1,1],nr=[1,1],per=[0,1,2,3],k_v=0,o=1): ggml_backend_cuda_graph_compute: CUDA graph warmup reset
ggml_backend_cuda_graph_compute: CUDA graph warmup complete
               2982 runs -   359.68 us/run - 469.76 MFLOP/run - [1;34m  1.31 TFLOPS[0m
  MUL_MAT(type_a=iq3_xxs,type_b=f32,m=4096,n=4,k=14336,bs=[1,1],nr=[1,1],per=[0,1,2,3],k_v=0,o=1): ggml_backend_cuda_graph_compute: CUDA graph warmup reset
ggml_backend_cuda_graph_compute: CUDA graph warmup complete
             2982 runs -   344.13 us/run - 469.76 MFLOP/run - [1;34m  1.37 TFLOPS[0m
  MUL_MAT(type_a=iq1_s,type_b=f32,m=4096,n=4,k=14336,bs=[1,1],nr=[1,1],per=[0,1,2,3],k_v=0,o=1): ggml_backend_cuda_graph_compute: CUDA graph warmup reset
ggml_backend_cuda_graph_compute: CUDA graph warmup complete
               5112 runs -   195.96 us/run - 469.76 MFLOP/run - [1;34m  2.40 TFLOPS[0m
  MUL_MAT(type_a=iq1_m,type_b=f32,m=4096,n=4,k=14336,bs=[1,1],nr=[1,1],per=[0,1,2,3],k_v=0,o=1): ggml_backend_cuda_graph_compute: CUDA graph warmup reset
ggml_backend_cuda_graph_compute: CUDA graph warmup complete
               3834 runs -   272.36 us/run - 469.76 MFLOP/run - [1;34m  1.72 TFLOPS[0m
  MUL_MAT(type_a=iq4_nl,type_b=f32,m=4096,n=4,k=14336,bs=[1,1],nr=[1,1],per=[0,1,2,3],k_v=0,o=1): ggml_backend_cuda_graph_compute: CUDA graph warmup reset
ggml_backend_cuda_graph_compute: CUDA graph warmup complete
              5325 runs -   188.06 us/run - 469.76 MFLOP/run - [1;34m  2.50 TFLOPS[0m
  MUL_MAT(type_a=iq3_s,type_b=f32,m=4096,n=4,k=14336,bs=[1,1],nr=[1,1],per=[0,1,2,3],k_v=0,o=1): ggml_backend_cuda_graph_compute: CUDA graph warmup reset
ggml_backend_cuda_graph_compute: CUDA graph warmup complete
               2982 runs -   343.53 us/run - 469.76 MFLOP/run - [1;34m  1.37 TFLOPS[0m
  MUL_MAT(type_a=iq4_xs,type_b=f32,m=4096,n=4,k=14336,bs=[1,1],nr=[1,1],per=[0,1,2,3],k_v=0,o=1): ggml_backend_cuda_graph_compute: CUDA graph warmup complete
              5112 runs -   200.72 us/run - 469.76 MFLOP/run - [1;34m  2.34 TFLOPS[0m
  MUL_MAT(type_a=f32,type_b=f32,m=4096,n=5,k=14336,bs=[1,1],nr=[1,1],per=[0,1,2,3],k_v=0,o=1): ggml_backend_cuda_graph_compute: CUDA graph warmup reset
ggml_backend_cuda_graph_compute: CUDA graph warmup complete
                 1197 runs -   870.11 us/run - 587.20 MFLOP/run - [1;34m674.86 GFLOPS[0m
  MUL_MAT(type_a=f16,type_b=f32,m=4096,n=5,k=14336,bs=[1,1],nr=[1,1],per=[0,1,2,3],k_v=0,o=1): ggml_backend_cuda_graph_compute: CUDA graph warmup reset
ggml_backend_cuda_graph_compute: CUDA graph warmup complete
                 1539 runs -   727.13 us/run - 587.20 MFLOP/run - [1;34m807.57 GFLOPS[0m
  MUL_MAT(type_a=bf16,type_b=f32,m=4096,n=5,k=14336,bs=[1,1],nr=[1,1],per=[0,1,2,3],k_v=0,o=1): ggml_backend_cuda_graph_compute: CUDA graph warmup reset
ggml_backend_cuda_graph_compute: CUDA graph warmup complete
                1368 runs -   751.07 us/run - 587.20 MFLOP/run - [1;34m781.82 GFLOPS[0m
  MUL_MAT(type_a=q4_0,type_b=f32,m=4096,n=5,k=14336,bs=[1,1],nr=[1,1],per=[0,1,2,3],k_v=0,o=1): ggml_backend_cuda_graph_compute: CUDA graph warmup reset
ggml_backend_cuda_graph_compute: CUDA graph warmup complete
                5301 runs -   194.07 us/run - 587.20 MFLOP/run - [1;34m  3.03 TFLOPS[0m
  MUL_MAT(type_a=q4_1,type_b=f32,m=4096,n=5,k=14336,bs=[1,1],nr=[1,1],per=[0,1,2,3],k_v=0,o=1): ggml_backend_cuda_graph_compute: CUDA graph warmup reset
ggml_backend_cuda_graph_compute: CUDA graph warmup complete
                4617 runs -   219.34 us/run - 587.20 MFLOP/run - [1;34m  2.68 TFLOPS[0m
  MUL_MAT(type_a=q5_0,type_b=f32,m=4096,n=5,k=14336,bs=[1,1],nr=[1,1],per=[0,1,2,3],k_v=0,o=1): ggml_backend_cuda_graph_compute: CUDA graph warmup reset
ggml_backend_cuda_graph_compute: CUDA graph warmup complete
                4275 runs -   236.52 us/run - 587.20 MFLOP/run - [1;34m  2.48 TFLOPS[0m
  MUL_MAT(type_a=q5_1,type_b=f32,m=4096,n=5,k=14336,bs=[1,1],nr=[1,1],per=[0,1,2,3],k_v=0,o=1): ggml_backend_cuda_graph_compute: CUDA graph warmup reset
ggml_backend_cuda_graph_compute: CUDA graph warmup complete
                4275 runs -   236.05 us/run - 587.20 MFLOP/run - [1;34m  2.49 TFLOPS[0m
  MUL_MAT(type_a=q8_0,type_b=f32,m=4096,n=5,k=14336,bs=[1,1],nr=[1,1],per=[0,1,2,3],k_v=0,o=1): ggml_backend_cuda_graph_compute: CUDA graph warmup reset
ggml_backend_cuda_graph_compute: CUDA graph warmup complete
                4275 runs -   237.17 us/run - 587.20 MFLOP/run - [1;34m  2.48 TFLOPS[0m
  MUL_MAT(type_a=q1_0,type_b=f32,m=4096,n=5,k=14336,bs=[1,1],nr=[1,1],per=[0,1,2,3],k_v=0,o=1): ggml_backend_cuda_graph_compute: CUDA graph warmup reset
ggml_backend_cuda_graph_compute: CUDA graph warmup complete
                 684 runs -  1596.30 us/run - 587.20 MFLOP/run - [1;34m367.85 GFLOPS[0m
  MUL_MAT(type_a=q2_0,type_b=f32,m=4096,n=5,k=14336,bs=[1,1],nr=[1,1],per=[0,1,2,3],k_v=0,o=1): ggml_backend_cuda_graph_compute: CUDA graph warmup reset
ggml_backend_cuda_graph_compute: CUDA graph warmup complete
                 855 runs -  1240.30 us/run - 587.20 MFLOP/run - [1;34m473.44 GFLOPS[0m
  MUL_MAT(type_a=mxfp4,type_b=f32,m=4096,n=5,k=14336,bs=[1,1],nr=[1,1],per=[0,1,2,3],k_v=0,o=1): ggml_backend_cuda_graph_compute: CUDA graph warmup reset
ggml_backend_cuda_graph_compute: CUDA graph warmup complete
               4788 runs -   214.38 us/run - 587.20 MFLOP/run - [1;34m  2.74 TFLOPS[0m
  MUL_MAT(type_a=nvfp4,type_b=f32,m=4096,n=5,k=14336,bs=[1,1],nr=[1,1],per=[0,1,2,3],k_v=0,o=1): ggml_backend_cuda_graph_compute: CUDA graph warmup reset
ggml_backend_cuda_graph_compute: CUDA graph warmup complete
               3078 runs -   343.43 us/run - 587.20 MFLOP/run - [1;34m  1.71 TFLOPS[0m
  MUL_MAT(type_a=q2_K,type_b=f32,m=4096,n=5,k=14336,bs=[1,1],nr=[1,1],per=[0,1,2,3],k_v=0,o=1): ggml_backend_cuda_graph_compute: CUDA graph warmup reset
ggml_backend_cuda_graph_compute: CUDA graph warmup complete
                1881 runs -   562.51 us/run - 587.20 MFLOP/run - [1;34m  1.04 TFLOPS[0m
  MUL_MAT(type_a=q3_K,type_b=f32,m=4096,n=5,k=14336,bs=[1,1],nr=[1,1],per=[0,1,2,3],k_v=0,o=1): ggml_backend_cuda_graph_compute: CUDA graph warmup reset
ggml_backend_cuda_graph_compute: CUDA graph warmup complete
                2223 runs -   474.05 us/run - 587.20 MFLOP/run - [1;34m  1.24 TFLOPS[0m
  MUL_MAT(type_a=q4_K,type_b=f32,m=4096,n=5,k=14336,bs=[1,1],nr=[1,1],per=[0,1,2,3],k_v=0,o=1): ggml_backend_cuda_graph_compute: CUDA graph warmup reset
ggml_backend_cuda_graph_compute: CUDA graph warmup complete
                1881 runs -   580.93 us/run - 587.20 MFLOP/run - [1;34m  1.01 TFLOPS[0m
  MUL_MAT(type_a=q5_K,type_b=f32,m=4096,n=5,k=14336,bs=[1,1],nr=[1,1],per=[0,1,2,3],k_v=0,o=1): ggml_backend_cuda_graph_compute: CUDA graph warmup reset
ggml_backend_cuda_graph_compute: CUDA graph warmup complete
                1710 runs -   598.30 us/run - 587.20 MFLOP/run - [1;34m981.45 GFLOPS[0m
  MUL_MAT(type_a=q6_K,type_b=f32,m=4096,n=5,k=14336,bs=[1,1],nr=[1,1],per=[0,1,2,3],k_v=0,o=1): ggml_backend_cuda_graph_compute: CUDA graph warmup reset
ggml_backend_cuda_graph_compute: CUDA graph warmup complete
                2565 runs -   417.51 us/run - 587.20 MFLOP/run - [1;34m  1.41 TFLOPS[0m
  MUL_MAT(type_a=iq2_xxs,type_b=f32,m=4096,n=5,k=14336,bs=[1,1],nr=[1,1],per=[0,1,2,3],k_v=0,o=1): ggml_backend_cuda_graph_compute: CUDA graph warmup complete
             3078 runs -   327.79 us/run - 587.20 MFLOP/run - [1;34m  1.79 TFLOPS[0m
  MUL_MAT(type_a=iq2_xs,type_b=f32,m=4096,n=5,k=14336,bs=[1,1],nr=[1,1],per=[0,1,2,3],k_v=0,o=1): ggml_backend_cuda_graph_compute: CUDA graph warmup reset
ggml_backend_cuda_graph_compute: CUDA graph warmup complete
              2907 runs -   361.84 us/run - 587.20 MFLOP/run - [1;34m  1.62 TFLOPS[0m
  MUL_MAT(type_a=iq2_s,type_b=f32,m=4096,n=5,k=14336,bs=[1,1],nr=[1,1],per=[0,1,2,3],k_v=0,o=1): ggml_backend_cuda_graph_compute: CUDA graph warmup reset
ggml_backend_cuda_graph_compute: CUDA graph warmup complete
               2907 runs -   353.43 us/run - 587.20 MFLOP/run - [1;34m  1.66 TFLOPS[0m
  MUL_MAT(type_a=iq3_xxs,type_b=f32,m=4096,n=5,k=14336,bs=[1,1],nr=[1,1],per=[0,1,2,3],k_v=0,o=1): ggml_backend_cuda_graph_compute: CUDA graph warmup reset
ggml_backend_cuda_graph_compute: CUDA graph warmup complete
             3078 runs -   341.94 us/run - 587.20 MFLOP/run - [1;34m  1.72 TFLOPS[0m
  MUL_MAT(type_a=iq1_s,type_b=f32,m=4096,n=5,k=14336,bs=[1,1],nr=[1,1],per=[0,1,2,3],k_v=0,o=1): ggml_backend_cuda_graph_compute: CUDA graph warmup reset
ggml_backend_cuda_graph_compute: CUDA graph warmup complete
               5130 runs -   201.39 us/run - 587.20 MFLOP/run - [1;34m  2.92 TFLOPS[0m
  MUL_MAT(type_a=iq1_m,type_b=f32,m=4096,n=5,k=14336,bs=[1,1],nr=[1,1],per=[0,1,2,3],k_v=0,o=1): ggml_backend_cuda_graph_compute: CUDA graph warmup reset
ggml_backend_cuda_graph_compute: CUDA graph warmup complete
               3591 runs -   286.56 us/run - 587.20 MFLOP/run - [1;34m  2.05 TFLOPS[0m
  MUL_MAT(type_a=iq4_nl,type_b=f32,m=4096,n=5,k=14336,bs=[1,1],nr=[1,1],per=[0,1,2,3],k_v=0,o=1): ggml_backend_cuda_graph_compute: CUDA graph warmup reset
ggml_backend_cuda_graph_compute: CUDA graph warmup complete
              4788 runs -   214.43 us/run - 587.20 MFLOP/run - [1;34m  2.74 TFLOPS[0m
  MUL_MAT(type_a=iq3_s,type_b=f32,m=4096,n=5,k=14336,bs=[1,1],nr=[1,1],per=[0,1,2,3],k_v=0,o=1): ggml_backend_cuda_graph_compute: CUDA graph warmup reset
ggml_backend_cuda_graph_compute: CUDA graph warmup complete
               3078 runs -   326.92 us/run - 587.20 MFLOP/run - [1;34m  1.80 TFLOPS[0m
  MUL_MAT(type_a=iq4_xs,type_b=f32,m=4096,n=5,k=14336,bs=[1,1],nr=[1,1],per=[0,1,2,3],k_v=0,o=1): ggml_backend_cuda_graph_compute: CUDA graph warmup complete
              4788 runs -   209.91 us/run - 587.20 MFLOP/run - [1;34m  2.80 TFLOPS[0m
  MUL_MAT(type_a=f32,type_b=f32,m=4096,n=8,k=14336,bs=[1,1],nr=[1,1],per=[0,1,2,3],k_v=0,o=1): ggml_backend_cuda_graph_compute: CUDA graph warmup reset
ggml_backend_cuda_graph_compute: CUDA graph warmup complete
                  749 runs -  1416.71 us/run - 939.52 MFLOP/run - [1;34m663.17 GFLOPS[0m
  MUL_MAT(type_a=f16,type_b=f32,m=4096,n=8,k=14336,bs=[1,1],nr=[1,1],per=[0,1,2,3],k_v=0,o=1): ggml_backend_cuda_graph_compute: CUDA graph warmup reset
ggml_backend_cuda_graph_compute: CUDA graph warmup complete
                  856 runs -  1209.74 us/run - 939.52 MFLOP/run - [1;34m776.63 GFLOPS[0m
  MUL_MAT(type_a=bf16,type_b=f32,m=4096,n=8,k=14336,bs=[1,1],nr=[1,1],per=[0,1,2,3],k_v=0,o=1): ggml_backend_cuda_graph_compute: CUDA graph warmup reset
ggml_backend_cuda_graph_compute: CUDA graph warmup complete
                 856 runs -  1248.14 us/run - 939.52 MFLOP/run - [1;34m752.74 GFLOPS[0m
  MUL_MAT(type_a=q4_0,type_b=f32,m=4096,n=8,k=14336,bs=[1,1],nr=[1,1],per=[0,1,2,3],k_v=0,o=1): ggml_backend_cuda_graph_compute: CUDA graph warmup reset
ggml_backend_cuda_graph_compute: CUDA graph warmup complete
                3424 runs -   298.30 us/run - 939.52 MFLOP/run - [1;34m  3.15 TFLOPS[0m
  MUL_MAT(type_a=q4_1,type_b=f32,m=4096,n=8,k=14336,bs=[1,1],nr=[1,1],per=[0,1,2,3],k_v=0,o=1): ggml_backend_cuda_graph_compute: CUDA graph warmup reset
ggml_backend_cuda_graph_compute: CUDA graph warmup complete
                3210 runs -   315.72 us/run - 939.52 MFLOP/run - [1;34m  2.98 TFLOPS[0m
  MUL_MAT(type_a=q5_0,type_b=f32,m=4096,n=8,k=14336,bs=[1,1],nr=[1,1],per=[0,1,2,3],k_v=0,o=1): ggml_backend_cuda_graph_compute: CUDA graph warmup reset
ggml_backend_cuda_graph_compute: CUDA graph warmup complete
                2782 runs -   362.80 us/run - 939.52 MFLOP/run - [1;34m  2.59 TFLOPS[0m
  MUL_MAT(type_a=q5_1,type_b=f32,m=4096,n=8,k=14336,bs=[1,1],nr=[1,1],per=[0,1,2,3],k_v=0,o=1): ggml_backend_cuda_graph_compute: CUDA graph warmup reset
ggml_backend_cuda_graph_compute: CUDA graph warmup complete
                2782 runs -   369.11 us/run - 939.52 MFLOP/run - [1;34m  2.55 TFLOPS[0m
  MUL_MAT(type_a=q8_0,type_b=f32,m=4096,n=8,k=14336,bs=[1,1],nr=[1,1],per=[0,1,2,3],k_v=0,o=1): ggml_backend_cuda_graph_compute: CUDA graph warmup reset
ggml_backend_cuda_graph_compute: CUDA graph warmup complete
                2568 runs -   403.74 us/run - 939.52 MFLOP/run - [1;34m  2.33 TFLOPS[0m
  MUL_MAT(type_a=q1_0,type_b=f32,m=4096,n=8,k=14336,bs=[1,1],nr=[1,1],per=[0,1,2,3],k_v=0,o=1): ggml_backend_cuda_graph_compute: CUDA graph warmup reset
ggml_backend_cuda_graph_compute: CUDA graph warmup complete
                 428 runs -  2804.98 us/run - 939.52 MFLOP/run - [1;34m334.95 GFLOPS[0m
  MUL_MAT(type_a=q2_0,type_b=f32,m=4096,n=8,k=14336,bs=[1,1],nr=[1,1],per=[0,1,2,3],k_v=0,o=1): ggml_backend_cuda_graph_compute: CUDA graph warmup reset
ggml_backend_cuda_graph_compute: CUDA graph warmup complete
                 535 runs -  1976.42 us/run - 939.52 MFLOP/run - [1;34m475.37 GFLOPS[0m
  MUL_MAT(type_a=mxfp4,type_b=f32,m=4096,n=8,k=14336,bs=[1,1],nr=[1,1],per=[0,1,2,3],k_v=0,o=1): ggml_backend_cuda_graph_compute: CUDA graph warmup reset
ggml_backend_cuda_graph_compute: CUDA graph warmup complete
               3103 runs -   324.20 us/run - 939.52 MFLOP/run - [1;34m  2.90 TFLOPS[0m
  MUL_MAT(type_a=nvfp4,type_b=f32,m=4096,n=8,k=14336,bs=[1,1],nr=[1,1],per=[0,1,2,3],k_v=0,o=1): ggml_backend_cuda_graph_compute: CUDA graph warmup reset
ggml_backend_cuda_graph_compute: CUDA graph warmup complete
               1819 runs -   563.25 us/run - 939.52 MFLOP/run - [1;34m  1.67 TFLOPS[0m
  MUL_MAT(type_a=q2_K,type_b=f32,m=4096,n=8,k=14336,bs=[1,1],nr=[1,1],per=[0,1,2,3],k_v=0,o=1): ggml_backend_cuda_graph_compute: CUDA graph warmup reset
ggml_backend_cuda_graph_compute: CUDA graph warmup complete
                1177 runs -   867.74 us/run - 939.52 MFLOP/run - [1;34m  1.08 TFLOPS[0m
  MUL_MAT(type_a=q3_K,type_b=f32,m=4096,n=8,k=14336,bs=[1,1],nr=[1,1],per=[0,1,2,3],k_v=0,o=1): ggml_backend_cuda_graph_compute: CUDA graph warmup reset
ggml_backend_cuda_graph_compute: CUDA graph warmup complete
                1498 runs -   673.41 us/run - 939.52 MFLOP/run - [1;34m  1.40 TFLOPS[0m
  MUL_MAT(type_a=q4_K,type_b=f32,m=4096,n=8,k=14336,bs=[1,1],nr=[1,1],per=[0,1,2,3],k_v=0,o=1): ggml_backend_cuda_graph_compute: CUDA graph warmup reset
ggml_backend_cuda_graph_compute: CUDA graph warmup complete
                1070 runs -   959.79 us/run - 939.52 MFLOP/run - [1;34m978.88 GFLOPS[0m
  MUL_MAT(type_a=q5_K,type_b=f32,m=4096,n=8,k=14336,bs=[1,1],nr=[1,1],per=[0,1,2,3],k_v=0,o=1): ggml_backend_cuda_graph_compute: CUDA graph warmup reset
ggml_backend_cuda_graph_compute: CUDA graph warmup complete
                1070 runs -   989.69 us/run - 939.52 MFLOP/run - [1;34m949.31 GFLOPS[0m
  MUL_MAT(type_a=q6_K,type_b=f32,m=4096,n=8,k=14336,bs=[1,1],nr=[1,1],per=[0,1,2,3],k_v=0,o=1): ggml_backend_cuda_graph_compute: CUDA graph warmup reset
ggml_backend_cuda_graph_compute: CUDA graph warmup complete
                1712 runs -   609.50 us/run - 939.52 MFLOP/run - [1;34m  1.54 TFLOPS[0m
  MUL_MAT(type_a=iq2_xxs,type_b=f32,m=4096,n=8,k=14336,bs=[1,1],nr=[1,1],per=[0,1,2,3],k_v=0,o=1): ggml_backend_cuda_graph_compute: CUDA graph warmup complete
             2354 runs -   432.57 us/run - 939.52 MFLOP/run - [1;34m  2.17 TFLOPS[0m
  MUL_MAT(type_a=iq2_xs,type_b=f32,m=4096,n=8,k=14336,bs=[1,1],nr=[1,1],per=[0,1,2,3],k_v=0,o=1): ggml_backend_cuda_graph_compute: CUDA graph warmup reset
ggml_backend_cuda_graph_compute: CUDA graph warmup complete
              2140 runs -   483.31 us/run - 939.52 MFLOP/run - [1;34m  1.94 TFLOPS[0m
  MUL_MAT(type_a=iq2_s,type_b=f32,m=4096,n=8,k=14336,bs=[1,1],nr=[1,1],per=[0,1,2,3],k_v=0,o=1): ggml_backend_cuda_graph_compute: CUDA graph warmup reset
ggml_backend_cuda_graph_compute: CUDA graph warmup complete
               2140 runs -   474.13 us/run - 939.52 MFLOP/run - [1;34m  1.98 TFLOPS[0m
  MUL_MAT(type_a=iq3_xxs,type_b=f32,m=4096,n=8,k=14336,bs=[1,1],nr=[1,1],per=[0,1,2,3],k_v=0,o=1): ggml_backend_cuda_graph_compute: CUDA graph warmup reset
ggml_backend_cuda_graph_compute: CUDA graph warmup complete
             2247 runs -   447.25 us/run - 939.52 MFLOP/run - [1;34m  2.10 TFLOPS[0m
  MUL_MAT(type_a=iq1_s,type_b=f32,m=4096,n=8,k=14336,bs=[1,1],nr=[1,1],per=[0,1,2,3],k_v=0,o=1): ggml_backend_cuda_graph_compute: CUDA graph warmup reset
ggml_backend_cuda_graph_compute: CUDA graph warmup complete
               3317 runs -   310.47 us/run - 939.52 MFLOP/run - [1;34m  3.03 TFLOPS[0m
  MUL_MAT(type_a=iq1_m,type_b=f32,m=4096,n=8,k=14336,bs=[1,1],nr=[1,1],per=[0,1,2,3],k_v=0,o=1): ggml_backend_cuda_graph_compute: CUDA graph warmup reset
ggml_backend_cuda_graph_compute: CUDA graph warmup complete
               2247 runs -   445.55 us/run - 939.52 MFLOP/run - [1;34m  2.11 TFLOPS[0m
  MUL_MAT(type_a=iq4_nl,type_b=f32,m=4096,n=8,k=14336,bs=[1,1],nr=[1,1],per=[0,1,2,3],k_v=0,o=1): ggml_backend_cuda_graph_compute: CUDA graph warmup reset
ggml_backend_cuda_graph_compute: CUDA graph warmup complete
              3103 runs -   325.29 us/run - 939.52 MFLOP/run - [1;34m  2.89 TFLOPS[0m
  MUL_MAT(type_a=iq3_s,type_b=f32,m=4096,n=8,k=14336,bs=[1,1],nr=[1,1],per=[0,1,2,3],k_v=0,o=1): ggml_backend_cuda_graph_compute: CUDA graph warmup reset
ggml_backend_cuda_graph_compute: CUDA graph warmup complete
               2354 runs -   425.06 us/run - 939.52 MFLOP/run - [1;34m  2.21 TFLOPS[0m
  MUL_MAT(type_a=iq4_xs,type_b=f32,m=4096,n=8,k=14336,bs=[1,1],nr=[1,1],per=[0,1,2,3],k_v=0,o=1): ggml_backend_cuda_graph_compute: CUDA graph warmup complete
              3317 runs -   305.52 us/run - 939.52 MFLOP/run - [1;34m  3.08 TFLOPS[0m
  MUL_MAT(type_a=f32,type_b=f32,m=4096,n=512,k=14336,bs=[1,1],nr=[1,1],per=[0,1,2,3],k_v=0,o=1): ggml_backend_cuda_graph_compute: CUDA graph warmup reset
ggml_backend_cuda_graph_compute: CUDA graph warmup complete
                 44 runs - 23426.41 us/run -  60.13 GFLOP/run - [1;34m  2.57 TFLOPS[0m
  MUL_MAT(type_a=f16,type_b=f32,m=4096,n=512,k=14336,bs=[1,1],nr=[1,1],per=[0,1,2,3],k_v=0,o=1): ggml_backend_cuda_graph_compute: CUDA graph warmup reset
ggml_backend_cuda_graph_compute: CUDA graph warmup complete
                 38 runs - 27461.21 us/run -  60.13 GFLOP/run - [1;34m  2.19 TFLOPS[0m
  MUL_MAT(type_a=bf16,type_b=f32,m=4096,n=512,k=14336,bs=[1,1],nr=[1,1],per=[0,1,2,3],k_v=0,o=1): ggml_backend_cuda_graph_compute: CUDA graph warmup reset
ggml_backend_cuda_graph_compute: CUDA graph warmup complete
                34 runs - 29567.41 us/run -  60.13 GFLOP/run - [1;34m  2.03 TFLOPS[0m
  MUL_MAT(type_a=q4_0,type_b=f32,m=4096,n=512,k=14336,bs=[1,1],nr=[1,1],per=[0,1,2,3],k_v=0,o=1): ggml_backend_cuda_graph_compute: CUDA graph warmup complete
                68 runs - 15034.04 us/run -  60.13 GFLOP/run - [1;34m  4.00 TFLOPS[0m
  MUL_MAT(type_a=q4_1,type_b=f32,m=4096,n=512,k=14336,bs=[1,1],nr=[1,1],per=[0,1,2,3],k_v=0,o=1): ggml_backend_cuda_graph_compute: CUDA graph warmup complete
                66 runs - 15409.68 us/run -  60.13 GFLOP/run - [1;34m  3.90 TFLOPS[0m
  MUL_MAT(type_a=q5_0,type_b=f32,m=4096,n=512,k=14336,bs=[1,1],nr=[1,1],per=[0,1,2,3],k_v=0,o=1): ggml_backend_cuda_graph_compute: CUDA graph warmup complete
                64 runs - 15627.84 us/run -  60.13 GFLOP/run - [1;34m  3.85 TFLOPS[0m
  MUL_MAT(type_a=q5_1,type_b=f32,m=4096,n=512,k=14336,bs=[1,1],nr=[1,1],per=[0,1,2,3],k_v=0,o=1): ggml_backend_cuda_graph_compute: CUDA graph warmup complete
                64 runs - 15944.09 us/run -  60.13 GFLOP/run - [1;34m  3.77 TFLOPS[0m
  MUL_MAT(type_a=q8_0,type_b=f32,m=4096,n=512,k=14336,bs=[1,1],nr=[1,1],per=[0,1,2,3],k_v=0,o=1): ggml_backend_cuda_graph_compute: CUDA graph warmup complete
                68 runs - 14717.41 us/run -  60.13 GFLOP/run - [1;34m  4.09 TFLOPS[0m
  MUL_MAT(type_a=q1_0,type_b=f32,m=4096,n=512,k=14336,bs=[1,1],nr=[1,1],per=[0,1,2,3],k_v=0,o=1): ggml_backend_cuda_graph_compute: CUDA graph warmup complete
                62 runs - 16237.84 us/run -  60.13 GFLOP/run - [1;34m  3.70 TFLOPS[0m
  MUL_MAT(type_a=q2_0,type_b=f32,m=4096,n=512,k=14336,bs=[1,1],nr=[1,1],per=[0,1,2,3],k_v=0,o=1): ggml_backend_cuda_graph_compute: CUDA graph warmup complete
                66 runs - 15466.29 us/run -  60.13 GFLOP/run - [1;34m  3.89 TFLOPS[0m
  MUL_MAT(type_a=mxfp4,type_b=f32,m=4096,n=512,k=14336,bs=[1,1],nr=[1,1],per=[0,1,2,3],k_v=0,o=1): ggml_backend_cuda_graph_compute: CUDA graph warmup complete
               68 runs - 14864.09 us/run -  60.13 GFLOP/run - [1;34m  4.05 TFLOPS[0m
  MUL_MAT(type_a=nvfp4,type_b=f32,m=4096,n=512,k=14336,bs=[1,1],nr=[1,1],per=[0,1,2,3],k_v=0,o=1): ggml_backend_cuda_graph_compute: CUDA graph warmup complete
               62 runs - 16230.56 us/run -  60.13 GFLOP/run - [1;34m  3.70 TFLOPS[0m
  MUL_MAT(type_a=q2_K,type_b=f32,m=4096,n=512,k=14336,bs=[1,1],nr=[1,1],per=[0,1,2,3],k_v=0,o=1): ggml_backend_cuda_graph_compute: CUDA graph warmup complete
                18 runs - 60704.50 us/run -  60.13 GFLOP/run - [1;34m990.53 GFLOPS[0m
  MUL_MAT(type_a=q3_K,type_b=f32,m=4096,n=512,k=14336,bs=[1,1],nr=[1,1],per=[0,1,2,3],k_v=0,o=1): ggml_backend_cuda_graph_compute: CUDA graph warmup complete
                56 runs - 18194.80 us/run -  60.13 GFLOP/run - [1;34m  3.30 TFLOPS[0m
  MUL_MAT(type_a=q4_K,type_b=f32,m=4096,n=512,k=14336,bs=[1,1],nr=[1,1],per=[0,1,2,3],k_v=0,o=1): ggml_backend_cuda_graph_compute: CUDA graph warmup complete
                46 runs - 22369.07 us/run -  60.13 GFLOP/run - [1;34m  2.69 TFLOPS[0m
  MUL_MAT(type_a=q5_K,type_b=f32,m=4096,n=512,k=14336,bs=[1,1],nr=[1,1],per=[0,1,2,3],k_v=0,o=1): ggml_backend_cuda_graph_compute: CUDA graph warmup reset
ggml_backend_cuda_graph_compute: CUDA graph warmup complete
                42 runs - 24091.00 us/run -  60.13 GFLOP/run - [1;34m  2.50 TFLOPS[0m
  MUL_MAT(type_a=q6_K,type_b=f32,m=4096,n=512,k=14336,bs=[1,1],nr=[1,1],per=[0,1,2,3],k_v=0,o=1): ggml_backend_cuda_graph_compute: CUDA graph warmup complete
                40 runs - 25060.65 us/run -  60.13 GFLOP/run - [1;34m  2.40 TFLOPS[0m
  MUL_MAT(type_a=iq2_xxs,type_b=f32,m=4096,n=512,k=14336,bs=[1,1],nr=[1,1],per=[0,1,2,3],k_v=0,o=1): ggml_backend_cuda_graph_compute: CUDA graph warmup complete
                     62 runs - 16644.58 us/run -  60.13 GFLOP/run - [1;34m  3.61 TFLOPS[0m
  MUL_MAT(type_a=iq2_xs,type_b=f32,m=4096,n=512,k=14336,bs=[1,1],nr=[1,1],per=[0,1,2,3],k_v=0,o=1): ggml_backend_cuda_graph_compute: CUDA graph warmup complete
                      58 runs - 17562.10 us/run -  60.13 GFLOP/run - [1;34m  3.42 TFLOPS[0m
  MUL_MAT(type_a=iq2_s,type_b=f32,m=4096,n=512,k=14336,bs=[1,1],nr=[1,1],per=[0,1,2,3],k_v=0,o=1): ggml_backend_cuda_graph_compute: CUDA graph warmup complete
               58 runs - 17698.57 us/run -  60.13 GFLOP/run - [1;34m  3.40 TFLOPS[0m
  MUL_MAT(type_a=iq3_xxs,type_b=f32,m=4096,n=512,k=14336,bs=[1,1],nr=[1,1],per=[0,1,2,3],k_v=0,o=1): ggml_backend_cuda_graph_compute: CUDA graph warmup complete
                     60 runs - 16889.15 us/run -  60.13 GFLOP/run - [1;34m  3.56 TFLOPS[0m
  MUL_MAT(type_a=iq1_s,type_b=f32,m=4096,n=512,k=14336,bs=[1,1],nr=[1,1],per=[0,1,2,3],k_v=0,o=1): ggml_backend_cuda_graph_compute: CUDA graph warmup complete
               66 runs - 15476.65 us/run -  60.13 GFLOP/run - [1;34m  3.89 TFLOPS[0m
  MUL_MAT(type_a=iq1_m,type_b=f32,m=4096,n=512,k=14336,bs=[1,1],nr=[1,1],per=[0,1,2,3],k_v=0,o=1): ggml_backend_cuda_graph_compute: CUDA graph warmup reset
ggml_backend_cuda_graph_compute: CUDA graph warmup complete
               70 runs - 14460.96 us/run -  60.13 GFLOP/run - [1;34m  4.16 TFLOPS[0m
  MUL_MAT(type_a=iq4_nl,type_b=f32,m=4096,n=512,k=14336,bs=[1,1],nr=[1,1],per=[0,1,2,3],k_v=0,o=1): ggml_backend_cuda_graph_compute: CUDA graph warmup complete
                      66 runs - 15200.32 us/run -  60.13 GFLOP/run - [1;34m  3.96 TFLOPS[0m
  MUL_MAT(type_a=iq3_s,type_b=f32,m=4096,n=512,k=14336,bs=[1,1],nr=[1,1],per=[0,1,2,3],k_v=0,o=1): ggml_backend_cuda_graph_compute: CUDA graph warmup complete
               60 runs - 16689.95 us/run -  60.13 GFLOP/run - [1;34m  3.60 TFLOPS[0m
  MUL_MAT(type_a=iq4_xs,type_b=f32,m=4096,n=512,k=14336,bs=[1,1],nr=[1,1],per=[0,1,2,3],k_v=0,o=1):                       68 runs - 15002.28 us/run -  60.13 GFLOP/run - [1;34m  4.01 TFLOPS[0m
  Backend ROCm0: [1;32mOK[0m
Backend 2/2: CPU
  Skipping
2/2 backends passed
[1;32mOK[0m
