### KERNEL 7.1.5 dmesg GPU-fault/wedge evidence 23:44:46
[    6.473056] amdgpu 0000:01:00.0: [drm] *ERROR* dal_irq_service_dummy_ack: called for non-implemented irq source, src_id=0, ext_id=0
[    6.473068] amdgpu 0000:01:00.0: [drm] *ERROR* dal_irq_service_dummy_set: called for non-implemented irq source, src_id=0, ext_id=0
[    6.473069] amdgpu 0000:01:00.0: [drm] *ERROR* Failed to clear hpd(rx) source=4 on init
[    6.473080] amdgpu 0000:01:00.0: [drm] *ERROR* dal_irq_service_dummy_ack: called for non-implemented irq source, src_id=0, ext_id=0
[    6.473092] amdgpu 0000:01:00.0: [drm] *ERROR* dal_irq_service_dummy_set: called for non-implemented irq source, src_id=0, ext_id=0
[    6.473093] amdgpu 0000:01:00.0: [drm] *ERROR* Failed to clear hpd(rx) source=5 on init
[    6.473104] amdgpu 0000:01:00.0: [drm] *ERROR* dal_irq_service_dummy_ack: called for non-implemented irq source, src_id=0, ext_id=0
[    6.473115] amdgpu 0000:01:00.0: [drm] *ERROR* dal_irq_service_dummy_set: called for non-implemented irq source, src_id=0, ext_id=0
[    6.473116] amdgpu 0000:01:00.0: [drm] *ERROR* Failed to clear hpd(rx) source=6 on init
[    6.473130] amdgpu 0000:01:00.0: [drm] *ERROR* dal_irq_service_dummy_ack: called for non-implemented irq source, src_id=0, ext_id=0
[    6.473141] amdgpu 0000:01:00.0: [drm] *ERROR* dal_irq_service_dummy_set: called for non-implemented irq source, src_id=0, ext_id=0
[    6.473143] amdgpu 0000:01:00.0: [drm] *ERROR* Failed to clear hpd(rx) source=9 on init
[    6.473154] amdgpu 0000:01:00.0: [drm] *ERROR* dal_irq_service_dummy_ack: called for non-implemented irq source, src_id=0, ext_id=0
[    6.473165] amdgpu 0000:01:00.0: [drm] *ERROR* dal_irq_service_dummy_set: called for non-implemented irq source, src_id=0, ext_id=0
[    6.473166] amdgpu 0000:01:00.0: [drm] *ERROR* Failed to clear hpd(rx) source=10 on init
[    6.473177] amdgpu 0000:01:00.0: [drm] *ERROR* dal_irq_service_dummy_ack: called for non-implemented irq source, src_id=0, ext_id=0
[    6.473188] amdgpu 0000:01:00.0: [drm] *ERROR* dal_irq_service_dummy_set: called for non-implemented irq source, src_id=0, ext_id=0
[    6.473189] amdgpu 0000:01:00.0: [drm] *ERROR* Failed to clear hpd(rx) source=11 on init
[    6.473200] amdgpu 0000:01:00.0: [drm] *ERROR* dal_irq_service_dummy_ack: called for non-implemented irq source, src_id=0, ext_id=0
[    6.473211] amdgpu 0000:01:00.0: [drm] *ERROR* dal_irq_service_dummy_set: called for non-implemented irq source, src_id=0, ext_id=0
[    6.473212] amdgpu 0000:01:00.0: [drm] *ERROR* Failed to clear hpd(rx) source=12 on init
[   16.362503] amdgpu 0000:01:00.0: 	 WALKER_ERROR: 0x0
[   16.362505] amdgpu 0000:01:00.0: 	 MAPPING_ERROR: 0x0
[   16.362518] amdgpu 0000:01:00.0: 	 WALKER_ERROR: 0x0
[   16.362520] amdgpu 0000:01:00.0: 	 MAPPING_ERROR: 0x0
