0.04.224.946 W DEPRECATED: --mmap and --no-mmap are deprecated. use --load-mode mmap instead
0.05.099.821 W load: control-looking token: 128247 '</s>' was not control-type; this is probably a bug in the model. its type will be overridden
0.16.748.130 I 
0.16.748.234 I system_info: n_threads = 6 (n_threads_batch = 6) / 12 | ROCm : NO_VMM = 1 | CPU : SSE3 = 1 | SSSE3 = 1 | AVX = 1 | AVX2 = 1 | F16C = 1 | FMA = 1 | BMI2 = 1 | LLAMAFILE = 1 | OPENMP = 1 | REPACK = 1 | 
0.16.748.251 I perplexity: tokenizing the input ..
0.17.489.503 I perplexity: tokenization took 741.243 ms
0.17.489.808 I perplexity: calculating perplexity over 1 chunks, n_ctx=2048, batch_size=2048, n_seq=1
BC250TEMP Vcur-0 gemm_output_abs_sum=18886 (ne_dst=1048576)
BC250TEMP Vcur-1 gemm_output_abs_sum=39782.5 (ne_dst=1048576)
BC250TEMP Vcur-2 gemm_output_abs_sum=52089.8 (ne_dst=1048576)
BC250TEMP Vcur-3 gemm_output_abs_sum=71351.6 (ne_dst=1048576)
BC250TEMP Vcur-4 gemm_output_abs_sum=87277.9 (ne_dst=1048576)
BC250TEMP Vcur-5 gemm_output_abs_sum=94515.7 (ne_dst=1048576)
BC250TEMP Vcur-6 gemm_output_abs_sum=114525 (ne_dst=1048576)
BC250TEMP Vcur-7 gemm_output_abs_sum=166531 (ne_dst=1048576)
BC250TEMP Vcur-8 gemm_output_abs_sum=216295 (ne_dst=1048576)
BC250TEMP Vcur-9 gemm_output_abs_sum=221387 (ne_dst=1048576)
BC250TEMP Vcur-10 gemm_output_abs_sum=312699 (ne_dst=1048576)
BC250TEMP Vcur-11 gemm_output_abs_sum=222274 (ne_dst=1048576)
BC250TEMP Vcur-12 gemm_output_abs_sum=257375 (ne_dst=1048576)
BC250TEMP Vcur-13 gemm_output_abs_sum=239694 (ne_dst=1048576)
BC250TEMP Vcur-14 gemm_output_abs_sum=316727 (ne_dst=1048576)
BC250TEMP Vcur-15 gemm_output_abs_sum=309364 (ne_dst=1048576)
BC250TEMP Vcur-16 gemm_output_abs_sum=399265 (ne_dst=1048576)
BC250TEMP Vcur-17 gemm_output_abs_sum=368056 (ne_dst=1048576)
BC250TEMP Vcur-18 gemm_output_abs_sum=395454 (ne_dst=1048576)
BC250TEMP Vcur-19 gemm_output_abs_sum=513569 (ne_dst=1048576)
BC250TEMP Vcur-20 gemm_output_abs_sum=510519 (ne_dst=1048576)
BC250TEMP Vcur-21 gemm_output_abs_sum=574674 (ne_dst=1048576)
BC250TEMP Vcur-22 gemm_output_abs_sum=712455 (ne_dst=1048576)
BC250TEMP Vcur-23 gemm_output_abs_sum=720680 (ne_dst=1048576)
BC250TEMP Vcur-24 gemm_output_abs_sum=1.0308e+06 (ne_dst=1048576)
BC250TEMP Vcur-25 gemm_output_abs_sum=910013 (ne_dst=1048576)
BC250TEMP Vcur-26 gemm_output_abs_sum=1.1062e+06 (ne_dst=1048576)
BC250TEMP Vcur-27 gemm_output_abs_sum=1.24894e+06 (ne_dst=1048576)
BC250TEMP Vcur-28 gemm_output_abs_sum=1.33952e+06 (ne_dst=1048576)
BC250TEMP Vcur-29 gemm_output_abs_sum=2.1343e+06 (ne_dst=1048576)
BC250TEMP Vcur-30 gemm_output_abs_sum=2.16157e+06 (ne_dst=1048576)
BC250TEMP Vcur-31 gemm_output_abs_sum=2.549e+06 (ne_dst=1048576)
BC250TEMP Vcur-32 gemm_output_abs_sum=3.11477e+06 (ne_dst=1048576)
BC250TEMP Vcur-33 gemm_output_abs_sum=4.70858e+06 (ne_dst=1048576)
BC250TEMP Vcur-34 gemm_output_abs_sum=4.06829e+06 (ne_dst=1048576)
BC250TEMP Vcur-35 gemm_output_abs_sum=2.67294e+06 (ne_dst=1048576)
BC250TEMP Vcur-0 gemm_output_abs_sum=0 (ne_dst=1048576)
BC250TEMP Vcur-1 gemm_output_abs_sum=48654.1 (ne_dst=1048576)
BC250TEMP Vcur-2 gemm_output_abs_sum=60061.6 (ne_dst=1048576)
BC250TEMP Vcur-3 gemm_output_abs_sum=78128.8 (ne_dst=1048576)
BC250TEMP Vcur-4 gemm_output_abs_sum=100210 (ne_dst=1048576)
BC250TEMP Vcur-5 gemm_output_abs_sum=103002 (ne_dst=1048576)
BC250TEMP Vcur-6 gemm_output_abs_sum=127353 (ne_dst=1048576)
BC250TEMP Vcur-7 gemm_output_abs_sum=178492 (ne_dst=1048576)
BC250TEMP Vcur-8 gemm_output_abs_sum=229778 (ne_dst=1048576)
BC250TEMP Vcur-9 gemm_output_abs_sum=233345 (ne_dst=1048576)
BC250TEMP Vcur-10 gemm_output_abs_sum=322732 (ne_dst=1048576)
BC250TEMP Vcur-11 gemm_output_abs_sum=225110 (ne_dst=1048576)
BC250TEMP Vcur-12 gemm_output_abs_sum=267156 (ne_dst=1048576)
BC250TEMP Vcur-13 gemm_output_abs_sum=242853 (ne_dst=1048576)
BC250TEMP Vcur-14 gemm_output_abs_sum=318837 (ne_dst=1048576)
BC250TEMP Vcur-15 gemm_output_abs_sum=319332 (ne_dst=1048576)
BC250TEMP Vcur-16 gemm_output_abs_sum=405978 (ne_dst=1048576)
BC250TEMP Vcur-17 gemm_output_abs_sum=373976 (ne_dst=1048576)
BC250TEMP Vcur-18 gemm_output_abs_sum=401845 (ne_dst=1048576)
BC250TEMP Vcur-19 gemm_output_abs_sum=542866 (ne_dst=1048576)
BC250TEMP Vcur-20 gemm_output_abs_sum=547556 (ne_dst=1048576)
BC250TEMP Vcur-21 gemm_output_abs_sum=599830 (ne_dst=1048576)
BC250TEMP Vcur-22 gemm_output_abs_sum=766135 (ne_dst=1048576)
BC250TEMP Vcur-23 gemm_output_abs_sum=742677 (ne_dst=1048576)
BC250TEMP Vcur-24 gemm_output_abs_sum=1.04498e+06 (ne_dst=1048576)
BC250TEMP Vcur-25 gemm_output_abs_sum=938651 (ne_dst=1048576)
BC250TEMP Vcur-26 gemm_output_abs_sum=1.1556e+06 (ne_dst=1048576)
BC250TEMP Vcur-27 gemm_output_abs_sum=1.32994e+06 (ne_dst=1048576)
BC250TEMP Vcur-28 gemm_output_abs_sum=1.38481e+06 (ne_dst=1048576)
BC250TEMP Vcur-29 gemm_output_abs_sum=2.18402e+06 (ne_dst=1048576)
BC250TEMP Vcur-30 gemm_output_abs_sum=2.18748e+06 (ne_dst=1048576)
BC250TEMP Vcur-31 gemm_output_abs_sum=2.63388e+06 (ne_dst=1048576)
BC250TEMP Vcur-32 gemm_output_abs_sum=3.17598e+06 (ne_dst=1048576)
BC250TEMP Vcur-33 gemm_output_abs_sum=4.73781e+06 (ne_dst=1048576)
BC250TEMP Vcur-34 gemm_output_abs_sum=4.0735e+06 (ne_dst=1048576)
BC250TEMP Vcur-35 gemm_output_abs_sum=2.66141e+06 (ne_dst=1048576)
0.27.957.451 I perplexity: 10.47 seconds per pass - ETA 0.17 minutes
[1]11.7443,
0.28.062.951 I Final estimate: PPL = 11.7443 +/- 1.18910

