0.04.209.524 W DEPRECATED: --mmap and --no-mmap are deprecated. use --load-mode mmap instead
0.05.080.909 W load: control-looking token: 128247 '</s>' was not control-type; this is probably a bug in the model. its type will be overridden
0.15.751.561 I 
0.15.751.666 I system_info: n_threads = 6 (n_threads_batch = 6) / 12 | ROCm : NO_VMM = 1 | CPU : SSE3 = 1 | SSSE3 = 1 | AVX = 1 | AVX2 = 1 | F16C = 1 | FMA = 1 | BMI2 = 1 | LLAMAFILE = 1 | OPENMP = 1 | REPACK = 1 | 
0.15.751.683 I perplexity: tokenizing the input ..
0.16.485.571 I perplexity: tokenization took 733.882 ms
0.16.485.855 I perplexity: calculating perplexity over 1 chunks, n_ctx=2048, batch_size=2048, n_seq=1
BC250TEMP Vcur-0 gemm_output_abs_sum=4727.01 (ne_dst=262144)
BC250TEMP Vcur-1 gemm_output_abs_sum=9843.19 (ne_dst=262144)
BC250TEMP Vcur-2 gemm_output_abs_sum=12936.3 (ne_dst=262144)
BC250TEMP Vcur-3 gemm_output_abs_sum=17833.2 (ne_dst=262144)
BC250TEMP Vcur-4 gemm_output_abs_sum=21880.9 (ne_dst=262144)
BC250TEMP Vcur-5 gemm_output_abs_sum=23651.6 (ne_dst=262144)
BC250TEMP Vcur-6 gemm_output_abs_sum=28980.1 (ne_dst=262144)
BC250TEMP Vcur-7 gemm_output_abs_sum=43123.2 (ne_dst=262144)
BC250TEMP Vcur-8 gemm_output_abs_sum=56062.4 (ne_dst=262144)
BC250TEMP Vcur-9 gemm_output_abs_sum=57736.6 (ne_dst=262144)
BC250TEMP Vcur-10 gemm_output_abs_sum=82542.6 (ne_dst=262144)
BC250TEMP Vcur-11 gemm_output_abs_sum=58147.7 (ne_dst=262144)
BC250TEMP Vcur-12 gemm_output_abs_sum=64783.2 (ne_dst=262144)
BC250TEMP Vcur-13 gemm_output_abs_sum=61242.1 (ne_dst=262144)
BC250TEMP Vcur-14 gemm_output_abs_sum=79524.9 (ne_dst=262144)
BC250TEMP Vcur-15 gemm_output_abs_sum=76864.8 (ne_dst=262144)
BC250TEMP Vcur-16 gemm_output_abs_sum=98970.3 (ne_dst=262144)
BC250TEMP Vcur-17 gemm_output_abs_sum=87324.5 (ne_dst=262144)
BC250TEMP Vcur-18 gemm_output_abs_sum=95129.3 (ne_dst=262144)
BC250TEMP Vcur-19 gemm_output_abs_sum=120789 (ne_dst=262144)
BC250TEMP Vcur-20 gemm_output_abs_sum=118928 (ne_dst=262144)
BC250TEMP Vcur-21 gemm_output_abs_sum=134910 (ne_dst=262144)
BC250TEMP Vcur-22 gemm_output_abs_sum=167747 (ne_dst=262144)
BC250TEMP Vcur-23 gemm_output_abs_sum=174359 (ne_dst=262144)
BC250TEMP Vcur-24 gemm_output_abs_sum=259872 (ne_dst=262144)
BC250TEMP Vcur-25 gemm_output_abs_sum=224523 (ne_dst=262144)
BC250TEMP Vcur-26 gemm_output_abs_sum=282318 (ne_dst=262144)
BC250TEMP Vcur-27 gemm_output_abs_sum=315898 (ne_dst=262144)
BC250TEMP Vcur-28 gemm_output_abs_sum=333659 (ne_dst=262144)
BC250TEMP Vcur-29 gemm_output_abs_sum=545046 (ne_dst=262144)
BC250TEMP Vcur-30 gemm_output_abs_sum=554992 (ne_dst=262144)
BC250TEMP Vcur-31 gemm_output_abs_sum=669447 (ne_dst=262144)
BC250TEMP Vcur-32 gemm_output_abs_sum=810981 (ne_dst=262144)
BC250TEMP Vcur-33 gemm_output_abs_sum=1.23674e+06 (ne_dst=262144)
BC250TEMP Vcur-34 gemm_output_abs_sum=1.0731e+06 (ne_dst=262144)
BC250TEMP Vcur-35 gemm_output_abs_sum=696459 (ne_dst=262144)
BC250TEMP Vcur-0 gemm_output_abs_sum=0 (ne_dst=262144)
BC250TEMP Vcur-1 gemm_output_abs_sum=11791.2 (ne_dst=262144)
BC250TEMP Vcur-2 gemm_output_abs_sum=14168.5 (ne_dst=262144)
BC250TEMP Vcur-3 gemm_output_abs_sum=19085.6 (ne_dst=262144)
BC250TEMP Vcur-4 gemm_output_abs_sum=24755.5 (ne_dst=262144)
BC250TEMP Vcur-5 gemm_output_abs_sum=25368.6 (ne_dst=262144)
BC250TEMP Vcur-6 gemm_output_abs_sum=31151 (ne_dst=262144)
BC250TEMP Vcur-7 gemm_output_abs_sum=43791.5 (ne_dst=262144)
BC250TEMP Vcur-8 gemm_output_abs_sum=56319.7 (ne_dst=262144)
BC250TEMP Vcur-9 gemm_output_abs_sum=59191 (ne_dst=262144)
BC250TEMP Vcur-10 gemm_output_abs_sum=80222.1 (ne_dst=262144)
BC250TEMP Vcur-11 gemm_output_abs_sum=55468.2 (ne_dst=262144)
BC250TEMP Vcur-12 gemm_output_abs_sum=65936.4 (ne_dst=262144)
BC250TEMP Vcur-13 gemm_output_abs_sum=60310.5 (ne_dst=262144)
BC250TEMP Vcur-14 gemm_output_abs_sum=79219.4 (ne_dst=262144)
BC250TEMP Vcur-15 gemm_output_abs_sum=78050.8 (ne_dst=262144)
BC250TEMP Vcur-16 gemm_output_abs_sum=99378.5 (ne_dst=262144)
BC250TEMP Vcur-17 gemm_output_abs_sum=91233 (ne_dst=262144)
BC250TEMP Vcur-18 gemm_output_abs_sum=94701 (ne_dst=262144)
BC250TEMP Vcur-19 gemm_output_abs_sum=131858 (ne_dst=262144)
BC250TEMP Vcur-20 gemm_output_abs_sum=135639 (ne_dst=262144)
BC250TEMP Vcur-21 gemm_output_abs_sum=146077 (ne_dst=262144)
BC250TEMP Vcur-22 gemm_output_abs_sum=184383 (ne_dst=262144)
BC250TEMP Vcur-23 gemm_output_abs_sum=179214 (ne_dst=262144)
BC250TEMP Vcur-24 gemm_output_abs_sum=261055 (ne_dst=262144)
BC250TEMP Vcur-25 gemm_output_abs_sum=226093 (ne_dst=262144)
BC250TEMP Vcur-26 gemm_output_abs_sum=280302 (ne_dst=262144)
BC250TEMP Vcur-27 gemm_output_abs_sum=316717 (ne_dst=262144)
BC250TEMP Vcur-28 gemm_output_abs_sum=334661 (ne_dst=262144)
BC250TEMP Vcur-29 gemm_output_abs_sum=555635 (ne_dst=262144)
BC250TEMP Vcur-30 gemm_output_abs_sum=532456 (ne_dst=262144)
BC250TEMP Vcur-31 gemm_output_abs_sum=651608 (ne_dst=262144)
BC250TEMP Vcur-32 gemm_output_abs_sum=793277 (ne_dst=262144)
BC250TEMP Vcur-33 gemm_output_abs_sum=1.23122e+06 (ne_dst=262144)
BC250TEMP Vcur-34 gemm_output_abs_sum=1.04291e+06 (ne_dst=262144)
BC250TEMP Vcur-35 gemm_output_abs_sum=671094 (ne_dst=262144)
BC250TEMP Vcur-0 gemm_output_abs_sum=0 (ne_dst=262144)
BC250TEMP Vcur-1 gemm_output_abs_sum=12313.5 (ne_dst=262144)
BC250TEMP Vcur-2 gemm_output_abs_sum=14548.4 (ne_dst=262144)
BC250TEMP Vcur-3 gemm_output_abs_sum=19057.5 (ne_dst=262144)
BC250TEMP Vcur-4 gemm_output_abs_sum=25198 (ne_dst=262144)
BC250TEMP Vcur-5 gemm_output_abs_sum=24972 (ne_dst=262144)
BC250TEMP Vcur-6 gemm_output_abs_sum=30541.7 (ne_dst=262144)
BC250TEMP Vcur-7 gemm_output_abs_sum=41140.8 (ne_dst=262144)
BC250TEMP Vcur-8 gemm_output_abs_sum=52448.6 (ne_dst=262144)
BC250TEMP Vcur-9 gemm_output_abs_sum=53810.1 (ne_dst=262144)
BC250TEMP Vcur-10 gemm_output_abs_sum=71262.4 (ne_dst=262144)
BC250TEMP Vcur-11 gemm_output_abs_sum=50289.7 (ne_dst=262144)
BC250TEMP Vcur-12 gemm_output_abs_sum=63965.7 (ne_dst=262144)
BC250TEMP Vcur-13 gemm_output_abs_sum=57262.8 (ne_dst=262144)
BC250TEMP Vcur-14 gemm_output_abs_sum=76219.2 (ne_dst=262144)
BC250TEMP Vcur-15 gemm_output_abs_sum=75183.4 (ne_dst=262144)
BC250TEMP Vcur-16 gemm_output_abs_sum=96226.7 (ne_dst=262144)
BC250TEMP Vcur-17 gemm_output_abs_sum=92101.3 (ne_dst=262144)
BC250TEMP Vcur-18 gemm_output_abs_sum=94793.9 (ne_dst=262144)
BC250TEMP Vcur-19 gemm_output_abs_sum=132754 (ne_dst=262144)
BC250TEMP Vcur-20 gemm_output_abs_sum=137218 (ne_dst=262144)
BC250TEMP Vcur-21 gemm_output_abs_sum=148127 (ne_dst=262144)
BC250TEMP Vcur-22 gemm_output_abs_sum=189294 (ne_dst=262144)
BC250TEMP Vcur-23 gemm_output_abs_sum=173206 (ne_dst=262144)
BC250TEMP Vcur-24 gemm_output_abs_sum=250979 (ne_dst=262144)
BC250TEMP Vcur-25 gemm_output_abs_sum=219907 (ne_dst=262144)
BC250TEMP Vcur-26 gemm_output_abs_sum=261334 (ne_dst=262144)
BC250TEMP Vcur-27 gemm_output_abs_sum=299843 (ne_dst=262144)
BC250TEMP Vcur-28 gemm_output_abs_sum=320323 (ne_dst=262144)
BC250TEMP Vcur-29 gemm_output_abs_sum=540642 (ne_dst=262144)
BC250TEMP Vcur-30 gemm_output_abs_sum=520294 (ne_dst=262144)
BC250TEMP Vcur-31 gemm_output_abs_sum=621734 (ne_dst=262144)
BC250TEMP Vcur-32 gemm_output_abs_sum=781647 (ne_dst=262144)
BC250TEMP Vcur-33 gemm_output_abs_sum=1.19983e+06 (ne_dst=262144)
BC250TEMP Vcur-34 gemm_output_abs_sum=1.01747e+06 (ne_dst=262144)
BC250TEMP Vcur-35 gemm_output_abs_sum=680357 (ne_dst=262144)
BC250TEMP Vcur-0 gemm_output_abs_sum=0 (ne_dst=262144)
BC250TEMP Vcur-1 gemm_output_abs_sum=12317.9 (ne_dst=262144)
BC250TEMP Vcur-2 gemm_output_abs_sum=14697.3 (ne_dst=262144)
BC250TEMP Vcur-3 gemm_output_abs_sum=19401.1 (ne_dst=262144)
BC250TEMP Vcur-4 gemm_output_abs_sum=25527.4 (ne_dst=262144)
BC250TEMP Vcur-5 gemm_output_abs_sum=25422.9 (ne_dst=262144)
BC250TEMP Vcur-6 gemm_output_abs_sum=31275.2 (ne_dst=262144)
BC250TEMP Vcur-7 gemm_output_abs_sum=42026.3 (ne_dst=262144)
BC250TEMP Vcur-8 gemm_output_abs_sum=53445.5 (ne_dst=262144)
BC250TEMP Vcur-9 gemm_output_abs_sum=55015.1 (ne_dst=262144)
BC250TEMP Vcur-10 gemm_output_abs_sum=73593.5 (ne_dst=262144)
BC250TEMP Vcur-11 gemm_output_abs_sum=51201 (ne_dst=262144)
BC250TEMP Vcur-12 gemm_output_abs_sum=65017.2 (ne_dst=262144)
BC250TEMP Vcur-13 gemm_output_abs_sum=59155 (ne_dst=262144)
BC250TEMP Vcur-14 gemm_output_abs_sum=77195 (ne_dst=262144)
BC250TEMP Vcur-15 gemm_output_abs_sum=77275.7 (ne_dst=262144)
BC250TEMP Vcur-16 gemm_output_abs_sum=98855.5 (ne_dst=262144)
BC250TEMP Vcur-17 gemm_output_abs_sum=92930.8 (ne_dst=262144)
BC250TEMP Vcur-18 gemm_output_abs_sum=98562 (ne_dst=262144)
BC250TEMP Vcur-19 gemm_output_abs_sum=135201 (ne_dst=262144)
BC250TEMP Vcur-20 gemm_output_abs_sum=138088 (ne_dst=262144)
BC250TEMP Vcur-21 gemm_output_abs_sum=149606 (ne_dst=262144)
BC250TEMP Vcur-22 gemm_output_abs_sum=193532 (ne_dst=262144)
BC250TEMP Vcur-23 gemm_output_abs_sum=180710 (ne_dst=262144)
BC250TEMP Vcur-24 gemm_output_abs_sum=259252 (ne_dst=262144)
BC250TEMP Vcur-25 gemm_output_abs_sum=226834 (ne_dst=262144)
BC250TEMP Vcur-26 gemm_output_abs_sum=274233 (ne_dst=262144)
BC250TEMP Vcur-27 gemm_output_abs_sum=316140 (ne_dst=262144)
BC250TEMP Vcur-28 gemm_output_abs_sum=330353 (ne_dst=262144)
BC250TEMP Vcur-29 gemm_output_abs_sum=556289 (ne_dst=262144)
BC250TEMP Vcur-30 gemm_output_abs_sum=535156 (ne_dst=262144)
BC250TEMP Vcur-31 gemm_output_abs_sum=641377 (ne_dst=262144)
BC250TEMP Vcur-32 gemm_output_abs_sum=791615 (ne_dst=262144)
BC250TEMP Vcur-33 gemm_output_abs_sum=1.22715e+06 (ne_dst=262144)
BC250TEMP Vcur-34 gemm_output_abs_sum=1.01657e+06 (ne_dst=262144)
BC250TEMP Vcur-35 gemm_output_abs_sum=676752 (ne_dst=262144)
BC250TEMP Vcur-0 gemm_output_abs_sum=0 (ne_dst=262144)
BC250TEMP Vcur-1 gemm_output_abs_sum=12474.9 (ne_dst=262144)
BC250TEMP Vcur-2 gemm_output_abs_sum=14696.5 (ne_dst=262144)
BC250TEMP Vcur-3 gemm_output_abs_sum=19273.7 (ne_dst=262144)
BC250TEMP Vcur-4 gemm_output_abs_sum=25229.5 (ne_dst=262144)
BC250TEMP Vcur-5 gemm_output_abs_sum=25084.9 (ne_dst=262144)
BC250TEMP Vcur-6 gemm_output_abs_sum=31120.4 (ne_dst=262144)
BC250TEMP Vcur-7 gemm_output_abs_sum=40786.1 (ne_dst=262144)
BC250TEMP Vcur-8 gemm_output_abs_sum=51690.8 (ne_dst=262144)
BC250TEMP Vcur-9 gemm_output_abs_sum=53162.3 (ne_dst=262144)
BC250TEMP Vcur-10 gemm_output_abs_sum=70802.8 (ne_dst=262144)
BC250TEMP Vcur-11 gemm_output_abs_sum=50853.2 (ne_dst=262144)
BC250TEMP Vcur-12 gemm_output_abs_sum=63816.3 (ne_dst=262144)
BC250TEMP Vcur-13 gemm_output_abs_sum=56059.4 (ne_dst=262144)
BC250TEMP Vcur-14 gemm_output_abs_sum=74288.9 (ne_dst=262144)
BC250TEMP Vcur-15 gemm_output_abs_sum=73861.4 (ne_dst=262144)
BC250TEMP Vcur-16 gemm_output_abs_sum=95831.9 (ne_dst=262144)
BC250TEMP Vcur-17 gemm_output_abs_sum=92200.1 (ne_dst=262144)
BC250TEMP Vcur-18 gemm_output_abs_sum=97117.7 (ne_dst=262144)
BC250TEMP Vcur-19 gemm_output_abs_sum=132423 (ne_dst=262144)
BC250TEMP Vcur-20 gemm_output_abs_sum=136633 (ne_dst=262144)
BC250TEMP Vcur-21 gemm_output_abs_sum=150430 (ne_dst=262144)
BC250TEMP Vcur-22 gemm_output_abs_sum=193815 (ne_dst=262144)
BC250TEMP Vcur-23 gemm_output_abs_sum=177889 (ne_dst=262144)
BC250TEMP Vcur-24 gemm_output_abs_sum=256688 (ne_dst=262144)
BC250TEMP Vcur-25 gemm_output_abs_sum=226086 (ne_dst=262144)
BC250TEMP Vcur-26 gemm_output_abs_sum=271036 (ne_dst=262144)
BC250TEMP Vcur-27 gemm_output_abs_sum=309878 (ne_dst=262144)
BC250TEMP Vcur-28 gemm_output_abs_sum=327713 (ne_dst=262144)
BC250TEMP Vcur-29 gemm_output_abs_sum=551288 (ne_dst=262144)
BC250TEMP Vcur-30 gemm_output_abs_sum=534502 (ne_dst=262144)
BC250TEMP Vcur-31 gemm_output_abs_sum=631590 (ne_dst=262144)
BC250TEMP Vcur-32 gemm_output_abs_sum=780552 (ne_dst=262144)
BC250TEMP Vcur-33 gemm_output_abs_sum=1.20912e+06 (ne_dst=262144)
BC250TEMP Vcur-34 gemm_output_abs_sum=1.01308e+06 (ne_dst=262144)
BC250TEMP Vcur-35 gemm_output_abs_sum=689560 (ne_dst=262144)
BC250TEMP Vcur-0 gemm_output_abs_sum=0 (ne_dst=262144)
BC250TEMP Vcur-1 gemm_output_abs_sum=12468.3 (ne_dst=262144)
BC250TEMP Vcur-2 gemm_output_abs_sum=15200.8 (ne_dst=262144)
BC250TEMP Vcur-3 gemm_output_abs_sum=19687.1 (ne_dst=262144)
BC250TEMP Vcur-4 gemm_output_abs_sum=25639.7 (ne_dst=262144)
BC250TEMP Vcur-5 gemm_output_abs_sum=25706.7 (ne_dst=262144)
BC250TEMP Vcur-6 gemm_output_abs_sum=31834.2 (ne_dst=262144)
BC250TEMP Vcur-7 gemm_output_abs_sum=43848.5 (ne_dst=262144)
BC250TEMP Vcur-8 gemm_output_abs_sum=54343.3 (ne_dst=262144)
BC250TEMP Vcur-9 gemm_output_abs_sum=55228.2 (ne_dst=262144)
BC250TEMP Vcur-10 gemm_output_abs_sum=74238.4 (ne_dst=262144)
BC250TEMP Vcur-11 gemm_output_abs_sum=52159.1 (ne_dst=262144)
BC250TEMP Vcur-12 gemm_output_abs_sum=64471.3 (ne_dst=262144)
BC250TEMP Vcur-13 gemm_output_abs_sum=58281.2 (ne_dst=262144)
BC250TEMP Vcur-14 gemm_output_abs_sum=74906.3 (ne_dst=262144)
BC250TEMP Vcur-15 gemm_output_abs_sum=75294.5 (ne_dst=262144)
BC250TEMP Vcur-16 gemm_output_abs_sum=98430.4 (ne_dst=262144)
BC250TEMP Vcur-17 gemm_output_abs_sum=91261.2 (ne_dst=262144)
BC250TEMP Vcur-18 gemm_output_abs_sum=98124.4 (ne_dst=262144)
BC250TEMP Vcur-19 gemm_output_abs_sum=131617 (ne_dst=262144)
BC250TEMP Vcur-20 gemm_output_abs_sum=134265 (ne_dst=262144)
BC250TEMP Vcur-21 gemm_output_abs_sum=146248 (ne_dst=262144)
BC250TEMP Vcur-22 gemm_output_abs_sum=190984 (ne_dst=262144)
BC250TEMP Vcur-23 gemm_output_abs_sum=182225 (ne_dst=262144)
BC250TEMP Vcur-24 gemm_output_abs_sum=258279 (ne_dst=262144)
BC250TEMP Vcur-25 gemm_output_abs_sum=233654 (ne_dst=262144)
BC250TEMP Vcur-26 gemm_output_abs_sum=288763 (ne_dst=262144)
BC250TEMP Vcur-27 gemm_output_abs_sum=335167 (ne_dst=262144)
BC250TEMP Vcur-28 gemm_output_abs_sum=345362 (ne_dst=262144)
BC250TEMP Vcur-29 gemm_output_abs_sum=552174 (ne_dst=262144)
BC250TEMP Vcur-30 gemm_output_abs_sum=552736 (ne_dst=262144)
BC250TEMP Vcur-31 gemm_output_abs_sum=663252 (ne_dst=262144)
BC250TEMP Vcur-32 gemm_output_abs_sum=807711 (ne_dst=262144)
BC250TEMP Vcur-33 gemm_output_abs_sum=1.20625e+06 (ne_dst=262144)
BC250TEMP Vcur-34 gemm_output_abs_sum=1.03383e+06 (ne_dst=262144)
BC250TEMP Vcur-35 gemm_output_abs_sum=683084 (ne_dst=262144)
BC250TEMP Vcur-0 gemm_output_abs_sum=0 (ne_dst=262144)
BC250TEMP Vcur-1 gemm_output_abs_sum=12401.6 (ne_dst=262144)
BC250TEMP Vcur-2 gemm_output_abs_sum=15238.8 (ne_dst=262144)
BC250TEMP Vcur-3 gemm_output_abs_sum=19623 (ne_dst=262144)
BC250TEMP Vcur-4 gemm_output_abs_sum=25517 (ne_dst=262144)
BC250TEMP Vcur-5 gemm_output_abs_sum=26054.7 (ne_dst=262144)
BC250TEMP Vcur-6 gemm_output_abs_sum=32478.9 (ne_dst=262144)
BC250TEMP Vcur-7 gemm_output_abs_sum=42687.6 (ne_dst=262144)
BC250TEMP Vcur-8 gemm_output_abs_sum=52532 (ne_dst=262144)
BC250TEMP Vcur-9 gemm_output_abs_sum=52194 (ne_dst=262144)
BC250TEMP Vcur-10 gemm_output_abs_sum=71431.4 (ne_dst=262144)
BC250TEMP Vcur-11 gemm_output_abs_sum=52777.4 (ne_dst=262144)
BC250TEMP Vcur-12 gemm_output_abs_sum=62619.1 (ne_dst=262144)
BC250TEMP Vcur-13 gemm_output_abs_sum=56741.6 (ne_dst=262144)
BC250TEMP Vcur-14 gemm_output_abs_sum=73354.5 (ne_dst=262144)
BC250TEMP Vcur-15 gemm_output_abs_sum=72632.8 (ne_dst=262144)
BC250TEMP Vcur-16 gemm_output_abs_sum=99233.5 (ne_dst=262144)
BC250TEMP Vcur-17 gemm_output_abs_sum=89374.9 (ne_dst=262144)
BC250TEMP Vcur-18 gemm_output_abs_sum=96476.3 (ne_dst=262144)
BC250TEMP Vcur-19 gemm_output_abs_sum=130091 (ne_dst=262144)
BC250TEMP Vcur-20 gemm_output_abs_sum=132402 (ne_dst=262144)
BC250TEMP Vcur-21 gemm_output_abs_sum=143987 (ne_dst=262144)
BC250TEMP Vcur-22 gemm_output_abs_sum=192455 (ne_dst=262144)
BC250TEMP Vcur-23 gemm_output_abs_sum=182862 (ne_dst=262144)
BC250TEMP Vcur-24 gemm_output_abs_sum=260418 (ne_dst=262144)
BC250TEMP Vcur-25 gemm_output_abs_sum=228102 (ne_dst=262144)
BC250TEMP Vcur-26 gemm_output_abs_sum=286290 (ne_dst=262144)
BC250TEMP Vcur-27 gemm_output_abs_sum=329855 (ne_dst=262144)
BC250TEMP Vcur-28 gemm_output_abs_sum=337180 (ne_dst=262144)
BC250TEMP Vcur-29 gemm_output_abs_sum=559703 (ne_dst=262144)
BC250TEMP Vcur-30 gemm_output_abs_sum=539578 (ne_dst=262144)
BC250TEMP Vcur-31 gemm_output_abs_sum=661031 (ne_dst=262144)
BC250TEMP Vcur-32 gemm_output_abs_sum=788916 (ne_dst=262144)
BC250TEMP Vcur-33 gemm_output_abs_sum=1.20142e+06 (ne_dst=262144)
BC250TEMP Vcur-34 gemm_output_abs_sum=995399 (ne_dst=262144)
BC250TEMP Vcur-35 gemm_output_abs_sum=629308 (ne_dst=262144)
BC250TEMP Vcur-0 gemm_output_abs_sum=0 (ne_dst=262144)
BC250TEMP Vcur-1 gemm_output_abs_sum=0 (ne_dst=262144)
BC250TEMP Vcur-2 gemm_output_abs_sum=15280.4 (ne_dst=262144)
BC250TEMP Vcur-3 gemm_output_abs_sum=20148.3 (ne_dst=262144)
BC250TEMP Vcur-4 gemm_output_abs_sum=26250.7 (ne_dst=262144)
BC250TEMP Vcur-5 gemm_output_abs_sum=26555.7 (ne_dst=262144)
BC250TEMP Vcur-6 gemm_output_abs_sum=32659.3 (ne_dst=262144)
BC250TEMP Vcur-7 gemm_output_abs_sum=42784.9 (ne_dst=262144)
BC250TEMP Vcur-8 gemm_output_abs_sum=51708.9 (ne_dst=262144)
BC250TEMP Vcur-9 gemm_output_abs_sum=52093.6 (ne_dst=262144)
BC250TEMP Vcur-10 gemm_output_abs_sum=70325.9 (ne_dst=262144)
BC250TEMP Vcur-11 gemm_output_abs_sum=53314 (ne_dst=262144)
BC250TEMP Vcur-12 gemm_output_abs_sum=64446.9 (ne_dst=262144)
BC250TEMP Vcur-13 gemm_output_abs_sum=57939 (ne_dst=262144)
BC250TEMP Vcur-14 gemm_output_abs_sum=74210.2 (ne_dst=262144)
BC250TEMP Vcur-15 gemm_output_abs_sum=73996.9 (ne_dst=262144)
BC250TEMP Vcur-16 gemm_output_abs_sum=99157.8 (ne_dst=262144)
BC250TEMP Vcur-17 gemm_output_abs_sum=90158.9 (ne_dst=262144)
BC250TEMP Vcur-18 gemm_output_abs_sum=96196.2 (ne_dst=262144)
BC250TEMP Vcur-19 gemm_output_abs_sum=130026 (ne_dst=262144)
BC250TEMP Vcur-20 gemm_output_abs_sum=133913 (ne_dst=262144)
BC250TEMP Vcur-21 gemm_output_abs_sum=147522 (ne_dst=262144)
BC250TEMP Vcur-22 gemm_output_abs_sum=193324 (ne_dst=262144)
BC250TEMP Vcur-23 gemm_output_abs_sum=185032 (ne_dst=262144)
BC250TEMP Vcur-24 gemm_output_abs_sum=263395 (ne_dst=262144)
BC250TEMP Vcur-25 gemm_output_abs_sum=232485 (ne_dst=262144)
BC250TEMP Vcur-26 gemm_output_abs_sum=295980 (ne_dst=262144)
BC250TEMP Vcur-27 gemm_output_abs_sum=342878 (ne_dst=262144)
BC250TEMP Vcur-28 gemm_output_abs_sum=348902 (ne_dst=262144)
BC250TEMP Vcur-29 gemm_output_abs_sum=580383 (ne_dst=262144)
BC250TEMP Vcur-30 gemm_output_abs_sum=548869 (ne_dst=262144)
BC250TEMP Vcur-31 gemm_output_abs_sum=685908 (ne_dst=262144)
BC250TEMP Vcur-32 gemm_output_abs_sum=805439 (ne_dst=262144)
BC250TEMP Vcur-33 gemm_output_abs_sum=1.23994e+06 (ne_dst=262144)
BC250TEMP Vcur-34 gemm_output_abs_sum=1.02799e+06 (ne_dst=262144)
BC250TEMP Vcur-35 gemm_output_abs_sum=659662 (ne_dst=262144)
0.27.672.648 I perplexity: 11.19 seconds per pass - ETA 0.18 minutes
[1]20.0773,
0.27.777.880 I Final estimate: PPL = 20.0773 +/- 2.12847

