Register use and resident waves per SIMD, wave32 with 1024 VGPRs per SIMD.
fus = bias/gate/GLU fusion variant, h2 = packed-fp16 codebook, occ = minimum waves asked of the compiler.

type      fus h2  occ  vgpr scratch  waves
iq2_xxs     0  0    1    55       0     18
iq2_xxs     0  0    8    55       0     18
iq2_xxs     0  0   12    55       0     18
iq2_xxs     0  0   16    55       0     18
iq2_xxs     0  1    1    67       0     15
iq2_xxs     1  0    1    74       0     13
iq2_xxs     1  0    8    74       0     13
iq2_xxs     1  0   12    74       0     13
iq2_xxs     1  0   16    64      32     16
iq2_xxs     1  1    1    96       0     10
iq3_s       0  0    1    70       0     14
iq3_s       0  0    8    70       0     14
iq3_s       0  0   12    70       0     14
iq3_s       0  0   16    64      36     16
iq3_s       0  1    1    78       0     13
iq3_s       1  0    1   104       0      9
iq3_s       1  0    8   104       0      9
iq3_s       1  0   12    80     104     12
iq3_s       1  0   16    64     176     16
iq3_s       1  1    1   122       0      8
iq3_xxs     0  0    1    53       0     19
iq3_xxs     0  0    8    53       0     19
iq3_xxs     0  0   12    53       0     19
iq3_xxs     0  0   16    53       0     19
iq3_xxs     0  1    1    67       0     15
iq3_xxs     1  0    1    72       0     14
iq3_xxs     1  0    8    72       0     14
iq3_xxs     1  0   12    72       0     14
iq3_xxs     1  0   16    64      32     16
iq3_xxs     1  1    1    96       0     10
q4_K        0  0    1    65       0     15
q4_K        1  0    1    81       0     12
q5_K        0  0    1    72       0     14
q5_K        1  0    1    94       0     10
q6_K        0  0    1    71       0     14
q6_K        1  0    1    90       0     11
q8_0        0  0    1    26       0     20
q8_0        1  0    1    34       0     20
