build-hip-final Kcur-0 q4_K[1536,256] x2048 2911.22
build-hip-final Vcur-0 q6_K[1536,256] x2048 1664.32
build-hip-final Qcur-0 q4_K[1536,1536] x2048 5021.96
build-hip-final ffn_out-2 q4_K[8960,1536] x2048 23157.57
build-hip-final ffn_out-0 q6_K[8960,1536] x2048 28430.64
build-hip-final ffn_gate-0 q4_K[1536,8960] x2048 29359.94
build-hip-final result_output q6_K[1536,151936] x2048 393417.62
build-hip-pkf16 Kcur-0 q4_K[1536,256] x2048 1110.03
build-hip-pkf16 Vcur-0 q6_K[1536,256] x2048 1107.88
build-hip-pkf16 Qcur-0 q4_K[1536,1536] x2048 3185.50
build-hip-pkf16 ffn_out-2 q4_K[8960,1536] x2048 18605.44
build-hip-pkf16 ffn_out-0 q6_K[8960,1536] x2048 18592.44
build-hip-pkf16 ffn_gate-0 q4_K[1536,8960] x2048 16225.71
build-hip-pkf16 result_output q6_K[1536,151936] x2048 280212.88
build-hip-final Kcur-0 q4_K[1536,256] x2048 757.42
build-hip-final Vcur-0 q6_K[1536,256] x2048 823.68
build-hip-final Qcur-0 q4_K[1536,1536] x2048 3532.79
build-hip-final ffn_out-2 q4_K[8960,1536] x2048 20664.89
build-hip-final ffn_out-0 q6_K[8960,1536] x2048 22700.46
build-hip-final ffn_gate-0 q4_K[1536,8960] x2048 19504.96
build-hip-final result_output q6_K[1536,151936] x2048 345944.29
build-hip-pkf16 Kcur-0 q4_K[1536,256] x2048 1105.10
build-hip-pkf16 Vcur-0 q6_K[1536,256] x2048 1105.89
build-hip-pkf16 Qcur-0 q4_K[1536,1536] x2048 3181.44
build-hip-pkf16 ffn_out-2 q4_K[8960,1536] x2048 18612.28
build-hip-pkf16 ffn_out-0 q6_K[8960,1536] x2048 18600.22
build-hip-pkf16 ffn_gate-0 q4_K[1536,8960] x2048 16214.85
build-hip-pkf16 result_output q6_K[1536,151936] x2048 278549.79
