build-hip-final Kcur-0 q4_K[1536,256] x2048 756.78
build-hip-final Vcur-0 q6_K[1536,256] x2048 823.55
build-hip-final Qcur-0 q4_K[1536,1536] x2048 3532.89
build-hip-final ffn_out-2 q4_K[8960,1536] x2048 20662.06
build-hip-final ffn_out-0 q6_K[8960,1536] x2048 22677.53
build-hip-final ffn_gate-0 q4_K[1536,8960] x2048 19517.93
build-hip-final result_output q6_K[1536,151936] x2048 346028.83
build-hip-pkf16 Kcur-0 q4_K[1536,256] x2048 754.74
build-hip-pkf16 Vcur-0 q6_K[1536,256] x2048 823.02
build-hip-pkf16 Qcur-0 q4_K[1536,1536] x2048 2475.52
build-hip-pkf16 ffn_out-2 q4_K[8960,1536] x2048 14427.38
build-hip-pkf16 ffn_out-0 q6_K[8960,1536] x2048 14886.67
build-hip-pkf16 ffn_gate-0 q4_K[1536,8960] x2048 12077.02
build-hip-pkf16 result_output q6_K[1536,151936] x2048 226879.42
build-hip-final Kcur-0 q4_K[1536,256] x2048 755.57
build-hip-final Vcur-0 q6_K[1536,256] x2048 823.28
build-hip-final Qcur-0 q4_K[1536,1536] x2048 3532.35
build-hip-final ffn_out-2 q4_K[8960,1536] x2048 20660.49
build-hip-final ffn_out-0 q6_K[8960,1536] x2048 22695.24
build-hip-final ffn_gate-0 q4_K[1536,8960] x2048 19508.43
build-hip-final result_output q6_K[1536,151936] x2048 346028.00
build-hip-pkf16 Kcur-0 q4_K[1536,256] x2048 754.27
build-hip-pkf16 Vcur-0 q6_K[1536,256] x2048 823.11
build-hip-pkf16 Qcur-0 q4_K[1536,1536] x2048 2475.01
build-hip-pkf16 ffn_out-2 q4_K[8960,1536] x2048 14426.65
build-hip-pkf16 ffn_out-0 q6_K[8960,1536] x2048 14891.38
build-hip-pkf16 ffn_gate-0 q4_K[1536,8960] x2048 12078.92
build-hip-pkf16 result_output q6_K[1536,151936] x2048 226977.62
